<?xml version="1.0" encoding="utf-8"?>
<ElectionResults xmlns:xsi="http://www.w3.org/2001/XMLSchema-instance" xmlns:xsd="http://www.w3.org/2001/XMLSchema" LastUpdated="3/10/2020 10:52:10 PM">
  <ElectionInfo>
    <ElectionName>State of Missouri - Presidential Primary Election, March     10, 2020</ElectionName>
    <ElectionDate>03/10/20</ElectionDate>
    <TypeRace>
      <Type>Federal</Type>
      <Race>
        <RaceTitle>U.S. President</RaceTitle>
        <Counties>
          <CountyName>Adair</CountyName>
          <CountyResults>
            <ReportingPrecincts>12</ReportingPrecincts>
            <TotalPrecincts>12</TotalPrecincts>
            <Party>
              <PartyName>Republican</PartyName>
              <Candidate>
                <CandidateID>750117286</CandidateID>
                <LastName>Donald J Trump</LastName>
                <FirstName />
                <YesVotes>1129</YesVotes>
              </Candidate>
              <Candidate>
                <CandidateID>750117300</CandidateID>
                <LastName>Bob Ely</LastName>
                <FirstName />
                <YesVotes>5</YesVotes>
              </Candidate>
              <Candidate>
                <CandidateID>750117328</CandidateID>
                <LastName>Bill Weld</LastName>
                <FirstName />
                <YesVotes>19</YesVotes>
              </Candidate>
              <Candidate>
                <CandidateID>750117330</CandidateID>
                <LastName>Joe Walsh</LastName>
                <FirstName />
                <YesVotes>14</YesVotes>
              </Candidate>
              <Candidate>
                <CandidateID>750117334</CandidateID>
                <LastName>Matthew John Matern</LastName>
                <FirstName />
                <YesVotes>2</YesVotes>
              </Candidate>
              <Candidate>
                <CandidateID>750117353</CandidateID>
                <LastName>Uncommitted</LastName>
                <FirstName />
                <YesVotes>14</YesVotes>
              </Candidate>
            </Party>
            <Party>
              <PartyName>Democratic</PartyName>
              <Candidate>
                <CandidateID>750117276</CandidateID>
                <LastName>Amy Klobuchar</LastName>
                <FirstName />
                <YesVotes>13</YesVotes>
              </Candidate>
              <Candidate>
                <CandidateID>750117280</CandidateID>
                <LastName>Tom Steyer</LastName>
                <FirstName />
                <YesVotes>6</YesVotes>
              </Candidate>
              <Candidate>
                <CandidateID>750117274</CandidateID>
                <LastName>Tulsi Gabbard</LastName>
                <FirstName />
                <YesVotes>17</YesVotes>
              </Candidate>
              <Candidate>
                <CandidateID>750117278</CandidateID>
                <LastName>Leonard J. Steinman II</LastName>
                <FirstName />
                <YesVotes>0</YesVotes>
              </Candidate>
              <Candidate>
                <CandidateID>750117285</CandidateID>
                <LastName>Cory Booker</LastName>
                <FirstName />
                <YesVotes>2</YesVotes>
              </Candidate>
              <Candidate>
                <CandidateID>750117279</CandidateID>
                <LastName>Joseph R. Biden</LastName>
                <FirstName />
                <YesVotes>1025</YesVotes>
              </Candidate>
              <Candidate>
                <CandidateID>750117282</CandidateID>
                <LastName>Elizabeth Warren</LastName>
                <FirstName />
                <YesVotes>55</YesVotes>
              </Candidate>
              <Candidate>
                <CandidateID>750117275</CandidateID>
                <LastName>Pete Buttigieg</LastName>
                <FirstName />
                <YesVotes>13</YesVotes>
              </Candidate>
              <Candidate>
                <CandidateID>750117283</CandidateID>
                <LastName>Bernie Sanders</LastName>
                <FirstName />
                <YesVotes>874</YesVotes>
              </Candidate>
              <Candidate>
                <CandidateID>750117277</CandidateID>
                <LastName>Velma Steinman</LastName>
                <FirstName />
                <YesVotes>0</YesVotes>
              </Candidate>
              <Candidate>
                <CandidateID>750117287</CandidateID>
                <LastName>Henry Hewes</LastName>
                <FirstName />
                <YesVotes>0</YesVotes>
              </Candidate>
              <Candidate>
                <CandidateID>750117288</CandidateID>
                <LastName>Andrew Yang</LastName>
                <FirstName />
                <YesVotes>2</YesVotes>
              </Candidate>
              <Candidate>
                <CandidateID>750117299</CandidateID>
                <LastName>Roque De La Fuente</LastName>
                <FirstName />
                <YesVotes>0</YesVotes>
              </Candidate>
              <Candidate>
                <CandidateID>750117301</CandidateID>
                <LastName>John K. Delaney</LastName>
                <FirstName />
                <YesVotes>1</YesVotes>
              </Candidate>
              <Candidate>
                <CandidateID>750117302</CandidateID>
                <LastName>Julián Castro</LastName>
                <FirstName />
                <YesVotes>0</YesVotes>
              </Candidate>
              <Candidate>
                <CandidateID>750117303</CandidateID>
                <LastName>Deval Patrick</LastName>
                <FirstName />
                <YesVotes>0</YesVotes>
              </Candidate>
              <Candidate>
                <CandidateID>750117321</CandidateID>
                <LastName>Marianne Williamson</LastName>
                <FirstName />
                <YesVotes>1</YesVotes>
              </Candidate>
              <Candidate>
                <CandidateID>750117323</CandidateID>
                <LastName>Michael Bennet</LastName>
                <FirstName />
                <YesVotes>0</YesVotes>
              </Candidate>
              <Candidate>
                <CandidateID>750117324</CandidateID>
                <LastName>Michael R. Bloomberg</LastName>
                <FirstName />
                <YesVotes>16</YesVotes>
              </Candidate>
              <Candidate>
                <CandidateID>750117326</CandidateID>
                <LastName>Steve Burke</LastName>
                <FirstName />
                <YesVotes>0</YesVotes>
              </Candidate>
              <Candidate>
                <CandidateID>750117331</CandidateID>
                <LastName>Robby Wells</LastName>
                <FirstName />
                <YesVotes>0</YesVotes>
              </Candidate>
              <Candidate>
                <CandidateID>750117332</CandidateID>
                <LastName>William C. (Bill) Haas</LastName>
                <FirstName />
                <YesVotes>0</YesVotes>
              </Candidate>
              <Candidate>
                <CandidateID>750117354</CandidateID>
                <LastName>Uncommitted</LastName>
                <FirstName />
                <YesVotes>5</YesVotes>
              </Candidate>
            </Party>
            <Party>
              <PartyName>Libertarian</PartyName>
              <Candidate>
                <CandidateID>750117320</CandidateID>
                <LastName>Jacob Hornberger</LastName>
                <FirstName />
                <YesVotes>10</YesVotes>
              </Candidate>
              <Candidate>
                <CandidateID>750117355</CandidateID>
                <LastName>Uncommitted</LastName>
                <FirstName />
                <YesVotes>1</YesVotes>
              </Candidate>
            </Party>
            <Party>
              <PartyName>Green</PartyName>
              <Candidate>
                <CandidateID>750117325</CandidateID>
                <LastName>Howie Hawkins</LastName>
                <FirstName />
                <YesVotes>0</YesVotes>
              </Candidate>
              <Candidate>
                <CandidateID>750117327</CandidateID>
                <LastName>Dario Hunter</LastName>
                <FirstName />
                <YesVotes>0</YesVotes>
              </Candidate>
              <Candidate>
                <CandidateID>750117329</CandidateID>
                <LastName>David Rolde</LastName>
                <FirstName />
                <YesVotes>0</YesVotes>
              </Candidate>
              <Candidate>
                <CandidateID>750117356</CandidateID>
                <LastName>Uncommitted</LastName>
                <FirstName />
                <YesVotes>0</YesVotes>
              </Candidate>
            </Party>
            <Party>
              <PartyName>Constitution</PartyName>
              <Candidate>
                <CandidateID>750117333</CandidateID>
                <LastName>Don J. Grundmann</LastName>
                <FirstName />
                <YesVotes>0</YesVotes>
              </Candidate>
              <Candidate>
                <CandidateID>750117335</CandidateID>
                <LastName>Don Blankenship</LastName>
                <FirstName />
                <YesVotes>1</YesVotes>
              </Candidate>
              <Candidate>
                <CandidateID>750117357</CandidateID>
                <LastName>Uncommitted</LastName>
                <FirstName />
                <YesVotes>1</YesVotes>
              </Candidate>
            </Party>
          </CountyResults>
        </Counties>
        <Counties>
          <CountyName>Andrew</CountyName>
          <CountyResults>
            <ReportingPrecincts>20</ReportingPrecincts>
            <TotalPrecincts>20</TotalPrecincts>
            <Party>
              <PartyName>Republican</PartyName>
              <Candidate>
                <CandidateID>750117286</CandidateID>
                <LastName>Donald J Trump</LastName>
                <FirstName />
                <YesVotes>1220</YesVotes>
              </Candidate>
              <Candidate>
                <CandidateID>750117300</CandidateID>
                <LastName>Bob Ely</LastName>
                <FirstName />
                <YesVotes>1</YesVotes>
              </Candidate>
              <Candidate>
                <CandidateID>750117328</CandidateID>
                <LastName>Bill Weld</LastName>
                <FirstName />
                <YesVotes>3</YesVotes>
              </Candidate>
              <Candidate>
                <CandidateID>750117330</CandidateID>
                <LastName>Joe Walsh</LastName>
                <FirstName />
                <YesVotes>8</YesVotes>
              </Candidate>
              <Candidate>
                <CandidateID>750117334</CandidateID>
                <LastName>Matthew John Matern</LastName>
                <FirstName />
                <YesVotes>2</YesVotes>
              </Candidate>
              <Candidate>
                <CandidateID>750117353</CandidateID>
                <LastName>Uncommitted</LastName>
                <FirstName />
                <YesVotes>19</YesVotes>
              </Candidate>
            </Party>
            <Party>
              <PartyName>Democratic</PartyName>
              <Candidate>
                <CandidateID>750117276</CandidateID>
                <LastName>Amy Klobuchar</LastName>
                <FirstName />
                <YesVotes>9</YesVotes>
              </Candidate>
              <Candidate>
                <CandidateID>750117280</CandidateID>
                <LastName>Tom Steyer</LastName>
                <FirstName />
                <YesVotes>0</YesVotes>
              </Candidate>
              <Candidate>
                <CandidateID>750117274</CandidateID>
                <LastName>Tulsi Gabbard</LastName>
                <FirstName />
                <YesVotes>18</YesVotes>
              </Candidate>
              <Candidate>
                <CandidateID>750117278</CandidateID>
                <LastName>Leonard J. Steinman II</LastName>
                <FirstName />
                <YesVotes>0</YesVotes>
              </Candidate>
              <Candidate>
                <CandidateID>750117285</CandidateID>
                <LastName>Cory Booker</LastName>
                <FirstName />
                <YesVotes>3</YesVotes>
              </Candidate>
              <Candidate>
                <CandidateID>750117279</CandidateID>
                <LastName>Joseph R. Biden</LastName>
                <FirstName />
                <YesVotes>818</YesVotes>
              </Candidate>
              <Candidate>
                <CandidateID>750117282</CandidateID>
                <LastName>Elizabeth Warren</LastName>
                <FirstName />
                <YesVotes>11</YesVotes>
              </Candidate>
              <Candidate>
                <CandidateID>750117275</CandidateID>
                <LastName>Pete Buttigieg</LastName>
                <FirstName />
                <YesVotes>3</YesVotes>
              </Candidate>
              <Candidate>
                <CandidateID>750117283</CandidateID>
                <LastName>Bernie Sanders</LastName>
                <FirstName />
                <YesVotes>415</YesVotes>
              </Candidate>
              <Candidate>
                <CandidateID>750117277</CandidateID>
                <LastName>Velma Steinman</LastName>
                <FirstName />
                <YesVotes>1</YesVotes>
              </Candidate>
              <Candidate>
                <CandidateID>750117287</CandidateID>
                <LastName>Henry Hewes</LastName>
                <FirstName />
                <YesVotes>1</YesVotes>
              </Candidate>
              <Candidate>
                <CandidateID>750117288</CandidateID>
                <LastName>Andrew Yang</LastName>
                <FirstName />
                <YesVotes>3</YesVotes>
              </Candidate>
              <Candidate>
                <CandidateID>750117299</CandidateID>
                <LastName>Roque De La Fuente</LastName>
                <FirstName />
                <YesVotes>1</YesVotes>
              </Candidate>
              <Candidate>
                <CandidateID>750117301</CandidateID>
                <LastName>John K. Delaney</LastName>
                <FirstName />
                <YesVotes>1</YesVotes>
              </Candidate>
              <Candidate>
                <CandidateID>750117302</CandidateID>
                <LastName>Julián Castro</LastName>
                <FirstName />
                <YesVotes>0</YesVotes>
              </Candidate>
              <Candidate>
                <CandidateID>750117303</CandidateID>
                <LastName>Deval Patrick</LastName>
                <FirstName />
                <YesVotes>0</YesVotes>
              </Candidate>
              <Candidate>
                <CandidateID>750117321</CandidateID>
                <LastName>Marianne Williamson</LastName>
                <FirstName />
                <YesVotes>0</YesVotes>
              </Candidate>
              <Candidate>
                <CandidateID>750117323</CandidateID>
                <LastName>Michael Bennet</LastName>
                <FirstName />
                <YesVotes>0</YesVotes>
              </Candidate>
              <Candidate>
                <CandidateID>750117324</CandidateID>
                <LastName>Michael R. Bloomberg</LastName>
                <FirstName />
                <YesVotes>13</YesVotes>
              </Candidate>
              <Candidate>
                <CandidateID>750117326</CandidateID>
                <LastName>Steve Burke</LastName>
                <FirstName />
                <YesVotes>2</YesVotes>
              </Candidate>
              <Candidate>
                <CandidateID>750117331</CandidateID>
                <LastName>Robby Wells</LastName>
                <FirstName />
                <YesVotes>1</YesVotes>
              </Candidate>
              <Candidate>
                <CandidateID>750117332</CandidateID>
                <LastName>William C. (Bill) Haas</LastName>
                <FirstName />
                <YesVotes>0</YesVotes>
              </Candidate>
              <Candidate>
                <CandidateID>750117354</CandidateID>
                <LastName>Uncommitted</LastName>
                <FirstName />
                <YesVotes>12</YesVotes>
              </Candidate>
            </Party>
            <Party>
              <PartyName>Libertarian</PartyName>
              <Candidate>
                <CandidateID>750117320</CandidateID>
                <LastName>Jacob Hornberger</LastName>
                <FirstName />
                <YesVotes>1</YesVotes>
              </Candidate>
              <Candidate>
                <CandidateID>750117355</CandidateID>
                <LastName>Uncommitted</LastName>
                <FirstName />
                <YesVotes>1</YesVotes>
              </Candidate>
            </Party>
            <Party>
              <PartyName>Green</PartyName>
              <Candidate>
                <CandidateID>750117325</CandidateID>
                <LastName>Howie Hawkins</LastName>
                <FirstName />
                <YesVotes>0</YesVotes>
              </Candidate>
              <Candidate>
                <CandidateID>750117327</CandidateID>
                <LastName>Dario Hunter</LastName>
                <FirstName />
                <YesVotes>2</YesVotes>
              </Candidate>
              <Candidate>
                <CandidateID>750117329</CandidateID>
                <LastName>David Rolde</LastName>
                <FirstName />
                <YesVotes>0</YesVotes>
              </Candidate>
              <Candidate>
                <CandidateID>750117356</CandidateID>
                <LastName>Uncommitted</LastName>
                <FirstName />
                <YesVotes>0</YesVotes>
              </Candidate>
            </Party>
            <Party>
              <PartyName>Constitution</PartyName>
              <Candidate>
                <CandidateID>750117333</CandidateID>
                <LastName>Don J. Grundmann</LastName>
                <FirstName />
                <YesVotes>2</YesVotes>
              </Candidate>
              <Candidate>
                <CandidateID>750117335</CandidateID>
                <LastName>Don Blankenship</LastName>
                <FirstName />
                <YesVotes>0</YesVotes>
              </Candidate>
              <Candidate>
                <CandidateID>750117357</CandidateID>
                <LastName>Uncommitted</LastName>
                <FirstName />
                <YesVotes>0</YesVotes>
              </Candidate>
            </Party>
          </CountyResults>
        </Counties>
        <Counties>
          <CountyName>Atchison</CountyName>
          <CountyResults>
            <ReportingPrecincts>6</ReportingPrecincts>
            <TotalPrecincts>6</TotalPrecincts>
            <Party>
              <PartyName>Republican</PartyName>
              <Candidate>
                <CandidateID>750117286</CandidateID>
                <LastName>Donald J Trump</LastName>
                <FirstName />
                <YesVotes>454</YesVotes>
              </Candidate>
              <Candidate>
                <CandidateID>750117300</CandidateID>
                <LastName>Bob Ely</LastName>
                <FirstName />
                <YesVotes>2</YesVotes>
              </Candidate>
              <Candidate>
                <CandidateID>750117328</CandidateID>
                <LastName>Bill Weld</LastName>
                <FirstName />
                <YesVotes>5</YesVotes>
              </Candidate>
              <Candidate>
                <CandidateID>750117330</CandidateID>
                <LastName>Joe Walsh</LastName>
                <FirstName />
                <YesVotes>0</YesVotes>
              </Candidate>
              <Candidate>
                <CandidateID>750117334</CandidateID>
                <LastName>Matthew John Matern</LastName>
                <FirstName />
                <YesVotes>0</YesVotes>
              </Candidate>
              <Candidate>
                <CandidateID>750117353</CandidateID>
                <LastName>Uncommitted</LastName>
                <FirstName />
                <YesVotes>2</YesVotes>
              </Candidate>
            </Party>
            <Party>
              <PartyName>Democratic</PartyName>
              <Candidate>
                <CandidateID>750117276</CandidateID>
                <LastName>Amy Klobuchar</LastName>
                <FirstName />
                <YesVotes>2</YesVotes>
              </Candidate>
              <Candidate>
                <CandidateID>750117280</CandidateID>
                <LastName>Tom Steyer</LastName>
                <FirstName />
                <YesVotes>1</YesVotes>
              </Candidate>
              <Candidate>
                <CandidateID>750117274</CandidateID>
                <LastName>Tulsi Gabbard</LastName>
                <FirstName />
                <YesVotes>4</YesVotes>
              </Candidate>
              <Candidate>
                <CandidateID>750117278</CandidateID>
                <LastName>Leonard J. Steinman II</LastName>
                <FirstName />
                <YesVotes>1</YesVotes>
              </Candidate>
              <Candidate>
                <CandidateID>750117285</CandidateID>
                <LastName>Cory Booker</LastName>
                <FirstName />
                <YesVotes>0</YesVotes>
              </Candidate>
              <Candidate>
                <CandidateID>750117279</CandidateID>
                <LastName>Joseph R. Biden</LastName>
                <FirstName />
                <YesVotes>211</YesVotes>
              </Candidate>
              <Candidate>
                <CandidateID>750117282</CandidateID>
                <LastName>Elizabeth Warren</LastName>
                <FirstName />
                <YesVotes>1</YesVotes>
              </Candidate>
              <Candidate>
                <CandidateID>750117275</CandidateID>
                <LastName>Pete Buttigieg</LastName>
                <FirstName />
                <YesVotes>2</YesVotes>
              </Candidate>
              <Candidate>
                <CandidateID>750117283</CandidateID>
                <LastName>Bernie Sanders</LastName>
                <FirstName />
                <YesVotes>85</YesVotes>
              </Candidate>
              <Candidate>
                <CandidateID>750117277</CandidateID>
                <LastName>Velma Steinman</LastName>
                <FirstName />
                <YesVotes>0</YesVotes>
              </Candidate>
              <Candidate>
                <CandidateID>750117287</CandidateID>
                <LastName>Henry Hewes</LastName>
                <FirstName />
                <YesVotes>0</YesVotes>
              </Candidate>
              <Candidate>
                <CandidateID>750117288</CandidateID>
                <LastName>Andrew Yang</LastName>
                <FirstName />
                <YesVotes>1</YesVotes>
              </Candidate>
              <Candidate>
                <CandidateID>750117299</CandidateID>
                <LastName>Roque De La Fuente</LastName>
                <FirstName />
                <YesVotes>0</YesVotes>
              </Candidate>
              <Candidate>
                <CandidateID>750117301</CandidateID>
                <LastName>John K. Delaney</LastName>
                <FirstName />
                <YesVotes>0</YesVotes>
              </Candidate>
              <Candidate>
                <CandidateID>750117302</CandidateID>
                <LastName>Julián Castro</LastName>
                <FirstName />
                <YesVotes>0</YesVotes>
              </Candidate>
              <Candidate>
                <CandidateID>750117303</CandidateID>
                <LastName>Deval Patrick</LastName>
                <FirstName />
                <YesVotes>0</YesVotes>
              </Candidate>
              <Candidate>
                <CandidateID>750117321</CandidateID>
                <LastName>Marianne Williamson</LastName>
                <FirstName />
                <YesVotes>0</YesVotes>
              </Candidate>
              <Candidate>
                <CandidateID>750117323</CandidateID>
                <LastName>Michael Bennet</LastName>
                <FirstName />
                <YesVotes>0</YesVotes>
              </Candidate>
              <Candidate>
                <CandidateID>750117324</CandidateID>
                <LastName>Michael R. Bloomberg</LastName>
                <FirstName />
                <YesVotes>2</YesVotes>
              </Candidate>
              <Candidate>
                <CandidateID>750117326</CandidateID>
                <LastName>Steve Burke</LastName>
                <FirstName />
                <YesVotes>1</YesVotes>
              </Candidate>
              <Candidate>
                <CandidateID>750117331</CandidateID>
                <LastName>Robby Wells</LastName>
                <FirstName />
                <YesVotes>0</YesVotes>
              </Candidate>
              <Candidate>
                <CandidateID>750117332</CandidateID>
                <LastName>William C. (Bill) Haas</LastName>
                <FirstName />
                <YesVotes>2</YesVotes>
              </Candidate>
              <Candidate>
                <CandidateID>750117354</CandidateID>
                <LastName>Uncommitted</LastName>
                <FirstName />
                <YesVotes>2</YesVotes>
              </Candidate>
            </Party>
            <Party>
              <PartyName>Libertarian</PartyName>
              <Candidate>
                <CandidateID>750117320</CandidateID>
                <LastName>Jacob Hornberger</LastName>
                <FirstName />
                <YesVotes>0</YesVotes>
              </Candidate>
              <Candidate>
                <CandidateID>750117355</CandidateID>
                <LastName>Uncommitted</LastName>
                <FirstName />
                <YesVotes>0</YesVotes>
              </Candidate>
            </Party>
            <Party>
              <PartyName>Green</PartyName>
              <Candidate>
                <CandidateID>750117325</CandidateID>
                <LastName>Howie Hawkins</LastName>
                <FirstName />
                <YesVotes>0</YesVotes>
              </Candidate>
              <Candidate>
                <CandidateID>750117327</CandidateID>
                <LastName>Dario Hunter</LastName>
                <FirstName />
                <YesVotes>0</YesVotes>
              </Candidate>
              <Candidate>
                <CandidateID>750117329</CandidateID>
                <LastName>David Rolde</LastName>
                <FirstName />
                <YesVotes>0</YesVotes>
              </Candidate>
              <Candidate>
                <CandidateID>750117356</CandidateID>
                <LastName>Uncommitted</LastName>
                <FirstName />
                <YesVotes>0</YesVotes>
              </Candidate>
            </Party>
            <Party>
              <PartyName>Constitution</PartyName>
              <Candidate>
                <CandidateID>750117333</CandidateID>
                <LastName>Don J. Grundmann</LastName>
                <FirstName />
                <YesVotes>0</YesVotes>
              </Candidate>
              <Candidate>
                <CandidateID>750117335</CandidateID>
                <LastName>Don Blankenship</LastName>
                <FirstName />
                <YesVotes>0</YesVotes>
              </Candidate>
              <Candidate>
                <CandidateID>750117357</CandidateID>
                <LastName>Uncommitted</LastName>
                <FirstName />
                <YesVotes>0</YesVotes>
              </Candidate>
            </Party>
          </CountyResults>
        </Counties>
        <Counties>
          <CountyName>Audrain</CountyName>
          <CountyResults>
            <ReportingPrecincts>16</ReportingPrecincts>
            <TotalPrecincts>16</TotalPrecincts>
            <Party>
              <PartyName>Republican</PartyName>
              <Candidate>
                <CandidateID>750117286</CandidateID>
                <LastName>Donald J Trump</LastName>
                <FirstName />
                <YesVotes>1426</YesVotes>
              </Candidate>
              <Candidate>
                <CandidateID>750117300</CandidateID>
                <LastName>Bob Ely</LastName>
                <FirstName />
                <YesVotes>3</YesVotes>
              </Candidate>
              <Candidate>
                <CandidateID>750117328</CandidateID>
                <LastName>Bill Weld</LastName>
                <FirstName />
                <YesVotes>8</YesVotes>
              </Candidate>
              <Candidate>
                <CandidateID>750117330</CandidateID>
                <LastName>Joe Walsh</LastName>
                <FirstName />
                <YesVotes>9</YesVotes>
              </Candidate>
              <Candidate>
                <CandidateID>750117334</CandidateID>
                <LastName>Matthew John Matern</LastName>
                <FirstName />
                <YesVotes>2</YesVotes>
              </Candidate>
              <Candidate>
                <CandidateID>750117353</CandidateID>
                <LastName>Uncommitted</LastName>
                <FirstName />
                <YesVotes>12</YesVotes>
              </Candidate>
            </Party>
            <Party>
              <PartyName>Democratic</PartyName>
              <Candidate>
                <CandidateID>750117276</CandidateID>
                <LastName>Amy Klobuchar</LastName>
                <FirstName />
                <YesVotes>14</YesVotes>
              </Candidate>
              <Candidate>
                <CandidateID>750117280</CandidateID>
                <LastName>Tom Steyer</LastName>
                <FirstName />
                <YesVotes>2</YesVotes>
              </Candidate>
              <Candidate>
                <CandidateID>750117274</CandidateID>
                <LastName>Tulsi Gabbard</LastName>
                <FirstName />
                <YesVotes>22</YesVotes>
              </Candidate>
              <Candidate>
                <CandidateID>750117278</CandidateID>
                <LastName>Leonard J. Steinman II</LastName>
                <FirstName />
                <YesVotes>1</YesVotes>
              </Candidate>
              <Candidate>
                <CandidateID>750117285</CandidateID>
                <LastName>Cory Booker</LastName>
                <FirstName />
                <YesVotes>3</YesVotes>
              </Candidate>
              <Candidate>
                <CandidateID>750117279</CandidateID>
                <LastName>Joseph R. Biden</LastName>
                <FirstName />
                <YesVotes>1088</YesVotes>
              </Candidate>
              <Candidate>
                <CandidateID>750117282</CandidateID>
                <LastName>Elizabeth Warren</LastName>
                <FirstName />
                <YesVotes>23</YesVotes>
              </Candidate>
              <Candidate>
                <CandidateID>750117275</CandidateID>
                <LastName>Pete Buttigieg</LastName>
                <FirstName />
                <YesVotes>7</YesVotes>
              </Candidate>
              <Candidate>
                <CandidateID>750117283</CandidateID>
                <LastName>Bernie Sanders</LastName>
                <FirstName />
                <YesVotes>426</YesVotes>
              </Candidate>
              <Candidate>
                <CandidateID>750117277</CandidateID>
                <LastName>Velma Steinman</LastName>
                <FirstName />
                <YesVotes>0</YesVotes>
              </Candidate>
              <Candidate>
                <CandidateID>750117287</CandidateID>
                <LastName>Henry Hewes</LastName>
                <FirstName />
                <YesVotes>0</YesVotes>
              </Candidate>
              <Candidate>
                <CandidateID>750117288</CandidateID>
                <LastName>Andrew Yang</LastName>
                <FirstName />
                <YesVotes>0</YesVotes>
              </Candidate>
              <Candidate>
                <CandidateID>750117299</CandidateID>
                <LastName>Roque De La Fuente</LastName>
                <FirstName />
                <YesVotes>0</YesVotes>
              </Candidate>
              <Candidate>
                <CandidateID>750117301</CandidateID>
                <LastName>John K. Delaney</LastName>
                <FirstName />
                <YesVotes>0</YesVotes>
              </Candidate>
              <Candidate>
                <CandidateID>750117302</CandidateID>
                <LastName>Julián Castro</LastName>
                <FirstName />
                <YesVotes>1</YesVotes>
              </Candidate>
              <Candidate>
                <CandidateID>750117303</CandidateID>
                <LastName>Deval Patrick</LastName>
                <FirstName />
                <YesVotes>0</YesVotes>
              </Candidate>
              <Candidate>
                <CandidateID>750117321</CandidateID>
                <LastName>Marianne Williamson</LastName>
                <FirstName />
                <YesVotes>1</YesVotes>
              </Candidate>
              <Candidate>
                <CandidateID>750117323</CandidateID>
                <LastName>Michael Bennet</LastName>
                <FirstName />
                <YesVotes>3</YesVotes>
              </Candidate>
              <Candidate>
                <CandidateID>750117324</CandidateID>
                <LastName>Michael R. Bloomberg</LastName>
                <FirstName />
                <YesVotes>19</YesVotes>
              </Candidate>
              <Candidate>
                <CandidateID>750117326</CandidateID>
                <LastName>Steve Burke</LastName>
                <FirstName />
                <YesVotes>0</YesVotes>
              </Candidate>
              <Candidate>
                <CandidateID>750117331</CandidateID>
                <LastName>Robby Wells</LastName>
                <FirstName />
                <YesVotes>2</YesVotes>
              </Candidate>
              <Candidate>
                <CandidateID>750117332</CandidateID>
                <LastName>William C. (Bill) Haas</LastName>
                <FirstName />
                <YesVotes>0</YesVotes>
              </Candidate>
              <Candidate>
                <CandidateID>750117354</CandidateID>
                <LastName>Uncommitted</LastName>
                <FirstName />
                <YesVotes>12</YesVotes>
              </Candidate>
            </Party>
            <Party>
              <PartyName>Libertarian</PartyName>
              <Candidate>
                <CandidateID>750117320</CandidateID>
                <LastName>Jacob Hornberger</LastName>
                <FirstName />
                <YesVotes>16</YesVotes>
              </Candidate>
              <Candidate>
                <CandidateID>750117355</CandidateID>
                <LastName>Uncommitted</LastName>
                <FirstName />
                <YesVotes>1</YesVotes>
              </Candidate>
            </Party>
            <Party>
              <PartyName>Green</PartyName>
              <Candidate>
                <CandidateID>750117325</CandidateID>
                <LastName>Howie Hawkins</LastName>
                <FirstName />
                <YesVotes>1</YesVotes>
              </Candidate>
              <Candidate>
                <CandidateID>750117327</CandidateID>
                <LastName>Dario Hunter</LastName>
                <FirstName />
                <YesVotes>0</YesVotes>
              </Candidate>
              <Candidate>
                <CandidateID>750117329</CandidateID>
                <LastName>David Rolde</LastName>
                <FirstName />
                <YesVotes>0</YesVotes>
              </Candidate>
              <Candidate>
                <CandidateID>750117356</CandidateID>
                <LastName>Uncommitted</LastName>
                <FirstName />
                <YesVotes>0</YesVotes>
              </Candidate>
            </Party>
            <Party>
              <PartyName>Constitution</PartyName>
              <Candidate>
                <CandidateID>750117333</CandidateID>
                <LastName>Don J. Grundmann</LastName>
                <FirstName />
                <YesVotes>1</YesVotes>
              </Candidate>
              <Candidate>
                <CandidateID>750117335</CandidateID>
                <LastName>Don Blankenship</LastName>
                <FirstName />
                <YesVotes>1</YesVotes>
              </Candidate>
              <Candidate>
                <CandidateID>750117357</CandidateID>
                <LastName>Uncommitted</LastName>
                <FirstName />
                <YesVotes>0</YesVotes>
              </Candidate>
            </Party>
          </CountyResults>
        </Counties>
        <Counties>
          <CountyName>Barry</CountyName>
          <CountyResults>
            <ReportingPrecincts>17</ReportingPrecincts>
            <TotalPrecincts>17</TotalPrecincts>
            <Party>
              <PartyName>Republican</PartyName>
              <Candidate>
                <CandidateID>750117286</CandidateID>
                <LastName>Donald J Trump</LastName>
                <FirstName />
                <YesVotes>2988</YesVotes>
              </Candidate>
              <Candidate>
                <CandidateID>750117300</CandidateID>
                <LastName>Bob Ely</LastName>
                <FirstName />
                <YesVotes>5</YesVotes>
              </Candidate>
              <Candidate>
                <CandidateID>750117328</CandidateID>
                <LastName>Bill Weld</LastName>
                <FirstName />
                <YesVotes>11</YesVotes>
              </Candidate>
              <Candidate>
                <CandidateID>750117330</CandidateID>
                <LastName>Joe Walsh</LastName>
                <FirstName />
                <YesVotes>12</YesVotes>
              </Candidate>
              <Candidate>
                <CandidateID>750117334</CandidateID>
                <LastName>Matthew John Matern</LastName>
                <FirstName />
                <YesVotes>4</YesVotes>
              </Candidate>
              <Candidate>
                <CandidateID>750117353</CandidateID>
                <LastName>Uncommitted</LastName>
                <FirstName />
                <YesVotes>17</YesVotes>
              </Candidate>
            </Party>
            <Party>
              <PartyName>Democratic</PartyName>
              <Candidate>
                <CandidateID>750117276</CandidateID>
                <LastName>Amy Klobuchar</LastName>
                <FirstName />
                <YesVotes>8</YesVotes>
              </Candidate>
              <Candidate>
                <CandidateID>750117280</CandidateID>
                <LastName>Tom Steyer</LastName>
                <FirstName />
                <YesVotes>4</YesVotes>
              </Candidate>
              <Candidate>
                <CandidateID>750117274</CandidateID>
                <LastName>Tulsi Gabbard</LastName>
                <FirstName />
                <YesVotes>15</YesVotes>
              </Candidate>
              <Candidate>
                <CandidateID>750117278</CandidateID>
                <LastName>Leonard J. Steinman II</LastName>
                <FirstName />
                <YesVotes>0</YesVotes>
              </Candidate>
              <Candidate>
                <CandidateID>750117285</CandidateID>
                <LastName>Cory Booker</LastName>
                <FirstName />
                <YesVotes>3</YesVotes>
              </Candidate>
              <Candidate>
                <CandidateID>750117279</CandidateID>
                <LastName>Joseph R. Biden</LastName>
                <FirstName />
                <YesVotes>1040</YesVotes>
              </Candidate>
              <Candidate>
                <CandidateID>750117282</CandidateID>
                <LastName>Elizabeth Warren</LastName>
                <FirstName />
                <YesVotes>22</YesVotes>
              </Candidate>
              <Candidate>
                <CandidateID>750117275</CandidateID>
                <LastName>Pete Buttigieg</LastName>
                <FirstName />
                <YesVotes>8</YesVotes>
              </Candidate>
              <Candidate>
                <CandidateID>750117283</CandidateID>
                <LastName>Bernie Sanders</LastName>
                <FirstName />
                <YesVotes>441</YesVotes>
              </Candidate>
              <Candidate>
                <CandidateID>750117277</CandidateID>
                <LastName>Velma Steinman</LastName>
                <FirstName />
                <YesVotes>2</YesVotes>
              </Candidate>
              <Candidate>
                <CandidateID>750117287</CandidateID>
                <LastName>Henry Hewes</LastName>
                <FirstName />
                <YesVotes>0</YesVotes>
              </Candidate>
              <Candidate>
                <CandidateID>750117288</CandidateID>
                <LastName>Andrew Yang</LastName>
                <FirstName />
                <YesVotes>1</YesVotes>
              </Candidate>
              <Candidate>
                <CandidateID>750117299</CandidateID>
                <LastName>Roque De La Fuente</LastName>
                <FirstName />
                <YesVotes>1</YesVotes>
              </Candidate>
              <Candidate>
                <CandidateID>750117301</CandidateID>
                <LastName>John K. Delaney</LastName>
                <FirstName />
                <YesVotes>0</YesVotes>
              </Candidate>
              <Candidate>
                <CandidateID>750117302</CandidateID>
                <LastName>Julián Castro</LastName>
                <FirstName />
                <YesVotes>1</YesVotes>
              </Candidate>
              <Candidate>
                <CandidateID>750117303</CandidateID>
                <LastName>Deval Patrick</LastName>
                <FirstName />
                <YesVotes>0</YesVotes>
              </Candidate>
              <Candidate>
                <CandidateID>750117321</CandidateID>
                <LastName>Marianne Williamson</LastName>
                <FirstName />
                <YesVotes>0</YesVotes>
              </Candidate>
              <Candidate>
                <CandidateID>750117323</CandidateID>
                <LastName>Michael Bennet</LastName>
                <FirstName />
                <YesVotes>2</YesVotes>
              </Candidate>
              <Candidate>
                <CandidateID>750117324</CandidateID>
                <LastName>Michael R. Bloomberg</LastName>
                <FirstName />
                <YesVotes>23</YesVotes>
              </Candidate>
              <Candidate>
                <CandidateID>750117326</CandidateID>
                <LastName>Steve Burke</LastName>
                <FirstName />
                <YesVotes>2</YesVotes>
              </Candidate>
              <Candidate>
                <CandidateID>750117331</CandidateID>
                <LastName>Robby Wells</LastName>
                <FirstName />
                <YesVotes>0</YesVotes>
              </Candidate>
              <Candidate>
                <CandidateID>750117332</CandidateID>
                <LastName>William C. (Bill) Haas</LastName>
                <FirstName />
                <YesVotes>1</YesVotes>
              </Candidate>
              <Candidate>
                <CandidateID>750117354</CandidateID>
                <LastName>Uncommitted</LastName>
                <FirstName />
                <YesVotes>9</YesVotes>
              </Candidate>
            </Party>
            <Party>
              <PartyName>Libertarian</PartyName>
              <Candidate>
                <CandidateID>750117320</CandidateID>
                <LastName>Jacob Hornberger</LastName>
                <FirstName />
                <YesVotes>5</YesVotes>
              </Candidate>
              <Candidate>
                <CandidateID>750117355</CandidateID>
                <LastName>Uncommitted</LastName>
                <FirstName />
                <YesVotes>0</YesVotes>
              </Candidate>
            </Party>
            <Party>
              <PartyName>Green</PartyName>
              <Candidate>
                <CandidateID>750117325</CandidateID>
                <LastName>Howie Hawkins</LastName>
                <FirstName />
                <YesVotes>0</YesVotes>
              </Candidate>
              <Candidate>
                <CandidateID>750117327</CandidateID>
                <LastName>Dario Hunter</LastName>
                <FirstName />
                <YesVotes>0</YesVotes>
              </Candidate>
              <Candidate>
                <CandidateID>750117329</CandidateID>
                <LastName>David Rolde</LastName>
                <FirstName />
                <YesVotes>0</YesVotes>
              </Candidate>
              <Candidate>
                <CandidateID>750117356</CandidateID>
                <LastName>Uncommitted</LastName>
                <FirstName />
                <YesVotes>0</YesVotes>
              </Candidate>
            </Party>
            <Party>
              <PartyName>Constitution</PartyName>
              <Candidate>
                <CandidateID>750117333</CandidateID>
                <LastName>Don J. Grundmann</LastName>
                <FirstName />
                <YesVotes>0</YesVotes>
              </Candidate>
              <Candidate>
                <CandidateID>750117335</CandidateID>
                <LastName>Don Blankenship</LastName>
                <FirstName />
                <YesVotes>0</YesVotes>
              </Candidate>
              <Candidate>
                <CandidateID>750117357</CandidateID>
                <LastName>Uncommitted</LastName>
                <FirstName />
                <YesVotes>1</YesVotes>
              </Candidate>
            </Party>
          </CountyResults>
        </Counties>
        <Counties>
          <CountyName>Barton</CountyName>
          <CountyResults>
            <ReportingPrecincts>9</ReportingPrecincts>
            <TotalPrecincts>9</TotalPrecincts>
            <Party>
              <PartyName>Republican</PartyName>
              <Candidate>
                <CandidateID>750117286</CandidateID>
                <LastName>Donald J Trump</LastName>
                <FirstName />
                <YesVotes>1286</YesVotes>
              </Candidate>
              <Candidate>
                <CandidateID>750117300</CandidateID>
                <LastName>Bob Ely</LastName>
                <FirstName />
                <YesVotes>1</YesVotes>
              </Candidate>
              <Candidate>
                <CandidateID>750117328</CandidateID>
                <LastName>Bill Weld</LastName>
                <FirstName />
                <YesVotes>3</YesVotes>
              </Candidate>
              <Candidate>
                <CandidateID>750117330</CandidateID>
                <LastName>Joe Walsh</LastName>
                <FirstName />
                <YesVotes>3</YesVotes>
              </Candidate>
              <Candidate>
                <CandidateID>750117334</CandidateID>
                <LastName>Matthew John Matern</LastName>
                <FirstName />
                <YesVotes>1</YesVotes>
              </Candidate>
              <Candidate>
                <CandidateID>750117353</CandidateID>
                <LastName>Uncommitted</LastName>
                <FirstName />
                <YesVotes>11</YesVotes>
              </Candidate>
            </Party>
            <Party>
              <PartyName>Democratic</PartyName>
              <Candidate>
                <CandidateID>750117276</CandidateID>
                <LastName>Amy Klobuchar</LastName>
                <FirstName />
                <YesVotes>4</YesVotes>
              </Candidate>
              <Candidate>
                <CandidateID>750117280</CandidateID>
                <LastName>Tom Steyer</LastName>
                <FirstName />
                <YesVotes>0</YesVotes>
              </Candidate>
              <Candidate>
                <CandidateID>750117274</CandidateID>
                <LastName>Tulsi Gabbard</LastName>
                <FirstName />
                <YesVotes>7</YesVotes>
              </Candidate>
              <Candidate>
                <CandidateID>750117278</CandidateID>
                <LastName>Leonard J. Steinman II</LastName>
                <FirstName />
                <YesVotes>0</YesVotes>
              </Candidate>
              <Candidate>
                <CandidateID>750117285</CandidateID>
                <LastName>Cory Booker</LastName>
                <FirstName />
                <YesVotes>1</YesVotes>
              </Candidate>
              <Candidate>
                <CandidateID>750117279</CandidateID>
                <LastName>Joseph R. Biden</LastName>
                <FirstName />
                <YesVotes>241</YesVotes>
              </Candidate>
              <Candidate>
                <CandidateID>750117282</CandidateID>
                <LastName>Elizabeth Warren</LastName>
                <FirstName />
                <YesVotes>8</YesVotes>
              </Candidate>
              <Candidate>
                <CandidateID>750117275</CandidateID>
                <LastName>Pete Buttigieg</LastName>
                <FirstName />
                <YesVotes>2</YesVotes>
              </Candidate>
              <Candidate>
                <CandidateID>750117283</CandidateID>
                <LastName>Bernie Sanders</LastName>
                <FirstName />
                <YesVotes>146</YesVotes>
              </Candidate>
              <Candidate>
                <CandidateID>750117277</CandidateID>
                <LastName>Velma Steinman</LastName>
                <FirstName />
                <YesVotes>0</YesVotes>
              </Candidate>
              <Candidate>
                <CandidateID>750117287</CandidateID>
                <LastName>Henry Hewes</LastName>
                <FirstName />
                <YesVotes>0</YesVotes>
              </Candidate>
              <Candidate>
                <CandidateID>750117288</CandidateID>
                <LastName>Andrew Yang</LastName>
                <FirstName />
                <YesVotes>1</YesVotes>
              </Candidate>
              <Candidate>
                <CandidateID>750117299</CandidateID>
                <LastName>Roque De La Fuente</LastName>
                <FirstName />
                <YesVotes>0</YesVotes>
              </Candidate>
              <Candidate>
                <CandidateID>750117301</CandidateID>
                <LastName>John K. Delaney</LastName>
                <FirstName />
                <YesVotes>0</YesVotes>
              </Candidate>
              <Candidate>
                <CandidateID>750117302</CandidateID>
                <LastName>Julián Castro</LastName>
                <FirstName />
                <YesVotes>0</YesVotes>
              </Candidate>
              <Candidate>
                <CandidateID>750117303</CandidateID>
                <LastName>Deval Patrick</LastName>
                <FirstName />
                <YesVotes>0</YesVotes>
              </Candidate>
              <Candidate>
                <CandidateID>750117321</CandidateID>
                <LastName>Marianne Williamson</LastName>
                <FirstName />
                <YesVotes>0</YesVotes>
              </Candidate>
              <Candidate>
                <CandidateID>750117323</CandidateID>
                <LastName>Michael Bennet</LastName>
                <FirstName />
                <YesVotes>0</YesVotes>
              </Candidate>
              <Candidate>
                <CandidateID>750117324</CandidateID>
                <LastName>Michael R. Bloomberg</LastName>
                <FirstName />
                <YesVotes>3</YesVotes>
              </Candidate>
              <Candidate>
                <CandidateID>750117326</CandidateID>
                <LastName>Steve Burke</LastName>
                <FirstName />
                <YesVotes>0</YesVotes>
              </Candidate>
              <Candidate>
                <CandidateID>750117331</CandidateID>
                <LastName>Robby Wells</LastName>
                <FirstName />
                <YesVotes>0</YesVotes>
              </Candidate>
              <Candidate>
                <CandidateID>750117332</CandidateID>
                <LastName>William C. (Bill) Haas</LastName>
                <FirstName />
                <YesVotes>0</YesVotes>
              </Candidate>
              <Candidate>
                <CandidateID>750117354</CandidateID>
                <LastName>Uncommitted</LastName>
                <FirstName />
                <YesVotes>8</YesVotes>
              </Candidate>
            </Party>
            <Party>
              <PartyName>Libertarian</PartyName>
              <Candidate>
                <CandidateID>750117320</CandidateID>
                <LastName>Jacob Hornberger</LastName>
                <FirstName />
                <YesVotes>0</YesVotes>
              </Candidate>
              <Candidate>
                <CandidateID>750117355</CandidateID>
                <LastName>Uncommitted</LastName>
                <FirstName />
                <YesVotes>1</YesVotes>
              </Candidate>
            </Party>
            <Party>
              <PartyName>Green</PartyName>
              <Candidate>
                <CandidateID>750117325</CandidateID>
                <LastName>Howie Hawkins</LastName>
                <FirstName />
                <YesVotes>0</YesVotes>
              </Candidate>
              <Candidate>
                <CandidateID>750117327</CandidateID>
                <LastName>Dario Hunter</LastName>
                <FirstName />
                <YesVotes>0</YesVotes>
              </Candidate>
              <Candidate>
                <CandidateID>750117329</CandidateID>
                <LastName>David Rolde</LastName>
                <FirstName />
                <YesVotes>0</YesVotes>
              </Candidate>
              <Candidate>
                <CandidateID>750117356</CandidateID>
                <LastName>Uncommitted</LastName>
                <FirstName />
                <YesVotes>0</YesVotes>
              </Candidate>
            </Party>
            <Party>
              <PartyName>Constitution</PartyName>
              <Candidate>
                <CandidateID>750117333</CandidateID>
                <LastName>Don J. Grundmann</LastName>
                <FirstName />
                <YesVotes>1</YesVotes>
              </Candidate>
              <Candidate>
                <CandidateID>750117335</CandidateID>
                <LastName>Don Blankenship</LastName>
                <FirstName />
                <YesVotes>0</YesVotes>
              </Candidate>
              <Candidate>
                <CandidateID>750117357</CandidateID>
                <LastName>Uncommitted</LastName>
                <FirstName />
                <YesVotes>0</YesVotes>
              </Candidate>
            </Party>
          </CountyResults>
        </Counties>
        <Counties>
          <CountyName>Bates</CountyName>
          <CountyResults>
            <ReportingPrecincts>16</ReportingPrecincts>
            <TotalPrecincts>16</TotalPrecincts>
            <Party>
              <PartyName>Republican</PartyName>
              <Candidate>
                <CandidateID>750117286</CandidateID>
                <LastName>Donald J Trump</LastName>
                <FirstName />
                <YesVotes>947</YesVotes>
              </Candidate>
              <Candidate>
                <CandidateID>750117300</CandidateID>
                <LastName>Bob Ely</LastName>
                <FirstName />
                <YesVotes>4</YesVotes>
              </Candidate>
              <Candidate>
                <CandidateID>750117328</CandidateID>
                <LastName>Bill Weld</LastName>
                <FirstName />
                <YesVotes>2</YesVotes>
              </Candidate>
              <Candidate>
                <CandidateID>750117330</CandidateID>
                <LastName>Joe Walsh</LastName>
                <FirstName />
                <YesVotes>5</YesVotes>
              </Candidate>
              <Candidate>
                <CandidateID>750117334</CandidateID>
                <LastName>Matthew John Matern</LastName>
                <FirstName />
                <YesVotes>1</YesVotes>
              </Candidate>
              <Candidate>
                <CandidateID>750117353</CandidateID>
                <LastName>Uncommitted</LastName>
                <FirstName />
                <YesVotes>9</YesVotes>
              </Candidate>
            </Party>
            <Party>
              <PartyName>Democratic</PartyName>
              <Candidate>
                <CandidateID>750117276</CandidateID>
                <LastName>Amy Klobuchar</LastName>
                <FirstName />
                <YesVotes>6</YesVotes>
              </Candidate>
              <Candidate>
                <CandidateID>750117280</CandidateID>
                <LastName>Tom Steyer</LastName>
                <FirstName />
                <YesVotes>1</YesVotes>
              </Candidate>
              <Candidate>
                <CandidateID>750117274</CandidateID>
                <LastName>Tulsi Gabbard</LastName>
                <FirstName />
                <YesVotes>18</YesVotes>
              </Candidate>
              <Candidate>
                <CandidateID>750117278</CandidateID>
                <LastName>Leonard J. Steinman II</LastName>
                <FirstName />
                <YesVotes>0</YesVotes>
              </Candidate>
              <Candidate>
                <CandidateID>750117285</CandidateID>
                <LastName>Cory Booker</LastName>
                <FirstName />
                <YesVotes>2</YesVotes>
              </Candidate>
              <Candidate>
                <CandidateID>750117279</CandidateID>
                <LastName>Joseph R. Biden</LastName>
                <FirstName />
                <YesVotes>602</YesVotes>
              </Candidate>
              <Candidate>
                <CandidateID>750117282</CandidateID>
                <LastName>Elizabeth Warren</LastName>
                <FirstName />
                <YesVotes>16</YesVotes>
              </Candidate>
              <Candidate>
                <CandidateID>750117275</CandidateID>
                <LastName>Pete Buttigieg</LastName>
                <FirstName />
                <YesVotes>3</YesVotes>
              </Candidate>
              <Candidate>
                <CandidateID>750117283</CandidateID>
                <LastName>Bernie Sanders</LastName>
                <FirstName />
                <YesVotes>273</YesVotes>
              </Candidate>
              <Candidate>
                <CandidateID>750117277</CandidateID>
                <LastName>Velma Steinman</LastName>
                <FirstName />
                <YesVotes>1</YesVotes>
              </Candidate>
              <Candidate>
                <CandidateID>750117287</CandidateID>
                <LastName>Henry Hewes</LastName>
                <FirstName />
                <YesVotes>2</YesVotes>
              </Candidate>
              <Candidate>
                <CandidateID>750117288</CandidateID>
                <LastName>Andrew Yang</LastName>
                <FirstName />
                <YesVotes>4</YesVotes>
              </Candidate>
              <Candidate>
                <CandidateID>750117299</CandidateID>
                <LastName>Roque De La Fuente</LastName>
                <FirstName />
                <YesVotes>0</YesVotes>
              </Candidate>
              <Candidate>
                <CandidateID>750117301</CandidateID>
                <LastName>John K. Delaney</LastName>
                <FirstName />
                <YesVotes>1</YesVotes>
              </Candidate>
              <Candidate>
                <CandidateID>750117302</CandidateID>
                <LastName>Julián Castro</LastName>
                <FirstName />
                <YesVotes>0</YesVotes>
              </Candidate>
              <Candidate>
                <CandidateID>750117303</CandidateID>
                <LastName>Deval Patrick</LastName>
                <FirstName />
                <YesVotes>0</YesVotes>
              </Candidate>
              <Candidate>
                <CandidateID>750117321</CandidateID>
                <LastName>Marianne Williamson</LastName>
                <FirstName />
                <YesVotes>0</YesVotes>
              </Candidate>
              <Candidate>
                <CandidateID>750117323</CandidateID>
                <LastName>Michael Bennet</LastName>
                <FirstName />
                <YesVotes>0</YesVotes>
              </Candidate>
              <Candidate>
                <CandidateID>750117324</CandidateID>
                <LastName>Michael R. Bloomberg</LastName>
                <FirstName />
                <YesVotes>8</YesVotes>
              </Candidate>
              <Candidate>
                <CandidateID>750117326</CandidateID>
                <LastName>Steve Burke</LastName>
                <FirstName />
                <YesVotes>0</YesVotes>
              </Candidate>
              <Candidate>
                <CandidateID>750117331</CandidateID>
                <LastName>Robby Wells</LastName>
                <FirstName />
                <YesVotes>0</YesVotes>
              </Candidate>
              <Candidate>
                <CandidateID>750117332</CandidateID>
                <LastName>William C. (Bill) Haas</LastName>
                <FirstName />
                <YesVotes>1</YesVotes>
              </Candidate>
              <Candidate>
                <CandidateID>750117354</CandidateID>
                <LastName>Uncommitted</LastName>
                <FirstName />
                <YesVotes>6</YesVotes>
              </Candidate>
            </Party>
            <Party>
              <PartyName>Libertarian</PartyName>
              <Candidate>
                <CandidateID>750117320</CandidateID>
                <LastName>Jacob Hornberger</LastName>
                <FirstName />
                <YesVotes>3</YesVotes>
              </Candidate>
              <Candidate>
                <CandidateID>750117355</CandidateID>
                <LastName>Uncommitted</LastName>
                <FirstName />
                <YesVotes>2</YesVotes>
              </Candidate>
            </Party>
            <Party>
              <PartyName>Green</PartyName>
              <Candidate>
                <CandidateID>750117325</CandidateID>
                <LastName>Howie Hawkins</LastName>
                <FirstName />
                <YesVotes>0</YesVotes>
              </Candidate>
              <Candidate>
                <CandidateID>750117327</CandidateID>
                <LastName>Dario Hunter</LastName>
                <FirstName />
                <YesVotes>0</YesVotes>
              </Candidate>
              <Candidate>
                <CandidateID>750117329</CandidateID>
                <LastName>David Rolde</LastName>
                <FirstName />
                <YesVotes>0</YesVotes>
              </Candidate>
              <Candidate>
                <CandidateID>750117356</CandidateID>
                <LastName>Uncommitted</LastName>
                <FirstName />
                <YesVotes>0</YesVotes>
              </Candidate>
            </Party>
            <Party>
              <PartyName>Constitution</PartyName>
              <Candidate>
                <CandidateID>750117333</CandidateID>
                <LastName>Don J. Grundmann</LastName>
                <FirstName />
                <YesVotes>0</YesVotes>
              </Candidate>
              <Candidate>
                <CandidateID>750117335</CandidateID>
                <LastName>Don Blankenship</LastName>
                <FirstName />
                <YesVotes>2</YesVotes>
              </Candidate>
              <Candidate>
                <CandidateID>750117357</CandidateID>
                <LastName>Uncommitted</LastName>
                <FirstName />
                <YesVotes>0</YesVotes>
              </Candidate>
            </Party>
          </CountyResults>
        </Counties>
        <Counties>
          <CountyName>Benton</CountyName>
          <CountyResults>
            <ReportingPrecincts>8</ReportingPrecincts>
            <TotalPrecincts>8</TotalPrecincts>
            <Party>
              <PartyName>Republican</PartyName>
              <Candidate>
                <CandidateID>750117286</CandidateID>
                <LastName>Donald J Trump</LastName>
                <FirstName />
                <YesVotes>1518</YesVotes>
              </Candidate>
              <Candidate>
                <CandidateID>750117300</CandidateID>
                <LastName>Bob Ely</LastName>
                <FirstName />
                <YesVotes>2</YesVotes>
              </Candidate>
              <Candidate>
                <CandidateID>750117328</CandidateID>
                <LastName>Bill Weld</LastName>
                <FirstName />
                <YesVotes>3</YesVotes>
              </Candidate>
              <Candidate>
                <CandidateID>750117330</CandidateID>
                <LastName>Joe Walsh</LastName>
                <FirstName />
                <YesVotes>8</YesVotes>
              </Candidate>
              <Candidate>
                <CandidateID>750117334</CandidateID>
                <LastName>Matthew John Matern</LastName>
                <FirstName />
                <YesVotes>0</YesVotes>
              </Candidate>
              <Candidate>
                <CandidateID>750117353</CandidateID>
                <LastName>Uncommitted</LastName>
                <FirstName />
                <YesVotes>11</YesVotes>
              </Candidate>
            </Party>
            <Party>
              <PartyName>Democratic</PartyName>
              <Candidate>
                <CandidateID>750117276</CandidateID>
                <LastName>Amy Klobuchar</LastName>
                <FirstName />
                <YesVotes>12</YesVotes>
              </Candidate>
              <Candidate>
                <CandidateID>750117280</CandidateID>
                <LastName>Tom Steyer</LastName>
                <FirstName />
                <YesVotes>2</YesVotes>
              </Candidate>
              <Candidate>
                <CandidateID>750117274</CandidateID>
                <LastName>Tulsi Gabbard</LastName>
                <FirstName />
                <YesVotes>10</YesVotes>
              </Candidate>
              <Candidate>
                <CandidateID>750117278</CandidateID>
                <LastName>Leonard J. Steinman II</LastName>
                <FirstName />
                <YesVotes>0</YesVotes>
              </Candidate>
              <Candidate>
                <CandidateID>750117285</CandidateID>
                <LastName>Cory Booker</LastName>
                <FirstName />
                <YesVotes>0</YesVotes>
              </Candidate>
              <Candidate>
                <CandidateID>750117279</CandidateID>
                <LastName>Joseph R. Biden</LastName>
                <FirstName />
                <YesVotes>843</YesVotes>
              </Candidate>
              <Candidate>
                <CandidateID>750117282</CandidateID>
                <LastName>Elizabeth Warren</LastName>
                <FirstName />
                <YesVotes>8</YesVotes>
              </Candidate>
              <Candidate>
                <CandidateID>750117275</CandidateID>
                <LastName>Pete Buttigieg</LastName>
                <FirstName />
                <YesVotes>15</YesVotes>
              </Candidate>
              <Candidate>
                <CandidateID>750117283</CandidateID>
                <LastName>Bernie Sanders</LastName>
                <FirstName />
                <YesVotes>279</YesVotes>
              </Candidate>
              <Candidate>
                <CandidateID>750117277</CandidateID>
                <LastName>Velma Steinman</LastName>
                <FirstName />
                <YesVotes>0</YesVotes>
              </Candidate>
              <Candidate>
                <CandidateID>750117287</CandidateID>
                <LastName>Henry Hewes</LastName>
                <FirstName />
                <YesVotes>0</YesVotes>
              </Candidate>
              <Candidate>
                <CandidateID>750117288</CandidateID>
                <LastName>Andrew Yang</LastName>
                <FirstName />
                <YesVotes>1</YesVotes>
              </Candidate>
              <Candidate>
                <CandidateID>750117299</CandidateID>
                <LastName>Roque De La Fuente</LastName>
                <FirstName />
                <YesVotes>0</YesVotes>
              </Candidate>
              <Candidate>
                <CandidateID>750117301</CandidateID>
                <LastName>John K. Delaney</LastName>
                <FirstName />
                <YesVotes>1</YesVotes>
              </Candidate>
              <Candidate>
                <CandidateID>750117302</CandidateID>
                <LastName>Julián Castro</LastName>
                <FirstName />
                <YesVotes>0</YesVotes>
              </Candidate>
              <Candidate>
                <CandidateID>750117303</CandidateID>
                <LastName>Deval Patrick</LastName>
                <FirstName />
                <YesVotes>0</YesVotes>
              </Candidate>
              <Candidate>
                <CandidateID>750117321</CandidateID>
                <LastName>Marianne Williamson</LastName>
                <FirstName />
                <YesVotes>0</YesVotes>
              </Candidate>
              <Candidate>
                <CandidateID>750117323</CandidateID>
                <LastName>Michael Bennet</LastName>
                <FirstName />
                <YesVotes>0</YesVotes>
              </Candidate>
              <Candidate>
                <CandidateID>750117324</CandidateID>
                <LastName>Michael R. Bloomberg</LastName>
                <FirstName />
                <YesVotes>27</YesVotes>
              </Candidate>
              <Candidate>
                <CandidateID>750117326</CandidateID>
                <LastName>Steve Burke</LastName>
                <FirstName />
                <YesVotes>0</YesVotes>
              </Candidate>
              <Candidate>
                <CandidateID>750117331</CandidateID>
                <LastName>Robby Wells</LastName>
                <FirstName />
                <YesVotes>0</YesVotes>
              </Candidate>
              <Candidate>
                <CandidateID>750117332</CandidateID>
                <LastName>William C. (Bill) Haas</LastName>
                <FirstName />
                <YesVotes>0</YesVotes>
              </Candidate>
              <Candidate>
                <CandidateID>750117354</CandidateID>
                <LastName>Uncommitted</LastName>
                <FirstName />
                <YesVotes>14</YesVotes>
              </Candidate>
            </Party>
            <Party>
              <PartyName>Libertarian</PartyName>
              <Candidate>
                <CandidateID>750117320</CandidateID>
                <LastName>Jacob Hornberger</LastName>
                <FirstName />
                <YesVotes>2</YesVotes>
              </Candidate>
              <Candidate>
                <CandidateID>750117355</CandidateID>
                <LastName>Uncommitted</LastName>
                <FirstName />
                <YesVotes>0</YesVotes>
              </Candidate>
            </Party>
            <Party>
              <PartyName>Green</PartyName>
              <Candidate>
                <CandidateID>750117325</CandidateID>
                <LastName>Howie Hawkins</LastName>
                <FirstName />
                <YesVotes>0</YesVotes>
              </Candidate>
              <Candidate>
                <CandidateID>750117327</CandidateID>
                <LastName>Dario Hunter</LastName>
                <FirstName />
                <YesVotes>0</YesVotes>
              </Candidate>
              <Candidate>
                <CandidateID>750117329</CandidateID>
                <LastName>David Rolde</LastName>
                <FirstName />
                <YesVotes>0</YesVotes>
              </Candidate>
              <Candidate>
                <CandidateID>750117356</CandidateID>
                <LastName>Uncommitted</LastName>
                <FirstName />
                <YesVotes>0</YesVotes>
              </Candidate>
            </Party>
            <Party>
              <PartyName>Constitution</PartyName>
              <Candidate>
                <CandidateID>750117333</CandidateID>
                <LastName>Don J. Grundmann</LastName>
                <FirstName />
                <YesVotes>1</YesVotes>
              </Candidate>
              <Candidate>
                <CandidateID>750117335</CandidateID>
                <LastName>Don Blankenship</LastName>
                <FirstName />
                <YesVotes>0</YesVotes>
              </Candidate>
              <Candidate>
                <CandidateID>750117357</CandidateID>
                <LastName>Uncommitted</LastName>
                <FirstName />
                <YesVotes>0</YesVotes>
              </Candidate>
            </Party>
          </CountyResults>
        </Counties>
        <Counties>
          <CountyName>Bollinger</CountyName>
          <CountyResults>
            <ReportingPrecincts>9</ReportingPrecincts>
            <TotalPrecincts>9</TotalPrecincts>
            <Party>
              <PartyName>Republican</PartyName>
              <Candidate>
                <CandidateID>750117286</CandidateID>
                <LastName>Donald J Trump</LastName>
                <FirstName />
                <YesVotes>1082</YesVotes>
              </Candidate>
              <Candidate>
                <CandidateID>750117300</CandidateID>
                <LastName>Bob Ely</LastName>
                <FirstName />
                <YesVotes>2</YesVotes>
              </Candidate>
              <Candidate>
                <CandidateID>750117328</CandidateID>
                <LastName>Bill Weld</LastName>
                <FirstName />
                <YesVotes>1</YesVotes>
              </Candidate>
              <Candidate>
                <CandidateID>750117330</CandidateID>
                <LastName>Joe Walsh</LastName>
                <FirstName />
                <YesVotes>2</YesVotes>
              </Candidate>
              <Candidate>
                <CandidateID>750117334</CandidateID>
                <LastName>Matthew John Matern</LastName>
                <FirstName />
                <YesVotes>1</YesVotes>
              </Candidate>
              <Candidate>
                <CandidateID>750117353</CandidateID>
                <LastName>Uncommitted</LastName>
                <FirstName />
                <YesVotes>9</YesVotes>
              </Candidate>
            </Party>
            <Party>
              <PartyName>Democratic</PartyName>
              <Candidate>
                <CandidateID>750117276</CandidateID>
                <LastName>Amy Klobuchar</LastName>
                <FirstName />
                <YesVotes>2</YesVotes>
              </Candidate>
              <Candidate>
                <CandidateID>750117280</CandidateID>
                <LastName>Tom Steyer</LastName>
                <FirstName />
                <YesVotes>1</YesVotes>
              </Candidate>
              <Candidate>
                <CandidateID>750117274</CandidateID>
                <LastName>Tulsi Gabbard</LastName>
                <FirstName />
                <YesVotes>3</YesVotes>
              </Candidate>
              <Candidate>
                <CandidateID>750117278</CandidateID>
                <LastName>Leonard J. Steinman II</LastName>
                <FirstName />
                <YesVotes>0</YesVotes>
              </Candidate>
              <Candidate>
                <CandidateID>750117285</CandidateID>
                <LastName>Cory Booker</LastName>
                <FirstName />
                <YesVotes>0</YesVotes>
              </Candidate>
              <Candidate>
                <CandidateID>750117279</CandidateID>
                <LastName>Joseph R. Biden</LastName>
                <FirstName />
                <YesVotes>294</YesVotes>
              </Candidate>
              <Candidate>
                <CandidateID>750117282</CandidateID>
                <LastName>Elizabeth Warren</LastName>
                <FirstName />
                <YesVotes>3</YesVotes>
              </Candidate>
              <Candidate>
                <CandidateID>750117275</CandidateID>
                <LastName>Pete Buttigieg</LastName>
                <FirstName />
                <YesVotes>0</YesVotes>
              </Candidate>
              <Candidate>
                <CandidateID>750117283</CandidateID>
                <LastName>Bernie Sanders</LastName>
                <FirstName />
                <YesVotes>146</YesVotes>
              </Candidate>
              <Candidate>
                <CandidateID>750117277</CandidateID>
                <LastName>Velma Steinman</LastName>
                <FirstName />
                <YesVotes>0</YesVotes>
              </Candidate>
              <Candidate>
                <CandidateID>750117287</CandidateID>
                <LastName>Henry Hewes</LastName>
                <FirstName />
                <YesVotes>0</YesVotes>
              </Candidate>
              <Candidate>
                <CandidateID>750117288</CandidateID>
                <LastName>Andrew Yang</LastName>
                <FirstName />
                <YesVotes>2</YesVotes>
              </Candidate>
              <Candidate>
                <CandidateID>750117299</CandidateID>
                <LastName>Roque De La Fuente</LastName>
                <FirstName />
                <YesVotes>0</YesVotes>
              </Candidate>
              <Candidate>
                <CandidateID>750117301</CandidateID>
                <LastName>John K. Delaney</LastName>
                <FirstName />
                <YesVotes>0</YesVotes>
              </Candidate>
              <Candidate>
                <CandidateID>750117302</CandidateID>
                <LastName>Julián Castro</LastName>
                <FirstName />
                <YesVotes>0</YesVotes>
              </Candidate>
              <Candidate>
                <CandidateID>750117303</CandidateID>
                <LastName>Deval Patrick</LastName>
                <FirstName />
                <YesVotes>0</YesVotes>
              </Candidate>
              <Candidate>
                <CandidateID>750117321</CandidateID>
                <LastName>Marianne Williamson</LastName>
                <FirstName />
                <YesVotes>0</YesVotes>
              </Candidate>
              <Candidate>
                <CandidateID>750117323</CandidateID>
                <LastName>Michael Bennet</LastName>
                <FirstName />
                <YesVotes>0</YesVotes>
              </Candidate>
              <Candidate>
                <CandidateID>750117324</CandidateID>
                <LastName>Michael R. Bloomberg</LastName>
                <FirstName />
                <YesVotes>5</YesVotes>
              </Candidate>
              <Candidate>
                <CandidateID>750117326</CandidateID>
                <LastName>Steve Burke</LastName>
                <FirstName />
                <YesVotes>0</YesVotes>
              </Candidate>
              <Candidate>
                <CandidateID>750117331</CandidateID>
                <LastName>Robby Wells</LastName>
                <FirstName />
                <YesVotes>0</YesVotes>
              </Candidate>
              <Candidate>
                <CandidateID>750117332</CandidateID>
                <LastName>William C. (Bill) Haas</LastName>
                <FirstName />
                <YesVotes>0</YesVotes>
              </Candidate>
              <Candidate>
                <CandidateID>750117354</CandidateID>
                <LastName>Uncommitted</LastName>
                <FirstName />
                <YesVotes>4</YesVotes>
              </Candidate>
            </Party>
            <Party>
              <PartyName>Libertarian</PartyName>
              <Candidate>
                <CandidateID>750117320</CandidateID>
                <LastName>Jacob Hornberger</LastName>
                <FirstName />
                <YesVotes>4</YesVotes>
              </Candidate>
              <Candidate>
                <CandidateID>750117355</CandidateID>
                <LastName>Uncommitted</LastName>
                <FirstName />
                <YesVotes>0</YesVotes>
              </Candidate>
            </Party>
            <Party>
              <PartyName>Green</PartyName>
              <Candidate>
                <CandidateID>750117325</CandidateID>
                <LastName>Howie Hawkins</LastName>
                <FirstName />
                <YesVotes>1</YesVotes>
              </Candidate>
              <Candidate>
                <CandidateID>750117327</CandidateID>
                <LastName>Dario Hunter</LastName>
                <FirstName />
                <YesVotes>0</YesVotes>
              </Candidate>
              <Candidate>
                <CandidateID>750117329</CandidateID>
                <LastName>David Rolde</LastName>
                <FirstName />
                <YesVotes>0</YesVotes>
              </Candidate>
              <Candidate>
                <CandidateID>750117356</CandidateID>
                <LastName>Uncommitted</LastName>
                <FirstName />
                <YesVotes>0</YesVotes>
              </Candidate>
            </Party>
            <Party>
              <PartyName>Constitution</PartyName>
              <Candidate>
                <CandidateID>750117333</CandidateID>
                <LastName>Don J. Grundmann</LastName>
                <FirstName />
                <YesVotes>0</YesVotes>
              </Candidate>
              <Candidate>
                <CandidateID>750117335</CandidateID>
                <LastName>Don Blankenship</LastName>
                <FirstName />
                <YesVotes>1</YesVotes>
              </Candidate>
              <Candidate>
                <CandidateID>750117357</CandidateID>
                <LastName>Uncommitted</LastName>
                <FirstName />
                <YesVotes>0</YesVotes>
              </Candidate>
            </Party>
          </CountyResults>
        </Counties>
        <Counties>
          <CountyName>Boone</CountyName>
          <CountyResults>
            <ReportingPrecincts>55</ReportingPrecincts>
            <TotalPrecincts>55</TotalPrecincts>
            <Party>
              <PartyName>Republican</PartyName>
              <Candidate>
                <CandidateID>750117286</CandidateID>
                <LastName>Donald J Trump</LastName>
                <FirstName />
                <YesVotes>7814</YesVotes>
              </Candidate>
              <Candidate>
                <CandidateID>750117300</CandidateID>
                <LastName>Bob Ely</LastName>
                <FirstName />
                <YesVotes>30</YesVotes>
              </Candidate>
              <Candidate>
                <CandidateID>750117328</CandidateID>
                <LastName>Bill Weld</LastName>
                <FirstName />
                <YesVotes>147</YesVotes>
              </Candidate>
              <Candidate>
                <CandidateID>750117330</CandidateID>
                <LastName>Joe Walsh</LastName>
                <FirstName />
                <YesVotes>63</YesVotes>
              </Candidate>
              <Candidate>
                <CandidateID>750117334</CandidateID>
                <LastName>Matthew John Matern</LastName>
                <FirstName />
                <YesVotes>16</YesVotes>
              </Candidate>
              <Candidate>
                <CandidateID>750117353</CandidateID>
                <LastName>Uncommitted</LastName>
                <FirstName />
                <YesVotes>108</YesVotes>
              </Candidate>
            </Party>
            <Party>
              <PartyName>Democratic</PartyName>
              <Candidate>
                <CandidateID>750117276</CandidateID>
                <LastName>Amy Klobuchar</LastName>
                <FirstName />
                <YesVotes>114</YesVotes>
              </Candidate>
              <Candidate>
                <CandidateID>750117280</CandidateID>
                <LastName>Tom Steyer</LastName>
                <FirstName />
                <YesVotes>13</YesVotes>
              </Candidate>
              <Candidate>
                <CandidateID>750117274</CandidateID>
                <LastName>Tulsi Gabbard</LastName>
                <FirstName />
                <YesVotes>290</YesVotes>
              </Candidate>
              <Candidate>
                <CandidateID>750117278</CandidateID>
                <LastName>Leonard J. Steinman II</LastName>
                <FirstName />
                <YesVotes>11</YesVotes>
              </Candidate>
              <Candidate>
                <CandidateID>750117285</CandidateID>
                <LastName>Cory Booker</LastName>
                <FirstName />
                <YesVotes>14</YesVotes>
              </Candidate>
              <Candidate>
                <CandidateID>750117279</CandidateID>
                <LastName>Joseph R. Biden</LastName>
                <FirstName />
                <YesVotes>15283</YesVotes>
              </Candidate>
              <Candidate>
                <CandidateID>750117282</CandidateID>
                <LastName>Elizabeth Warren</LastName>
                <FirstName />
                <YesVotes>481</YesVotes>
              </Candidate>
              <Candidate>
                <CandidateID>750117275</CandidateID>
                <LastName>Pete Buttigieg</LastName>
                <FirstName />
                <YesVotes>111</YesVotes>
              </Candidate>
              <Candidate>
                <CandidateID>750117283</CandidateID>
                <LastName>Bernie Sanders</LastName>
                <FirstName />
                <YesVotes>13604</YesVotes>
              </Candidate>
              <Candidate>
                <CandidateID>750117277</CandidateID>
                <LastName>Velma Steinman</LastName>
                <FirstName />
                <YesVotes>5</YesVotes>
              </Candidate>
              <Candidate>
                <CandidateID>750117287</CandidateID>
                <LastName>Henry Hewes</LastName>
                <FirstName />
                <YesVotes>3</YesVotes>
              </Candidate>
              <Candidate>
                <CandidateID>750117288</CandidateID>
                <LastName>Andrew Yang</LastName>
                <FirstName />
                <YesVotes>58</YesVotes>
              </Candidate>
              <Candidate>
                <CandidateID>750117299</CandidateID>
                <LastName>Roque De La Fuente</LastName>
                <FirstName />
                <YesVotes>2</YesVotes>
              </Candidate>
              <Candidate>
                <CandidateID>750117301</CandidateID>
                <LastName>John K. Delaney</LastName>
                <FirstName />
                <YesVotes>3</YesVotes>
              </Candidate>
              <Candidate>
                <CandidateID>750117302</CandidateID>
                <LastName>Julián Castro</LastName>
                <FirstName />
                <YesVotes>3</YesVotes>
              </Candidate>
              <Candidate>
                <CandidateID>750117303</CandidateID>
                <LastName>Deval Patrick</LastName>
                <FirstName />
                <YesVotes>1</YesVotes>
              </Candidate>
              <Candidate>
                <CandidateID>750117321</CandidateID>
                <LastName>Marianne Williamson</LastName>
                <FirstName />
                <YesVotes>3</YesVotes>
              </Candidate>
              <Candidate>
                <CandidateID>750117323</CandidateID>
                <LastName>Michael Bennet</LastName>
                <FirstName />
                <YesVotes>1</YesVotes>
              </Candidate>
              <Candidate>
                <CandidateID>750117324</CandidateID>
                <LastName>Michael R. Bloomberg</LastName>
                <FirstName />
                <YesVotes>203</YesVotes>
              </Candidate>
              <Candidate>
                <CandidateID>750117326</CandidateID>
                <LastName>Steve Burke</LastName>
                <FirstName />
                <YesVotes>1</YesVotes>
              </Candidate>
              <Candidate>
                <CandidateID>750117331</CandidateID>
                <LastName>Robby Wells</LastName>
                <FirstName />
                <YesVotes>2</YesVotes>
              </Candidate>
              <Candidate>
                <CandidateID>750117332</CandidateID>
                <LastName>William C. (Bill) Haas</LastName>
                <FirstName />
                <YesVotes>7</YesVotes>
              </Candidate>
              <Candidate>
                <CandidateID>750117354</CandidateID>
                <LastName>Uncommitted</LastName>
                <FirstName />
                <YesVotes>54</YesVotes>
              </Candidate>
            </Party>
            <Party>
              <PartyName>Libertarian</PartyName>
              <Candidate>
                <CandidateID>750117320</CandidateID>
                <LastName>Jacob Hornberger</LastName>
                <FirstName />
                <YesVotes>105</YesVotes>
              </Candidate>
              <Candidate>
                <CandidateID>750117355</CandidateID>
                <LastName>Uncommitted</LastName>
                <FirstName />
                <YesVotes>23</YesVotes>
              </Candidate>
            </Party>
            <Party>
              <PartyName>Green</PartyName>
              <Candidate>
                <CandidateID>750117325</CandidateID>
                <LastName>Howie Hawkins</LastName>
                <FirstName />
                <YesVotes>7</YesVotes>
              </Candidate>
              <Candidate>
                <CandidateID>750117327</CandidateID>
                <LastName>Dario Hunter</LastName>
                <FirstName />
                <YesVotes>3</YesVotes>
              </Candidate>
              <Candidate>
                <CandidateID>750117329</CandidateID>
                <LastName>David Rolde</LastName>
                <FirstName />
                <YesVotes>0</YesVotes>
              </Candidate>
              <Candidate>
                <CandidateID>750117356</CandidateID>
                <LastName>Uncommitted</LastName>
                <FirstName />
                <YesVotes>3</YesVotes>
              </Candidate>
            </Party>
            <Party>
              <PartyName>Constitution</PartyName>
              <Candidate>
                <CandidateID>750117333</CandidateID>
                <LastName>Don J. Grundmann</LastName>
                <FirstName />
                <YesVotes>7</YesVotes>
              </Candidate>
              <Candidate>
                <CandidateID>750117335</CandidateID>
                <LastName>Don Blankenship</LastName>
                <FirstName />
                <YesVotes>12</YesVotes>
              </Candidate>
              <Candidate>
                <CandidateID>750117357</CandidateID>
                <LastName>Uncommitted</LastName>
                <FirstName />
                <YesVotes>7</YesVotes>
              </Candidate>
            </Party>
          </CountyResults>
        </Counties>
        <Counties>
          <CountyName>Buchanan</CountyName>
          <CountyResults>
            <ReportingPrecincts>24</ReportingPrecincts>
            <TotalPrecincts>24</TotalPrecincts>
            <Party>
              <PartyName>Republican</PartyName>
              <Candidate>
                <CandidateID>750117286</CandidateID>
                <LastName>Donald J Trump</LastName>
                <FirstName />
                <YesVotes>3528</YesVotes>
              </Candidate>
              <Candidate>
                <CandidateID>750117300</CandidateID>
                <LastName>Bob Ely</LastName>
                <FirstName />
                <YesVotes>9</YesVotes>
              </Candidate>
              <Candidate>
                <CandidateID>750117328</CandidateID>
                <LastName>Bill Weld</LastName>
                <FirstName />
                <YesVotes>23</YesVotes>
              </Candidate>
              <Candidate>
                <CandidateID>750117330</CandidateID>
                <LastName>Joe Walsh</LastName>
                <FirstName />
                <YesVotes>30</YesVotes>
              </Candidate>
              <Candidate>
                <CandidateID>750117334</CandidateID>
                <LastName>Matthew John Matern</LastName>
                <FirstName />
                <YesVotes>15</YesVotes>
              </Candidate>
              <Candidate>
                <CandidateID>750117353</CandidateID>
                <LastName>Uncommitted</LastName>
                <FirstName />
                <YesVotes>61</YesVotes>
              </Candidate>
            </Party>
            <Party>
              <PartyName>Democratic</PartyName>
              <Candidate>
                <CandidateID>750117276</CandidateID>
                <LastName>Amy Klobuchar</LastName>
                <FirstName />
                <YesVotes>37</YesVotes>
              </Candidate>
              <Candidate>
                <CandidateID>750117280</CandidateID>
                <LastName>Tom Steyer</LastName>
                <FirstName />
                <YesVotes>21</YesVotes>
              </Candidate>
              <Candidate>
                <CandidateID>750117274</CandidateID>
                <LastName>Tulsi Gabbard</LastName>
                <FirstName />
                <YesVotes>81</YesVotes>
              </Candidate>
              <Candidate>
                <CandidateID>750117278</CandidateID>
                <LastName>Leonard J. Steinman II</LastName>
                <FirstName />
                <YesVotes>2</YesVotes>
              </Candidate>
              <Candidate>
                <CandidateID>750117285</CandidateID>
                <LastName>Cory Booker</LastName>
                <FirstName />
                <YesVotes>10</YesVotes>
              </Candidate>
              <Candidate>
                <CandidateID>750117279</CandidateID>
                <LastName>Joseph R. Biden</LastName>
                <FirstName />
                <YesVotes>4322</YesVotes>
              </Candidate>
              <Candidate>
                <CandidateID>750117282</CandidateID>
                <LastName>Elizabeth Warren</LastName>
                <FirstName />
                <YesVotes>90</YesVotes>
              </Candidate>
              <Candidate>
                <CandidateID>750117275</CandidateID>
                <LastName>Pete Buttigieg</LastName>
                <FirstName />
                <YesVotes>50</YesVotes>
              </Candidate>
              <Candidate>
                <CandidateID>750117283</CandidateID>
                <LastName>Bernie Sanders</LastName>
                <FirstName />
                <YesVotes>2645</YesVotes>
              </Candidate>
              <Candidate>
                <CandidateID>750117277</CandidateID>
                <LastName>Velma Steinman</LastName>
                <FirstName />
                <YesVotes>3</YesVotes>
              </Candidate>
              <Candidate>
                <CandidateID>750117287</CandidateID>
                <LastName>Henry Hewes</LastName>
                <FirstName />
                <YesVotes>1</YesVotes>
              </Candidate>
              <Candidate>
                <CandidateID>750117288</CandidateID>
                <LastName>Andrew Yang</LastName>
                <FirstName />
                <YesVotes>18</YesVotes>
              </Candidate>
              <Candidate>
                <CandidateID>750117299</CandidateID>
                <LastName>Roque De La Fuente</LastName>
                <FirstName />
                <YesVotes>2</YesVotes>
              </Candidate>
              <Candidate>
                <CandidateID>750117301</CandidateID>
                <LastName>John K. Delaney</LastName>
                <FirstName />
                <YesVotes>1</YesVotes>
              </Candidate>
              <Candidate>
                <CandidateID>750117302</CandidateID>
                <LastName>Julián Castro</LastName>
                <FirstName />
                <YesVotes>3</YesVotes>
              </Candidate>
              <Candidate>
                <CandidateID>750117303</CandidateID>
                <LastName>Deval Patrick</LastName>
                <FirstName />
                <YesVotes>3</YesVotes>
              </Candidate>
              <Candidate>
                <CandidateID>750117321</CandidateID>
                <LastName>Marianne Williamson</LastName>
                <FirstName />
                <YesVotes>0</YesVotes>
              </Candidate>
              <Candidate>
                <CandidateID>750117323</CandidateID>
                <LastName>Michael Bennet</LastName>
                <FirstName />
                <YesVotes>3</YesVotes>
              </Candidate>
              <Candidate>
                <CandidateID>750117324</CandidateID>
                <LastName>Michael R. Bloomberg</LastName>
                <FirstName />
                <YesVotes>113</YesVotes>
              </Candidate>
              <Candidate>
                <CandidateID>750117326</CandidateID>
                <LastName>Steve Burke</LastName>
                <FirstName />
                <YesVotes>1</YesVotes>
              </Candidate>
              <Candidate>
                <CandidateID>750117331</CandidateID>
                <LastName>Robby Wells</LastName>
                <FirstName />
                <YesVotes>1</YesVotes>
              </Candidate>
              <Candidate>
                <CandidateID>750117332</CandidateID>
                <LastName>William C. (Bill) Haas</LastName>
                <FirstName />
                <YesVotes>1</YesVotes>
              </Candidate>
              <Candidate>
                <CandidateID>750117354</CandidateID>
                <LastName>Uncommitted</LastName>
                <FirstName />
                <YesVotes>43</YesVotes>
              </Candidate>
            </Party>
            <Party>
              <PartyName>Libertarian</PartyName>
              <Candidate>
                <CandidateID>750117320</CandidateID>
                <LastName>Jacob Hornberger</LastName>
                <FirstName />
                <YesVotes>11</YesVotes>
              </Candidate>
              <Candidate>
                <CandidateID>750117355</CandidateID>
                <LastName>Uncommitted</LastName>
                <FirstName />
                <YesVotes>5</YesVotes>
              </Candidate>
            </Party>
            <Party>
              <PartyName>Green</PartyName>
              <Candidate>
                <CandidateID>750117325</CandidateID>
                <LastName>Howie Hawkins</LastName>
                <FirstName />
                <YesVotes>1</YesVotes>
              </Candidate>
              <Candidate>
                <CandidateID>750117327</CandidateID>
                <LastName>Dario Hunter</LastName>
                <FirstName />
                <YesVotes>1</YesVotes>
              </Candidate>
              <Candidate>
                <CandidateID>750117329</CandidateID>
                <LastName>David Rolde</LastName>
                <FirstName />
                <YesVotes>2</YesVotes>
              </Candidate>
              <Candidate>
                <CandidateID>750117356</CandidateID>
                <LastName>Uncommitted</LastName>
                <FirstName />
                <YesVotes>1</YesVotes>
              </Candidate>
            </Party>
            <Party>
              <PartyName>Constitution</PartyName>
              <Candidate>
                <CandidateID>750117333</CandidateID>
                <LastName>Don J. Grundmann</LastName>
                <FirstName />
                <YesVotes>2</YesVotes>
              </Candidate>
              <Candidate>
                <CandidateID>750117335</CandidateID>
                <LastName>Don Blankenship</LastName>
                <FirstName />
                <YesVotes>2</YesVotes>
              </Candidate>
              <Candidate>
                <CandidateID>750117357</CandidateID>
                <LastName>Uncommitted</LastName>
                <FirstName />
                <YesVotes>2</YesVotes>
              </Candidate>
            </Party>
          </CountyResults>
        </Counties>
        <Counties>
          <CountyName>Butler</CountyName>
          <CountyResults>
            <ReportingPrecincts>23</ReportingPrecincts>
            <TotalPrecincts>23</TotalPrecincts>
            <Party>
              <PartyName>Republican</PartyName>
              <Candidate>
                <CandidateID>750117286</CandidateID>
                <LastName>Donald J Trump</LastName>
                <FirstName />
                <YesVotes>2998</YesVotes>
              </Candidate>
              <Candidate>
                <CandidateID>750117300</CandidateID>
                <LastName>Bob Ely</LastName>
                <FirstName />
                <YesVotes>1</YesVotes>
              </Candidate>
              <Candidate>
                <CandidateID>750117328</CandidateID>
                <LastName>Bill Weld</LastName>
                <FirstName />
                <YesVotes>7</YesVotes>
              </Candidate>
              <Candidate>
                <CandidateID>750117330</CandidateID>
                <LastName>Joe Walsh</LastName>
                <FirstName />
                <YesVotes>15</YesVotes>
              </Candidate>
              <Candidate>
                <CandidateID>750117334</CandidateID>
                <LastName>Matthew John Matern</LastName>
                <FirstName />
                <YesVotes>4</YesVotes>
              </Candidate>
              <Candidate>
                <CandidateID>750117353</CandidateID>
                <LastName>Uncommitted</LastName>
                <FirstName />
                <YesVotes>14</YesVotes>
              </Candidate>
            </Party>
            <Party>
              <PartyName>Democratic</PartyName>
              <Candidate>
                <CandidateID>750117276</CandidateID>
                <LastName>Amy Klobuchar</LastName>
                <FirstName />
                <YesVotes>7</YesVotes>
              </Candidate>
              <Candidate>
                <CandidateID>750117280</CandidateID>
                <LastName>Tom Steyer</LastName>
                <FirstName />
                <YesVotes>7</YesVotes>
              </Candidate>
              <Candidate>
                <CandidateID>750117274</CandidateID>
                <LastName>Tulsi Gabbard</LastName>
                <FirstName />
                <YesVotes>10</YesVotes>
              </Candidate>
              <Candidate>
                <CandidateID>750117278</CandidateID>
                <LastName>Leonard J. Steinman II</LastName>
                <FirstName />
                <YesVotes>0</YesVotes>
              </Candidate>
              <Candidate>
                <CandidateID>750117285</CandidateID>
                <LastName>Cory Booker</LastName>
                <FirstName />
                <YesVotes>2</YesVotes>
              </Candidate>
              <Candidate>
                <CandidateID>750117279</CandidateID>
                <LastName>Joseph R. Biden</LastName>
                <FirstName />
                <YesVotes>997</YesVotes>
              </Candidate>
              <Candidate>
                <CandidateID>750117282</CandidateID>
                <LastName>Elizabeth Warren</LastName>
                <FirstName />
                <YesVotes>18</YesVotes>
              </Candidate>
              <Candidate>
                <CandidateID>750117275</CandidateID>
                <LastName>Pete Buttigieg</LastName>
                <FirstName />
                <YesVotes>5</YesVotes>
              </Candidate>
              <Candidate>
                <CandidateID>750117283</CandidateID>
                <LastName>Bernie Sanders</LastName>
                <FirstName />
                <YesVotes>564</YesVotes>
              </Candidate>
              <Candidate>
                <CandidateID>750117277</CandidateID>
                <LastName>Velma Steinman</LastName>
                <FirstName />
                <YesVotes>1</YesVotes>
              </Candidate>
              <Candidate>
                <CandidateID>750117287</CandidateID>
                <LastName>Henry Hewes</LastName>
                <FirstName />
                <YesVotes>1</YesVotes>
              </Candidate>
              <Candidate>
                <CandidateID>750117288</CandidateID>
                <LastName>Andrew Yang</LastName>
                <FirstName />
                <YesVotes>3</YesVotes>
              </Candidate>
              <Candidate>
                <CandidateID>750117299</CandidateID>
                <LastName>Roque De La Fuente</LastName>
                <FirstName />
                <YesVotes>0</YesVotes>
              </Candidate>
              <Candidate>
                <CandidateID>750117301</CandidateID>
                <LastName>John K. Delaney</LastName>
                <FirstName />
                <YesVotes>0</YesVotes>
              </Candidate>
              <Candidate>
                <CandidateID>750117302</CandidateID>
                <LastName>Julián Castro</LastName>
                <FirstName />
                <YesVotes>1</YesVotes>
              </Candidate>
              <Candidate>
                <CandidateID>750117303</CandidateID>
                <LastName>Deval Patrick</LastName>
                <FirstName />
                <YesVotes>1</YesVotes>
              </Candidate>
              <Candidate>
                <CandidateID>750117321</CandidateID>
                <LastName>Marianne Williamson</LastName>
                <FirstName />
                <YesVotes>0</YesVotes>
              </Candidate>
              <Candidate>
                <CandidateID>750117323</CandidateID>
                <LastName>Michael Bennet</LastName>
                <FirstName />
                <YesVotes>0</YesVotes>
              </Candidate>
              <Candidate>
                <CandidateID>750117324</CandidateID>
                <LastName>Michael R. Bloomberg</LastName>
                <FirstName />
                <YesVotes>13</YesVotes>
              </Candidate>
              <Candidate>
                <CandidateID>750117326</CandidateID>
                <LastName>Steve Burke</LastName>
                <FirstName />
                <YesVotes>2</YesVotes>
              </Candidate>
              <Candidate>
                <CandidateID>750117331</CandidateID>
                <LastName>Robby Wells</LastName>
                <FirstName />
                <YesVotes>0</YesVotes>
              </Candidate>
              <Candidate>
                <CandidateID>750117332</CandidateID>
                <LastName>William C. (Bill) Haas</LastName>
                <FirstName />
                <YesVotes>1</YesVotes>
              </Candidate>
              <Candidate>
                <CandidateID>750117354</CandidateID>
                <LastName>Uncommitted</LastName>
                <FirstName />
                <YesVotes>9</YesVotes>
              </Candidate>
            </Party>
            <Party>
              <PartyName>Libertarian</PartyName>
              <Candidate>
                <CandidateID>750117320</CandidateID>
                <LastName>Jacob Hornberger</LastName>
                <FirstName />
                <YesVotes>4</YesVotes>
              </Candidate>
              <Candidate>
                <CandidateID>750117355</CandidateID>
                <LastName>Uncommitted</LastName>
                <FirstName />
                <YesVotes>0</YesVotes>
              </Candidate>
            </Party>
            <Party>
              <PartyName>Green</PartyName>
              <Candidate>
                <CandidateID>750117325</CandidateID>
                <LastName>Howie Hawkins</LastName>
                <FirstName />
                <YesVotes>0</YesVotes>
              </Candidate>
              <Candidate>
                <CandidateID>750117327</CandidateID>
                <LastName>Dario Hunter</LastName>
                <FirstName />
                <YesVotes>0</YesVotes>
              </Candidate>
              <Candidate>
                <CandidateID>750117329</CandidateID>
                <LastName>David Rolde</LastName>
                <FirstName />
                <YesVotes>0</YesVotes>
              </Candidate>
              <Candidate>
                <CandidateID>750117356</CandidateID>
                <LastName>Uncommitted</LastName>
                <FirstName />
                <YesVotes>0</YesVotes>
              </Candidate>
            </Party>
            <Party>
              <PartyName>Constitution</PartyName>
              <Candidate>
                <CandidateID>750117333</CandidateID>
                <LastName>Don J. Grundmann</LastName>
                <FirstName />
                <YesVotes>1</YesVotes>
              </Candidate>
              <Candidate>
                <CandidateID>750117335</CandidateID>
                <LastName>Don Blankenship</LastName>
                <FirstName />
                <YesVotes>4</YesVotes>
              </Candidate>
              <Candidate>
                <CandidateID>750117357</CandidateID>
                <LastName>Uncommitted</LastName>
                <FirstName />
                <YesVotes>0</YesVotes>
              </Candidate>
            </Party>
          </CountyResults>
        </Counties>
        <Counties>
          <CountyName>Caldwell</CountyName>
          <CountyResults>
            <ReportingPrecincts>11</ReportingPrecincts>
            <TotalPrecincts>11</TotalPrecincts>
            <Party>
              <PartyName>Republican</PartyName>
              <Candidate>
                <CandidateID>750117286</CandidateID>
                <LastName>Donald J Trump</LastName>
                <FirstName />
                <YesVotes>690</YesVotes>
              </Candidate>
              <Candidate>
                <CandidateID>750117300</CandidateID>
                <LastName>Bob Ely</LastName>
                <FirstName />
                <YesVotes>0</YesVotes>
              </Candidate>
              <Candidate>
                <CandidateID>750117328</CandidateID>
                <LastName>Bill Weld</LastName>
                <FirstName />
                <YesVotes>8</YesVotes>
              </Candidate>
              <Candidate>
                <CandidateID>750117330</CandidateID>
                <LastName>Joe Walsh</LastName>
                <FirstName />
                <YesVotes>3</YesVotes>
              </Candidate>
              <Candidate>
                <CandidateID>750117334</CandidateID>
                <LastName>Matthew John Matern</LastName>
                <FirstName />
                <YesVotes>3</YesVotes>
              </Candidate>
              <Candidate>
                <CandidateID>750117353</CandidateID>
                <LastName>Uncommitted</LastName>
                <FirstName />
                <YesVotes>7</YesVotes>
              </Candidate>
            </Party>
            <Party>
              <PartyName>Democratic</PartyName>
              <Candidate>
                <CandidateID>750117276</CandidateID>
                <LastName>Amy Klobuchar</LastName>
                <FirstName />
                <YesVotes>10</YesVotes>
              </Candidate>
              <Candidate>
                <CandidateID>750117280</CandidateID>
                <LastName>Tom Steyer</LastName>
                <FirstName />
                <YesVotes>4</YesVotes>
              </Candidate>
              <Candidate>
                <CandidateID>750117274</CandidateID>
                <LastName>Tulsi Gabbard</LastName>
                <FirstName />
                <YesVotes>9</YesVotes>
              </Candidate>
              <Candidate>
                <CandidateID>750117278</CandidateID>
                <LastName>Leonard J. Steinman II</LastName>
                <FirstName />
                <YesVotes>2</YesVotes>
              </Candidate>
              <Candidate>
                <CandidateID>750117285</CandidateID>
                <LastName>Cory Booker</LastName>
                <FirstName />
                <YesVotes>0</YesVotes>
              </Candidate>
              <Candidate>
                <CandidateID>750117279</CandidateID>
                <LastName>Joseph R. Biden</LastName>
                <FirstName />
                <YesVotes>332</YesVotes>
              </Candidate>
              <Candidate>
                <CandidateID>750117282</CandidateID>
                <LastName>Elizabeth Warren</LastName>
                <FirstName />
                <YesVotes>10</YesVotes>
              </Candidate>
              <Candidate>
                <CandidateID>750117275</CandidateID>
                <LastName>Pete Buttigieg</LastName>
                <FirstName />
                <YesVotes>5</YesVotes>
              </Candidate>
              <Candidate>
                <CandidateID>750117283</CandidateID>
                <LastName>Bernie Sanders</LastName>
                <FirstName />
                <YesVotes>158</YesVotes>
              </Candidate>
              <Candidate>
                <CandidateID>750117277</CandidateID>
                <LastName>Velma Steinman</LastName>
                <FirstName />
                <YesVotes>0</YesVotes>
              </Candidate>
              <Candidate>
                <CandidateID>750117287</CandidateID>
                <LastName>Henry Hewes</LastName>
                <FirstName />
                <YesVotes>0</YesVotes>
              </Candidate>
              <Candidate>
                <CandidateID>750117288</CandidateID>
                <LastName>Andrew Yang</LastName>
                <FirstName />
                <YesVotes>2</YesVotes>
              </Candidate>
              <Candidate>
                <CandidateID>750117299</CandidateID>
                <LastName>Roque De La Fuente</LastName>
                <FirstName />
                <YesVotes>0</YesVotes>
              </Candidate>
              <Candidate>
                <CandidateID>750117301</CandidateID>
                <LastName>John K. Delaney</LastName>
                <FirstName />
                <YesVotes>0</YesVotes>
              </Candidate>
              <Candidate>
                <CandidateID>750117302</CandidateID>
                <LastName>Julián Castro</LastName>
                <FirstName />
                <YesVotes>0</YesVotes>
              </Candidate>
              <Candidate>
                <CandidateID>750117303</CandidateID>
                <LastName>Deval Patrick</LastName>
                <FirstName />
                <YesVotes>1</YesVotes>
              </Candidate>
              <Candidate>
                <CandidateID>750117321</CandidateID>
                <LastName>Marianne Williamson</LastName>
                <FirstName />
                <YesVotes>0</YesVotes>
              </Candidate>
              <Candidate>
                <CandidateID>750117323</CandidateID>
                <LastName>Michael Bennet</LastName>
                <FirstName />
                <YesVotes>0</YesVotes>
              </Candidate>
              <Candidate>
                <CandidateID>750117324</CandidateID>
                <LastName>Michael R. Bloomberg</LastName>
                <FirstName />
                <YesVotes>9</YesVotes>
              </Candidate>
              <Candidate>
                <CandidateID>750117326</CandidateID>
                <LastName>Steve Burke</LastName>
                <FirstName />
                <YesVotes>1</YesVotes>
              </Candidate>
              <Candidate>
                <CandidateID>750117331</CandidateID>
                <LastName>Robby Wells</LastName>
                <FirstName />
                <YesVotes>0</YesVotes>
              </Candidate>
              <Candidate>
                <CandidateID>750117332</CandidateID>
                <LastName>William C. (Bill) Haas</LastName>
                <FirstName />
                <YesVotes>0</YesVotes>
              </Candidate>
              <Candidate>
                <CandidateID>750117354</CandidateID>
                <LastName>Uncommitted</LastName>
                <FirstName />
                <YesVotes>6</YesVotes>
              </Candidate>
            </Party>
            <Party>
              <PartyName>Libertarian</PartyName>
              <Candidate>
                <CandidateID>750117320</CandidateID>
                <LastName>Jacob Hornberger</LastName>
                <FirstName />
                <YesVotes>4</YesVotes>
              </Candidate>
              <Candidate>
                <CandidateID>750117355</CandidateID>
                <LastName>Uncommitted</LastName>
                <FirstName />
                <YesVotes>0</YesVotes>
              </Candidate>
            </Party>
            <Party>
              <PartyName>Green</PartyName>
              <Candidate>
                <CandidateID>750117325</CandidateID>
                <LastName>Howie Hawkins</LastName>
                <FirstName />
                <YesVotes>0</YesVotes>
              </Candidate>
              <Candidate>
                <CandidateID>750117327</CandidateID>
                <LastName>Dario Hunter</LastName>
                <FirstName />
                <YesVotes>0</YesVotes>
              </Candidate>
              <Candidate>
                <CandidateID>750117329</CandidateID>
                <LastName>David Rolde</LastName>
                <FirstName />
                <YesVotes>0</YesVotes>
              </Candidate>
              <Candidate>
                <CandidateID>750117356</CandidateID>
                <LastName>Uncommitted</LastName>
                <FirstName />
                <YesVotes>1</YesVotes>
              </Candidate>
            </Party>
            <Party>
              <PartyName>Constitution</PartyName>
              <Candidate>
                <CandidateID>750117333</CandidateID>
                <LastName>Don J. Grundmann</LastName>
                <FirstName />
                <YesVotes>0</YesVotes>
              </Candidate>
              <Candidate>
                <CandidateID>750117335</CandidateID>
                <LastName>Don Blankenship</LastName>
                <FirstName />
                <YesVotes>0</YesVotes>
              </Candidate>
              <Candidate>
                <CandidateID>750117357</CandidateID>
                <LastName>Uncommitted</LastName>
                <FirstName />
                <YesVotes>1</YesVotes>
              </Candidate>
            </Party>
          </CountyResults>
        </Counties>
        <Counties>
          <CountyName>Callaway</CountyName>
          <CountyResults>
            <ReportingPrecincts>24</ReportingPrecincts>
            <TotalPrecincts>24</TotalPrecincts>
            <Party>
              <PartyName>Republican</PartyName>
              <Candidate>
                <CandidateID>750117286</CandidateID>
                <LastName>Donald J Trump</LastName>
                <FirstName />
                <YesVotes>2580</YesVotes>
              </Candidate>
              <Candidate>
                <CandidateID>750117300</CandidateID>
                <LastName>Bob Ely</LastName>
                <FirstName />
                <YesVotes>8</YesVotes>
              </Candidate>
              <Candidate>
                <CandidateID>750117328</CandidateID>
                <LastName>Bill Weld</LastName>
                <FirstName />
                <YesVotes>20</YesVotes>
              </Candidate>
              <Candidate>
                <CandidateID>750117330</CandidateID>
                <LastName>Joe Walsh</LastName>
                <FirstName />
                <YesVotes>16</YesVotes>
              </Candidate>
              <Candidate>
                <CandidateID>750117334</CandidateID>
                <LastName>Matthew John Matern</LastName>
                <FirstName />
                <YesVotes>2</YesVotes>
              </Candidate>
              <Candidate>
                <CandidateID>750117353</CandidateID>
                <LastName>Uncommitted</LastName>
                <FirstName />
                <YesVotes>24</YesVotes>
              </Candidate>
            </Party>
            <Party>
              <PartyName>Democratic</PartyName>
              <Candidate>
                <CandidateID>750117276</CandidateID>
                <LastName>Amy Klobuchar</LastName>
                <FirstName />
                <YesVotes>17</YesVotes>
              </Candidate>
              <Candidate>
                <CandidateID>750117280</CandidateID>
                <LastName>Tom Steyer</LastName>
                <FirstName />
                <YesVotes>5</YesVotes>
              </Candidate>
              <Candidate>
                <CandidateID>750117274</CandidateID>
                <LastName>Tulsi Gabbard</LastName>
                <FirstName />
                <YesVotes>47</YesVotes>
              </Candidate>
              <Candidate>
                <CandidateID>750117278</CandidateID>
                <LastName>Leonard J. Steinman II</LastName>
                <FirstName />
                <YesVotes>9</YesVotes>
              </Candidate>
              <Candidate>
                <CandidateID>750117285</CandidateID>
                <LastName>Cory Booker</LastName>
                <FirstName />
                <YesVotes>5</YesVotes>
              </Candidate>
              <Candidate>
                <CandidateID>750117279</CandidateID>
                <LastName>Joseph R. Biden</LastName>
                <FirstName />
                <YesVotes>2137</YesVotes>
              </Candidate>
              <Candidate>
                <CandidateID>750117282</CandidateID>
                <LastName>Elizabeth Warren</LastName>
                <FirstName />
                <YesVotes>54</YesVotes>
              </Candidate>
              <Candidate>
                <CandidateID>750117275</CandidateID>
                <LastName>Pete Buttigieg</LastName>
                <FirstName />
                <YesVotes>18</YesVotes>
              </Candidate>
              <Candidate>
                <CandidateID>750117283</CandidateID>
                <LastName>Bernie Sanders</LastName>
                <FirstName />
                <YesVotes>1099</YesVotes>
              </Candidate>
              <Candidate>
                <CandidateID>750117277</CandidateID>
                <LastName>Velma Steinman</LastName>
                <FirstName />
                <YesVotes>0</YesVotes>
              </Candidate>
              <Candidate>
                <CandidateID>750117287</CandidateID>
                <LastName>Henry Hewes</LastName>
                <FirstName />
                <YesVotes>0</YesVotes>
              </Candidate>
              <Candidate>
                <CandidateID>750117288</CandidateID>
                <LastName>Andrew Yang</LastName>
                <FirstName />
                <YesVotes>3</YesVotes>
              </Candidate>
              <Candidate>
                <CandidateID>750117299</CandidateID>
                <LastName>Roque De La Fuente</LastName>
                <FirstName />
                <YesVotes>0</YesVotes>
              </Candidate>
              <Candidate>
                <CandidateID>750117301</CandidateID>
                <LastName>John K. Delaney</LastName>
                <FirstName />
                <YesVotes>2</YesVotes>
              </Candidate>
              <Candidate>
                <CandidateID>750117302</CandidateID>
                <LastName>Julián Castro</LastName>
                <FirstName />
                <YesVotes>0</YesVotes>
              </Candidate>
              <Candidate>
                <CandidateID>750117303</CandidateID>
                <LastName>Deval Patrick</LastName>
                <FirstName />
                <YesVotes>1</YesVotes>
              </Candidate>
              <Candidate>
                <CandidateID>750117321</CandidateID>
                <LastName>Marianne Williamson</LastName>
                <FirstName />
                <YesVotes>0</YesVotes>
              </Candidate>
              <Candidate>
                <CandidateID>750117323</CandidateID>
                <LastName>Michael Bennet</LastName>
                <FirstName />
                <YesVotes>0</YesVotes>
              </Candidate>
              <Candidate>
                <CandidateID>750117324</CandidateID>
                <LastName>Michael R. Bloomberg</LastName>
                <FirstName />
                <YesVotes>57</YesVotes>
              </Candidate>
              <Candidate>
                <CandidateID>750117326</CandidateID>
                <LastName>Steve Burke</LastName>
                <FirstName />
                <YesVotes>1</YesVotes>
              </Candidate>
              <Candidate>
                <CandidateID>750117331</CandidateID>
                <LastName>Robby Wells</LastName>
                <FirstName />
                <YesVotes>1</YesVotes>
              </Candidate>
              <Candidate>
                <CandidateID>750117332</CandidateID>
                <LastName>William C. (Bill) Haas</LastName>
                <FirstName />
                <YesVotes>1</YesVotes>
              </Candidate>
              <Candidate>
                <CandidateID>750117354</CandidateID>
                <LastName>Uncommitted</LastName>
                <FirstName />
                <YesVotes>12</YesVotes>
              </Candidate>
            </Party>
            <Party>
              <PartyName>Libertarian</PartyName>
              <Candidate>
                <CandidateID>750117320</CandidateID>
                <LastName>Jacob Hornberger</LastName>
                <FirstName />
                <YesVotes>19</YesVotes>
              </Candidate>
              <Candidate>
                <CandidateID>750117355</CandidateID>
                <LastName>Uncommitted</LastName>
                <FirstName />
                <YesVotes>6</YesVotes>
              </Candidate>
            </Party>
            <Party>
              <PartyName>Green</PartyName>
              <Candidate>
                <CandidateID>750117325</CandidateID>
                <LastName>Howie Hawkins</LastName>
                <FirstName />
                <YesVotes>1</YesVotes>
              </Candidate>
              <Candidate>
                <CandidateID>750117327</CandidateID>
                <LastName>Dario Hunter</LastName>
                <FirstName />
                <YesVotes>1</YesVotes>
              </Candidate>
              <Candidate>
                <CandidateID>750117329</CandidateID>
                <LastName>David Rolde</LastName>
                <FirstName />
                <YesVotes>0</YesVotes>
              </Candidate>
              <Candidate>
                <CandidateID>750117356</CandidateID>
                <LastName>Uncommitted</LastName>
                <FirstName />
                <YesVotes>2</YesVotes>
              </Candidate>
            </Party>
            <Party>
              <PartyName>Constitution</PartyName>
              <Candidate>
                <CandidateID>750117333</CandidateID>
                <LastName>Don J. Grundmann</LastName>
                <FirstName />
                <YesVotes>2</YesVotes>
              </Candidate>
              <Candidate>
                <CandidateID>750117335</CandidateID>
                <LastName>Don Blankenship</LastName>
                <FirstName />
                <YesVotes>7</YesVotes>
              </Candidate>
              <Candidate>
                <CandidateID>750117357</CandidateID>
                <LastName>Uncommitted</LastName>
                <FirstName />
                <YesVotes>1</YesVotes>
              </Candidate>
            </Party>
          </CountyResults>
        </Counties>
        <Counties>
          <CountyName>Camden</CountyName>
          <CountyResults>
            <ReportingPrecincts>20</ReportingPrecincts>
            <TotalPrecincts>20</TotalPrecincts>
            <Party>
              <PartyName>Republican</PartyName>
              <Candidate>
                <CandidateID>750117286</CandidateID>
                <LastName>Donald J Trump</LastName>
                <FirstName />
                <YesVotes>3562</YesVotes>
              </Candidate>
              <Candidate>
                <CandidateID>750117300</CandidateID>
                <LastName>Bob Ely</LastName>
                <FirstName />
                <YesVotes>5</YesVotes>
              </Candidate>
              <Candidate>
                <CandidateID>750117328</CandidateID>
                <LastName>Bill Weld</LastName>
                <FirstName />
                <YesVotes>14</YesVotes>
              </Candidate>
              <Candidate>
                <CandidateID>750117330</CandidateID>
                <LastName>Joe Walsh</LastName>
                <FirstName />
                <YesVotes>23</YesVotes>
              </Candidate>
              <Candidate>
                <CandidateID>750117334</CandidateID>
                <LastName>Matthew John Matern</LastName>
                <FirstName />
                <YesVotes>1</YesVotes>
              </Candidate>
              <Candidate>
                <CandidateID>750117353</CandidateID>
                <LastName>Uncommitted</LastName>
                <FirstName />
                <YesVotes>32</YesVotes>
              </Candidate>
            </Party>
            <Party>
              <PartyName>Democratic</PartyName>
              <Candidate>
                <CandidateID>750117276</CandidateID>
                <LastName>Amy Klobuchar</LastName>
                <FirstName />
                <YesVotes>7</YesVotes>
              </Candidate>
              <Candidate>
                <CandidateID>750117280</CandidateID>
                <LastName>Tom Steyer</LastName>
                <FirstName />
                <YesVotes>3</YesVotes>
              </Candidate>
              <Candidate>
                <CandidateID>750117274</CandidateID>
                <LastName>Tulsi Gabbard</LastName>
                <FirstName />
                <YesVotes>34</YesVotes>
              </Candidate>
              <Candidate>
                <CandidateID>750117278</CandidateID>
                <LastName>Leonard J. Steinman II</LastName>
                <FirstName />
                <YesVotes>0</YesVotes>
              </Candidate>
              <Candidate>
                <CandidateID>750117285</CandidateID>
                <LastName>Cory Booker</LastName>
                <FirstName />
                <YesVotes>4</YesVotes>
              </Candidate>
              <Candidate>
                <CandidateID>750117279</CandidateID>
                <LastName>Joseph R. Biden</LastName>
                <FirstName />
                <YesVotes>2101</YesVotes>
              </Candidate>
              <Candidate>
                <CandidateID>750117282</CandidateID>
                <LastName>Elizabeth Warren</LastName>
                <FirstName />
                <YesVotes>34</YesVotes>
              </Candidate>
              <Candidate>
                <CandidateID>750117275</CandidateID>
                <LastName>Pete Buttigieg</LastName>
                <FirstName />
                <YesVotes>25</YesVotes>
              </Candidate>
              <Candidate>
                <CandidateID>750117283</CandidateID>
                <LastName>Bernie Sanders</LastName>
                <FirstName />
                <YesVotes>756</YesVotes>
              </Candidate>
              <Candidate>
                <CandidateID>750117277</CandidateID>
                <LastName>Velma Steinman</LastName>
                <FirstName />
                <YesVotes>1</YesVotes>
              </Candidate>
              <Candidate>
                <CandidateID>750117287</CandidateID>
                <LastName>Henry Hewes</LastName>
                <FirstName />
                <YesVotes>0</YesVotes>
              </Candidate>
              <Candidate>
                <CandidateID>750117288</CandidateID>
                <LastName>Andrew Yang</LastName>
                <FirstName />
                <YesVotes>4</YesVotes>
              </Candidate>
              <Candidate>
                <CandidateID>750117299</CandidateID>
                <LastName>Roque De La Fuente</LastName>
                <FirstName />
                <YesVotes>0</YesVotes>
              </Candidate>
              <Candidate>
                <CandidateID>750117301</CandidateID>
                <LastName>John K. Delaney</LastName>
                <FirstName />
                <YesVotes>0</YesVotes>
              </Candidate>
              <Candidate>
                <CandidateID>750117302</CandidateID>
                <LastName>Julián Castro</LastName>
                <FirstName />
                <YesVotes>1</YesVotes>
              </Candidate>
              <Candidate>
                <CandidateID>750117303</CandidateID>
                <LastName>Deval Patrick</LastName>
                <FirstName />
                <YesVotes>1</YesVotes>
              </Candidate>
              <Candidate>
                <CandidateID>750117321</CandidateID>
                <LastName>Marianne Williamson</LastName>
                <FirstName />
                <YesVotes>1</YesVotes>
              </Candidate>
              <Candidate>
                <CandidateID>750117323</CandidateID>
                <LastName>Michael Bennet</LastName>
                <FirstName />
                <YesVotes>2</YesVotes>
              </Candidate>
              <Candidate>
                <CandidateID>750117324</CandidateID>
                <LastName>Michael R. Bloomberg</LastName>
                <FirstName />
                <YesVotes>49</YesVotes>
              </Candidate>
              <Candidate>
                <CandidateID>750117326</CandidateID>
                <LastName>Steve Burke</LastName>
                <FirstName />
                <YesVotes>1</YesVotes>
              </Candidate>
              <Candidate>
                <CandidateID>750117331</CandidateID>
                <LastName>Robby Wells</LastName>
                <FirstName />
                <YesVotes>1</YesVotes>
              </Candidate>
              <Candidate>
                <CandidateID>750117332</CandidateID>
                <LastName>William C. (Bill) Haas</LastName>
                <FirstName />
                <YesVotes>2</YesVotes>
              </Candidate>
              <Candidate>
                <CandidateID>750117354</CandidateID>
                <LastName>Uncommitted</LastName>
                <FirstName />
                <YesVotes>12</YesVotes>
              </Candidate>
            </Party>
            <Party>
              <PartyName>Libertarian</PartyName>
              <Candidate>
                <CandidateID>750117320</CandidateID>
                <LastName>Jacob Hornberger</LastName>
                <FirstName />
                <YesVotes>7</YesVotes>
              </Candidate>
              <Candidate>
                <CandidateID>750117355</CandidateID>
                <LastName>Uncommitted</LastName>
                <FirstName />
                <YesVotes>2</YesVotes>
              </Candidate>
            </Party>
            <Party>
              <PartyName>Green</PartyName>
              <Candidate>
                <CandidateID>750117325</CandidateID>
                <LastName>Howie Hawkins</LastName>
                <FirstName />
                <YesVotes>0</YesVotes>
              </Candidate>
              <Candidate>
                <CandidateID>750117327</CandidateID>
                <LastName>Dario Hunter</LastName>
                <FirstName />
                <YesVotes>0</YesVotes>
              </Candidate>
              <Candidate>
                <CandidateID>750117329</CandidateID>
                <LastName>David Rolde</LastName>
                <FirstName />
                <YesVotes>0</YesVotes>
              </Candidate>
              <Candidate>
                <CandidateID>750117356</CandidateID>
                <LastName>Uncommitted</LastName>
                <FirstName />
                <YesVotes>0</YesVotes>
              </Candidate>
            </Party>
            <Party>
              <PartyName>Constitution</PartyName>
              <Candidate>
                <CandidateID>750117333</CandidateID>
                <LastName>Don J. Grundmann</LastName>
                <FirstName />
                <YesVotes>0</YesVotes>
              </Candidate>
              <Candidate>
                <CandidateID>750117335</CandidateID>
                <LastName>Don Blankenship</LastName>
                <FirstName />
                <YesVotes>1</YesVotes>
              </Candidate>
              <Candidate>
                <CandidateID>750117357</CandidateID>
                <LastName>Uncommitted</LastName>
                <FirstName />
                <YesVotes>1</YesVotes>
              </Candidate>
            </Party>
          </CountyResults>
        </Counties>
        <Counties>
          <CountyName>Cape Girardeau</CountyName>
          <CountyResults>
            <ReportingPrecincts>35</ReportingPrecincts>
            <TotalPrecincts>35</TotalPrecincts>
            <Party>
              <PartyName>Republican</PartyName>
              <Candidate>
                <CandidateID>750117286</CandidateID>
                <LastName>Donald J Trump</LastName>
                <FirstName />
                <YesVotes>5275</YesVotes>
              </Candidate>
              <Candidate>
                <CandidateID>750117300</CandidateID>
                <LastName>Bob Ely</LastName>
                <FirstName />
                <YesVotes>6</YesVotes>
              </Candidate>
              <Candidate>
                <CandidateID>750117328</CandidateID>
                <LastName>Bill Weld</LastName>
                <FirstName />
                <YesVotes>21</YesVotes>
              </Candidate>
              <Candidate>
                <CandidateID>750117330</CandidateID>
                <LastName>Joe Walsh</LastName>
                <FirstName />
                <YesVotes>18</YesVotes>
              </Candidate>
              <Candidate>
                <CandidateID>750117334</CandidateID>
                <LastName>Matthew John Matern</LastName>
                <FirstName />
                <YesVotes>6</YesVotes>
              </Candidate>
              <Candidate>
                <CandidateID>750117353</CandidateID>
                <LastName>Uncommitted</LastName>
                <FirstName />
                <YesVotes>54</YesVotes>
              </Candidate>
            </Party>
            <Party>
              <PartyName>Democratic</PartyName>
              <Candidate>
                <CandidateID>750117276</CandidateID>
                <LastName>Amy Klobuchar</LastName>
                <FirstName />
                <YesVotes>27</YesVotes>
              </Candidate>
              <Candidate>
                <CandidateID>750117280</CandidateID>
                <LastName>Tom Steyer</LastName>
                <FirstName />
                <YesVotes>1</YesVotes>
              </Candidate>
              <Candidate>
                <CandidateID>750117274</CandidateID>
                <LastName>Tulsi Gabbard</LastName>
                <FirstName />
                <YesVotes>50</YesVotes>
              </Candidate>
              <Candidate>
                <CandidateID>750117278</CandidateID>
                <LastName>Leonard J. Steinman II</LastName>
                <FirstName />
                <YesVotes>0</YesVotes>
              </Candidate>
              <Candidate>
                <CandidateID>750117285</CandidateID>
                <LastName>Cory Booker</LastName>
                <FirstName />
                <YesVotes>5</YesVotes>
              </Candidate>
              <Candidate>
                <CandidateID>750117279</CandidateID>
                <LastName>Joseph R. Biden</LastName>
                <FirstName />
                <YesVotes>3030</YesVotes>
              </Candidate>
              <Candidate>
                <CandidateID>750117282</CandidateID>
                <LastName>Elizabeth Warren</LastName>
                <FirstName />
                <YesVotes>73</YesVotes>
              </Candidate>
              <Candidate>
                <CandidateID>750117275</CandidateID>
                <LastName>Pete Buttigieg</LastName>
                <FirstName />
                <YesVotes>24</YesVotes>
              </Candidate>
              <Candidate>
                <CandidateID>750117283</CandidateID>
                <LastName>Bernie Sanders</LastName>
                <FirstName />
                <YesVotes>2062</YesVotes>
              </Candidate>
              <Candidate>
                <CandidateID>750117277</CandidateID>
                <LastName>Velma Steinman</LastName>
                <FirstName />
                <YesVotes>2</YesVotes>
              </Candidate>
              <Candidate>
                <CandidateID>750117287</CandidateID>
                <LastName>Henry Hewes</LastName>
                <FirstName />
                <YesVotes>0</YesVotes>
              </Candidate>
              <Candidate>
                <CandidateID>750117288</CandidateID>
                <LastName>Andrew Yang</LastName>
                <FirstName />
                <YesVotes>9</YesVotes>
              </Candidate>
              <Candidate>
                <CandidateID>750117299</CandidateID>
                <LastName>Roque De La Fuente</LastName>
                <FirstName />
                <YesVotes>1</YesVotes>
              </Candidate>
              <Candidate>
                <CandidateID>750117301</CandidateID>
                <LastName>John K. Delaney</LastName>
                <FirstName />
                <YesVotes>1</YesVotes>
              </Candidate>
              <Candidate>
                <CandidateID>750117302</CandidateID>
                <LastName>Julián Castro</LastName>
                <FirstName />
                <YesVotes>0</YesVotes>
              </Candidate>
              <Candidate>
                <CandidateID>750117303</CandidateID>
                <LastName>Deval Patrick</LastName>
                <FirstName />
                <YesVotes>1</YesVotes>
              </Candidate>
              <Candidate>
                <CandidateID>750117321</CandidateID>
                <LastName>Marianne Williamson</LastName>
                <FirstName />
                <YesVotes>2</YesVotes>
              </Candidate>
              <Candidate>
                <CandidateID>750117323</CandidateID>
                <LastName>Michael Bennet</LastName>
                <FirstName />
                <YesVotes>0</YesVotes>
              </Candidate>
              <Candidate>
                <CandidateID>750117324</CandidateID>
                <LastName>Michael R. Bloomberg</LastName>
                <FirstName />
                <YesVotes>52</YesVotes>
              </Candidate>
              <Candidate>
                <CandidateID>750117326</CandidateID>
                <LastName>Steve Burke</LastName>
                <FirstName />
                <YesVotes>0</YesVotes>
              </Candidate>
              <Candidate>
                <CandidateID>750117331</CandidateID>
                <LastName>Robby Wells</LastName>
                <FirstName />
                <YesVotes>0</YesVotes>
              </Candidate>
              <Candidate>
                <CandidateID>750117332</CandidateID>
                <LastName>William C. (Bill) Haas</LastName>
                <FirstName />
                <YesVotes>2</YesVotes>
              </Candidate>
              <Candidate>
                <CandidateID>750117354</CandidateID>
                <LastName>Uncommitted</LastName>
                <FirstName />
                <YesVotes>14</YesVotes>
              </Candidate>
            </Party>
            <Party>
              <PartyName>Libertarian</PartyName>
              <Candidate>
                <CandidateID>750117320</CandidateID>
                <LastName>Jacob Hornberger</LastName>
                <FirstName />
                <YesVotes>22</YesVotes>
              </Candidate>
              <Candidate>
                <CandidateID>750117355</CandidateID>
                <LastName>Uncommitted</LastName>
                <FirstName />
                <YesVotes>1</YesVotes>
              </Candidate>
            </Party>
            <Party>
              <PartyName>Green</PartyName>
              <Candidate>
                <CandidateID>750117325</CandidateID>
                <LastName>Howie Hawkins</LastName>
                <FirstName />
                <YesVotes>2</YesVotes>
              </Candidate>
              <Candidate>
                <CandidateID>750117327</CandidateID>
                <LastName>Dario Hunter</LastName>
                <FirstName />
                <YesVotes>1</YesVotes>
              </Candidate>
              <Candidate>
                <CandidateID>750117329</CandidateID>
                <LastName>David Rolde</LastName>
                <FirstName />
                <YesVotes>1</YesVotes>
              </Candidate>
              <Candidate>
                <CandidateID>750117356</CandidateID>
                <LastName>Uncommitted</LastName>
                <FirstName />
                <YesVotes>0</YesVotes>
              </Candidate>
            </Party>
            <Party>
              <PartyName>Constitution</PartyName>
              <Candidate>
                <CandidateID>750117333</CandidateID>
                <LastName>Don J. Grundmann</LastName>
                <FirstName />
                <YesVotes>2</YesVotes>
              </Candidate>
              <Candidate>
                <CandidateID>750117335</CandidateID>
                <LastName>Don Blankenship</LastName>
                <FirstName />
                <YesVotes>6</YesVotes>
              </Candidate>
              <Candidate>
                <CandidateID>750117357</CandidateID>
                <LastName>Uncommitted</LastName>
                <FirstName />
                <YesVotes>3</YesVotes>
              </Candidate>
            </Party>
          </CountyResults>
        </Counties>
        <Counties>
          <CountyName>Carroll</CountyName>
          <CountyResults>
            <ReportingPrecincts>12</ReportingPrecincts>
            <TotalPrecincts>12</TotalPrecincts>
            <Party>
              <PartyName>Republican</PartyName>
              <Candidate>
                <CandidateID>750117286</CandidateID>
                <LastName>Donald J Trump</LastName>
                <FirstName />
                <YesVotes>735</YesVotes>
              </Candidate>
              <Candidate>
                <CandidateID>750117300</CandidateID>
                <LastName>Bob Ely</LastName>
                <FirstName />
                <YesVotes>0</YesVotes>
              </Candidate>
              <Candidate>
                <CandidateID>750117328</CandidateID>
                <LastName>Bill Weld</LastName>
                <FirstName />
                <YesVotes>3</YesVotes>
              </Candidate>
              <Candidate>
                <CandidateID>750117330</CandidateID>
                <LastName>Joe Walsh</LastName>
                <FirstName />
                <YesVotes>1</YesVotes>
              </Candidate>
              <Candidate>
                <CandidateID>750117334</CandidateID>
                <LastName>Matthew John Matern</LastName>
                <FirstName />
                <YesVotes>1</YesVotes>
              </Candidate>
              <Candidate>
                <CandidateID>750117353</CandidateID>
                <LastName>Uncommitted</LastName>
                <FirstName />
                <YesVotes>6</YesVotes>
              </Candidate>
            </Party>
            <Party>
              <PartyName>Democratic</PartyName>
              <Candidate>
                <CandidateID>750117276</CandidateID>
                <LastName>Amy Klobuchar</LastName>
                <FirstName />
                <YesVotes>4</YesVotes>
              </Candidate>
              <Candidate>
                <CandidateID>750117280</CandidateID>
                <LastName>Tom Steyer</LastName>
                <FirstName />
                <YesVotes>1</YesVotes>
              </Candidate>
              <Candidate>
                <CandidateID>750117274</CandidateID>
                <LastName>Tulsi Gabbard</LastName>
                <FirstName />
                <YesVotes>7</YesVotes>
              </Candidate>
              <Candidate>
                <CandidateID>750117278</CandidateID>
                <LastName>Leonard J. Steinman II</LastName>
                <FirstName />
                <YesVotes>0</YesVotes>
              </Candidate>
              <Candidate>
                <CandidateID>750117285</CandidateID>
                <LastName>Cory Booker</LastName>
                <FirstName />
                <YesVotes>0</YesVotes>
              </Candidate>
              <Candidate>
                <CandidateID>750117279</CandidateID>
                <LastName>Joseph R. Biden</LastName>
                <FirstName />
                <YesVotes>306</YesVotes>
              </Candidate>
              <Candidate>
                <CandidateID>750117282</CandidateID>
                <LastName>Elizabeth Warren</LastName>
                <FirstName />
                <YesVotes>6</YesVotes>
              </Candidate>
              <Candidate>
                <CandidateID>750117275</CandidateID>
                <LastName>Pete Buttigieg</LastName>
                <FirstName />
                <YesVotes>3</YesVotes>
              </Candidate>
              <Candidate>
                <CandidateID>750117283</CandidateID>
                <LastName>Bernie Sanders</LastName>
                <FirstName />
                <YesVotes>127</YesVotes>
              </Candidate>
              <Candidate>
                <CandidateID>750117277</CandidateID>
                <LastName>Velma Steinman</LastName>
                <FirstName />
                <YesVotes>1</YesVotes>
              </Candidate>
              <Candidate>
                <CandidateID>750117287</CandidateID>
                <LastName>Henry Hewes</LastName>
                <FirstName />
                <YesVotes>1</YesVotes>
              </Candidate>
              <Candidate>
                <CandidateID>750117288</CandidateID>
                <LastName>Andrew Yang</LastName>
                <FirstName />
                <YesVotes>0</YesVotes>
              </Candidate>
              <Candidate>
                <CandidateID>750117299</CandidateID>
                <LastName>Roque De La Fuente</LastName>
                <FirstName />
                <YesVotes>0</YesVotes>
              </Candidate>
              <Candidate>
                <CandidateID>750117301</CandidateID>
                <LastName>John K. Delaney</LastName>
                <FirstName />
                <YesVotes>0</YesVotes>
              </Candidate>
              <Candidate>
                <CandidateID>750117302</CandidateID>
                <LastName>Julián Castro</LastName>
                <FirstName />
                <YesVotes>1</YesVotes>
              </Candidate>
              <Candidate>
                <CandidateID>750117303</CandidateID>
                <LastName>Deval Patrick</LastName>
                <FirstName />
                <YesVotes>0</YesVotes>
              </Candidate>
              <Candidate>
                <CandidateID>750117321</CandidateID>
                <LastName>Marianne Williamson</LastName>
                <FirstName />
                <YesVotes>0</YesVotes>
              </Candidate>
              <Candidate>
                <CandidateID>750117323</CandidateID>
                <LastName>Michael Bennet</LastName>
                <FirstName />
                <YesVotes>0</YesVotes>
              </Candidate>
              <Candidate>
                <CandidateID>750117324</CandidateID>
                <LastName>Michael R. Bloomberg</LastName>
                <FirstName />
                <YesVotes>5</YesVotes>
              </Candidate>
              <Candidate>
                <CandidateID>750117326</CandidateID>
                <LastName>Steve Burke</LastName>
                <FirstName />
                <YesVotes>0</YesVotes>
              </Candidate>
              <Candidate>
                <CandidateID>750117331</CandidateID>
                <LastName>Robby Wells</LastName>
                <FirstName />
                <YesVotes>0</YesVotes>
              </Candidate>
              <Candidate>
                <CandidateID>750117332</CandidateID>
                <LastName>William C. (Bill) Haas</LastName>
                <FirstName />
                <YesVotes>0</YesVotes>
              </Candidate>
              <Candidate>
                <CandidateID>750117354</CandidateID>
                <LastName>Uncommitted</LastName>
                <FirstName />
                <YesVotes>1</YesVotes>
              </Candidate>
            </Party>
            <Party>
              <PartyName>Libertarian</PartyName>
              <Candidate>
                <CandidateID>750117320</CandidateID>
                <LastName>Jacob Hornberger</LastName>
                <FirstName />
                <YesVotes>3</YesVotes>
              </Candidate>
              <Candidate>
                <CandidateID>750117355</CandidateID>
                <LastName>Uncommitted</LastName>
                <FirstName />
                <YesVotes>0</YesVotes>
              </Candidate>
            </Party>
            <Party>
              <PartyName>Green</PartyName>
              <Candidate>
                <CandidateID>750117325</CandidateID>
                <LastName>Howie Hawkins</LastName>
                <FirstName />
                <YesVotes>0</YesVotes>
              </Candidate>
              <Candidate>
                <CandidateID>750117327</CandidateID>
                <LastName>Dario Hunter</LastName>
                <FirstName />
                <YesVotes>0</YesVotes>
              </Candidate>
              <Candidate>
                <CandidateID>750117329</CandidateID>
                <LastName>David Rolde</LastName>
                <FirstName />
                <YesVotes>0</YesVotes>
              </Candidate>
              <Candidate>
                <CandidateID>750117356</CandidateID>
                <LastName>Uncommitted</LastName>
                <FirstName />
                <YesVotes>0</YesVotes>
              </Candidate>
            </Party>
            <Party>
              <PartyName>Constitution</PartyName>
              <Candidate>
                <CandidateID>750117333</CandidateID>
                <LastName>Don J. Grundmann</LastName>
                <FirstName />
                <YesVotes>0</YesVotes>
              </Candidate>
              <Candidate>
                <CandidateID>750117335</CandidateID>
                <LastName>Don Blankenship</LastName>
                <FirstName />
                <YesVotes>0</YesVotes>
              </Candidate>
              <Candidate>
                <CandidateID>750117357</CandidateID>
                <LastName>Uncommitted</LastName>
                <FirstName />
                <YesVotes>0</YesVotes>
              </Candidate>
            </Party>
          </CountyResults>
        </Counties>
        <Counties>
          <CountyName>Carter</CountyName>
          <CountyResults>
            <ReportingPrecincts>7</ReportingPrecincts>
            <TotalPrecincts>7</TotalPrecincts>
            <Party>
              <PartyName>Republican</PartyName>
              <Candidate>
                <CandidateID>750117286</CandidateID>
                <LastName>Donald J Trump</LastName>
                <FirstName />
                <YesVotes>568</YesVotes>
              </Candidate>
              <Candidate>
                <CandidateID>750117300</CandidateID>
                <LastName>Bob Ely</LastName>
                <FirstName />
                <YesVotes>0</YesVotes>
              </Candidate>
              <Candidate>
                <CandidateID>750117328</CandidateID>
                <LastName>Bill Weld</LastName>
                <FirstName />
                <YesVotes>1</YesVotes>
              </Candidate>
              <Candidate>
                <CandidateID>750117330</CandidateID>
                <LastName>Joe Walsh</LastName>
                <FirstName />
                <YesVotes>4</YesVotes>
              </Candidate>
              <Candidate>
                <CandidateID>750117334</CandidateID>
                <LastName>Matthew John Matern</LastName>
                <FirstName />
                <YesVotes>1</YesVotes>
              </Candidate>
              <Candidate>
                <CandidateID>750117353</CandidateID>
                <LastName>Uncommitted</LastName>
                <FirstName />
                <YesVotes>0</YesVotes>
              </Candidate>
            </Party>
            <Party>
              <PartyName>Democratic</PartyName>
              <Candidate>
                <CandidateID>750117276</CandidateID>
                <LastName>Amy Klobuchar</LastName>
                <FirstName />
                <YesVotes>1</YesVotes>
              </Candidate>
              <Candidate>
                <CandidateID>750117280</CandidateID>
                <LastName>Tom Steyer</LastName>
                <FirstName />
                <YesVotes>1</YesVotes>
              </Candidate>
              <Candidate>
                <CandidateID>750117274</CandidateID>
                <LastName>Tulsi Gabbard</LastName>
                <FirstName />
                <YesVotes>3</YesVotes>
              </Candidate>
              <Candidate>
                <CandidateID>750117278</CandidateID>
                <LastName>Leonard J. Steinman II</LastName>
                <FirstName />
                <YesVotes>0</YesVotes>
              </Candidate>
              <Candidate>
                <CandidateID>750117285</CandidateID>
                <LastName>Cory Booker</LastName>
                <FirstName />
                <YesVotes>1</YesVotes>
              </Candidate>
              <Candidate>
                <CandidateID>750117279</CandidateID>
                <LastName>Joseph R. Biden</LastName>
                <FirstName />
                <YesVotes>139</YesVotes>
              </Candidate>
              <Candidate>
                <CandidateID>750117282</CandidateID>
                <LastName>Elizabeth Warren</LastName>
                <FirstName />
                <YesVotes>1</YesVotes>
              </Candidate>
              <Candidate>
                <CandidateID>750117275</CandidateID>
                <LastName>Pete Buttigieg</LastName>
                <FirstName />
                <YesVotes>1</YesVotes>
              </Candidate>
              <Candidate>
                <CandidateID>750117283</CandidateID>
                <LastName>Bernie Sanders</LastName>
                <FirstName />
                <YesVotes>92</YesVotes>
              </Candidate>
              <Candidate>
                <CandidateID>750117277</CandidateID>
                <LastName>Velma Steinman</LastName>
                <FirstName />
                <YesVotes>0</YesVotes>
              </Candidate>
              <Candidate>
                <CandidateID>750117287</CandidateID>
                <LastName>Henry Hewes</LastName>
                <FirstName />
                <YesVotes>1</YesVotes>
              </Candidate>
              <Candidate>
                <CandidateID>750117288</CandidateID>
                <LastName>Andrew Yang</LastName>
                <FirstName />
                <YesVotes>0</YesVotes>
              </Candidate>
              <Candidate>
                <CandidateID>750117299</CandidateID>
                <LastName>Roque De La Fuente</LastName>
                <FirstName />
                <YesVotes>0</YesVotes>
              </Candidate>
              <Candidate>
                <CandidateID>750117301</CandidateID>
                <LastName>John K. Delaney</LastName>
                <FirstName />
                <YesVotes>0</YesVotes>
              </Candidate>
              <Candidate>
                <CandidateID>750117302</CandidateID>
                <LastName>Julián Castro</LastName>
                <FirstName />
                <YesVotes>1</YesVotes>
              </Candidate>
              <Candidate>
                <CandidateID>750117303</CandidateID>
                <LastName>Deval Patrick</LastName>
                <FirstName />
                <YesVotes>0</YesVotes>
              </Candidate>
              <Candidate>
                <CandidateID>750117321</CandidateID>
                <LastName>Marianne Williamson</LastName>
                <FirstName />
                <YesVotes>0</YesVotes>
              </Candidate>
              <Candidate>
                <CandidateID>750117323</CandidateID>
                <LastName>Michael Bennet</LastName>
                <FirstName />
                <YesVotes>0</YesVotes>
              </Candidate>
              <Candidate>
                <CandidateID>750117324</CandidateID>
                <LastName>Michael R. Bloomberg</LastName>
                <FirstName />
                <YesVotes>2</YesVotes>
              </Candidate>
              <Candidate>
                <CandidateID>750117326</CandidateID>
                <LastName>Steve Burke</LastName>
                <FirstName />
                <YesVotes>0</YesVotes>
              </Candidate>
              <Candidate>
                <CandidateID>750117331</CandidateID>
                <LastName>Robby Wells</LastName>
                <FirstName />
                <YesVotes>0</YesVotes>
              </Candidate>
              <Candidate>
                <CandidateID>750117332</CandidateID>
                <LastName>William C. (Bill) Haas</LastName>
                <FirstName />
                <YesVotes>0</YesVotes>
              </Candidate>
              <Candidate>
                <CandidateID>750117354</CandidateID>
                <LastName>Uncommitted</LastName>
                <FirstName />
                <YesVotes>0</YesVotes>
              </Candidate>
            </Party>
            <Party>
              <PartyName>Libertarian</PartyName>
              <Candidate>
                <CandidateID>750117320</CandidateID>
                <LastName>Jacob Hornberger</LastName>
                <FirstName />
                <YesVotes>0</YesVotes>
              </Candidate>
              <Candidate>
                <CandidateID>750117355</CandidateID>
                <LastName>Uncommitted</LastName>
                <FirstName />
                <YesVotes>6</YesVotes>
              </Candidate>
            </Party>
            <Party>
              <PartyName>Green</PartyName>
              <Candidate>
                <CandidateID>750117325</CandidateID>
                <LastName>Howie Hawkins</LastName>
                <FirstName />
                <YesVotes>0</YesVotes>
              </Candidate>
              <Candidate>
                <CandidateID>750117327</CandidateID>
                <LastName>Dario Hunter</LastName>
                <FirstName />
                <YesVotes>0</YesVotes>
              </Candidate>
              <Candidate>
                <CandidateID>750117329</CandidateID>
                <LastName>David Rolde</LastName>
                <FirstName />
                <YesVotes>0</YesVotes>
              </Candidate>
              <Candidate>
                <CandidateID>750117356</CandidateID>
                <LastName>Uncommitted</LastName>
                <FirstName />
                <YesVotes>0</YesVotes>
              </Candidate>
            </Party>
            <Party>
              <PartyName>Constitution</PartyName>
              <Candidate>
                <CandidateID>750117333</CandidateID>
                <LastName>Don J. Grundmann</LastName>
                <FirstName />
                <YesVotes>0</YesVotes>
              </Candidate>
              <Candidate>
                <CandidateID>750117335</CandidateID>
                <LastName>Don Blankenship</LastName>
                <FirstName />
                <YesVotes>0</YesVotes>
              </Candidate>
              <Candidate>
                <CandidateID>750117357</CandidateID>
                <LastName>Uncommitted</LastName>
                <FirstName />
                <YesVotes>0</YesVotes>
              </Candidate>
            </Party>
          </CountyResults>
        </Counties>
        <Counties>
          <CountyName>Cass</CountyName>
          <CountyResults>
            <ReportingPrecincts>29</ReportingPrecincts>
            <TotalPrecincts>29</TotalPrecincts>
            <Party>
              <PartyName>Republican</PartyName>
              <Candidate>
                <CandidateID>750117286</CandidateID>
                <LastName>Donald J Trump</LastName>
                <FirstName />
                <YesVotes>3077</YesVotes>
              </Candidate>
              <Candidate>
                <CandidateID>750117300</CandidateID>
                <LastName>Bob Ely</LastName>
                <FirstName />
                <YesVotes>5</YesVotes>
              </Candidate>
              <Candidate>
                <CandidateID>750117328</CandidateID>
                <LastName>Bill Weld</LastName>
                <FirstName />
                <YesVotes>16</YesVotes>
              </Candidate>
              <Candidate>
                <CandidateID>750117330</CandidateID>
                <LastName>Joe Walsh</LastName>
                <FirstName />
                <YesVotes>13</YesVotes>
              </Candidate>
              <Candidate>
                <CandidateID>750117334</CandidateID>
                <LastName>Matthew John Matern</LastName>
                <FirstName />
                <YesVotes>5</YesVotes>
              </Candidate>
              <Candidate>
                <CandidateID>750117353</CandidateID>
                <LastName>Uncommitted</LastName>
                <FirstName />
                <YesVotes>41</YesVotes>
              </Candidate>
            </Party>
            <Party>
              <PartyName>Democratic</PartyName>
              <Candidate>
                <CandidateID>750117276</CandidateID>
                <LastName>Amy Klobuchar</LastName>
                <FirstName />
                <YesVotes>16</YesVotes>
              </Candidate>
              <Candidate>
                <CandidateID>750117280</CandidateID>
                <LastName>Tom Steyer</LastName>
                <FirstName />
                <YesVotes>3</YesVotes>
              </Candidate>
              <Candidate>
                <CandidateID>750117274</CandidateID>
                <LastName>Tulsi Gabbard</LastName>
                <FirstName />
                <YesVotes>40</YesVotes>
              </Candidate>
              <Candidate>
                <CandidateID>750117278</CandidateID>
                <LastName>Leonard J. Steinman II</LastName>
                <FirstName />
                <YesVotes>4</YesVotes>
              </Candidate>
              <Candidate>
                <CandidateID>750117285</CandidateID>
                <LastName>Cory Booker</LastName>
                <FirstName />
                <YesVotes>5</YesVotes>
              </Candidate>
              <Candidate>
                <CandidateID>750117279</CandidateID>
                <LastName>Joseph R. Biden</LastName>
                <FirstName />
                <YesVotes>3224</YesVotes>
              </Candidate>
              <Candidate>
                <CandidateID>750117282</CandidateID>
                <LastName>Elizabeth Warren</LastName>
                <FirstName />
                <YesVotes>43</YesVotes>
              </Candidate>
              <Candidate>
                <CandidateID>750117275</CandidateID>
                <LastName>Pete Buttigieg</LastName>
                <FirstName />
                <YesVotes>15</YesVotes>
              </Candidate>
              <Candidate>
                <CandidateID>750117283</CandidateID>
                <LastName>Bernie Sanders</LastName>
                <FirstName />
                <YesVotes>1494</YesVotes>
              </Candidate>
              <Candidate>
                <CandidateID>750117277</CandidateID>
                <LastName>Velma Steinman</LastName>
                <FirstName />
                <YesVotes>2</YesVotes>
              </Candidate>
              <Candidate>
                <CandidateID>750117287</CandidateID>
                <LastName>Henry Hewes</LastName>
                <FirstName />
                <YesVotes>2</YesVotes>
              </Candidate>
              <Candidate>
                <CandidateID>750117288</CandidateID>
                <LastName>Andrew Yang</LastName>
                <FirstName />
                <YesVotes>9</YesVotes>
              </Candidate>
              <Candidate>
                <CandidateID>750117299</CandidateID>
                <LastName>Roque De La Fuente</LastName>
                <FirstName />
                <YesVotes>0</YesVotes>
              </Candidate>
              <Candidate>
                <CandidateID>750117301</CandidateID>
                <LastName>John K. Delaney</LastName>
                <FirstName />
                <YesVotes>0</YesVotes>
              </Candidate>
              <Candidate>
                <CandidateID>750117302</CandidateID>
                <LastName>Julián Castro</LastName>
                <FirstName />
                <YesVotes>0</YesVotes>
              </Candidate>
              <Candidate>
                <CandidateID>750117303</CandidateID>
                <LastName>Deval Patrick</LastName>
                <FirstName />
                <YesVotes>0</YesVotes>
              </Candidate>
              <Candidate>
                <CandidateID>750117321</CandidateID>
                <LastName>Marianne Williamson</LastName>
                <FirstName />
                <YesVotes>2</YesVotes>
              </Candidate>
              <Candidate>
                <CandidateID>750117323</CandidateID>
                <LastName>Michael Bennet</LastName>
                <FirstName />
                <YesVotes>2</YesVotes>
              </Candidate>
              <Candidate>
                <CandidateID>750117324</CandidateID>
                <LastName>Michael R. Bloomberg</LastName>
                <FirstName />
                <YesVotes>25</YesVotes>
              </Candidate>
              <Candidate>
                <CandidateID>750117326</CandidateID>
                <LastName>Steve Burke</LastName>
                <FirstName />
                <YesVotes>0</YesVotes>
              </Candidate>
              <Candidate>
                <CandidateID>750117331</CandidateID>
                <LastName>Robby Wells</LastName>
                <FirstName />
                <YesVotes>2</YesVotes>
              </Candidate>
              <Candidate>
                <CandidateID>750117332</CandidateID>
                <LastName>William C. (Bill) Haas</LastName>
                <FirstName />
                <YesVotes>0</YesVotes>
              </Candidate>
              <Candidate>
                <CandidateID>750117354</CandidateID>
                <LastName>Uncommitted</LastName>
                <FirstName />
                <YesVotes>19</YesVotes>
              </Candidate>
            </Party>
            <Party>
              <PartyName>Libertarian</PartyName>
              <Candidate>
                <CandidateID>750117320</CandidateID>
                <LastName>Jacob Hornberger</LastName>
                <FirstName />
                <YesVotes>15</YesVotes>
              </Candidate>
              <Candidate>
                <CandidateID>750117355</CandidateID>
                <LastName>Uncommitted</LastName>
                <FirstName />
                <YesVotes>4</YesVotes>
              </Candidate>
            </Party>
            <Party>
              <PartyName>Green</PartyName>
              <Candidate>
                <CandidateID>750117325</CandidateID>
                <LastName>Howie Hawkins</LastName>
                <FirstName />
                <YesVotes>1</YesVotes>
              </Candidate>
              <Candidate>
                <CandidateID>750117327</CandidateID>
                <LastName>Dario Hunter</LastName>
                <FirstName />
                <YesVotes>1</YesVotes>
              </Candidate>
              <Candidate>
                <CandidateID>750117329</CandidateID>
                <LastName>David Rolde</LastName>
                <FirstName />
                <YesVotes>0</YesVotes>
              </Candidate>
              <Candidate>
                <CandidateID>750117356</CandidateID>
                <LastName>Uncommitted</LastName>
                <FirstName />
                <YesVotes>2</YesVotes>
              </Candidate>
            </Party>
            <Party>
              <PartyName>Constitution</PartyName>
              <Candidate>
                <CandidateID>750117333</CandidateID>
                <LastName>Don J. Grundmann</LastName>
                <FirstName />
                <YesVotes>1</YesVotes>
              </Candidate>
              <Candidate>
                <CandidateID>750117335</CandidateID>
                <LastName>Don Blankenship</LastName>
                <FirstName />
                <YesVotes>3</YesVotes>
              </Candidate>
              <Candidate>
                <CandidateID>750117357</CandidateID>
                <LastName>Uncommitted</LastName>
                <FirstName />
                <YesVotes>0</YesVotes>
              </Candidate>
            </Party>
          </CountyResults>
        </Counties>
        <Counties>
          <CountyName>Cedar</CountyName>
          <CountyResults>
            <ReportingPrecincts>10</ReportingPrecincts>
            <TotalPrecincts>10</TotalPrecincts>
            <Party>
              <PartyName>Republican</PartyName>
              <Candidate>
                <CandidateID>750117286</CandidateID>
                <LastName>Donald J Trump</LastName>
                <FirstName />
                <YesVotes>1499</YesVotes>
              </Candidate>
              <Candidate>
                <CandidateID>750117300</CandidateID>
                <LastName>Bob Ely</LastName>
                <FirstName />
                <YesVotes>4</YesVotes>
              </Candidate>
              <Candidate>
                <CandidateID>750117328</CandidateID>
                <LastName>Bill Weld</LastName>
                <FirstName />
                <YesVotes>3</YesVotes>
              </Candidate>
              <Candidate>
                <CandidateID>750117330</CandidateID>
                <LastName>Joe Walsh</LastName>
                <FirstName />
                <YesVotes>6</YesVotes>
              </Candidate>
              <Candidate>
                <CandidateID>750117334</CandidateID>
                <LastName>Matthew John Matern</LastName>
                <FirstName />
                <YesVotes>2</YesVotes>
              </Candidate>
              <Candidate>
                <CandidateID>750117353</CandidateID>
                <LastName>Uncommitted</LastName>
                <FirstName />
                <YesVotes>12</YesVotes>
              </Candidate>
            </Party>
            <Party>
              <PartyName>Democratic</PartyName>
              <Candidate>
                <CandidateID>750117276</CandidateID>
                <LastName>Amy Klobuchar</LastName>
                <FirstName />
                <YesVotes>4</YesVotes>
              </Candidate>
              <Candidate>
                <CandidateID>750117280</CandidateID>
                <LastName>Tom Steyer</LastName>
                <FirstName />
                <YesVotes>3</YesVotes>
              </Candidate>
              <Candidate>
                <CandidateID>750117274</CandidateID>
                <LastName>Tulsi Gabbard</LastName>
                <FirstName />
                <YesVotes>10</YesVotes>
              </Candidate>
              <Candidate>
                <CandidateID>750117278</CandidateID>
                <LastName>Leonard J. Steinman II</LastName>
                <FirstName />
                <YesVotes>0</YesVotes>
              </Candidate>
              <Candidate>
                <CandidateID>750117285</CandidateID>
                <LastName>Cory Booker</LastName>
                <FirstName />
                <YesVotes>1</YesVotes>
              </Candidate>
              <Candidate>
                <CandidateID>750117279</CandidateID>
                <LastName>Joseph R. Biden</LastName>
                <FirstName />
                <YesVotes>432</YesVotes>
              </Candidate>
              <Candidate>
                <CandidateID>750117282</CandidateID>
                <LastName>Elizabeth Warren</LastName>
                <FirstName />
                <YesVotes>11</YesVotes>
              </Candidate>
              <Candidate>
                <CandidateID>750117275</CandidateID>
                <LastName>Pete Buttigieg</LastName>
                <FirstName />
                <YesVotes>3</YesVotes>
              </Candidate>
              <Candidate>
                <CandidateID>750117283</CandidateID>
                <LastName>Bernie Sanders</LastName>
                <FirstName />
                <YesVotes>192</YesVotes>
              </Candidate>
              <Candidate>
                <CandidateID>750117277</CandidateID>
                <LastName>Velma Steinman</LastName>
                <FirstName />
                <YesVotes>0</YesVotes>
              </Candidate>
              <Candidate>
                <CandidateID>750117287</CandidateID>
                <LastName>Henry Hewes</LastName>
                <FirstName />
                <YesVotes>0</YesVotes>
              </Candidate>
              <Candidate>
                <CandidateID>750117288</CandidateID>
                <LastName>Andrew Yang</LastName>
                <FirstName />
                <YesVotes>1</YesVotes>
              </Candidate>
              <Candidate>
                <CandidateID>750117299</CandidateID>
                <LastName>Roque De La Fuente</LastName>
                <FirstName />
                <YesVotes>0</YesVotes>
              </Candidate>
              <Candidate>
                <CandidateID>750117301</CandidateID>
                <LastName>John K. Delaney</LastName>
                <FirstName />
                <YesVotes>0</YesVotes>
              </Candidate>
              <Candidate>
                <CandidateID>750117302</CandidateID>
                <LastName>Julián Castro</LastName>
                <FirstName />
                <YesVotes>0</YesVotes>
              </Candidate>
              <Candidate>
                <CandidateID>750117303</CandidateID>
                <LastName>Deval Patrick</LastName>
                <FirstName />
                <YesVotes>0</YesVotes>
              </Candidate>
              <Candidate>
                <CandidateID>750117321</CandidateID>
                <LastName>Marianne Williamson</LastName>
                <FirstName />
                <YesVotes>0</YesVotes>
              </Candidate>
              <Candidate>
                <CandidateID>750117323</CandidateID>
                <LastName>Michael Bennet</LastName>
                <FirstName />
                <YesVotes>0</YesVotes>
              </Candidate>
              <Candidate>
                <CandidateID>750117324</CandidateID>
                <LastName>Michael R. Bloomberg</LastName>
                <FirstName />
                <YesVotes>12</YesVotes>
              </Candidate>
              <Candidate>
                <CandidateID>750117326</CandidateID>
                <LastName>Steve Burke</LastName>
                <FirstName />
                <YesVotes>1</YesVotes>
              </Candidate>
              <Candidate>
                <CandidateID>750117331</CandidateID>
                <LastName>Robby Wells</LastName>
                <FirstName />
                <YesVotes>0</YesVotes>
              </Candidate>
              <Candidate>
                <CandidateID>750117332</CandidateID>
                <LastName>William C. (Bill) Haas</LastName>
                <FirstName />
                <YesVotes>0</YesVotes>
              </Candidate>
              <Candidate>
                <CandidateID>750117354</CandidateID>
                <LastName>Uncommitted</LastName>
                <FirstName />
                <YesVotes>3</YesVotes>
              </Candidate>
            </Party>
            <Party>
              <PartyName>Libertarian</PartyName>
              <Candidate>
                <CandidateID>750117320</CandidateID>
                <LastName>Jacob Hornberger</LastName>
                <FirstName />
                <YesVotes>5</YesVotes>
              </Candidate>
              <Candidate>
                <CandidateID>750117355</CandidateID>
                <LastName>Uncommitted</LastName>
                <FirstName />
                <YesVotes>4</YesVotes>
              </Candidate>
            </Party>
            <Party>
              <PartyName>Green</PartyName>
              <Candidate>
                <CandidateID>750117325</CandidateID>
                <LastName>Howie Hawkins</LastName>
                <FirstName />
                <YesVotes>0</YesVotes>
              </Candidate>
              <Candidate>
                <CandidateID>750117327</CandidateID>
                <LastName>Dario Hunter</LastName>
                <FirstName />
                <YesVotes>0</YesVotes>
              </Candidate>
              <Candidate>
                <CandidateID>750117329</CandidateID>
                <LastName>David Rolde</LastName>
                <FirstName />
                <YesVotes>0</YesVotes>
              </Candidate>
              <Candidate>
                <CandidateID>750117356</CandidateID>
                <LastName>Uncommitted</LastName>
                <FirstName />
                <YesVotes>0</YesVotes>
              </Candidate>
            </Party>
            <Party>
              <PartyName>Constitution</PartyName>
              <Candidate>
                <CandidateID>750117333</CandidateID>
                <LastName>Don J. Grundmann</LastName>
                <FirstName />
                <YesVotes>0</YesVotes>
              </Candidate>
              <Candidate>
                <CandidateID>750117335</CandidateID>
                <LastName>Don Blankenship</LastName>
                <FirstName />
                <YesVotes>0</YesVotes>
              </Candidate>
              <Candidate>
                <CandidateID>750117357</CandidateID>
                <LastName>Uncommitted</LastName>
                <FirstName />
                <YesVotes>0</YesVotes>
              </Candidate>
            </Party>
          </CountyResults>
        </Counties>
        <Counties>
          <CountyName>Chariton</CountyName>
          <CountyResults>
            <ReportingPrecincts>13</ReportingPrecincts>
            <TotalPrecincts>13</TotalPrecincts>
            <Party>
              <PartyName>Republican</PartyName>
              <Candidate>
                <CandidateID>750117286</CandidateID>
                <LastName>Donald J Trump</LastName>
                <FirstName />
                <YesVotes>461</YesVotes>
              </Candidate>
              <Candidate>
                <CandidateID>750117300</CandidateID>
                <LastName>Bob Ely</LastName>
                <FirstName />
                <YesVotes>0</YesVotes>
              </Candidate>
              <Candidate>
                <CandidateID>750117328</CandidateID>
                <LastName>Bill Weld</LastName>
                <FirstName />
                <YesVotes>1</YesVotes>
              </Candidate>
              <Candidate>
                <CandidateID>750117330</CandidateID>
                <LastName>Joe Walsh</LastName>
                <FirstName />
                <YesVotes>5</YesVotes>
              </Candidate>
              <Candidate>
                <CandidateID>750117334</CandidateID>
                <LastName>Matthew John Matern</LastName>
                <FirstName />
                <YesVotes>0</YesVotes>
              </Candidate>
              <Candidate>
                <CandidateID>750117353</CandidateID>
                <LastName>Uncommitted</LastName>
                <FirstName />
                <YesVotes>2</YesVotes>
              </Candidate>
            </Party>
            <Party>
              <PartyName>Democratic</PartyName>
              <Candidate>
                <CandidateID>750117276</CandidateID>
                <LastName>Amy Klobuchar</LastName>
                <FirstName />
                <YesVotes>2</YesVotes>
              </Candidate>
              <Candidate>
                <CandidateID>750117280</CandidateID>
                <LastName>Tom Steyer</LastName>
                <FirstName />
                <YesVotes>3</YesVotes>
              </Candidate>
              <Candidate>
                <CandidateID>750117274</CandidateID>
                <LastName>Tulsi Gabbard</LastName>
                <FirstName />
                <YesVotes>15</YesVotes>
              </Candidate>
              <Candidate>
                <CandidateID>750117278</CandidateID>
                <LastName>Leonard J. Steinman II</LastName>
                <FirstName />
                <YesVotes>0</YesVotes>
              </Candidate>
              <Candidate>
                <CandidateID>750117285</CandidateID>
                <LastName>Cory Booker</LastName>
                <FirstName />
                <YesVotes>0</YesVotes>
              </Candidate>
              <Candidate>
                <CandidateID>750117279</CandidateID>
                <LastName>Joseph R. Biden</LastName>
                <FirstName />
                <YesVotes>439</YesVotes>
              </Candidate>
              <Candidate>
                <CandidateID>750117282</CandidateID>
                <LastName>Elizabeth Warren</LastName>
                <FirstName />
                <YesVotes>7</YesVotes>
              </Candidate>
              <Candidate>
                <CandidateID>750117275</CandidateID>
                <LastName>Pete Buttigieg</LastName>
                <FirstName />
                <YesVotes>2</YesVotes>
              </Candidate>
              <Candidate>
                <CandidateID>750117283</CandidateID>
                <LastName>Bernie Sanders</LastName>
                <FirstName />
                <YesVotes>151</YesVotes>
              </Candidate>
              <Candidate>
                <CandidateID>750117277</CandidateID>
                <LastName>Velma Steinman</LastName>
                <FirstName />
                <YesVotes>0</YesVotes>
              </Candidate>
              <Candidate>
                <CandidateID>750117287</CandidateID>
                <LastName>Henry Hewes</LastName>
                <FirstName />
                <YesVotes>0</YesVotes>
              </Candidate>
              <Candidate>
                <CandidateID>750117288</CandidateID>
                <LastName>Andrew Yang</LastName>
                <FirstName />
                <YesVotes>3</YesVotes>
              </Candidate>
              <Candidate>
                <CandidateID>750117299</CandidateID>
                <LastName>Roque De La Fuente</LastName>
                <FirstName />
                <YesVotes>0</YesVotes>
              </Candidate>
              <Candidate>
                <CandidateID>750117301</CandidateID>
                <LastName>John K. Delaney</LastName>
                <FirstName />
                <YesVotes>0</YesVotes>
              </Candidate>
              <Candidate>
                <CandidateID>750117302</CandidateID>
                <LastName>Julián Castro</LastName>
                <FirstName />
                <YesVotes>0</YesVotes>
              </Candidate>
              <Candidate>
                <CandidateID>750117303</CandidateID>
                <LastName>Deval Patrick</LastName>
                <FirstName />
                <YesVotes>1</YesVotes>
              </Candidate>
              <Candidate>
                <CandidateID>750117321</CandidateID>
                <LastName>Marianne Williamson</LastName>
                <FirstName />
                <YesVotes>0</YesVotes>
              </Candidate>
              <Candidate>
                <CandidateID>750117323</CandidateID>
                <LastName>Michael Bennet</LastName>
                <FirstName />
                <YesVotes>1</YesVotes>
              </Candidate>
              <Candidate>
                <CandidateID>750117324</CandidateID>
                <LastName>Michael R. Bloomberg</LastName>
                <FirstName />
                <YesVotes>10</YesVotes>
              </Candidate>
              <Candidate>
                <CandidateID>750117326</CandidateID>
                <LastName>Steve Burke</LastName>
                <FirstName />
                <YesVotes>1</YesVotes>
              </Candidate>
              <Candidate>
                <CandidateID>750117331</CandidateID>
                <LastName>Robby Wells</LastName>
                <FirstName />
                <YesVotes>0</YesVotes>
              </Candidate>
              <Candidate>
                <CandidateID>750117332</CandidateID>
                <LastName>William C. (Bill) Haas</LastName>
                <FirstName />
                <YesVotes>0</YesVotes>
              </Candidate>
              <Candidate>
                <CandidateID>750117354</CandidateID>
                <LastName>Uncommitted</LastName>
                <FirstName />
                <YesVotes>4</YesVotes>
              </Candidate>
            </Party>
            <Party>
              <PartyName>Libertarian</PartyName>
              <Candidate>
                <CandidateID>750117320</CandidateID>
                <LastName>Jacob Hornberger</LastName>
                <FirstName />
                <YesVotes>0</YesVotes>
              </Candidate>
              <Candidate>
                <CandidateID>750117355</CandidateID>
                <LastName>Uncommitted</LastName>
                <FirstName />
                <YesVotes>0</YesVotes>
              </Candidate>
            </Party>
            <Party>
              <PartyName>Green</PartyName>
              <Candidate>
                <CandidateID>750117325</CandidateID>
                <LastName>Howie Hawkins</LastName>
                <FirstName />
                <YesVotes>0</YesVotes>
              </Candidate>
              <Candidate>
                <CandidateID>750117327</CandidateID>
                <LastName>Dario Hunter</LastName>
                <FirstName />
                <YesVotes>0</YesVotes>
              </Candidate>
              <Candidate>
                <CandidateID>750117329</CandidateID>
                <LastName>David Rolde</LastName>
                <FirstName />
                <YesVotes>0</YesVotes>
              </Candidate>
              <Candidate>
                <CandidateID>750117356</CandidateID>
                <LastName>Uncommitted</LastName>
                <FirstName />
                <YesVotes>0</YesVotes>
              </Candidate>
            </Party>
            <Party>
              <PartyName>Constitution</PartyName>
              <Candidate>
                <CandidateID>750117333</CandidateID>
                <LastName>Don J. Grundmann</LastName>
                <FirstName />
                <YesVotes>0</YesVotes>
              </Candidate>
              <Candidate>
                <CandidateID>750117335</CandidateID>
                <LastName>Don Blankenship</LastName>
                <FirstName />
                <YesVotes>2</YesVotes>
              </Candidate>
              <Candidate>
                <CandidateID>750117357</CandidateID>
                <LastName>Uncommitted</LastName>
                <FirstName />
                <YesVotes>0</YesVotes>
              </Candidate>
            </Party>
          </CountyResults>
        </Counties>
        <Counties>
          <CountyName>Christian</CountyName>
          <CountyResults>
            <ReportingPrecincts>26</ReportingPrecincts>
            <TotalPrecincts>26</TotalPrecincts>
            <Party>
              <PartyName>Republican</PartyName>
              <Candidate>
                <CandidateID>750117286</CandidateID>
                <LastName>Donald J Trump</LastName>
                <FirstName />
                <YesVotes>6050</YesVotes>
              </Candidate>
              <Candidate>
                <CandidateID>750117300</CandidateID>
                <LastName>Bob Ely</LastName>
                <FirstName />
                <YesVotes>7</YesVotes>
              </Candidate>
              <Candidate>
                <CandidateID>750117328</CandidateID>
                <LastName>Bill Weld</LastName>
                <FirstName />
                <YesVotes>27</YesVotes>
              </Candidate>
              <Candidate>
                <CandidateID>750117330</CandidateID>
                <LastName>Joe Walsh</LastName>
                <FirstName />
                <YesVotes>31</YesVotes>
              </Candidate>
              <Candidate>
                <CandidateID>750117334</CandidateID>
                <LastName>Matthew John Matern</LastName>
                <FirstName />
                <YesVotes>9</YesVotes>
              </Candidate>
              <Candidate>
                <CandidateID>750117353</CandidateID>
                <LastName>Uncommitted</LastName>
                <FirstName />
                <YesVotes>42</YesVotes>
              </Candidate>
            </Party>
            <Party>
              <PartyName>Democratic</PartyName>
              <Candidate>
                <CandidateID>750117276</CandidateID>
                <LastName>Amy Klobuchar</LastName>
                <FirstName />
                <YesVotes>22</YesVotes>
              </Candidate>
              <Candidate>
                <CandidateID>750117280</CandidateID>
                <LastName>Tom Steyer</LastName>
                <FirstName />
                <YesVotes>6</YesVotes>
              </Candidate>
              <Candidate>
                <CandidateID>750117274</CandidateID>
                <LastName>Tulsi Gabbard</LastName>
                <FirstName />
                <YesVotes>43</YesVotes>
              </Candidate>
              <Candidate>
                <CandidateID>750117278</CandidateID>
                <LastName>Leonard J. Steinman II</LastName>
                <FirstName />
                <YesVotes>1</YesVotes>
              </Candidate>
              <Candidate>
                <CandidateID>750117285</CandidateID>
                <LastName>Cory Booker</LastName>
                <FirstName />
                <YesVotes>3</YesVotes>
              </Candidate>
              <Candidate>
                <CandidateID>750117279</CandidateID>
                <LastName>Joseph R. Biden</LastName>
                <FirstName />
                <YesVotes>3135</YesVotes>
              </Candidate>
              <Candidate>
                <CandidateID>750117282</CandidateID>
                <LastName>Elizabeth Warren</LastName>
                <FirstName />
                <YesVotes>54</YesVotes>
              </Candidate>
              <Candidate>
                <CandidateID>750117275</CandidateID>
                <LastName>Pete Buttigieg</LastName>
                <FirstName />
                <YesVotes>27</YesVotes>
              </Candidate>
              <Candidate>
                <CandidateID>750117283</CandidateID>
                <LastName>Bernie Sanders</LastName>
                <FirstName />
                <YesVotes>2028</YesVotes>
              </Candidate>
              <Candidate>
                <CandidateID>750117277</CandidateID>
                <LastName>Velma Steinman</LastName>
                <FirstName />
                <YesVotes>0</YesVotes>
              </Candidate>
              <Candidate>
                <CandidateID>750117287</CandidateID>
                <LastName>Henry Hewes</LastName>
                <FirstName />
                <YesVotes>0</YesVotes>
              </Candidate>
              <Candidate>
                <CandidateID>750117288</CandidateID>
                <LastName>Andrew Yang</LastName>
                <FirstName />
                <YesVotes>7</YesVotes>
              </Candidate>
              <Candidate>
                <CandidateID>750117299</CandidateID>
                <LastName>Roque De La Fuente</LastName>
                <FirstName />
                <YesVotes>1</YesVotes>
              </Candidate>
              <Candidate>
                <CandidateID>750117301</CandidateID>
                <LastName>John K. Delaney</LastName>
                <FirstName />
                <YesVotes>2</YesVotes>
              </Candidate>
              <Candidate>
                <CandidateID>750117302</CandidateID>
                <LastName>Julián Castro</LastName>
                <FirstName />
                <YesVotes>1</YesVotes>
              </Candidate>
              <Candidate>
                <CandidateID>750117303</CandidateID>
                <LastName>Deval Patrick</LastName>
                <FirstName />
                <YesVotes>1</YesVotes>
              </Candidate>
              <Candidate>
                <CandidateID>750117321</CandidateID>
                <LastName>Marianne Williamson</LastName>
                <FirstName />
                <YesVotes>2</YesVotes>
              </Candidate>
              <Candidate>
                <CandidateID>750117323</CandidateID>
                <LastName>Michael Bennet</LastName>
                <FirstName />
                <YesVotes>2</YesVotes>
              </Candidate>
              <Candidate>
                <CandidateID>750117324</CandidateID>
                <LastName>Michael R. Bloomberg</LastName>
                <FirstName />
                <YesVotes>70</YesVotes>
              </Candidate>
              <Candidate>
                <CandidateID>750117326</CandidateID>
                <LastName>Steve Burke</LastName>
                <FirstName />
                <YesVotes>0</YesVotes>
              </Candidate>
              <Candidate>
                <CandidateID>750117331</CandidateID>
                <LastName>Robby Wells</LastName>
                <FirstName />
                <YesVotes>3</YesVotes>
              </Candidate>
              <Candidate>
                <CandidateID>750117332</CandidateID>
                <LastName>William C. (Bill) Haas</LastName>
                <FirstName />
                <YesVotes>0</YesVotes>
              </Candidate>
              <Candidate>
                <CandidateID>750117354</CandidateID>
                <LastName>Uncommitted</LastName>
                <FirstName />
                <YesVotes>12</YesVotes>
              </Candidate>
            </Party>
            <Party>
              <PartyName>Libertarian</PartyName>
              <Candidate>
                <CandidateID>750117320</CandidateID>
                <LastName>Jacob Hornberger</LastName>
                <FirstName />
                <YesVotes>13</YesVotes>
              </Candidate>
              <Candidate>
                <CandidateID>750117355</CandidateID>
                <LastName>Uncommitted</LastName>
                <FirstName />
                <YesVotes>1</YesVotes>
              </Candidate>
            </Party>
            <Party>
              <PartyName>Green</PartyName>
              <Candidate>
                <CandidateID>750117325</CandidateID>
                <LastName>Howie Hawkins</LastName>
                <FirstName />
                <YesVotes>1</YesVotes>
              </Candidate>
              <Candidate>
                <CandidateID>750117327</CandidateID>
                <LastName>Dario Hunter</LastName>
                <FirstName />
                <YesVotes>0</YesVotes>
              </Candidate>
              <Candidate>
                <CandidateID>750117329</CandidateID>
                <LastName>David Rolde</LastName>
                <FirstName />
                <YesVotes>0</YesVotes>
              </Candidate>
              <Candidate>
                <CandidateID>750117356</CandidateID>
                <LastName>Uncommitted</LastName>
                <FirstName />
                <YesVotes>0</YesVotes>
              </Candidate>
            </Party>
            <Party>
              <PartyName>Constitution</PartyName>
              <Candidate>
                <CandidateID>750117333</CandidateID>
                <LastName>Don J. Grundmann</LastName>
                <FirstName />
                <YesVotes>1</YesVotes>
              </Candidate>
              <Candidate>
                <CandidateID>750117335</CandidateID>
                <LastName>Don Blankenship</LastName>
                <FirstName />
                <YesVotes>4</YesVotes>
              </Candidate>
              <Candidate>
                <CandidateID>750117357</CandidateID>
                <LastName>Uncommitted</LastName>
                <FirstName />
                <YesVotes>2</YesVotes>
              </Candidate>
            </Party>
          </CountyResults>
        </Counties>
        <Counties>
          <CountyName>Clark</CountyName>
          <CountyResults>
            <ReportingPrecincts>7</ReportingPrecincts>
            <TotalPrecincts>7</TotalPrecincts>
            <Party>
              <PartyName>Republican</PartyName>
              <Candidate>
                <CandidateID>750117286</CandidateID>
                <LastName>Donald J Trump</LastName>
                <FirstName />
                <YesVotes>477</YesVotes>
              </Candidate>
              <Candidate>
                <CandidateID>750117300</CandidateID>
                <LastName>Bob Ely</LastName>
                <FirstName />
                <YesVotes>2</YesVotes>
              </Candidate>
              <Candidate>
                <CandidateID>750117328</CandidateID>
                <LastName>Bill Weld</LastName>
                <FirstName />
                <YesVotes>3</YesVotes>
              </Candidate>
              <Candidate>
                <CandidateID>750117330</CandidateID>
                <LastName>Joe Walsh</LastName>
                <FirstName />
                <YesVotes>2</YesVotes>
              </Candidate>
              <Candidate>
                <CandidateID>750117334</CandidateID>
                <LastName>Matthew John Matern</LastName>
                <FirstName />
                <YesVotes>1</YesVotes>
              </Candidate>
              <Candidate>
                <CandidateID>750117353</CandidateID>
                <LastName>Uncommitted</LastName>
                <FirstName />
                <YesVotes>4</YesVotes>
              </Candidate>
            </Party>
            <Party>
              <PartyName>Democratic</PartyName>
              <Candidate>
                <CandidateID>750117276</CandidateID>
                <LastName>Amy Klobuchar</LastName>
                <FirstName />
                <YesVotes>2</YesVotes>
              </Candidate>
              <Candidate>
                <CandidateID>750117280</CandidateID>
                <LastName>Tom Steyer</LastName>
                <FirstName />
                <YesVotes>5</YesVotes>
              </Candidate>
              <Candidate>
                <CandidateID>750117274</CandidateID>
                <LastName>Tulsi Gabbard</LastName>
                <FirstName />
                <YesVotes>2</YesVotes>
              </Candidate>
              <Candidate>
                <CandidateID>750117278</CandidateID>
                <LastName>Leonard J. Steinman II</LastName>
                <FirstName />
                <YesVotes>1</YesVotes>
              </Candidate>
              <Candidate>
                <CandidateID>750117285</CandidateID>
                <LastName>Cory Booker</LastName>
                <FirstName />
                <YesVotes>1</YesVotes>
              </Candidate>
              <Candidate>
                <CandidateID>750117279</CandidateID>
                <LastName>Joseph R. Biden</LastName>
                <FirstName />
                <YesVotes>256</YesVotes>
              </Candidate>
              <Candidate>
                <CandidateID>750117282</CandidateID>
                <LastName>Elizabeth Warren</LastName>
                <FirstName />
                <YesVotes>3</YesVotes>
              </Candidate>
              <Candidate>
                <CandidateID>750117275</CandidateID>
                <LastName>Pete Buttigieg</LastName>
                <FirstName />
                <YesVotes>1</YesVotes>
              </Candidate>
              <Candidate>
                <CandidateID>750117283</CandidateID>
                <LastName>Bernie Sanders</LastName>
                <FirstName />
                <YesVotes>99</YesVotes>
              </Candidate>
              <Candidate>
                <CandidateID>750117277</CandidateID>
                <LastName>Velma Steinman</LastName>
                <FirstName />
                <YesVotes>0</YesVotes>
              </Candidate>
              <Candidate>
                <CandidateID>750117287</CandidateID>
                <LastName>Henry Hewes</LastName>
                <FirstName />
                <YesVotes>4</YesVotes>
              </Candidate>
              <Candidate>
                <CandidateID>750117288</CandidateID>
                <LastName>Andrew Yang</LastName>
                <FirstName />
                <YesVotes>0</YesVotes>
              </Candidate>
              <Candidate>
                <CandidateID>750117299</CandidateID>
                <LastName>Roque De La Fuente</LastName>
                <FirstName />
                <YesVotes>0</YesVotes>
              </Candidate>
              <Candidate>
                <CandidateID>750117301</CandidateID>
                <LastName>John K. Delaney</LastName>
                <FirstName />
                <YesVotes>0</YesVotes>
              </Candidate>
              <Candidate>
                <CandidateID>750117302</CandidateID>
                <LastName>Julián Castro</LastName>
                <FirstName />
                <YesVotes>0</YesVotes>
              </Candidate>
              <Candidate>
                <CandidateID>750117303</CandidateID>
                <LastName>Deval Patrick</LastName>
                <FirstName />
                <YesVotes>1</YesVotes>
              </Candidate>
              <Candidate>
                <CandidateID>750117321</CandidateID>
                <LastName>Marianne Williamson</LastName>
                <FirstName />
                <YesVotes>0</YesVotes>
              </Candidate>
              <Candidate>
                <CandidateID>750117323</CandidateID>
                <LastName>Michael Bennet</LastName>
                <FirstName />
                <YesVotes>0</YesVotes>
              </Candidate>
              <Candidate>
                <CandidateID>750117324</CandidateID>
                <LastName>Michael R. Bloomberg</LastName>
                <FirstName />
                <YesVotes>2</YesVotes>
              </Candidate>
              <Candidate>
                <CandidateID>750117326</CandidateID>
                <LastName>Steve Burke</LastName>
                <FirstName />
                <YesVotes>0</YesVotes>
              </Candidate>
              <Candidate>
                <CandidateID>750117331</CandidateID>
                <LastName>Robby Wells</LastName>
                <FirstName />
                <YesVotes>0</YesVotes>
              </Candidate>
              <Candidate>
                <CandidateID>750117332</CandidateID>
                <LastName>William C. (Bill) Haas</LastName>
                <FirstName />
                <YesVotes>0</YesVotes>
              </Candidate>
              <Candidate>
                <CandidateID>750117354</CandidateID>
                <LastName>Uncommitted</LastName>
                <FirstName />
                <YesVotes>2</YesVotes>
              </Candidate>
            </Party>
            <Party>
              <PartyName>Libertarian</PartyName>
              <Candidate>
                <CandidateID>750117320</CandidateID>
                <LastName>Jacob Hornberger</LastName>
                <FirstName />
                <YesVotes>0</YesVotes>
              </Candidate>
              <Candidate>
                <CandidateID>750117355</CandidateID>
                <LastName>Uncommitted</LastName>
                <FirstName />
                <YesVotes>0</YesVotes>
              </Candidate>
            </Party>
            <Party>
              <PartyName>Green</PartyName>
              <Candidate>
                <CandidateID>750117325</CandidateID>
                <LastName>Howie Hawkins</LastName>
                <FirstName />
                <YesVotes>0</YesVotes>
              </Candidate>
              <Candidate>
                <CandidateID>750117327</CandidateID>
                <LastName>Dario Hunter</LastName>
                <FirstName />
                <YesVotes>0</YesVotes>
              </Candidate>
              <Candidate>
                <CandidateID>750117329</CandidateID>
                <LastName>David Rolde</LastName>
                <FirstName />
                <YesVotes>0</YesVotes>
              </Candidate>
              <Candidate>
                <CandidateID>750117356</CandidateID>
                <LastName>Uncommitted</LastName>
                <FirstName />
                <YesVotes>0</YesVotes>
              </Candidate>
            </Party>
            <Party>
              <PartyName>Constitution</PartyName>
              <Candidate>
                <CandidateID>750117333</CandidateID>
                <LastName>Don J. Grundmann</LastName>
                <FirstName />
                <YesVotes>0</YesVotes>
              </Candidate>
              <Candidate>
                <CandidateID>750117335</CandidateID>
                <LastName>Don Blankenship</LastName>
                <FirstName />
                <YesVotes>0</YesVotes>
              </Candidate>
              <Candidate>
                <CandidateID>750117357</CandidateID>
                <LastName>Uncommitted</LastName>
                <FirstName />
                <YesVotes>0</YesVotes>
              </Candidate>
            </Party>
          </CountyResults>
        </Counties>
        <Counties>
          <CountyName>Clay</CountyName>
          <CountyResults>
            <ReportingPrecincts>81</ReportingPrecincts>
            <TotalPrecincts>81</TotalPrecincts>
            <Party>
              <PartyName>Republican</PartyName>
              <Candidate>
                <CandidateID>750117286</CandidateID>
                <LastName>Donald J Trump</LastName>
                <FirstName />
                <YesVotes>8615</YesVotes>
              </Candidate>
              <Candidate>
                <CandidateID>750117300</CandidateID>
                <LastName>Bob Ely</LastName>
                <FirstName />
                <YesVotes>20</YesVotes>
              </Candidate>
              <Candidate>
                <CandidateID>750117328</CandidateID>
                <LastName>Bill Weld</LastName>
                <FirstName />
                <YesVotes>98</YesVotes>
              </Candidate>
              <Candidate>
                <CandidateID>750117330</CandidateID>
                <LastName>Joe Walsh</LastName>
                <FirstName />
                <YesVotes>87</YesVotes>
              </Candidate>
              <Candidate>
                <CandidateID>750117334</CandidateID>
                <LastName>Matthew John Matern</LastName>
                <FirstName />
                <YesVotes>31</YesVotes>
              </Candidate>
              <Candidate>
                <CandidateID>750117353</CandidateID>
                <LastName>Uncommitted</LastName>
                <FirstName />
                <YesVotes>182</YesVotes>
              </Candidate>
            </Party>
            <Party>
              <PartyName>Democratic</PartyName>
              <Candidate>
                <CandidateID>750117276</CandidateID>
                <LastName>Amy Klobuchar</LastName>
                <FirstName />
                <YesVotes>106</YesVotes>
              </Candidate>
              <Candidate>
                <CandidateID>750117280</CandidateID>
                <LastName>Tom Steyer</LastName>
                <FirstName />
                <YesVotes>20</YesVotes>
              </Candidate>
              <Candidate>
                <CandidateID>750117274</CandidateID>
                <LastName>Tulsi Gabbard</LastName>
                <FirstName />
                <YesVotes>276</YesVotes>
              </Candidate>
              <Candidate>
                <CandidateID>750117278</CandidateID>
                <LastName>Leonard J. Steinman II</LastName>
                <FirstName />
                <YesVotes>4</YesVotes>
              </Candidate>
              <Candidate>
                <CandidateID>750117285</CandidateID>
                <LastName>Cory Booker</LastName>
                <FirstName />
                <YesVotes>21</YesVotes>
              </Candidate>
              <Candidate>
                <CandidateID>750117279</CandidateID>
                <LastName>Joseph R. Biden</LastName>
                <FirstName />
                <YesVotes>17116</YesVotes>
              </Candidate>
              <Candidate>
                <CandidateID>750117282</CandidateID>
                <LastName>Elizabeth Warren</LastName>
                <FirstName />
                <YesVotes>334</YesVotes>
              </Candidate>
              <Candidate>
                <CandidateID>750117275</CandidateID>
                <LastName>Pete Buttigieg</LastName>
                <FirstName />
                <YesVotes>186</YesVotes>
              </Candidate>
              <Candidate>
                <CandidateID>750117283</CandidateID>
                <LastName>Bernie Sanders</LastName>
                <FirstName />
                <YesVotes>10534</YesVotes>
              </Candidate>
              <Candidate>
                <CandidateID>750117277</CandidateID>
                <LastName>Velma Steinman</LastName>
                <FirstName />
                <YesVotes>8</YesVotes>
              </Candidate>
              <Candidate>
                <CandidateID>750117287</CandidateID>
                <LastName>Henry Hewes</LastName>
                <FirstName />
                <YesVotes>0</YesVotes>
              </Candidate>
              <Candidate>
                <CandidateID>750117288</CandidateID>
                <LastName>Andrew Yang</LastName>
                <FirstName />
                <YesVotes>37</YesVotes>
              </Candidate>
              <Candidate>
                <CandidateID>750117299</CandidateID>
                <LastName>Roque De La Fuente</LastName>
                <FirstName />
                <YesVotes>2</YesVotes>
              </Candidate>
              <Candidate>
                <CandidateID>750117301</CandidateID>
                <LastName>John K. Delaney</LastName>
                <FirstName />
                <YesVotes>5</YesVotes>
              </Candidate>
              <Candidate>
                <CandidateID>750117302</CandidateID>
                <LastName>Julián Castro</LastName>
                <FirstName />
                <YesVotes>6</YesVotes>
              </Candidate>
              <Candidate>
                <CandidateID>750117303</CandidateID>
                <LastName>Deval Patrick</LastName>
                <FirstName />
                <YesVotes>2</YesVotes>
              </Candidate>
              <Candidate>
                <CandidateID>750117321</CandidateID>
                <LastName>Marianne Williamson</LastName>
                <FirstName />
                <YesVotes>4</YesVotes>
              </Candidate>
              <Candidate>
                <CandidateID>750117323</CandidateID>
                <LastName>Michael Bennet</LastName>
                <FirstName />
                <YesVotes>9</YesVotes>
              </Candidate>
              <Candidate>
                <CandidateID>750117324</CandidateID>
                <LastName>Michael R. Bloomberg</LastName>
                <FirstName />
                <YesVotes>323</YesVotes>
              </Candidate>
              <Candidate>
                <CandidateID>750117326</CandidateID>
                <LastName>Steve Burke</LastName>
                <FirstName />
                <YesVotes>3</YesVotes>
              </Candidate>
              <Candidate>
                <CandidateID>750117331</CandidateID>
                <LastName>Robby Wells</LastName>
                <FirstName />
                <YesVotes>0</YesVotes>
              </Candidate>
              <Candidate>
                <CandidateID>750117332</CandidateID>
                <LastName>William C. (Bill) Haas</LastName>
                <FirstName />
                <YesVotes>8</YesVotes>
              </Candidate>
              <Candidate>
                <CandidateID>750117354</CandidateID>
                <LastName>Uncommitted</LastName>
                <FirstName />
                <YesVotes>84</YesVotes>
              </Candidate>
            </Party>
            <Party>
              <PartyName>Libertarian</PartyName>
              <Candidate>
                <CandidateID>750117320</CandidateID>
                <LastName>Jacob Hornberger</LastName>
                <FirstName />
                <YesVotes>62</YesVotes>
              </Candidate>
              <Candidate>
                <CandidateID>750117355</CandidateID>
                <LastName>Uncommitted</LastName>
                <FirstName />
                <YesVotes>25</YesVotes>
              </Candidate>
            </Party>
            <Party>
              <PartyName>Green</PartyName>
              <Candidate>
                <CandidateID>750117325</CandidateID>
                <LastName>Howie Hawkins</LastName>
                <FirstName />
                <YesVotes>7</YesVotes>
              </Candidate>
              <Candidate>
                <CandidateID>750117327</CandidateID>
                <LastName>Dario Hunter</LastName>
                <FirstName />
                <YesVotes>3</YesVotes>
              </Candidate>
              <Candidate>
                <CandidateID>750117329</CandidateID>
                <LastName>David Rolde</LastName>
                <FirstName />
                <YesVotes>4</YesVotes>
              </Candidate>
              <Candidate>
                <CandidateID>750117356</CandidateID>
                <LastName>Uncommitted</LastName>
                <FirstName />
                <YesVotes>2</YesVotes>
              </Candidate>
            </Party>
            <Party>
              <PartyName>Constitution</PartyName>
              <Candidate>
                <CandidateID>750117333</CandidateID>
                <LastName>Don J. Grundmann</LastName>
                <FirstName />
                <YesVotes>5</YesVotes>
              </Candidate>
              <Candidate>
                <CandidateID>750117335</CandidateID>
                <LastName>Don Blankenship</LastName>
                <FirstName />
                <YesVotes>3</YesVotes>
              </Candidate>
              <Candidate>
                <CandidateID>750117357</CandidateID>
                <LastName>Uncommitted</LastName>
                <FirstName />
                <YesVotes>9</YesVotes>
              </Candidate>
            </Party>
          </CountyResults>
        </Counties>
        <Counties>
          <CountyName>Clinton</CountyName>
          <CountyResults>
            <ReportingPrecincts>7</ReportingPrecincts>
            <TotalPrecincts>7</TotalPrecincts>
            <Party>
              <PartyName>Republican</PartyName>
              <Candidate>
                <CandidateID>750117286</CandidateID>
                <LastName>Donald J Trump</LastName>
                <FirstName />
                <YesVotes>1296</YesVotes>
              </Candidate>
              <Candidate>
                <CandidateID>750117300</CandidateID>
                <LastName>Bob Ely</LastName>
                <FirstName />
                <YesVotes>4</YesVotes>
              </Candidate>
              <Candidate>
                <CandidateID>750117328</CandidateID>
                <LastName>Bill Weld</LastName>
                <FirstName />
                <YesVotes>6</YesVotes>
              </Candidate>
              <Candidate>
                <CandidateID>750117330</CandidateID>
                <LastName>Joe Walsh</LastName>
                <FirstName />
                <YesVotes>3</YesVotes>
              </Candidate>
              <Candidate>
                <CandidateID>750117334</CandidateID>
                <LastName>Matthew John Matern</LastName>
                <FirstName />
                <YesVotes>1</YesVotes>
              </Candidate>
              <Candidate>
                <CandidateID>750117353</CandidateID>
                <LastName>Uncommitted</LastName>
                <FirstName />
                <YesVotes>18</YesVotes>
              </Candidate>
            </Party>
            <Party>
              <PartyName>Democratic</PartyName>
              <Candidate>
                <CandidateID>750117276</CandidateID>
                <LastName>Amy Klobuchar</LastName>
                <FirstName />
                <YesVotes>6</YesVotes>
              </Candidate>
              <Candidate>
                <CandidateID>750117280</CandidateID>
                <LastName>Tom Steyer</LastName>
                <FirstName />
                <YesVotes>2</YesVotes>
              </Candidate>
              <Candidate>
                <CandidateID>750117274</CandidateID>
                <LastName>Tulsi Gabbard</LastName>
                <FirstName />
                <YesVotes>25</YesVotes>
              </Candidate>
              <Candidate>
                <CandidateID>750117278</CandidateID>
                <LastName>Leonard J. Steinman II</LastName>
                <FirstName />
                <YesVotes>0</YesVotes>
              </Candidate>
              <Candidate>
                <CandidateID>750117285</CandidateID>
                <LastName>Cory Booker</LastName>
                <FirstName />
                <YesVotes>0</YesVotes>
              </Candidate>
              <Candidate>
                <CandidateID>750117279</CandidateID>
                <LastName>Joseph R. Biden</LastName>
                <FirstName />
                <YesVotes>1045</YesVotes>
              </Candidate>
              <Candidate>
                <CandidateID>750117282</CandidateID>
                <LastName>Elizabeth Warren</LastName>
                <FirstName />
                <YesVotes>17</YesVotes>
              </Candidate>
              <Candidate>
                <CandidateID>750117275</CandidateID>
                <LastName>Pete Buttigieg</LastName>
                <FirstName />
                <YesVotes>8</YesVotes>
              </Candidate>
              <Candidate>
                <CandidateID>750117283</CandidateID>
                <LastName>Bernie Sanders</LastName>
                <FirstName />
                <YesVotes>506</YesVotes>
              </Candidate>
              <Candidate>
                <CandidateID>750117277</CandidateID>
                <LastName>Velma Steinman</LastName>
                <FirstName />
                <YesVotes>0</YesVotes>
              </Candidate>
              <Candidate>
                <CandidateID>750117287</CandidateID>
                <LastName>Henry Hewes</LastName>
                <FirstName />
                <YesVotes>0</YesVotes>
              </Candidate>
              <Candidate>
                <CandidateID>750117288</CandidateID>
                <LastName>Andrew Yang</LastName>
                <FirstName />
                <YesVotes>2</YesVotes>
              </Candidate>
              <Candidate>
                <CandidateID>750117299</CandidateID>
                <LastName>Roque De La Fuente</LastName>
                <FirstName />
                <YesVotes>0</YesVotes>
              </Candidate>
              <Candidate>
                <CandidateID>750117301</CandidateID>
                <LastName>John K. Delaney</LastName>
                <FirstName />
                <YesVotes>1</YesVotes>
              </Candidate>
              <Candidate>
                <CandidateID>750117302</CandidateID>
                <LastName>Julián Castro</LastName>
                <FirstName />
                <YesVotes>0</YesVotes>
              </Candidate>
              <Candidate>
                <CandidateID>750117303</CandidateID>
                <LastName>Deval Patrick</LastName>
                <FirstName />
                <YesVotes>1</YesVotes>
              </Candidate>
              <Candidate>
                <CandidateID>750117321</CandidateID>
                <LastName>Marianne Williamson</LastName>
                <FirstName />
                <YesVotes>1</YesVotes>
              </Candidate>
              <Candidate>
                <CandidateID>750117323</CandidateID>
                <LastName>Michael Bennet</LastName>
                <FirstName />
                <YesVotes>1</YesVotes>
              </Candidate>
              <Candidate>
                <CandidateID>750117324</CandidateID>
                <LastName>Michael R. Bloomberg</LastName>
                <FirstName />
                <YesVotes>26</YesVotes>
              </Candidate>
              <Candidate>
                <CandidateID>750117326</CandidateID>
                <LastName>Steve Burke</LastName>
                <FirstName />
                <YesVotes>1</YesVotes>
              </Candidate>
              <Candidate>
                <CandidateID>750117331</CandidateID>
                <LastName>Robby Wells</LastName>
                <FirstName />
                <YesVotes>1</YesVotes>
              </Candidate>
              <Candidate>
                <CandidateID>750117332</CandidateID>
                <LastName>William C. (Bill) Haas</LastName>
                <FirstName />
                <YesVotes>0</YesVotes>
              </Candidate>
              <Candidate>
                <CandidateID>750117354</CandidateID>
                <LastName>Uncommitted</LastName>
                <FirstName />
                <YesVotes>8</YesVotes>
              </Candidate>
            </Party>
            <Party>
              <PartyName>Libertarian</PartyName>
              <Candidate>
                <CandidateID>750117320</CandidateID>
                <LastName>Jacob Hornberger</LastName>
                <FirstName />
                <YesVotes>6</YesVotes>
              </Candidate>
              <Candidate>
                <CandidateID>750117355</CandidateID>
                <LastName>Uncommitted</LastName>
                <FirstName />
                <YesVotes>2</YesVotes>
              </Candidate>
            </Party>
            <Party>
              <PartyName>Green</PartyName>
              <Candidate>
                <CandidateID>750117325</CandidateID>
                <LastName>Howie Hawkins</LastName>
                <FirstName />
                <YesVotes>0</YesVotes>
              </Candidate>
              <Candidate>
                <CandidateID>750117327</CandidateID>
                <LastName>Dario Hunter</LastName>
                <FirstName />
                <YesVotes>0</YesVotes>
              </Candidate>
              <Candidate>
                <CandidateID>750117329</CandidateID>
                <LastName>David Rolde</LastName>
                <FirstName />
                <YesVotes>0</YesVotes>
              </Candidate>
              <Candidate>
                <CandidateID>750117356</CandidateID>
                <LastName>Uncommitted</LastName>
                <FirstName />
                <YesVotes>2</YesVotes>
              </Candidate>
            </Party>
            <Party>
              <PartyName>Constitution</PartyName>
              <Candidate>
                <CandidateID>750117333</CandidateID>
                <LastName>Don J. Grundmann</LastName>
                <FirstName />
                <YesVotes>0</YesVotes>
              </Candidate>
              <Candidate>
                <CandidateID>750117335</CandidateID>
                <LastName>Don Blankenship</LastName>
                <FirstName />
                <YesVotes>1</YesVotes>
              </Candidate>
              <Candidate>
                <CandidateID>750117357</CandidateID>
                <LastName>Uncommitted</LastName>
                <FirstName />
                <YesVotes>0</YesVotes>
              </Candidate>
            </Party>
          </CountyResults>
        </Counties>
        <Counties>
          <CountyName>Cole</CountyName>
          <CountyResults>
            <ReportingPrecincts>29</ReportingPrecincts>
            <TotalPrecincts>29</TotalPrecincts>
            <Party>
              <PartyName>Republican</PartyName>
              <Candidate>
                <CandidateID>750117286</CandidateID>
                <LastName>Donald J Trump</LastName>
                <FirstName />
                <YesVotes>4563</YesVotes>
              </Candidate>
              <Candidate>
                <CandidateID>750117300</CandidateID>
                <LastName>Bob Ely</LastName>
                <FirstName />
                <YesVotes>12</YesVotes>
              </Candidate>
              <Candidate>
                <CandidateID>750117328</CandidateID>
                <LastName>Bill Weld</LastName>
                <FirstName />
                <YesVotes>40</YesVotes>
              </Candidate>
              <Candidate>
                <CandidateID>750117330</CandidateID>
                <LastName>Joe Walsh</LastName>
                <FirstName />
                <YesVotes>38</YesVotes>
              </Candidate>
              <Candidate>
                <CandidateID>750117334</CandidateID>
                <LastName>Matthew John Matern</LastName>
                <FirstName />
                <YesVotes>11</YesVotes>
              </Candidate>
              <Candidate>
                <CandidateID>750117353</CandidateID>
                <LastName>Uncommitted</LastName>
                <FirstName />
                <YesVotes>56</YesVotes>
              </Candidate>
            </Party>
            <Party>
              <PartyName>Democratic</PartyName>
              <Candidate>
                <CandidateID>750117276</CandidateID>
                <LastName>Amy Klobuchar</LastName>
                <FirstName />
                <YesVotes>42</YesVotes>
              </Candidate>
              <Candidate>
                <CandidateID>750117280</CandidateID>
                <LastName>Tom Steyer</LastName>
                <FirstName />
                <YesVotes>6</YesVotes>
              </Candidate>
              <Candidate>
                <CandidateID>750117274</CandidateID>
                <LastName>Tulsi Gabbard</LastName>
                <FirstName />
                <YesVotes>91</YesVotes>
              </Candidate>
              <Candidate>
                <CandidateID>750117278</CandidateID>
                <LastName>Leonard J. Steinman II</LastName>
                <FirstName />
                <YesVotes>43</YesVotes>
              </Candidate>
              <Candidate>
                <CandidateID>750117285</CandidateID>
                <LastName>Cory Booker</LastName>
                <FirstName />
                <YesVotes>8</YesVotes>
              </Candidate>
              <Candidate>
                <CandidateID>750117279</CandidateID>
                <LastName>Joseph R. Biden</LastName>
                <FirstName />
                <YesVotes>4504</YesVotes>
              </Candidate>
              <Candidate>
                <CandidateID>750117282</CandidateID>
                <LastName>Elizabeth Warren</LastName>
                <FirstName />
                <YesVotes>116</YesVotes>
              </Candidate>
              <Candidate>
                <CandidateID>750117275</CandidateID>
                <LastName>Pete Buttigieg</LastName>
                <FirstName />
                <YesVotes>34</YesVotes>
              </Candidate>
              <Candidate>
                <CandidateID>750117283</CandidateID>
                <LastName>Bernie Sanders</LastName>
                <FirstName />
                <YesVotes>2385</YesVotes>
              </Candidate>
              <Candidate>
                <CandidateID>750117277</CandidateID>
                <LastName>Velma Steinman</LastName>
                <FirstName />
                <YesVotes>9</YesVotes>
              </Candidate>
              <Candidate>
                <CandidateID>750117287</CandidateID>
                <LastName>Henry Hewes</LastName>
                <FirstName />
                <YesVotes>1</YesVotes>
              </Candidate>
              <Candidate>
                <CandidateID>750117288</CandidateID>
                <LastName>Andrew Yang</LastName>
                <FirstName />
                <YesVotes>15</YesVotes>
              </Candidate>
              <Candidate>
                <CandidateID>750117299</CandidateID>
                <LastName>Roque De La Fuente</LastName>
                <FirstName />
                <YesVotes>0</YesVotes>
              </Candidate>
              <Candidate>
                <CandidateID>750117301</CandidateID>
                <LastName>John K. Delaney</LastName>
                <FirstName />
                <YesVotes>0</YesVotes>
              </Candidate>
              <Candidate>
                <CandidateID>750117302</CandidateID>
                <LastName>Julián Castro</LastName>
                <FirstName />
                <YesVotes>2</YesVotes>
              </Candidate>
              <Candidate>
                <CandidateID>750117303</CandidateID>
                <LastName>Deval Patrick</LastName>
                <FirstName />
                <YesVotes>0</YesVotes>
              </Candidate>
              <Candidate>
                <CandidateID>750117321</CandidateID>
                <LastName>Marianne Williamson</LastName>
                <FirstName />
                <YesVotes>2</YesVotes>
              </Candidate>
              <Candidate>
                <CandidateID>750117323</CandidateID>
                <LastName>Michael Bennet</LastName>
                <FirstName />
                <YesVotes>0</YesVotes>
              </Candidate>
              <Candidate>
                <CandidateID>750117324</CandidateID>
                <LastName>Michael R. Bloomberg</LastName>
                <FirstName />
                <YesVotes>94</YesVotes>
              </Candidate>
              <Candidate>
                <CandidateID>750117326</CandidateID>
                <LastName>Steve Burke</LastName>
                <FirstName />
                <YesVotes>2</YesVotes>
              </Candidate>
              <Candidate>
                <CandidateID>750117331</CandidateID>
                <LastName>Robby Wells</LastName>
                <FirstName />
                <YesVotes>0</YesVotes>
              </Candidate>
              <Candidate>
                <CandidateID>750117332</CandidateID>
                <LastName>William C. (Bill) Haas</LastName>
                <FirstName />
                <YesVotes>2</YesVotes>
              </Candidate>
              <Candidate>
                <CandidateID>750117354</CandidateID>
                <LastName>Uncommitted</LastName>
                <FirstName />
                <YesVotes>20</YesVotes>
              </Candidate>
            </Party>
            <Party>
              <PartyName>Libertarian</PartyName>
              <Candidate>
                <CandidateID>750117320</CandidateID>
                <LastName>Jacob Hornberger</LastName>
                <FirstName />
                <YesVotes>21</YesVotes>
              </Candidate>
              <Candidate>
                <CandidateID>750117355</CandidateID>
                <LastName>Uncommitted</LastName>
                <FirstName />
                <YesVotes>4</YesVotes>
              </Candidate>
            </Party>
            <Party>
              <PartyName>Green</PartyName>
              <Candidate>
                <CandidateID>750117325</CandidateID>
                <LastName>Howie Hawkins</LastName>
                <FirstName />
                <YesVotes>1</YesVotes>
              </Candidate>
              <Candidate>
                <CandidateID>750117327</CandidateID>
                <LastName>Dario Hunter</LastName>
                <FirstName />
                <YesVotes>1</YesVotes>
              </Candidate>
              <Candidate>
                <CandidateID>750117329</CandidateID>
                <LastName>David Rolde</LastName>
                <FirstName />
                <YesVotes>0</YesVotes>
              </Candidate>
              <Candidate>
                <CandidateID>750117356</CandidateID>
                <LastName>Uncommitted</LastName>
                <FirstName />
                <YesVotes>0</YesVotes>
              </Candidate>
            </Party>
            <Party>
              <PartyName>Constitution</PartyName>
              <Candidate>
                <CandidateID>750117333</CandidateID>
                <LastName>Don J. Grundmann</LastName>
                <FirstName />
                <YesVotes>1</YesVotes>
              </Candidate>
              <Candidate>
                <CandidateID>750117335</CandidateID>
                <LastName>Don Blankenship</LastName>
                <FirstName />
                <YesVotes>1</YesVotes>
              </Candidate>
              <Candidate>
                <CandidateID>750117357</CandidateID>
                <LastName>Uncommitted</LastName>
                <FirstName />
                <YesVotes>1</YesVotes>
              </Candidate>
            </Party>
          </CountyResults>
        </Counties>
        <Counties>
          <CountyName>Cooper</CountyName>
          <CountyResults>
            <ReportingPrecincts>11</ReportingPrecincts>
            <TotalPrecincts>11</TotalPrecincts>
            <Party>
              <PartyName>Republican</PartyName>
              <Candidate>
                <CandidateID>750117286</CandidateID>
                <LastName>Donald J Trump</LastName>
                <FirstName />
                <YesVotes>1076</YesVotes>
              </Candidate>
              <Candidate>
                <CandidateID>750117300</CandidateID>
                <LastName>Bob Ely</LastName>
                <FirstName />
                <YesVotes>2</YesVotes>
              </Candidate>
              <Candidate>
                <CandidateID>750117328</CandidateID>
                <LastName>Bill Weld</LastName>
                <FirstName />
                <YesVotes>6</YesVotes>
              </Candidate>
              <Candidate>
                <CandidateID>750117330</CandidateID>
                <LastName>Joe Walsh</LastName>
                <FirstName />
                <YesVotes>5</YesVotes>
              </Candidate>
              <Candidate>
                <CandidateID>750117334</CandidateID>
                <LastName>Matthew John Matern</LastName>
                <FirstName />
                <YesVotes>2</YesVotes>
              </Candidate>
              <Candidate>
                <CandidateID>750117353</CandidateID>
                <LastName>Uncommitted</LastName>
                <FirstName />
                <YesVotes>7</YesVotes>
              </Candidate>
            </Party>
            <Party>
              <PartyName>Democratic</PartyName>
              <Candidate>
                <CandidateID>750117276</CandidateID>
                <LastName>Amy Klobuchar</LastName>
                <FirstName />
                <YesVotes>8</YesVotes>
              </Candidate>
              <Candidate>
                <CandidateID>750117280</CandidateID>
                <LastName>Tom Steyer</LastName>
                <FirstName />
                <YesVotes>2</YesVotes>
              </Candidate>
              <Candidate>
                <CandidateID>750117274</CandidateID>
                <LastName>Tulsi Gabbard</LastName>
                <FirstName />
                <YesVotes>20</YesVotes>
              </Candidate>
              <Candidate>
                <CandidateID>750117278</CandidateID>
                <LastName>Leonard J. Steinman II</LastName>
                <FirstName />
                <YesVotes>1</YesVotes>
              </Candidate>
              <Candidate>
                <CandidateID>750117285</CandidateID>
                <LastName>Cory Booker</LastName>
                <FirstName />
                <YesVotes>2</YesVotes>
              </Candidate>
              <Candidate>
                <CandidateID>750117279</CandidateID>
                <LastName>Joseph R. Biden</LastName>
                <FirstName />
                <YesVotes>833</YesVotes>
              </Candidate>
              <Candidate>
                <CandidateID>750117282</CandidateID>
                <LastName>Elizabeth Warren</LastName>
                <FirstName />
                <YesVotes>18</YesVotes>
              </Candidate>
              <Candidate>
                <CandidateID>750117275</CandidateID>
                <LastName>Pete Buttigieg</LastName>
                <FirstName />
                <YesVotes>7</YesVotes>
              </Candidate>
              <Candidate>
                <CandidateID>750117283</CandidateID>
                <LastName>Bernie Sanders</LastName>
                <FirstName />
                <YesVotes>368</YesVotes>
              </Candidate>
              <Candidate>
                <CandidateID>750117277</CandidateID>
                <LastName>Velma Steinman</LastName>
                <FirstName />
                <YesVotes>1</YesVotes>
              </Candidate>
              <Candidate>
                <CandidateID>750117287</CandidateID>
                <LastName>Henry Hewes</LastName>
                <FirstName />
                <YesVotes>0</YesVotes>
              </Candidate>
              <Candidate>
                <CandidateID>750117288</CandidateID>
                <LastName>Andrew Yang</LastName>
                <FirstName />
                <YesVotes>1</YesVotes>
              </Candidate>
              <Candidate>
                <CandidateID>750117299</CandidateID>
                <LastName>Roque De La Fuente</LastName>
                <FirstName />
                <YesVotes>0</YesVotes>
              </Candidate>
              <Candidate>
                <CandidateID>750117301</CandidateID>
                <LastName>John K. Delaney</LastName>
                <FirstName />
                <YesVotes>2</YesVotes>
              </Candidate>
              <Candidate>
                <CandidateID>750117302</CandidateID>
                <LastName>Julián Castro</LastName>
                <FirstName />
                <YesVotes>0</YesVotes>
              </Candidate>
              <Candidate>
                <CandidateID>750117303</CandidateID>
                <LastName>Deval Patrick</LastName>
                <FirstName />
                <YesVotes>0</YesVotes>
              </Candidate>
              <Candidate>
                <CandidateID>750117321</CandidateID>
                <LastName>Marianne Williamson</LastName>
                <FirstName />
                <YesVotes>0</YesVotes>
              </Candidate>
              <Candidate>
                <CandidateID>750117323</CandidateID>
                <LastName>Michael Bennet</LastName>
                <FirstName />
                <YesVotes>1</YesVotes>
              </Candidate>
              <Candidate>
                <CandidateID>750117324</CandidateID>
                <LastName>Michael R. Bloomberg</LastName>
                <FirstName />
                <YesVotes>20</YesVotes>
              </Candidate>
              <Candidate>
                <CandidateID>750117326</CandidateID>
                <LastName>Steve Burke</LastName>
                <FirstName />
                <YesVotes>1</YesVotes>
              </Candidate>
              <Candidate>
                <CandidateID>750117331</CandidateID>
                <LastName>Robby Wells</LastName>
                <FirstName />
                <YesVotes>0</YesVotes>
              </Candidate>
              <Candidate>
                <CandidateID>750117332</CandidateID>
                <LastName>William C. (Bill) Haas</LastName>
                <FirstName />
                <YesVotes>1</YesVotes>
              </Candidate>
              <Candidate>
                <CandidateID>750117354</CandidateID>
                <LastName>Uncommitted</LastName>
                <FirstName />
                <YesVotes>6</YesVotes>
              </Candidate>
            </Party>
            <Party>
              <PartyName>Libertarian</PartyName>
              <Candidate>
                <CandidateID>750117320</CandidateID>
                <LastName>Jacob Hornberger</LastName>
                <FirstName />
                <YesVotes>12</YesVotes>
              </Candidate>
              <Candidate>
                <CandidateID>750117355</CandidateID>
                <LastName>Uncommitted</LastName>
                <FirstName />
                <YesVotes>2</YesVotes>
              </Candidate>
            </Party>
            <Party>
              <PartyName>Green</PartyName>
              <Candidate>
                <CandidateID>750117325</CandidateID>
                <LastName>Howie Hawkins</LastName>
                <FirstName />
                <YesVotes>0</YesVotes>
              </Candidate>
              <Candidate>
                <CandidateID>750117327</CandidateID>
                <LastName>Dario Hunter</LastName>
                <FirstName />
                <YesVotes>0</YesVotes>
              </Candidate>
              <Candidate>
                <CandidateID>750117329</CandidateID>
                <LastName>David Rolde</LastName>
                <FirstName />
                <YesVotes>0</YesVotes>
              </Candidate>
              <Candidate>
                <CandidateID>750117356</CandidateID>
                <LastName>Uncommitted</LastName>
                <FirstName />
                <YesVotes>0</YesVotes>
              </Candidate>
            </Party>
            <Party>
              <PartyName>Constitution</PartyName>
              <Candidate>
                <CandidateID>750117333</CandidateID>
                <LastName>Don J. Grundmann</LastName>
                <FirstName />
                <YesVotes>1</YesVotes>
              </Candidate>
              <Candidate>
                <CandidateID>750117335</CandidateID>
                <LastName>Don Blankenship</LastName>
                <FirstName />
                <YesVotes>0</YesVotes>
              </Candidate>
              <Candidate>
                <CandidateID>750117357</CandidateID>
                <LastName>Uncommitted</LastName>
                <FirstName />
                <YesVotes>0</YesVotes>
              </Candidate>
            </Party>
          </CountyResults>
        </Counties>
        <Counties>
          <CountyName>Crawford</CountyName>
          <CountyResults>
            <ReportingPrecincts>9</ReportingPrecincts>
            <TotalPrecincts>9</TotalPrecincts>
            <Party>
              <PartyName>Republican</PartyName>
              <Candidate>
                <CandidateID>750117286</CandidateID>
                <LastName>Donald J Trump</LastName>
                <FirstName />
                <YesVotes>1587</YesVotes>
              </Candidate>
              <Candidate>
                <CandidateID>750117300</CandidateID>
                <LastName>Bob Ely</LastName>
                <FirstName />
                <YesVotes>2</YesVotes>
              </Candidate>
              <Candidate>
                <CandidateID>750117328</CandidateID>
                <LastName>Bill Weld</LastName>
                <FirstName />
                <YesVotes>5</YesVotes>
              </Candidate>
              <Candidate>
                <CandidateID>750117330</CandidateID>
                <LastName>Joe Walsh</LastName>
                <FirstName />
                <YesVotes>2</YesVotes>
              </Candidate>
              <Candidate>
                <CandidateID>750117334</CandidateID>
                <LastName>Matthew John Matern</LastName>
                <FirstName />
                <YesVotes>0</YesVotes>
              </Candidate>
              <Candidate>
                <CandidateID>750117353</CandidateID>
                <LastName>Uncommitted</LastName>
                <FirstName />
                <YesVotes>6</YesVotes>
              </Candidate>
            </Party>
            <Party>
              <PartyName>Democratic</PartyName>
              <Candidate>
                <CandidateID>750117276</CandidateID>
                <LastName>Amy Klobuchar</LastName>
                <FirstName />
                <YesVotes>4</YesVotes>
              </Candidate>
              <Candidate>
                <CandidateID>750117280</CandidateID>
                <LastName>Tom Steyer</LastName>
                <FirstName />
                <YesVotes>3</YesVotes>
              </Candidate>
              <Candidate>
                <CandidateID>750117274</CandidateID>
                <LastName>Tulsi Gabbard</LastName>
                <FirstName />
                <YesVotes>7</YesVotes>
              </Candidate>
              <Candidate>
                <CandidateID>750117278</CandidateID>
                <LastName>Leonard J. Steinman II</LastName>
                <FirstName />
                <YesVotes>0</YesVotes>
              </Candidate>
              <Candidate>
                <CandidateID>750117285</CandidateID>
                <LastName>Cory Booker</LastName>
                <FirstName />
                <YesVotes>2</YesVotes>
              </Candidate>
              <Candidate>
                <CandidateID>750117279</CandidateID>
                <LastName>Joseph R. Biden</LastName>
                <FirstName />
                <YesVotes>662</YesVotes>
              </Candidate>
              <Candidate>
                <CandidateID>750117282</CandidateID>
                <LastName>Elizabeth Warren</LastName>
                <FirstName />
                <YesVotes>14</YesVotes>
              </Candidate>
              <Candidate>
                <CandidateID>750117275</CandidateID>
                <LastName>Pete Buttigieg</LastName>
                <FirstName />
                <YesVotes>6</YesVotes>
              </Candidate>
              <Candidate>
                <CandidateID>750117283</CandidateID>
                <LastName>Bernie Sanders</LastName>
                <FirstName />
                <YesVotes>384</YesVotes>
              </Candidate>
              <Candidate>
                <CandidateID>750117277</CandidateID>
                <LastName>Velma Steinman</LastName>
                <FirstName />
                <YesVotes>0</YesVotes>
              </Candidate>
              <Candidate>
                <CandidateID>750117287</CandidateID>
                <LastName>Henry Hewes</LastName>
                <FirstName />
                <YesVotes>1</YesVotes>
              </Candidate>
              <Candidate>
                <CandidateID>750117288</CandidateID>
                <LastName>Andrew Yang</LastName>
                <FirstName />
                <YesVotes>1</YesVotes>
              </Candidate>
              <Candidate>
                <CandidateID>750117299</CandidateID>
                <LastName>Roque De La Fuente</LastName>
                <FirstName />
                <YesVotes>0</YesVotes>
              </Candidate>
              <Candidate>
                <CandidateID>750117301</CandidateID>
                <LastName>John K. Delaney</LastName>
                <FirstName />
                <YesVotes>0</YesVotes>
              </Candidate>
              <Candidate>
                <CandidateID>750117302</CandidateID>
                <LastName>Julián Castro</LastName>
                <FirstName />
                <YesVotes>2</YesVotes>
              </Candidate>
              <Candidate>
                <CandidateID>750117303</CandidateID>
                <LastName>Deval Patrick</LastName>
                <FirstName />
                <YesVotes>0</YesVotes>
              </Candidate>
              <Candidate>
                <CandidateID>750117321</CandidateID>
                <LastName>Marianne Williamson</LastName>
                <FirstName />
                <YesVotes>0</YesVotes>
              </Candidate>
              <Candidate>
                <CandidateID>750117323</CandidateID>
                <LastName>Michael Bennet</LastName>
                <FirstName />
                <YesVotes>0</YesVotes>
              </Candidate>
              <Candidate>
                <CandidateID>750117324</CandidateID>
                <LastName>Michael R. Bloomberg</LastName>
                <FirstName />
                <YesVotes>13</YesVotes>
              </Candidate>
              <Candidate>
                <CandidateID>750117326</CandidateID>
                <LastName>Steve Burke</LastName>
                <FirstName />
                <YesVotes>1</YesVotes>
              </Candidate>
              <Candidate>
                <CandidateID>750117331</CandidateID>
                <LastName>Robby Wells</LastName>
                <FirstName />
                <YesVotes>0</YesVotes>
              </Candidate>
              <Candidate>
                <CandidateID>750117332</CandidateID>
                <LastName>William C. (Bill) Haas</LastName>
                <FirstName />
                <YesVotes>2</YesVotes>
              </Candidate>
              <Candidate>
                <CandidateID>750117354</CandidateID>
                <LastName>Uncommitted</LastName>
                <FirstName />
                <YesVotes>5</YesVotes>
              </Candidate>
            </Party>
            <Party>
              <PartyName>Libertarian</PartyName>
              <Candidate>
                <CandidateID>750117320</CandidateID>
                <LastName>Jacob Hornberger</LastName>
                <FirstName />
                <YesVotes>5</YesVotes>
              </Candidate>
              <Candidate>
                <CandidateID>750117355</CandidateID>
                <LastName>Uncommitted</LastName>
                <FirstName />
                <YesVotes>0</YesVotes>
              </Candidate>
            </Party>
            <Party>
              <PartyName>Green</PartyName>
              <Candidate>
                <CandidateID>750117325</CandidateID>
                <LastName>Howie Hawkins</LastName>
                <FirstName />
                <YesVotes>0</YesVotes>
              </Candidate>
              <Candidate>
                <CandidateID>750117327</CandidateID>
                <LastName>Dario Hunter</LastName>
                <FirstName />
                <YesVotes>2</YesVotes>
              </Candidate>
              <Candidate>
                <CandidateID>750117329</CandidateID>
                <LastName>David Rolde</LastName>
                <FirstName />
                <YesVotes>1</YesVotes>
              </Candidate>
              <Candidate>
                <CandidateID>750117356</CandidateID>
                <LastName>Uncommitted</LastName>
                <FirstName />
                <YesVotes>0</YesVotes>
              </Candidate>
            </Party>
            <Party>
              <PartyName>Constitution</PartyName>
              <Candidate>
                <CandidateID>750117333</CandidateID>
                <LastName>Don J. Grundmann</LastName>
                <FirstName />
                <YesVotes>0</YesVotes>
              </Candidate>
              <Candidate>
                <CandidateID>750117335</CandidateID>
                <LastName>Don Blankenship</LastName>
                <FirstName />
                <YesVotes>1</YesVotes>
              </Candidate>
              <Candidate>
                <CandidateID>750117357</CandidateID>
                <LastName>Uncommitted</LastName>
                <FirstName />
                <YesVotes>1</YesVotes>
              </Candidate>
            </Party>
          </CountyResults>
        </Counties>
        <Counties>
          <CountyName>Dade</CountyName>
          <CountyResults>
            <ReportingPrecincts>9</ReportingPrecincts>
            <TotalPrecincts>9</TotalPrecincts>
            <Party>
              <PartyName>Republican</PartyName>
              <Candidate>
                <CandidateID>750117286</CandidateID>
                <LastName>Donald J Trump</LastName>
                <FirstName />
                <YesVotes>883</YesVotes>
              </Candidate>
              <Candidate>
                <CandidateID>750117300</CandidateID>
                <LastName>Bob Ely</LastName>
                <FirstName />
                <YesVotes>1</YesVotes>
              </Candidate>
              <Candidate>
                <CandidateID>750117328</CandidateID>
                <LastName>Bill Weld</LastName>
                <FirstName />
                <YesVotes>4</YesVotes>
              </Candidate>
              <Candidate>
                <CandidateID>750117330</CandidateID>
                <LastName>Joe Walsh</LastName>
                <FirstName />
                <YesVotes>5</YesVotes>
              </Candidate>
              <Candidate>
                <CandidateID>750117334</CandidateID>
                <LastName>Matthew John Matern</LastName>
                <FirstName />
                <YesVotes>6</YesVotes>
              </Candidate>
              <Candidate>
                <CandidateID>750117353</CandidateID>
                <LastName>Uncommitted</LastName>
                <FirstName />
                <YesVotes>1</YesVotes>
              </Candidate>
            </Party>
            <Party>
              <PartyName>Democratic</PartyName>
              <Candidate>
                <CandidateID>750117276</CandidateID>
                <LastName>Amy Klobuchar</LastName>
                <FirstName />
                <YesVotes>1</YesVotes>
              </Candidate>
              <Candidate>
                <CandidateID>750117280</CandidateID>
                <LastName>Tom Steyer</LastName>
                <FirstName />
                <YesVotes>0</YesVotes>
              </Candidate>
              <Candidate>
                <CandidateID>750117274</CandidateID>
                <LastName>Tulsi Gabbard</LastName>
                <FirstName />
                <YesVotes>8</YesVotes>
              </Candidate>
              <Candidate>
                <CandidateID>750117278</CandidateID>
                <LastName>Leonard J. Steinman II</LastName>
                <FirstName />
                <YesVotes>0</YesVotes>
              </Candidate>
              <Candidate>
                <CandidateID>750117285</CandidateID>
                <LastName>Cory Booker</LastName>
                <FirstName />
                <YesVotes>0</YesVotes>
              </Candidate>
              <Candidate>
                <CandidateID>750117279</CandidateID>
                <LastName>Joseph R. Biden</LastName>
                <FirstName />
                <YesVotes>263</YesVotes>
              </Candidate>
              <Candidate>
                <CandidateID>750117282</CandidateID>
                <LastName>Elizabeth Warren</LastName>
                <FirstName />
                <YesVotes>1</YesVotes>
              </Candidate>
              <Candidate>
                <CandidateID>750117275</CandidateID>
                <LastName>Pete Buttigieg</LastName>
                <FirstName />
                <YesVotes>1</YesVotes>
              </Candidate>
              <Candidate>
                <CandidateID>750117283</CandidateID>
                <LastName>Bernie Sanders</LastName>
                <FirstName />
                <YesVotes>97</YesVotes>
              </Candidate>
              <Candidate>
                <CandidateID>750117277</CandidateID>
                <LastName>Velma Steinman</LastName>
                <FirstName />
                <YesVotes>0</YesVotes>
              </Candidate>
              <Candidate>
                <CandidateID>750117287</CandidateID>
                <LastName>Henry Hewes</LastName>
                <FirstName />
                <YesVotes>0</YesVotes>
              </Candidate>
              <Candidate>
                <CandidateID>750117288</CandidateID>
                <LastName>Andrew Yang</LastName>
                <FirstName />
                <YesVotes>0</YesVotes>
              </Candidate>
              <Candidate>
                <CandidateID>750117299</CandidateID>
                <LastName>Roque De La Fuente</LastName>
                <FirstName />
                <YesVotes>1</YesVotes>
              </Candidate>
              <Candidate>
                <CandidateID>750117301</CandidateID>
                <LastName>John K. Delaney</LastName>
                <FirstName />
                <YesVotes>0</YesVotes>
              </Candidate>
              <Candidate>
                <CandidateID>750117302</CandidateID>
                <LastName>Julián Castro</LastName>
                <FirstName />
                <YesVotes>0</YesVotes>
              </Candidate>
              <Candidate>
                <CandidateID>750117303</CandidateID>
                <LastName>Deval Patrick</LastName>
                <FirstName />
                <YesVotes>0</YesVotes>
              </Candidate>
              <Candidate>
                <CandidateID>750117321</CandidateID>
                <LastName>Marianne Williamson</LastName>
                <FirstName />
                <YesVotes>1</YesVotes>
              </Candidate>
              <Candidate>
                <CandidateID>750117323</CandidateID>
                <LastName>Michael Bennet</LastName>
                <FirstName />
                <YesVotes>0</YesVotes>
              </Candidate>
              <Candidate>
                <CandidateID>750117324</CandidateID>
                <LastName>Michael R. Bloomberg</LastName>
                <FirstName />
                <YesVotes>6</YesVotes>
              </Candidate>
              <Candidate>
                <CandidateID>750117326</CandidateID>
                <LastName>Steve Burke</LastName>
                <FirstName />
                <YesVotes>0</YesVotes>
              </Candidate>
              <Candidate>
                <CandidateID>750117331</CandidateID>
                <LastName>Robby Wells</LastName>
                <FirstName />
                <YesVotes>0</YesVotes>
              </Candidate>
              <Candidate>
                <CandidateID>750117332</CandidateID>
                <LastName>William C. (Bill) Haas</LastName>
                <FirstName />
                <YesVotes>0</YesVotes>
              </Candidate>
              <Candidate>
                <CandidateID>750117354</CandidateID>
                <LastName>Uncommitted</LastName>
                <FirstName />
                <YesVotes>2</YesVotes>
              </Candidate>
            </Party>
            <Party>
              <PartyName>Libertarian</PartyName>
              <Candidate>
                <CandidateID>750117320</CandidateID>
                <LastName>Jacob Hornberger</LastName>
                <FirstName />
                <YesVotes>1</YesVotes>
              </Candidate>
              <Candidate>
                <CandidateID>750117355</CandidateID>
                <LastName>Uncommitted</LastName>
                <FirstName />
                <YesVotes>0</YesVotes>
              </Candidate>
            </Party>
            <Party>
              <PartyName>Green</PartyName>
              <Candidate>
                <CandidateID>750117325</CandidateID>
                <LastName>Howie Hawkins</LastName>
                <FirstName />
                <YesVotes>0</YesVotes>
              </Candidate>
              <Candidate>
                <CandidateID>750117327</CandidateID>
                <LastName>Dario Hunter</LastName>
                <FirstName />
                <YesVotes>0</YesVotes>
              </Candidate>
              <Candidate>
                <CandidateID>750117329</CandidateID>
                <LastName>David Rolde</LastName>
                <FirstName />
                <YesVotes>0</YesVotes>
              </Candidate>
              <Candidate>
                <CandidateID>750117356</CandidateID>
                <LastName>Uncommitted</LastName>
                <FirstName />
                <YesVotes>0</YesVotes>
              </Candidate>
            </Party>
            <Party>
              <PartyName>Constitution</PartyName>
              <Candidate>
                <CandidateID>750117333</CandidateID>
                <LastName>Don J. Grundmann</LastName>
                <FirstName />
                <YesVotes>0</YesVotes>
              </Candidate>
              <Candidate>
                <CandidateID>750117335</CandidateID>
                <LastName>Don Blankenship</LastName>
                <FirstName />
                <YesVotes>0</YesVotes>
              </Candidate>
              <Candidate>
                <CandidateID>750117357</CandidateID>
                <LastName>Uncommitted</LastName>
                <FirstName />
                <YesVotes>0</YesVotes>
              </Candidate>
            </Party>
          </CountyResults>
        </Counties>
        <Counties>
          <CountyName>Dallas</CountyName>
          <CountyResults>
            <ReportingPrecincts>12</ReportingPrecincts>
            <TotalPrecincts>12</TotalPrecincts>
            <Party>
              <PartyName>Republican</PartyName>
              <Candidate>
                <CandidateID>750117286</CandidateID>
                <LastName>Donald J Trump</LastName>
                <FirstName />
                <YesVotes>1512</YesVotes>
              </Candidate>
              <Candidate>
                <CandidateID>750117300</CandidateID>
                <LastName>Bob Ely</LastName>
                <FirstName />
                <YesVotes>2</YesVotes>
              </Candidate>
              <Candidate>
                <CandidateID>750117328</CandidateID>
                <LastName>Bill Weld</LastName>
                <FirstName />
                <YesVotes>4</YesVotes>
              </Candidate>
              <Candidate>
                <CandidateID>750117330</CandidateID>
                <LastName>Joe Walsh</LastName>
                <FirstName />
                <YesVotes>2</YesVotes>
              </Candidate>
              <Candidate>
                <CandidateID>750117334</CandidateID>
                <LastName>Matthew John Matern</LastName>
                <FirstName />
                <YesVotes>1</YesVotes>
              </Candidate>
              <Candidate>
                <CandidateID>750117353</CandidateID>
                <LastName>Uncommitted</LastName>
                <FirstName />
                <YesVotes>13</YesVotes>
              </Candidate>
            </Party>
            <Party>
              <PartyName>Democratic</PartyName>
              <Candidate>
                <CandidateID>750117276</CandidateID>
                <LastName>Amy Klobuchar</LastName>
                <FirstName />
                <YesVotes>7</YesVotes>
              </Candidate>
              <Candidate>
                <CandidateID>750117280</CandidateID>
                <LastName>Tom Steyer</LastName>
                <FirstName />
                <YesVotes>1</YesVotes>
              </Candidate>
              <Candidate>
                <CandidateID>750117274</CandidateID>
                <LastName>Tulsi Gabbard</LastName>
                <FirstName />
                <YesVotes>11</YesVotes>
              </Candidate>
              <Candidate>
                <CandidateID>750117278</CandidateID>
                <LastName>Leonard J. Steinman II</LastName>
                <FirstName />
                <YesVotes>0</YesVotes>
              </Candidate>
              <Candidate>
                <CandidateID>750117285</CandidateID>
                <LastName>Cory Booker</LastName>
                <FirstName />
                <YesVotes>0</YesVotes>
              </Candidate>
              <Candidate>
                <CandidateID>750117279</CandidateID>
                <LastName>Joseph R. Biden</LastName>
                <FirstName />
                <YesVotes>530</YesVotes>
              </Candidate>
              <Candidate>
                <CandidateID>750117282</CandidateID>
                <LastName>Elizabeth Warren</LastName>
                <FirstName />
                <YesVotes>5</YesVotes>
              </Candidate>
              <Candidate>
                <CandidateID>750117275</CandidateID>
                <LastName>Pete Buttigieg</LastName>
                <FirstName />
                <YesVotes>3</YesVotes>
              </Candidate>
              <Candidate>
                <CandidateID>750117283</CandidateID>
                <LastName>Bernie Sanders</LastName>
                <FirstName />
                <YesVotes>269</YesVotes>
              </Candidate>
              <Candidate>
                <CandidateID>750117277</CandidateID>
                <LastName>Velma Steinman</LastName>
                <FirstName />
                <YesVotes>1</YesVotes>
              </Candidate>
              <Candidate>
                <CandidateID>750117287</CandidateID>
                <LastName>Henry Hewes</LastName>
                <FirstName />
                <YesVotes>1</YesVotes>
              </Candidate>
              <Candidate>
                <CandidateID>750117288</CandidateID>
                <LastName>Andrew Yang</LastName>
                <FirstName />
                <YesVotes>0</YesVotes>
              </Candidate>
              <Candidate>
                <CandidateID>750117299</CandidateID>
                <LastName>Roque De La Fuente</LastName>
                <FirstName />
                <YesVotes>0</YesVotes>
              </Candidate>
              <Candidate>
                <CandidateID>750117301</CandidateID>
                <LastName>John K. Delaney</LastName>
                <FirstName />
                <YesVotes>1</YesVotes>
              </Candidate>
              <Candidate>
                <CandidateID>750117302</CandidateID>
                <LastName>Julián Castro</LastName>
                <FirstName />
                <YesVotes>0</YesVotes>
              </Candidate>
              <Candidate>
                <CandidateID>750117303</CandidateID>
                <LastName>Deval Patrick</LastName>
                <FirstName />
                <YesVotes>0</YesVotes>
              </Candidate>
              <Candidate>
                <CandidateID>750117321</CandidateID>
                <LastName>Marianne Williamson</LastName>
                <FirstName />
                <YesVotes>0</YesVotes>
              </Candidate>
              <Candidate>
                <CandidateID>750117323</CandidateID>
                <LastName>Michael Bennet</LastName>
                <FirstName />
                <YesVotes>0</YesVotes>
              </Candidate>
              <Candidate>
                <CandidateID>750117324</CandidateID>
                <LastName>Michael R. Bloomberg</LastName>
                <FirstName />
                <YesVotes>18</YesVotes>
              </Candidate>
              <Candidate>
                <CandidateID>750117326</CandidateID>
                <LastName>Steve Burke</LastName>
                <FirstName />
                <YesVotes>0</YesVotes>
              </Candidate>
              <Candidate>
                <CandidateID>750117331</CandidateID>
                <LastName>Robby Wells</LastName>
                <FirstName />
                <YesVotes>0</YesVotes>
              </Candidate>
              <Candidate>
                <CandidateID>750117332</CandidateID>
                <LastName>William C. (Bill) Haas</LastName>
                <FirstName />
                <YesVotes>0</YesVotes>
              </Candidate>
              <Candidate>
                <CandidateID>750117354</CandidateID>
                <LastName>Uncommitted</LastName>
                <FirstName />
                <YesVotes>3</YesVotes>
              </Candidate>
            </Party>
            <Party>
              <PartyName>Libertarian</PartyName>
              <Candidate>
                <CandidateID>750117320</CandidateID>
                <LastName>Jacob Hornberger</LastName>
                <FirstName />
                <YesVotes>4</YesVotes>
              </Candidate>
              <Candidate>
                <CandidateID>750117355</CandidateID>
                <LastName>Uncommitted</LastName>
                <FirstName />
                <YesVotes>0</YesVotes>
              </Candidate>
            </Party>
            <Party>
              <PartyName>Green</PartyName>
              <Candidate>
                <CandidateID>750117325</CandidateID>
                <LastName>Howie Hawkins</LastName>
                <FirstName />
                <YesVotes>0</YesVotes>
              </Candidate>
              <Candidate>
                <CandidateID>750117327</CandidateID>
                <LastName>Dario Hunter</LastName>
                <FirstName />
                <YesVotes>0</YesVotes>
              </Candidate>
              <Candidate>
                <CandidateID>750117329</CandidateID>
                <LastName>David Rolde</LastName>
                <FirstName />
                <YesVotes>0</YesVotes>
              </Candidate>
              <Candidate>
                <CandidateID>750117356</CandidateID>
                <LastName>Uncommitted</LastName>
                <FirstName />
                <YesVotes>0</YesVotes>
              </Candidate>
            </Party>
            <Party>
              <PartyName>Constitution</PartyName>
              <Candidate>
                <CandidateID>750117333</CandidateID>
                <LastName>Don J. Grundmann</LastName>
                <FirstName />
                <YesVotes>0</YesVotes>
              </Candidate>
              <Candidate>
                <CandidateID>750117335</CandidateID>
                <LastName>Don Blankenship</LastName>
                <FirstName />
                <YesVotes>3</YesVotes>
              </Candidate>
              <Candidate>
                <CandidateID>750117357</CandidateID>
                <LastName>Uncommitted</LastName>
                <FirstName />
                <YesVotes>0</YesVotes>
              </Candidate>
            </Party>
          </CountyResults>
        </Counties>
        <Counties>
          <CountyName>Daviess</CountyName>
          <CountyResults>
            <ReportingPrecincts>6</ReportingPrecincts>
            <TotalPrecincts>6</TotalPrecincts>
            <Party>
              <PartyName>Republican</PartyName>
              <Candidate>
                <CandidateID>750117286</CandidateID>
                <LastName>Donald J Trump</LastName>
                <FirstName />
                <YesVotes>486</YesVotes>
              </Candidate>
              <Candidate>
                <CandidateID>750117300</CandidateID>
                <LastName>Bob Ely</LastName>
                <FirstName />
                <YesVotes>2</YesVotes>
              </Candidate>
              <Candidate>
                <CandidateID>750117328</CandidateID>
                <LastName>Bill Weld</LastName>
                <FirstName />
                <YesVotes>6</YesVotes>
              </Candidate>
              <Candidate>
                <CandidateID>750117330</CandidateID>
                <LastName>Joe Walsh</LastName>
                <FirstName />
                <YesVotes>2</YesVotes>
              </Candidate>
              <Candidate>
                <CandidateID>750117334</CandidateID>
                <LastName>Matthew John Matern</LastName>
                <FirstName />
                <YesVotes>1</YesVotes>
              </Candidate>
              <Candidate>
                <CandidateID>750117353</CandidateID>
                <LastName>Uncommitted</LastName>
                <FirstName />
                <YesVotes>8</YesVotes>
              </Candidate>
            </Party>
            <Party>
              <PartyName>Democratic</PartyName>
              <Candidate>
                <CandidateID>750117276</CandidateID>
                <LastName>Amy Klobuchar</LastName>
                <FirstName />
                <YesVotes>0</YesVotes>
              </Candidate>
              <Candidate>
                <CandidateID>750117280</CandidateID>
                <LastName>Tom Steyer</LastName>
                <FirstName />
                <YesVotes>1</YesVotes>
              </Candidate>
              <Candidate>
                <CandidateID>750117274</CandidateID>
                <LastName>Tulsi Gabbard</LastName>
                <FirstName />
                <YesVotes>5</YesVotes>
              </Candidate>
              <Candidate>
                <CandidateID>750117278</CandidateID>
                <LastName>Leonard J. Steinman II</LastName>
                <FirstName />
                <YesVotes>0</YesVotes>
              </Candidate>
              <Candidate>
                <CandidateID>750117285</CandidateID>
                <LastName>Cory Booker</LastName>
                <FirstName />
                <YesVotes>1</YesVotes>
              </Candidate>
              <Candidate>
                <CandidateID>750117279</CandidateID>
                <LastName>Joseph R. Biden</LastName>
                <FirstName />
                <YesVotes>299</YesVotes>
              </Candidate>
              <Candidate>
                <CandidateID>750117282</CandidateID>
                <LastName>Elizabeth Warren</LastName>
                <FirstName />
                <YesVotes>7</YesVotes>
              </Candidate>
              <Candidate>
                <CandidateID>750117275</CandidateID>
                <LastName>Pete Buttigieg</LastName>
                <FirstName />
                <YesVotes>5</YesVotes>
              </Candidate>
              <Candidate>
                <CandidateID>750117283</CandidateID>
                <LastName>Bernie Sanders</LastName>
                <FirstName />
                <YesVotes>93</YesVotes>
              </Candidate>
              <Candidate>
                <CandidateID>750117277</CandidateID>
                <LastName>Velma Steinman</LastName>
                <FirstName />
                <YesVotes>0</YesVotes>
              </Candidate>
              <Candidate>
                <CandidateID>750117287</CandidateID>
                <LastName>Henry Hewes</LastName>
                <FirstName />
                <YesVotes>0</YesVotes>
              </Candidate>
              <Candidate>
                <CandidateID>750117288</CandidateID>
                <LastName>Andrew Yang</LastName>
                <FirstName />
                <YesVotes>0</YesVotes>
              </Candidate>
              <Candidate>
                <CandidateID>750117299</CandidateID>
                <LastName>Roque De La Fuente</LastName>
                <FirstName />
                <YesVotes>0</YesVotes>
              </Candidate>
              <Candidate>
                <CandidateID>750117301</CandidateID>
                <LastName>John K. Delaney</LastName>
                <FirstName />
                <YesVotes>0</YesVotes>
              </Candidate>
              <Candidate>
                <CandidateID>750117302</CandidateID>
                <LastName>Julián Castro</LastName>
                <FirstName />
                <YesVotes>0</YesVotes>
              </Candidate>
              <Candidate>
                <CandidateID>750117303</CandidateID>
                <LastName>Deval Patrick</LastName>
                <FirstName />
                <YesVotes>0</YesVotes>
              </Candidate>
              <Candidate>
                <CandidateID>750117321</CandidateID>
                <LastName>Marianne Williamson</LastName>
                <FirstName />
                <YesVotes>0</YesVotes>
              </Candidate>
              <Candidate>
                <CandidateID>750117323</CandidateID>
                <LastName>Michael Bennet</LastName>
                <FirstName />
                <YesVotes>1</YesVotes>
              </Candidate>
              <Candidate>
                <CandidateID>750117324</CandidateID>
                <LastName>Michael R. Bloomberg</LastName>
                <FirstName />
                <YesVotes>10</YesVotes>
              </Candidate>
              <Candidate>
                <CandidateID>750117326</CandidateID>
                <LastName>Steve Burke</LastName>
                <FirstName />
                <YesVotes>1</YesVotes>
              </Candidate>
              <Candidate>
                <CandidateID>750117331</CandidateID>
                <LastName>Robby Wells</LastName>
                <FirstName />
                <YesVotes>0</YesVotes>
              </Candidate>
              <Candidate>
                <CandidateID>750117332</CandidateID>
                <LastName>William C. (Bill) Haas</LastName>
                <FirstName />
                <YesVotes>0</YesVotes>
              </Candidate>
              <Candidate>
                <CandidateID>750117354</CandidateID>
                <LastName>Uncommitted</LastName>
                <FirstName />
                <YesVotes>0</YesVotes>
              </Candidate>
            </Party>
            <Party>
              <PartyName>Libertarian</PartyName>
              <Candidate>
                <CandidateID>750117320</CandidateID>
                <LastName>Jacob Hornberger</LastName>
                <FirstName />
                <YesVotes>1</YesVotes>
              </Candidate>
              <Candidate>
                <CandidateID>750117355</CandidateID>
                <LastName>Uncommitted</LastName>
                <FirstName />
                <YesVotes>0</YesVotes>
              </Candidate>
            </Party>
            <Party>
              <PartyName>Green</PartyName>
              <Candidate>
                <CandidateID>750117325</CandidateID>
                <LastName>Howie Hawkins</LastName>
                <FirstName />
                <YesVotes>0</YesVotes>
              </Candidate>
              <Candidate>
                <CandidateID>750117327</CandidateID>
                <LastName>Dario Hunter</LastName>
                <FirstName />
                <YesVotes>0</YesVotes>
              </Candidate>
              <Candidate>
                <CandidateID>750117329</CandidateID>
                <LastName>David Rolde</LastName>
                <FirstName />
                <YesVotes>0</YesVotes>
              </Candidate>
              <Candidate>
                <CandidateID>750117356</CandidateID>
                <LastName>Uncommitted</LastName>
                <FirstName />
                <YesVotes>0</YesVotes>
              </Candidate>
            </Party>
            <Party>
              <PartyName>Constitution</PartyName>
              <Candidate>
                <CandidateID>750117333</CandidateID>
                <LastName>Don J. Grundmann</LastName>
                <FirstName />
                <YesVotes>1</YesVotes>
              </Candidate>
              <Candidate>
                <CandidateID>750117335</CandidateID>
                <LastName>Don Blankenship</LastName>
                <FirstName />
                <YesVotes>0</YesVotes>
              </Candidate>
              <Candidate>
                <CandidateID>750117357</CandidateID>
                <LastName>Uncommitted</LastName>
                <FirstName />
                <YesVotes>1</YesVotes>
              </Candidate>
            </Party>
          </CountyResults>
        </Counties>
        <Counties>
          <CountyName>De Kalb</CountyName>
          <CountyResults>
            <ReportingPrecincts>9</ReportingPrecincts>
            <TotalPrecincts>9</TotalPrecincts>
            <Party>
              <PartyName>Republican</PartyName>
              <Candidate>
                <CandidateID>750117286</CandidateID>
                <LastName>Donald J Trump</LastName>
                <FirstName />
                <YesVotes>753</YesVotes>
              </Candidate>
              <Candidate>
                <CandidateID>750117300</CandidateID>
                <LastName>Bob Ely</LastName>
                <FirstName />
                <YesVotes>1</YesVotes>
              </Candidate>
              <Candidate>
                <CandidateID>750117328</CandidateID>
                <LastName>Bill Weld</LastName>
                <FirstName />
                <YesVotes>6</YesVotes>
              </Candidate>
              <Candidate>
                <CandidateID>750117330</CandidateID>
                <LastName>Joe Walsh</LastName>
                <FirstName />
                <YesVotes>6</YesVotes>
              </Candidate>
              <Candidate>
                <CandidateID>750117334</CandidateID>
                <LastName>Matthew John Matern</LastName>
                <FirstName />
                <YesVotes>1</YesVotes>
              </Candidate>
              <Candidate>
                <CandidateID>750117353</CandidateID>
                <LastName>Uncommitted</LastName>
                <FirstName />
                <YesVotes>8</YesVotes>
              </Candidate>
            </Party>
            <Party>
              <PartyName>Democratic</PartyName>
              <Candidate>
                <CandidateID>750117276</CandidateID>
                <LastName>Amy Klobuchar</LastName>
                <FirstName />
                <YesVotes>5</YesVotes>
              </Candidate>
              <Candidate>
                <CandidateID>750117280</CandidateID>
                <LastName>Tom Steyer</LastName>
                <FirstName />
                <YesVotes>1</YesVotes>
              </Candidate>
              <Candidate>
                <CandidateID>750117274</CandidateID>
                <LastName>Tulsi Gabbard</LastName>
                <FirstName />
                <YesVotes>9</YesVotes>
              </Candidate>
              <Candidate>
                <CandidateID>750117278</CandidateID>
                <LastName>Leonard J. Steinman II</LastName>
                <FirstName />
                <YesVotes>0</YesVotes>
              </Candidate>
              <Candidate>
                <CandidateID>750117285</CandidateID>
                <LastName>Cory Booker</LastName>
                <FirstName />
                <YesVotes>0</YesVotes>
              </Candidate>
              <Candidate>
                <CandidateID>750117279</CandidateID>
                <LastName>Joseph R. Biden</LastName>
                <FirstName />
                <YesVotes>309</YesVotes>
              </Candidate>
              <Candidate>
                <CandidateID>750117282</CandidateID>
                <LastName>Elizabeth Warren</LastName>
                <FirstName />
                <YesVotes>6</YesVotes>
              </Candidate>
              <Candidate>
                <CandidateID>750117275</CandidateID>
                <LastName>Pete Buttigieg</LastName>
                <FirstName />
                <YesVotes>4</YesVotes>
              </Candidate>
              <Candidate>
                <CandidateID>750117283</CandidateID>
                <LastName>Bernie Sanders</LastName>
                <FirstName />
                <YesVotes>162</YesVotes>
              </Candidate>
              <Candidate>
                <CandidateID>750117277</CandidateID>
                <LastName>Velma Steinman</LastName>
                <FirstName />
                <YesVotes>1</YesVotes>
              </Candidate>
              <Candidate>
                <CandidateID>750117287</CandidateID>
                <LastName>Henry Hewes</LastName>
                <FirstName />
                <YesVotes>1</YesVotes>
              </Candidate>
              <Candidate>
                <CandidateID>750117288</CandidateID>
                <LastName>Andrew Yang</LastName>
                <FirstName />
                <YesVotes>2</YesVotes>
              </Candidate>
              <Candidate>
                <CandidateID>750117299</CandidateID>
                <LastName>Roque De La Fuente</LastName>
                <FirstName />
                <YesVotes>1</YesVotes>
              </Candidate>
              <Candidate>
                <CandidateID>750117301</CandidateID>
                <LastName>John K. Delaney</LastName>
                <FirstName />
                <YesVotes>2</YesVotes>
              </Candidate>
              <Candidate>
                <CandidateID>750117302</CandidateID>
                <LastName>Julián Castro</LastName>
                <FirstName />
                <YesVotes>0</YesVotes>
              </Candidate>
              <Candidate>
                <CandidateID>750117303</CandidateID>
                <LastName>Deval Patrick</LastName>
                <FirstName />
                <YesVotes>0</YesVotes>
              </Candidate>
              <Candidate>
                <CandidateID>750117321</CandidateID>
                <LastName>Marianne Williamson</LastName>
                <FirstName />
                <YesVotes>0</YesVotes>
              </Candidate>
              <Candidate>
                <CandidateID>750117323</CandidateID>
                <LastName>Michael Bennet</LastName>
                <FirstName />
                <YesVotes>0</YesVotes>
              </Candidate>
              <Candidate>
                <CandidateID>750117324</CandidateID>
                <LastName>Michael R. Bloomberg</LastName>
                <FirstName />
                <YesVotes>4</YesVotes>
              </Candidate>
              <Candidate>
                <CandidateID>750117326</CandidateID>
                <LastName>Steve Burke</LastName>
                <FirstName />
                <YesVotes>0</YesVotes>
              </Candidate>
              <Candidate>
                <CandidateID>750117331</CandidateID>
                <LastName>Robby Wells</LastName>
                <FirstName />
                <YesVotes>1</YesVotes>
              </Candidate>
              <Candidate>
                <CandidateID>750117332</CandidateID>
                <LastName>William C. (Bill) Haas</LastName>
                <FirstName />
                <YesVotes>0</YesVotes>
              </Candidate>
              <Candidate>
                <CandidateID>750117354</CandidateID>
                <LastName>Uncommitted</LastName>
                <FirstName />
                <YesVotes>3</YesVotes>
              </Candidate>
            </Party>
            <Party>
              <PartyName>Libertarian</PartyName>
              <Candidate>
                <CandidateID>750117320</CandidateID>
                <LastName>Jacob Hornberger</LastName>
                <FirstName />
                <YesVotes>2</YesVotes>
              </Candidate>
              <Candidate>
                <CandidateID>750117355</CandidateID>
                <LastName>Uncommitted</LastName>
                <FirstName />
                <YesVotes>0</YesVotes>
              </Candidate>
            </Party>
            <Party>
              <PartyName>Green</PartyName>
              <Candidate>
                <CandidateID>750117325</CandidateID>
                <LastName>Howie Hawkins</LastName>
                <FirstName />
                <YesVotes>0</YesVotes>
              </Candidate>
              <Candidate>
                <CandidateID>750117327</CandidateID>
                <LastName>Dario Hunter</LastName>
                <FirstName />
                <YesVotes>0</YesVotes>
              </Candidate>
              <Candidate>
                <CandidateID>750117329</CandidateID>
                <LastName>David Rolde</LastName>
                <FirstName />
                <YesVotes>1</YesVotes>
              </Candidate>
              <Candidate>
                <CandidateID>750117356</CandidateID>
                <LastName>Uncommitted</LastName>
                <FirstName />
                <YesVotes>0</YesVotes>
              </Candidate>
            </Party>
            <Party>
              <PartyName>Constitution</PartyName>
              <Candidate>
                <CandidateID>750117333</CandidateID>
                <LastName>Don J. Grundmann</LastName>
                <FirstName />
                <YesVotes>1</YesVotes>
              </Candidate>
              <Candidate>
                <CandidateID>750117335</CandidateID>
                <LastName>Don Blankenship</LastName>
                <FirstName />
                <YesVotes>0</YesVotes>
              </Candidate>
              <Candidate>
                <CandidateID>750117357</CandidateID>
                <LastName>Uncommitted</LastName>
                <FirstName />
                <YesVotes>1</YesVotes>
              </Candidate>
            </Party>
          </CountyResults>
        </Counties>
        <Counties>
          <CountyName>Dent</CountyName>
          <CountyResults>
            <ReportingPrecincts>9</ReportingPrecincts>
            <TotalPrecincts>9</TotalPrecincts>
            <Party>
              <PartyName>Republican</PartyName>
              <Candidate>
                <CandidateID>750117286</CandidateID>
                <LastName>Donald J Trump</LastName>
                <FirstName />
                <YesVotes>1340</YesVotes>
              </Candidate>
              <Candidate>
                <CandidateID>750117300</CandidateID>
                <LastName>Bob Ely</LastName>
                <FirstName />
                <YesVotes>2</YesVotes>
              </Candidate>
              <Candidate>
                <CandidateID>750117328</CandidateID>
                <LastName>Bill Weld</LastName>
                <FirstName />
                <YesVotes>2</YesVotes>
              </Candidate>
              <Candidate>
                <CandidateID>750117330</CandidateID>
                <LastName>Joe Walsh</LastName>
                <FirstName />
                <YesVotes>5</YesVotes>
              </Candidate>
              <Candidate>
                <CandidateID>750117334</CandidateID>
                <LastName>Matthew John Matern</LastName>
                <FirstName />
                <YesVotes>1</YesVotes>
              </Candidate>
              <Candidate>
                <CandidateID>750117353</CandidateID>
                <LastName>Uncommitted</LastName>
                <FirstName />
                <YesVotes>9</YesVotes>
              </Candidate>
            </Party>
            <Party>
              <PartyName>Democratic</PartyName>
              <Candidate>
                <CandidateID>750117276</CandidateID>
                <LastName>Amy Klobuchar</LastName>
                <FirstName />
                <YesVotes>5</YesVotes>
              </Candidate>
              <Candidate>
                <CandidateID>750117280</CandidateID>
                <LastName>Tom Steyer</LastName>
                <FirstName />
                <YesVotes>1</YesVotes>
              </Candidate>
              <Candidate>
                <CandidateID>750117274</CandidateID>
                <LastName>Tulsi Gabbard</LastName>
                <FirstName />
                <YesVotes>9</YesVotes>
              </Candidate>
              <Candidate>
                <CandidateID>750117278</CandidateID>
                <LastName>Leonard J. Steinman II</LastName>
                <FirstName />
                <YesVotes>0</YesVotes>
              </Candidate>
              <Candidate>
                <CandidateID>750117285</CandidateID>
                <LastName>Cory Booker</LastName>
                <FirstName />
                <YesVotes>2</YesVotes>
              </Candidate>
              <Candidate>
                <CandidateID>750117279</CandidateID>
                <LastName>Joseph R. Biden</LastName>
                <FirstName />
                <YesVotes>375</YesVotes>
              </Candidate>
              <Candidate>
                <CandidateID>750117282</CandidateID>
                <LastName>Elizabeth Warren</LastName>
                <FirstName />
                <YesVotes>8</YesVotes>
              </Candidate>
              <Candidate>
                <CandidateID>750117275</CandidateID>
                <LastName>Pete Buttigieg</LastName>
                <FirstName />
                <YesVotes>5</YesVotes>
              </Candidate>
              <Candidate>
                <CandidateID>750117283</CandidateID>
                <LastName>Bernie Sanders</LastName>
                <FirstName />
                <YesVotes>216</YesVotes>
              </Candidate>
              <Candidate>
                <CandidateID>750117277</CandidateID>
                <LastName>Velma Steinman</LastName>
                <FirstName />
                <YesVotes>0</YesVotes>
              </Candidate>
              <Candidate>
                <CandidateID>750117287</CandidateID>
                <LastName>Henry Hewes</LastName>
                <FirstName />
                <YesVotes>2</YesVotes>
              </Candidate>
              <Candidate>
                <CandidateID>750117288</CandidateID>
                <LastName>Andrew Yang</LastName>
                <FirstName />
                <YesVotes>1</YesVotes>
              </Candidate>
              <Candidate>
                <CandidateID>750117299</CandidateID>
                <LastName>Roque De La Fuente</LastName>
                <FirstName />
                <YesVotes>0</YesVotes>
              </Candidate>
              <Candidate>
                <CandidateID>750117301</CandidateID>
                <LastName>John K. Delaney</LastName>
                <FirstName />
                <YesVotes>0</YesVotes>
              </Candidate>
              <Candidate>
                <CandidateID>750117302</CandidateID>
                <LastName>Julián Castro</LastName>
                <FirstName />
                <YesVotes>0</YesVotes>
              </Candidate>
              <Candidate>
                <CandidateID>750117303</CandidateID>
                <LastName>Deval Patrick</LastName>
                <FirstName />
                <YesVotes>0</YesVotes>
              </Candidate>
              <Candidate>
                <CandidateID>750117321</CandidateID>
                <LastName>Marianne Williamson</LastName>
                <FirstName />
                <YesVotes>0</YesVotes>
              </Candidate>
              <Candidate>
                <CandidateID>750117323</CandidateID>
                <LastName>Michael Bennet</LastName>
                <FirstName />
                <YesVotes>0</YesVotes>
              </Candidate>
              <Candidate>
                <CandidateID>750117324</CandidateID>
                <LastName>Michael R. Bloomberg</LastName>
                <FirstName />
                <YesVotes>12</YesVotes>
              </Candidate>
              <Candidate>
                <CandidateID>750117326</CandidateID>
                <LastName>Steve Burke</LastName>
                <FirstName />
                <YesVotes>0</YesVotes>
              </Candidate>
              <Candidate>
                <CandidateID>750117331</CandidateID>
                <LastName>Robby Wells</LastName>
                <FirstName />
                <YesVotes>0</YesVotes>
              </Candidate>
              <Candidate>
                <CandidateID>750117332</CandidateID>
                <LastName>William C. (Bill) Haas</LastName>
                <FirstName />
                <YesVotes>0</YesVotes>
              </Candidate>
              <Candidate>
                <CandidateID>750117354</CandidateID>
                <LastName>Uncommitted</LastName>
                <FirstName />
                <YesVotes>10</YesVotes>
              </Candidate>
            </Party>
            <Party>
              <PartyName>Libertarian</PartyName>
              <Candidate>
                <CandidateID>750117320</CandidateID>
                <LastName>Jacob Hornberger</LastName>
                <FirstName />
                <YesVotes>3</YesVotes>
              </Candidate>
              <Candidate>
                <CandidateID>750117355</CandidateID>
                <LastName>Uncommitted</LastName>
                <FirstName />
                <YesVotes>2</YesVotes>
              </Candidate>
            </Party>
            <Party>
              <PartyName>Green</PartyName>
              <Candidate>
                <CandidateID>750117325</CandidateID>
                <LastName>Howie Hawkins</LastName>
                <FirstName />
                <YesVotes>0</YesVotes>
              </Candidate>
              <Candidate>
                <CandidateID>750117327</CandidateID>
                <LastName>Dario Hunter</LastName>
                <FirstName />
                <YesVotes>0</YesVotes>
              </Candidate>
              <Candidate>
                <CandidateID>750117329</CandidateID>
                <LastName>David Rolde</LastName>
                <FirstName />
                <YesVotes>0</YesVotes>
              </Candidate>
              <Candidate>
                <CandidateID>750117356</CandidateID>
                <LastName>Uncommitted</LastName>
                <FirstName />
                <YesVotes>0</YesVotes>
              </Candidate>
            </Party>
            <Party>
              <PartyName>Constitution</PartyName>
              <Candidate>
                <CandidateID>750117333</CandidateID>
                <LastName>Don J. Grundmann</LastName>
                <FirstName />
                <YesVotes>0</YesVotes>
              </Candidate>
              <Candidate>
                <CandidateID>750117335</CandidateID>
                <LastName>Don Blankenship</LastName>
                <FirstName />
                <YesVotes>0</YesVotes>
              </Candidate>
              <Candidate>
                <CandidateID>750117357</CandidateID>
                <LastName>Uncommitted</LastName>
                <FirstName />
                <YesVotes>0</YesVotes>
              </Candidate>
            </Party>
          </CountyResults>
        </Counties>
        <Counties>
          <CountyName>Douglas</CountyName>
          <CountyResults>
            <ReportingPrecincts>14</ReportingPrecincts>
            <TotalPrecincts>14</TotalPrecincts>
            <Party>
              <PartyName>Republican</PartyName>
              <Candidate>
                <CandidateID>750117286</CandidateID>
                <LastName>Donald J Trump</LastName>
                <FirstName />
                <YesVotes>1291</YesVotes>
              </Candidate>
              <Candidate>
                <CandidateID>750117300</CandidateID>
                <LastName>Bob Ely</LastName>
                <FirstName />
                <YesVotes>3</YesVotes>
              </Candidate>
              <Candidate>
                <CandidateID>750117328</CandidateID>
                <LastName>Bill Weld</LastName>
                <FirstName />
                <YesVotes>8</YesVotes>
              </Candidate>
              <Candidate>
                <CandidateID>750117330</CandidateID>
                <LastName>Joe Walsh</LastName>
                <FirstName />
                <YesVotes>6</YesVotes>
              </Candidate>
              <Candidate>
                <CandidateID>750117334</CandidateID>
                <LastName>Matthew John Matern</LastName>
                <FirstName />
                <YesVotes>3</YesVotes>
              </Candidate>
              <Candidate>
                <CandidateID>750117353</CandidateID>
                <LastName>Uncommitted</LastName>
                <FirstName />
                <YesVotes>9</YesVotes>
              </Candidate>
            </Party>
            <Party>
              <PartyName>Democratic</PartyName>
              <Candidate>
                <CandidateID>750117276</CandidateID>
                <LastName>Amy Klobuchar</LastName>
                <FirstName />
                <YesVotes>1</YesVotes>
              </Candidate>
              <Candidate>
                <CandidateID>750117280</CandidateID>
                <LastName>Tom Steyer</LastName>
                <FirstName />
                <YesVotes>2</YesVotes>
              </Candidate>
              <Candidate>
                <CandidateID>750117274</CandidateID>
                <LastName>Tulsi Gabbard</LastName>
                <FirstName />
                <YesVotes>4</YesVotes>
              </Candidate>
              <Candidate>
                <CandidateID>750117278</CandidateID>
                <LastName>Leonard J. Steinman II</LastName>
                <FirstName />
                <YesVotes>1</YesVotes>
              </Candidate>
              <Candidate>
                <CandidateID>750117285</CandidateID>
                <LastName>Cory Booker</LastName>
                <FirstName />
                <YesVotes>2</YesVotes>
              </Candidate>
              <Candidate>
                <CandidateID>750117279</CandidateID>
                <LastName>Joseph R. Biden</LastName>
                <FirstName />
                <YesVotes>319</YesVotes>
              </Candidate>
              <Candidate>
                <CandidateID>750117282</CandidateID>
                <LastName>Elizabeth Warren</LastName>
                <FirstName />
                <YesVotes>7</YesVotes>
              </Candidate>
              <Candidate>
                <CandidateID>750117275</CandidateID>
                <LastName>Pete Buttigieg</LastName>
                <FirstName />
                <YesVotes>5</YesVotes>
              </Candidate>
              <Candidate>
                <CandidateID>750117283</CandidateID>
                <LastName>Bernie Sanders</LastName>
                <FirstName />
                <YesVotes>170</YesVotes>
              </Candidate>
              <Candidate>
                <CandidateID>750117277</CandidateID>
                <LastName>Velma Steinman</LastName>
                <FirstName />
                <YesVotes>0</YesVotes>
              </Candidate>
              <Candidate>
                <CandidateID>750117287</CandidateID>
                <LastName>Henry Hewes</LastName>
                <FirstName />
                <YesVotes>0</YesVotes>
              </Candidate>
              <Candidate>
                <CandidateID>750117288</CandidateID>
                <LastName>Andrew Yang</LastName>
                <FirstName />
                <YesVotes>0</YesVotes>
              </Candidate>
              <Candidate>
                <CandidateID>750117299</CandidateID>
                <LastName>Roque De La Fuente</LastName>
                <FirstName />
                <YesVotes>0</YesVotes>
              </Candidate>
              <Candidate>
                <CandidateID>750117301</CandidateID>
                <LastName>John K. Delaney</LastName>
                <FirstName />
                <YesVotes>0</YesVotes>
              </Candidate>
              <Candidate>
                <CandidateID>750117302</CandidateID>
                <LastName>Julián Castro</LastName>
                <FirstName />
                <YesVotes>0</YesVotes>
              </Candidate>
              <Candidate>
                <CandidateID>750117303</CandidateID>
                <LastName>Deval Patrick</LastName>
                <FirstName />
                <YesVotes>0</YesVotes>
              </Candidate>
              <Candidate>
                <CandidateID>750117321</CandidateID>
                <LastName>Marianne Williamson</LastName>
                <FirstName />
                <YesVotes>2</YesVotes>
              </Candidate>
              <Candidate>
                <CandidateID>750117323</CandidateID>
                <LastName>Michael Bennet</LastName>
                <FirstName />
                <YesVotes>0</YesVotes>
              </Candidate>
              <Candidate>
                <CandidateID>750117324</CandidateID>
                <LastName>Michael R. Bloomberg</LastName>
                <FirstName />
                <YesVotes>8</YesVotes>
              </Candidate>
              <Candidate>
                <CandidateID>750117326</CandidateID>
                <LastName>Steve Burke</LastName>
                <FirstName />
                <YesVotes>0</YesVotes>
              </Candidate>
              <Candidate>
                <CandidateID>750117331</CandidateID>
                <LastName>Robby Wells</LastName>
                <FirstName />
                <YesVotes>0</YesVotes>
              </Candidate>
              <Candidate>
                <CandidateID>750117332</CandidateID>
                <LastName>William C. (Bill) Haas</LastName>
                <FirstName />
                <YesVotes>0</YesVotes>
              </Candidate>
              <Candidate>
                <CandidateID>750117354</CandidateID>
                <LastName>Uncommitted</LastName>
                <FirstName />
                <YesVotes>2</YesVotes>
              </Candidate>
            </Party>
            <Party>
              <PartyName>Libertarian</PartyName>
              <Candidate>
                <CandidateID>750117320</CandidateID>
                <LastName>Jacob Hornberger</LastName>
                <FirstName />
                <YesVotes>3</YesVotes>
              </Candidate>
              <Candidate>
                <CandidateID>750117355</CandidateID>
                <LastName>Uncommitted</LastName>
                <FirstName />
                <YesVotes>0</YesVotes>
              </Candidate>
            </Party>
            <Party>
              <PartyName>Green</PartyName>
              <Candidate>
                <CandidateID>750117325</CandidateID>
                <LastName>Howie Hawkins</LastName>
                <FirstName />
                <YesVotes>0</YesVotes>
              </Candidate>
              <Candidate>
                <CandidateID>750117327</CandidateID>
                <LastName>Dario Hunter</LastName>
                <FirstName />
                <YesVotes>0</YesVotes>
              </Candidate>
              <Candidate>
                <CandidateID>750117329</CandidateID>
                <LastName>David Rolde</LastName>
                <FirstName />
                <YesVotes>0</YesVotes>
              </Candidate>
              <Candidate>
                <CandidateID>750117356</CandidateID>
                <LastName>Uncommitted</LastName>
                <FirstName />
                <YesVotes>1</YesVotes>
              </Candidate>
            </Party>
            <Party>
              <PartyName>Constitution</PartyName>
              <Candidate>
                <CandidateID>750117333</CandidateID>
                <LastName>Don J. Grundmann</LastName>
                <FirstName />
                <YesVotes>1</YesVotes>
              </Candidate>
              <Candidate>
                <CandidateID>750117335</CandidateID>
                <LastName>Don Blankenship</LastName>
                <FirstName />
                <YesVotes>0</YesVotes>
              </Candidate>
              <Candidate>
                <CandidateID>750117357</CandidateID>
                <LastName>Uncommitted</LastName>
                <FirstName />
                <YesVotes>0</YesVotes>
              </Candidate>
            </Party>
          </CountyResults>
        </Counties>
        <Counties>
          <CountyName>Dunklin</CountyName>
          <CountyResults>
            <ReportingPrecincts>23</ReportingPrecincts>
            <TotalPrecincts>23</TotalPrecincts>
            <Party>
              <PartyName>Republican</PartyName>
              <Candidate>
                <CandidateID>750117286</CandidateID>
                <LastName>Donald J Trump</LastName>
                <FirstName />
                <YesVotes>1443</YesVotes>
              </Candidate>
              <Candidate>
                <CandidateID>750117300</CandidateID>
                <LastName>Bob Ely</LastName>
                <FirstName />
                <YesVotes>2</YesVotes>
              </Candidate>
              <Candidate>
                <CandidateID>750117328</CandidateID>
                <LastName>Bill Weld</LastName>
                <FirstName />
                <YesVotes>1</YesVotes>
              </Candidate>
              <Candidate>
                <CandidateID>750117330</CandidateID>
                <LastName>Joe Walsh</LastName>
                <FirstName />
                <YesVotes>3</YesVotes>
              </Candidate>
              <Candidate>
                <CandidateID>750117334</CandidateID>
                <LastName>Matthew John Matern</LastName>
                <FirstName />
                <YesVotes>2</YesVotes>
              </Candidate>
              <Candidate>
                <CandidateID>750117353</CandidateID>
                <LastName>Uncommitted</LastName>
                <FirstName />
                <YesVotes>5</YesVotes>
              </Candidate>
            </Party>
            <Party>
              <PartyName>Democratic</PartyName>
              <Candidate>
                <CandidateID>750117276</CandidateID>
                <LastName>Amy Klobuchar</LastName>
                <FirstName />
                <YesVotes>7</YesVotes>
              </Candidate>
              <Candidate>
                <CandidateID>750117280</CandidateID>
                <LastName>Tom Steyer</LastName>
                <FirstName />
                <YesVotes>4</YesVotes>
              </Candidate>
              <Candidate>
                <CandidateID>750117274</CandidateID>
                <LastName>Tulsi Gabbard</LastName>
                <FirstName />
                <YesVotes>8</YesVotes>
              </Candidate>
              <Candidate>
                <CandidateID>750117278</CandidateID>
                <LastName>Leonard J. Steinman II</LastName>
                <FirstName />
                <YesVotes>2</YesVotes>
              </Candidate>
              <Candidate>
                <CandidateID>750117285</CandidateID>
                <LastName>Cory Booker</LastName>
                <FirstName />
                <YesVotes>1</YesVotes>
              </Candidate>
              <Candidate>
                <CandidateID>750117279</CandidateID>
                <LastName>Joseph R. Biden</LastName>
                <FirstName />
                <YesVotes>666</YesVotes>
              </Candidate>
              <Candidate>
                <CandidateID>750117282</CandidateID>
                <LastName>Elizabeth Warren</LastName>
                <FirstName />
                <YesVotes>10</YesVotes>
              </Candidate>
              <Candidate>
                <CandidateID>750117275</CandidateID>
                <LastName>Pete Buttigieg</LastName>
                <FirstName />
                <YesVotes>6</YesVotes>
              </Candidate>
              <Candidate>
                <CandidateID>750117283</CandidateID>
                <LastName>Bernie Sanders</LastName>
                <FirstName />
                <YesVotes>240</YesVotes>
              </Candidate>
              <Candidate>
                <CandidateID>750117277</CandidateID>
                <LastName>Velma Steinman</LastName>
                <FirstName />
                <YesVotes>3</YesVotes>
              </Candidate>
              <Candidate>
                <CandidateID>750117287</CandidateID>
                <LastName>Henry Hewes</LastName>
                <FirstName />
                <YesVotes>1</YesVotes>
              </Candidate>
              <Candidate>
                <CandidateID>750117288</CandidateID>
                <LastName>Andrew Yang</LastName>
                <FirstName />
                <YesVotes>0</YesVotes>
              </Candidate>
              <Candidate>
                <CandidateID>750117299</CandidateID>
                <LastName>Roque De La Fuente</LastName>
                <FirstName />
                <YesVotes>1</YesVotes>
              </Candidate>
              <Candidate>
                <CandidateID>750117301</CandidateID>
                <LastName>John K. Delaney</LastName>
                <FirstName />
                <YesVotes>0</YesVotes>
              </Candidate>
              <Candidate>
                <CandidateID>750117302</CandidateID>
                <LastName>Julián Castro</LastName>
                <FirstName />
                <YesVotes>2</YesVotes>
              </Candidate>
              <Candidate>
                <CandidateID>750117303</CandidateID>
                <LastName>Deval Patrick</LastName>
                <FirstName />
                <YesVotes>1</YesVotes>
              </Candidate>
              <Candidate>
                <CandidateID>750117321</CandidateID>
                <LastName>Marianne Williamson</LastName>
                <FirstName />
                <YesVotes>0</YesVotes>
              </Candidate>
              <Candidate>
                <CandidateID>750117323</CandidateID>
                <LastName>Michael Bennet</LastName>
                <FirstName />
                <YesVotes>0</YesVotes>
              </Candidate>
              <Candidate>
                <CandidateID>750117324</CandidateID>
                <LastName>Michael R. Bloomberg</LastName>
                <FirstName />
                <YesVotes>12</YesVotes>
              </Candidate>
              <Candidate>
                <CandidateID>750117326</CandidateID>
                <LastName>Steve Burke</LastName>
                <FirstName />
                <YesVotes>1</YesVotes>
              </Candidate>
              <Candidate>
                <CandidateID>750117331</CandidateID>
                <LastName>Robby Wells</LastName>
                <FirstName />
                <YesVotes>2</YesVotes>
              </Candidate>
              <Candidate>
                <CandidateID>750117332</CandidateID>
                <LastName>William C. (Bill) Haas</LastName>
                <FirstName />
                <YesVotes>1</YesVotes>
              </Candidate>
              <Candidate>
                <CandidateID>750117354</CandidateID>
                <LastName>Uncommitted</LastName>
                <FirstName />
                <YesVotes>13</YesVotes>
              </Candidate>
            </Party>
            <Party>
              <PartyName>Libertarian</PartyName>
              <Candidate>
                <CandidateID>750117320</CandidateID>
                <LastName>Jacob Hornberger</LastName>
                <FirstName />
                <YesVotes>2</YesVotes>
              </Candidate>
              <Candidate>
                <CandidateID>750117355</CandidateID>
                <LastName>Uncommitted</LastName>
                <FirstName />
                <YesVotes>1</YesVotes>
              </Candidate>
            </Party>
            <Party>
              <PartyName>Green</PartyName>
              <Candidate>
                <CandidateID>750117325</CandidateID>
                <LastName>Howie Hawkins</LastName>
                <FirstName />
                <YesVotes>0</YesVotes>
              </Candidate>
              <Candidate>
                <CandidateID>750117327</CandidateID>
                <LastName>Dario Hunter</LastName>
                <FirstName />
                <YesVotes>1</YesVotes>
              </Candidate>
              <Candidate>
                <CandidateID>750117329</CandidateID>
                <LastName>David Rolde</LastName>
                <FirstName />
                <YesVotes>0</YesVotes>
              </Candidate>
              <Candidate>
                <CandidateID>750117356</CandidateID>
                <LastName>Uncommitted</LastName>
                <FirstName />
                <YesVotes>0</YesVotes>
              </Candidate>
            </Party>
            <Party>
              <PartyName>Constitution</PartyName>
              <Candidate>
                <CandidateID>750117333</CandidateID>
                <LastName>Don J. Grundmann</LastName>
                <FirstName />
                <YesVotes>0</YesVotes>
              </Candidate>
              <Candidate>
                <CandidateID>750117335</CandidateID>
                <LastName>Don Blankenship</LastName>
                <FirstName />
                <YesVotes>0</YesVotes>
              </Candidate>
              <Candidate>
                <CandidateID>750117357</CandidateID>
                <LastName>Uncommitted</LastName>
                <FirstName />
                <YesVotes>0</YesVotes>
              </Candidate>
            </Party>
          </CountyResults>
        </Counties>
        <Counties>
          <CountyName>Franklin</CountyName>
          <CountyResults>
            <ReportingPrecincts>42</ReportingPrecincts>
            <TotalPrecincts>42</TotalPrecincts>
            <Party>
              <PartyName>Republican</PartyName>
              <Candidate>
                <CandidateID>750117286</CandidateID>
                <LastName>Donald J Trump</LastName>
                <FirstName />
                <YesVotes>6349</YesVotes>
              </Candidate>
              <Candidate>
                <CandidateID>750117300</CandidateID>
                <LastName>Bob Ely</LastName>
                <FirstName />
                <YesVotes>13</YesVotes>
              </Candidate>
              <Candidate>
                <CandidateID>750117328</CandidateID>
                <LastName>Bill Weld</LastName>
                <FirstName />
                <YesVotes>41</YesVotes>
              </Candidate>
              <Candidate>
                <CandidateID>750117330</CandidateID>
                <LastName>Joe Walsh</LastName>
                <FirstName />
                <YesVotes>45</YesVotes>
              </Candidate>
              <Candidate>
                <CandidateID>750117334</CandidateID>
                <LastName>Matthew John Matern</LastName>
                <FirstName />
                <YesVotes>14</YesVotes>
              </Candidate>
              <Candidate>
                <CandidateID>750117353</CandidateID>
                <LastName>Uncommitted</LastName>
                <FirstName />
                <YesVotes>60</YesVotes>
              </Candidate>
            </Party>
            <Party>
              <PartyName>Democratic</PartyName>
              <Candidate>
                <CandidateID>750117276</CandidateID>
                <LastName>Amy Klobuchar</LastName>
                <FirstName />
                <YesVotes>48</YesVotes>
              </Candidate>
              <Candidate>
                <CandidateID>750117280</CandidateID>
                <LastName>Tom Steyer</LastName>
                <FirstName />
                <YesVotes>13</YesVotes>
              </Candidate>
              <Candidate>
                <CandidateID>750117274</CandidateID>
                <LastName>Tulsi Gabbard</LastName>
                <FirstName />
                <YesVotes>64</YesVotes>
              </Candidate>
              <Candidate>
                <CandidateID>750117278</CandidateID>
                <LastName>Leonard J. Steinman II</LastName>
                <FirstName />
                <YesVotes>3</YesVotes>
              </Candidate>
              <Candidate>
                <CandidateID>750117285</CandidateID>
                <LastName>Cory Booker</LastName>
                <FirstName />
                <YesVotes>4</YesVotes>
              </Candidate>
              <Candidate>
                <CandidateID>750117279</CandidateID>
                <LastName>Joseph R. Biden</LastName>
                <FirstName />
                <YesVotes>4827</YesVotes>
              </Candidate>
              <Candidate>
                <CandidateID>750117282</CandidateID>
                <LastName>Elizabeth Warren</LastName>
                <FirstName />
                <YesVotes>111</YesVotes>
              </Candidate>
              <Candidate>
                <CandidateID>750117275</CandidateID>
                <LastName>Pete Buttigieg</LastName>
                <FirstName />
                <YesVotes>40</YesVotes>
              </Candidate>
              <Candidate>
                <CandidateID>750117283</CandidateID>
                <LastName>Bernie Sanders</LastName>
                <FirstName />
                <YesVotes>2861</YesVotes>
              </Candidate>
              <Candidate>
                <CandidateID>750117277</CandidateID>
                <LastName>Velma Steinman</LastName>
                <FirstName />
                <YesVotes>2</YesVotes>
              </Candidate>
              <Candidate>
                <CandidateID>750117287</CandidateID>
                <LastName>Henry Hewes</LastName>
                <FirstName />
                <YesVotes>2</YesVotes>
              </Candidate>
              <Candidate>
                <CandidateID>750117288</CandidateID>
                <LastName>Andrew Yang</LastName>
                <FirstName />
                <YesVotes>11</YesVotes>
              </Candidate>
              <Candidate>
                <CandidateID>750117299</CandidateID>
                <LastName>Roque De La Fuente</LastName>
                <FirstName />
                <YesVotes>0</YesVotes>
              </Candidate>
              <Candidate>
                <CandidateID>750117301</CandidateID>
                <LastName>John K. Delaney</LastName>
                <FirstName />
                <YesVotes>1</YesVotes>
              </Candidate>
              <Candidate>
                <CandidateID>750117302</CandidateID>
                <LastName>Julián Castro</LastName>
                <FirstName />
                <YesVotes>0</YesVotes>
              </Candidate>
              <Candidate>
                <CandidateID>750117303</CandidateID>
                <LastName>Deval Patrick</LastName>
                <FirstName />
                <YesVotes>0</YesVotes>
              </Candidate>
              <Candidate>
                <CandidateID>750117321</CandidateID>
                <LastName>Marianne Williamson</LastName>
                <FirstName />
                <YesVotes>2</YesVotes>
              </Candidate>
              <Candidate>
                <CandidateID>750117323</CandidateID>
                <LastName>Michael Bennet</LastName>
                <FirstName />
                <YesVotes>1</YesVotes>
              </Candidate>
              <Candidate>
                <CandidateID>750117324</CandidateID>
                <LastName>Michael R. Bloomberg</LastName>
                <FirstName />
                <YesVotes>131</YesVotes>
              </Candidate>
              <Candidate>
                <CandidateID>750117326</CandidateID>
                <LastName>Steve Burke</LastName>
                <FirstName />
                <YesVotes>6</YesVotes>
              </Candidate>
              <Candidate>
                <CandidateID>750117331</CandidateID>
                <LastName>Robby Wells</LastName>
                <FirstName />
                <YesVotes>1</YesVotes>
              </Candidate>
              <Candidate>
                <CandidateID>750117332</CandidateID>
                <LastName>William C. (Bill) Haas</LastName>
                <FirstName />
                <YesVotes>7</YesVotes>
              </Candidate>
              <Candidate>
                <CandidateID>750117354</CandidateID>
                <LastName>Uncommitted</LastName>
                <FirstName />
                <YesVotes>40</YesVotes>
              </Candidate>
            </Party>
            <Party>
              <PartyName>Libertarian</PartyName>
              <Candidate>
                <CandidateID>750117320</CandidateID>
                <LastName>Jacob Hornberger</LastName>
                <FirstName />
                <YesVotes>22</YesVotes>
              </Candidate>
              <Candidate>
                <CandidateID>750117355</CandidateID>
                <LastName>Uncommitted</LastName>
                <FirstName />
                <YesVotes>3</YesVotes>
              </Candidate>
            </Party>
            <Party>
              <PartyName>Green</PartyName>
              <Candidate>
                <CandidateID>750117325</CandidateID>
                <LastName>Howie Hawkins</LastName>
                <FirstName />
                <YesVotes>2</YesVotes>
              </Candidate>
              <Candidate>
                <CandidateID>750117327</CandidateID>
                <LastName>Dario Hunter</LastName>
                <FirstName />
                <YesVotes>0</YesVotes>
              </Candidate>
              <Candidate>
                <CandidateID>750117329</CandidateID>
                <LastName>David Rolde</LastName>
                <FirstName />
                <YesVotes>0</YesVotes>
              </Candidate>
              <Candidate>
                <CandidateID>750117356</CandidateID>
                <LastName>Uncommitted</LastName>
                <FirstName />
                <YesVotes>2</YesVotes>
              </Candidate>
            </Party>
            <Party>
              <PartyName>Constitution</PartyName>
              <Candidate>
                <CandidateID>750117333</CandidateID>
                <LastName>Don J. Grundmann</LastName>
                <FirstName />
                <YesVotes>2</YesVotes>
              </Candidate>
              <Candidate>
                <CandidateID>750117335</CandidateID>
                <LastName>Don Blankenship</LastName>
                <FirstName />
                <YesVotes>6</YesVotes>
              </Candidate>
              <Candidate>
                <CandidateID>750117357</CandidateID>
                <LastName>Uncommitted</LastName>
                <FirstName />
                <YesVotes>5</YesVotes>
              </Candidate>
            </Party>
          </CountyResults>
        </Counties>
        <Counties>
          <CountyName>Gasconade</CountyName>
          <CountyResults>
            <ReportingPrecincts>18</ReportingPrecincts>
            <TotalPrecincts>18</TotalPrecincts>
            <Party>
              <PartyName>Republican</PartyName>
              <Candidate>
                <CandidateID>750117286</CandidateID>
                <LastName>Donald J Trump</LastName>
                <FirstName />
                <YesVotes>1230</YesVotes>
              </Candidate>
              <Candidate>
                <CandidateID>750117300</CandidateID>
                <LastName>Bob Ely</LastName>
                <FirstName />
                <YesVotes>3</YesVotes>
              </Candidate>
              <Candidate>
                <CandidateID>750117328</CandidateID>
                <LastName>Bill Weld</LastName>
                <FirstName />
                <YesVotes>4</YesVotes>
              </Candidate>
              <Candidate>
                <CandidateID>750117330</CandidateID>
                <LastName>Joe Walsh</LastName>
                <FirstName />
                <YesVotes>5</YesVotes>
              </Candidate>
              <Candidate>
                <CandidateID>750117334</CandidateID>
                <LastName>Matthew John Matern</LastName>
                <FirstName />
                <YesVotes>1</YesVotes>
              </Candidate>
              <Candidate>
                <CandidateID>750117353</CandidateID>
                <LastName>Uncommitted</LastName>
                <FirstName />
                <YesVotes>10</YesVotes>
              </Candidate>
            </Party>
            <Party>
              <PartyName>Democratic</PartyName>
              <Candidate>
                <CandidateID>750117276</CandidateID>
                <LastName>Amy Klobuchar</LastName>
                <FirstName />
                <YesVotes>3</YesVotes>
              </Candidate>
              <Candidate>
                <CandidateID>750117280</CandidateID>
                <LastName>Tom Steyer</LastName>
                <FirstName />
                <YesVotes>1</YesVotes>
              </Candidate>
              <Candidate>
                <CandidateID>750117274</CandidateID>
                <LastName>Tulsi Gabbard</LastName>
                <FirstName />
                <YesVotes>10</YesVotes>
              </Candidate>
              <Candidate>
                <CandidateID>750117278</CandidateID>
                <LastName>Leonard J. Steinman II</LastName>
                <FirstName />
                <YesVotes>2</YesVotes>
              </Candidate>
              <Candidate>
                <CandidateID>750117285</CandidateID>
                <LastName>Cory Booker</LastName>
                <FirstName />
                <YesVotes>2</YesVotes>
              </Candidate>
              <Candidate>
                <CandidateID>750117279</CandidateID>
                <LastName>Joseph R. Biden</LastName>
                <FirstName />
                <YesVotes>565</YesVotes>
              </Candidate>
              <Candidate>
                <CandidateID>750117282</CandidateID>
                <LastName>Elizabeth Warren</LastName>
                <FirstName />
                <YesVotes>14</YesVotes>
              </Candidate>
              <Candidate>
                <CandidateID>750117275</CandidateID>
                <LastName>Pete Buttigieg</LastName>
                <FirstName />
                <YesVotes>5</YesVotes>
              </Candidate>
              <Candidate>
                <CandidateID>750117283</CandidateID>
                <LastName>Bernie Sanders</LastName>
                <FirstName />
                <YesVotes>276</YesVotes>
              </Candidate>
              <Candidate>
                <CandidateID>750117277</CandidateID>
                <LastName>Velma Steinman</LastName>
                <FirstName />
                <YesVotes>0</YesVotes>
              </Candidate>
              <Candidate>
                <CandidateID>750117287</CandidateID>
                <LastName>Henry Hewes</LastName>
                <FirstName />
                <YesVotes>0</YesVotes>
              </Candidate>
              <Candidate>
                <CandidateID>750117288</CandidateID>
                <LastName>Andrew Yang</LastName>
                <FirstName />
                <YesVotes>3</YesVotes>
              </Candidate>
              <Candidate>
                <CandidateID>750117299</CandidateID>
                <LastName>Roque De La Fuente</LastName>
                <FirstName />
                <YesVotes>0</YesVotes>
              </Candidate>
              <Candidate>
                <CandidateID>750117301</CandidateID>
                <LastName>John K. Delaney</LastName>
                <FirstName />
                <YesVotes>1</YesVotes>
              </Candidate>
              <Candidate>
                <CandidateID>750117302</CandidateID>
                <LastName>Julián Castro</LastName>
                <FirstName />
                <YesVotes>0</YesVotes>
              </Candidate>
              <Candidate>
                <CandidateID>750117303</CandidateID>
                <LastName>Deval Patrick</LastName>
                <FirstName />
                <YesVotes>0</YesVotes>
              </Candidate>
              <Candidate>
                <CandidateID>750117321</CandidateID>
                <LastName>Marianne Williamson</LastName>
                <FirstName />
                <YesVotes>1</YesVotes>
              </Candidate>
              <Candidate>
                <CandidateID>750117323</CandidateID>
                <LastName>Michael Bennet</LastName>
                <FirstName />
                <YesVotes>1</YesVotes>
              </Candidate>
              <Candidate>
                <CandidateID>750117324</CandidateID>
                <LastName>Michael R. Bloomberg</LastName>
                <FirstName />
                <YesVotes>13</YesVotes>
              </Candidate>
              <Candidate>
                <CandidateID>750117326</CandidateID>
                <LastName>Steve Burke</LastName>
                <FirstName />
                <YesVotes>0</YesVotes>
              </Candidate>
              <Candidate>
                <CandidateID>750117331</CandidateID>
                <LastName>Robby Wells</LastName>
                <FirstName />
                <YesVotes>0</YesVotes>
              </Candidate>
              <Candidate>
                <CandidateID>750117332</CandidateID>
                <LastName>William C. (Bill) Haas</LastName>
                <FirstName />
                <YesVotes>0</YesVotes>
              </Candidate>
              <Candidate>
                <CandidateID>750117354</CandidateID>
                <LastName>Uncommitted</LastName>
                <FirstName />
                <YesVotes>5</YesVotes>
              </Candidate>
            </Party>
            <Party>
              <PartyName>Libertarian</PartyName>
              <Candidate>
                <CandidateID>750117320</CandidateID>
                <LastName>Jacob Hornberger</LastName>
                <FirstName />
                <YesVotes>1</YesVotes>
              </Candidate>
              <Candidate>
                <CandidateID>750117355</CandidateID>
                <LastName>Uncommitted</LastName>
                <FirstName />
                <YesVotes>0</YesVotes>
              </Candidate>
            </Party>
            <Party>
              <PartyName>Green</PartyName>
              <Candidate>
                <CandidateID>750117325</CandidateID>
                <LastName>Howie Hawkins</LastName>
                <FirstName />
                <YesVotes>1</YesVotes>
              </Candidate>
              <Candidate>
                <CandidateID>750117327</CandidateID>
                <LastName>Dario Hunter</LastName>
                <FirstName />
                <YesVotes>0</YesVotes>
              </Candidate>
              <Candidate>
                <CandidateID>750117329</CandidateID>
                <LastName>David Rolde</LastName>
                <FirstName />
                <YesVotes>2</YesVotes>
              </Candidate>
              <Candidate>
                <CandidateID>750117356</CandidateID>
                <LastName>Uncommitted</LastName>
                <FirstName />
                <YesVotes>0</YesVotes>
              </Candidate>
            </Party>
            <Party>
              <PartyName>Constitution</PartyName>
              <Candidate>
                <CandidateID>750117333</CandidateID>
                <LastName>Don J. Grundmann</LastName>
                <FirstName />
                <YesVotes>0</YesVotes>
              </Candidate>
              <Candidate>
                <CandidateID>750117335</CandidateID>
                <LastName>Don Blankenship</LastName>
                <FirstName />
                <YesVotes>0</YesVotes>
              </Candidate>
              <Candidate>
                <CandidateID>750117357</CandidateID>
                <LastName>Uncommitted</LastName>
                <FirstName />
                <YesVotes>0</YesVotes>
              </Candidate>
            </Party>
          </CountyResults>
        </Counties>
        <Counties>
          <CountyName>Gentry</CountyName>
          <CountyResults>
            <ReportingPrecincts>11</ReportingPrecincts>
            <TotalPrecincts>11</TotalPrecincts>
            <Party>
              <PartyName>Republican</PartyName>
              <Candidate>
                <CandidateID>750117286</CandidateID>
                <LastName>Donald J Trump</LastName>
                <FirstName />
                <YesVotes>476</YesVotes>
              </Candidate>
              <Candidate>
                <CandidateID>750117300</CandidateID>
                <LastName>Bob Ely</LastName>
                <FirstName />
                <YesVotes>0</YesVotes>
              </Candidate>
              <Candidate>
                <CandidateID>750117328</CandidateID>
                <LastName>Bill Weld</LastName>
                <FirstName />
                <YesVotes>0</YesVotes>
              </Candidate>
              <Candidate>
                <CandidateID>750117330</CandidateID>
                <LastName>Joe Walsh</LastName>
                <FirstName />
                <YesVotes>3</YesVotes>
              </Candidate>
              <Candidate>
                <CandidateID>750117334</CandidateID>
                <LastName>Matthew John Matern</LastName>
                <FirstName />
                <YesVotes>0</YesVotes>
              </Candidate>
              <Candidate>
                <CandidateID>750117353</CandidateID>
                <LastName>Uncommitted</LastName>
                <FirstName />
                <YesVotes>7</YesVotes>
              </Candidate>
            </Party>
            <Party>
              <PartyName>Democratic</PartyName>
              <Candidate>
                <CandidateID>750117276</CandidateID>
                <LastName>Amy Klobuchar</LastName>
                <FirstName />
                <YesVotes>2</YesVotes>
              </Candidate>
              <Candidate>
                <CandidateID>750117280</CandidateID>
                <LastName>Tom Steyer</LastName>
                <FirstName />
                <YesVotes>2</YesVotes>
              </Candidate>
              <Candidate>
                <CandidateID>750117274</CandidateID>
                <LastName>Tulsi Gabbard</LastName>
                <FirstName />
                <YesVotes>3</YesVotes>
              </Candidate>
              <Candidate>
                <CandidateID>750117278</CandidateID>
                <LastName>Leonard J. Steinman II</LastName>
                <FirstName />
                <YesVotes>0</YesVotes>
              </Candidate>
              <Candidate>
                <CandidateID>750117285</CandidateID>
                <LastName>Cory Booker</LastName>
                <FirstName />
                <YesVotes>0</YesVotes>
              </Candidate>
              <Candidate>
                <CandidateID>750117279</CandidateID>
                <LastName>Joseph R. Biden</LastName>
                <FirstName />
                <YesVotes>291</YesVotes>
              </Candidate>
              <Candidate>
                <CandidateID>750117282</CandidateID>
                <LastName>Elizabeth Warren</LastName>
                <FirstName />
                <YesVotes>1</YesVotes>
              </Candidate>
              <Candidate>
                <CandidateID>750117275</CandidateID>
                <LastName>Pete Buttigieg</LastName>
                <FirstName />
                <YesVotes>0</YesVotes>
              </Candidate>
              <Candidate>
                <CandidateID>750117283</CandidateID>
                <LastName>Bernie Sanders</LastName>
                <FirstName />
                <YesVotes>83</YesVotes>
              </Candidate>
              <Candidate>
                <CandidateID>750117277</CandidateID>
                <LastName>Velma Steinman</LastName>
                <FirstName />
                <YesVotes>0</YesVotes>
              </Candidate>
              <Candidate>
                <CandidateID>750117287</CandidateID>
                <LastName>Henry Hewes</LastName>
                <FirstName />
                <YesVotes>0</YesVotes>
              </Candidate>
              <Candidate>
                <CandidateID>750117288</CandidateID>
                <LastName>Andrew Yang</LastName>
                <FirstName />
                <YesVotes>2</YesVotes>
              </Candidate>
              <Candidate>
                <CandidateID>750117299</CandidateID>
                <LastName>Roque De La Fuente</LastName>
                <FirstName />
                <YesVotes>0</YesVotes>
              </Candidate>
              <Candidate>
                <CandidateID>750117301</CandidateID>
                <LastName>John K. Delaney</LastName>
                <FirstName />
                <YesVotes>0</YesVotes>
              </Candidate>
              <Candidate>
                <CandidateID>750117302</CandidateID>
                <LastName>Julián Castro</LastName>
                <FirstName />
                <YesVotes>0</YesVotes>
              </Candidate>
              <Candidate>
                <CandidateID>750117303</CandidateID>
                <LastName>Deval Patrick</LastName>
                <FirstName />
                <YesVotes>0</YesVotes>
              </Candidate>
              <Candidate>
                <CandidateID>750117321</CandidateID>
                <LastName>Marianne Williamson</LastName>
                <FirstName />
                <YesVotes>1</YesVotes>
              </Candidate>
              <Candidate>
                <CandidateID>750117323</CandidateID>
                <LastName>Michael Bennet</LastName>
                <FirstName />
                <YesVotes>0</YesVotes>
              </Candidate>
              <Candidate>
                <CandidateID>750117324</CandidateID>
                <LastName>Michael R. Bloomberg</LastName>
                <FirstName />
                <YesVotes>5</YesVotes>
              </Candidate>
              <Candidate>
                <CandidateID>750117326</CandidateID>
                <LastName>Steve Burke</LastName>
                <FirstName />
                <YesVotes>0</YesVotes>
              </Candidate>
              <Candidate>
                <CandidateID>750117331</CandidateID>
                <LastName>Robby Wells</LastName>
                <FirstName />
                <YesVotes>1</YesVotes>
              </Candidate>
              <Candidate>
                <CandidateID>750117332</CandidateID>
                <LastName>William C. (Bill) Haas</LastName>
                <FirstName />
                <YesVotes>0</YesVotes>
              </Candidate>
              <Candidate>
                <CandidateID>750117354</CandidateID>
                <LastName>Uncommitted</LastName>
                <FirstName />
                <YesVotes>6</YesVotes>
              </Candidate>
            </Party>
            <Party>
              <PartyName>Libertarian</PartyName>
              <Candidate>
                <CandidateID>750117320</CandidateID>
                <LastName>Jacob Hornberger</LastName>
                <FirstName />
                <YesVotes>0</YesVotes>
              </Candidate>
              <Candidate>
                <CandidateID>750117355</CandidateID>
                <LastName>Uncommitted</LastName>
                <FirstName />
                <YesVotes>0</YesVotes>
              </Candidate>
            </Party>
            <Party>
              <PartyName>Green</PartyName>
              <Candidate>
                <CandidateID>750117325</CandidateID>
                <LastName>Howie Hawkins</LastName>
                <FirstName />
                <YesVotes>0</YesVotes>
              </Candidate>
              <Candidate>
                <CandidateID>750117327</CandidateID>
                <LastName>Dario Hunter</LastName>
                <FirstName />
                <YesVotes>0</YesVotes>
              </Candidate>
              <Candidate>
                <CandidateID>750117329</CandidateID>
                <LastName>David Rolde</LastName>
                <FirstName />
                <YesVotes>0</YesVotes>
              </Candidate>
              <Candidate>
                <CandidateID>750117356</CandidateID>
                <LastName>Uncommitted</LastName>
                <FirstName />
                <YesVotes>0</YesVotes>
              </Candidate>
            </Party>
            <Party>
              <PartyName>Constitution</PartyName>
              <Candidate>
                <CandidateID>750117333</CandidateID>
                <LastName>Don J. Grundmann</LastName>
                <FirstName />
                <YesVotes>0</YesVotes>
              </Candidate>
              <Candidate>
                <CandidateID>750117335</CandidateID>
                <LastName>Don Blankenship</LastName>
                <FirstName />
                <YesVotes>1</YesVotes>
              </Candidate>
              <Candidate>
                <CandidateID>750117357</CandidateID>
                <LastName>Uncommitted</LastName>
                <FirstName />
                <YesVotes>0</YesVotes>
              </Candidate>
            </Party>
          </CountyResults>
        </Counties>
        <Counties>
          <CountyName>Greene</CountyName>
          <CountyResults>
            <ReportingPrecincts>79</ReportingPrecincts>
            <TotalPrecincts>79</TotalPrecincts>
            <Party>
              <PartyName>Republican</PartyName>
              <Candidate>
                <CandidateID>750117286</CandidateID>
                <LastName>Donald J Trump</LastName>
                <FirstName />
                <YesVotes>15545</YesVotes>
              </Candidate>
              <Candidate>
                <CandidateID>750117300</CandidateID>
                <LastName>Bob Ely</LastName>
                <FirstName />
                <YesVotes>54</YesVotes>
              </Candidate>
              <Candidate>
                <CandidateID>750117328</CandidateID>
                <LastName>Bill Weld</LastName>
                <FirstName />
                <YesVotes>135</YesVotes>
              </Candidate>
              <Candidate>
                <CandidateID>750117330</CandidateID>
                <LastName>Joe Walsh</LastName>
                <FirstName />
                <YesVotes>96</YesVotes>
              </Candidate>
              <Candidate>
                <CandidateID>750117334</CandidateID>
                <LastName>Matthew John Matern</LastName>
                <FirstName />
                <YesVotes>21</YesVotes>
              </Candidate>
              <Candidate>
                <CandidateID>750117353</CandidateID>
                <LastName>Uncommitted</LastName>
                <FirstName />
                <YesVotes>225</YesVotes>
              </Candidate>
            </Party>
            <Party>
              <PartyName>Democratic</PartyName>
              <Candidate>
                <CandidateID>750117276</CandidateID>
                <LastName>Amy Klobuchar</LastName>
                <FirstName />
                <YesVotes>92</YesVotes>
              </Candidate>
              <Candidate>
                <CandidateID>750117280</CandidateID>
                <LastName>Tom Steyer</LastName>
                <FirstName />
                <YesVotes>14</YesVotes>
              </Candidate>
              <Candidate>
                <CandidateID>750117274</CandidateID>
                <LastName>Tulsi Gabbard</LastName>
                <FirstName />
                <YesVotes>201</YesVotes>
              </Candidate>
              <Candidate>
                <CandidateID>750117278</CandidateID>
                <LastName>Leonard J. Steinman II</LastName>
                <FirstName />
                <YesVotes>5</YesVotes>
              </Candidate>
              <Candidate>
                <CandidateID>750117285</CandidateID>
                <LastName>Cory Booker</LastName>
                <FirstName />
                <YesVotes>16</YesVotes>
              </Candidate>
              <Candidate>
                <CandidateID>750117279</CandidateID>
                <LastName>Joseph R. Biden</LastName>
                <FirstName />
                <YesVotes>15490</YesVotes>
              </Candidate>
              <Candidate>
                <CandidateID>750117282</CandidateID>
                <LastName>Elizabeth Warren</LastName>
                <FirstName />
                <YesVotes>326</YesVotes>
              </Candidate>
              <Candidate>
                <CandidateID>750117275</CandidateID>
                <LastName>Pete Buttigieg</LastName>
                <FirstName />
                <YesVotes>144</YesVotes>
              </Candidate>
              <Candidate>
                <CandidateID>750117283</CandidateID>
                <LastName>Bernie Sanders</LastName>
                <FirstName />
                <YesVotes>13288</YesVotes>
              </Candidate>
              <Candidate>
                <CandidateID>750117277</CandidateID>
                <LastName>Velma Steinman</LastName>
                <FirstName />
                <YesVotes>7</YesVotes>
              </Candidate>
              <Candidate>
                <CandidateID>750117287</CandidateID>
                <LastName>Henry Hewes</LastName>
                <FirstName />
                <YesVotes>4</YesVotes>
              </Candidate>
              <Candidate>
                <CandidateID>750117288</CandidateID>
                <LastName>Andrew Yang</LastName>
                <FirstName />
                <YesVotes>58</YesVotes>
              </Candidate>
              <Candidate>
                <CandidateID>750117299</CandidateID>
                <LastName>Roque De La Fuente</LastName>
                <FirstName />
                <YesVotes>3</YesVotes>
              </Candidate>
              <Candidate>
                <CandidateID>750117301</CandidateID>
                <LastName>John K. Delaney</LastName>
                <FirstName />
                <YesVotes>5</YesVotes>
              </Candidate>
              <Candidate>
                <CandidateID>750117302</CandidateID>
                <LastName>Julián Castro</LastName>
                <FirstName />
                <YesVotes>1</YesVotes>
              </Candidate>
              <Candidate>
                <CandidateID>750117303</CandidateID>
                <LastName>Deval Patrick</LastName>
                <FirstName />
                <YesVotes>1</YesVotes>
              </Candidate>
              <Candidate>
                <CandidateID>750117321</CandidateID>
                <LastName>Marianne Williamson</LastName>
                <FirstName />
                <YesVotes>9</YesVotes>
              </Candidate>
              <Candidate>
                <CandidateID>750117323</CandidateID>
                <LastName>Michael Bennet</LastName>
                <FirstName />
                <YesVotes>3</YesVotes>
              </Candidate>
              <Candidate>
                <CandidateID>750117324</CandidateID>
                <LastName>Michael R. Bloomberg</LastName>
                <FirstName />
                <YesVotes>267</YesVotes>
              </Candidate>
              <Candidate>
                <CandidateID>750117326</CandidateID>
                <LastName>Steve Burke</LastName>
                <FirstName />
                <YesVotes>4</YesVotes>
              </Candidate>
              <Candidate>
                <CandidateID>750117331</CandidateID>
                <LastName>Robby Wells</LastName>
                <FirstName />
                <YesVotes>2</YesVotes>
              </Candidate>
              <Candidate>
                <CandidateID>750117332</CandidateID>
                <LastName>William C. (Bill) Haas</LastName>
                <FirstName />
                <YesVotes>7</YesVotes>
              </Candidate>
              <Candidate>
                <CandidateID>750117354</CandidateID>
                <LastName>Uncommitted</LastName>
                <FirstName />
                <YesVotes>55</YesVotes>
              </Candidate>
            </Party>
            <Party>
              <PartyName>Libertarian</PartyName>
              <Candidate>
                <CandidateID>750117320</CandidateID>
                <LastName>Jacob Hornberger</LastName>
                <FirstName />
                <YesVotes>96</YesVotes>
              </Candidate>
              <Candidate>
                <CandidateID>750117355</CandidateID>
                <LastName>Uncommitted</LastName>
                <FirstName />
                <YesVotes>33</YesVotes>
              </Candidate>
            </Party>
            <Party>
              <PartyName>Green</PartyName>
              <Candidate>
                <CandidateID>750117325</CandidateID>
                <LastName>Howie Hawkins</LastName>
                <FirstName />
                <YesVotes>11</YesVotes>
              </Candidate>
              <Candidate>
                <CandidateID>750117327</CandidateID>
                <LastName>Dario Hunter</LastName>
                <FirstName />
                <YesVotes>5</YesVotes>
              </Candidate>
              <Candidate>
                <CandidateID>750117329</CandidateID>
                <LastName>David Rolde</LastName>
                <FirstName />
                <YesVotes>12</YesVotes>
              </Candidate>
              <Candidate>
                <CandidateID>750117356</CandidateID>
                <LastName>Uncommitted</LastName>
                <FirstName />
                <YesVotes>15</YesVotes>
              </Candidate>
            </Party>
            <Party>
              <PartyName>Constitution</PartyName>
              <Candidate>
                <CandidateID>750117333</CandidateID>
                <LastName>Don J. Grundmann</LastName>
                <FirstName />
                <YesVotes>8</YesVotes>
              </Candidate>
              <Candidate>
                <CandidateID>750117335</CandidateID>
                <LastName>Don Blankenship</LastName>
                <FirstName />
                <YesVotes>14</YesVotes>
              </Candidate>
              <Candidate>
                <CandidateID>750117357</CandidateID>
                <LastName>Uncommitted</LastName>
                <FirstName />
                <YesVotes>9</YesVotes>
              </Candidate>
            </Party>
          </CountyResults>
        </Counties>
        <Counties>
          <CountyName>Grundy</CountyName>
          <CountyResults>
            <ReportingPrecincts>11</ReportingPrecincts>
            <TotalPrecincts>11</TotalPrecincts>
            <Party>
              <PartyName>Republican</PartyName>
              <Candidate>
                <CandidateID>750117286</CandidateID>
                <LastName>Donald J Trump</LastName>
                <FirstName />
                <YesVotes>886</YesVotes>
              </Candidate>
              <Candidate>
                <CandidateID>750117300</CandidateID>
                <LastName>Bob Ely</LastName>
                <FirstName />
                <YesVotes>2</YesVotes>
              </Candidate>
              <Candidate>
                <CandidateID>750117328</CandidateID>
                <LastName>Bill Weld</LastName>
                <FirstName />
                <YesVotes>5</YesVotes>
              </Candidate>
              <Candidate>
                <CandidateID>750117330</CandidateID>
                <LastName>Joe Walsh</LastName>
                <FirstName />
                <YesVotes>1</YesVotes>
              </Candidate>
              <Candidate>
                <CandidateID>750117334</CandidateID>
                <LastName>Matthew John Matern</LastName>
                <FirstName />
                <YesVotes>0</YesVotes>
              </Candidate>
              <Candidate>
                <CandidateID>750117353</CandidateID>
                <LastName>Uncommitted</LastName>
                <FirstName />
                <YesVotes>4</YesVotes>
              </Candidate>
            </Party>
            <Party>
              <PartyName>Democratic</PartyName>
              <Candidate>
                <CandidateID>750117276</CandidateID>
                <LastName>Amy Klobuchar</LastName>
                <FirstName />
                <YesVotes>1</YesVotes>
              </Candidate>
              <Candidate>
                <CandidateID>750117280</CandidateID>
                <LastName>Tom Steyer</LastName>
                <FirstName />
                <YesVotes>0</YesVotes>
              </Candidate>
              <Candidate>
                <CandidateID>750117274</CandidateID>
                <LastName>Tulsi Gabbard</LastName>
                <FirstName />
                <YesVotes>6</YesVotes>
              </Candidate>
              <Candidate>
                <CandidateID>750117278</CandidateID>
                <LastName>Leonard J. Steinman II</LastName>
                <FirstName />
                <YesVotes>0</YesVotes>
              </Candidate>
              <Candidate>
                <CandidateID>750117285</CandidateID>
                <LastName>Cory Booker</LastName>
                <FirstName />
                <YesVotes>1</YesVotes>
              </Candidate>
              <Candidate>
                <CandidateID>750117279</CandidateID>
                <LastName>Joseph R. Biden</LastName>
                <FirstName />
                <YesVotes>305</YesVotes>
              </Candidate>
              <Candidate>
                <CandidateID>750117282</CandidateID>
                <LastName>Elizabeth Warren</LastName>
                <FirstName />
                <YesVotes>5</YesVotes>
              </Candidate>
              <Candidate>
                <CandidateID>750117275</CandidateID>
                <LastName>Pete Buttigieg</LastName>
                <FirstName />
                <YesVotes>6</YesVotes>
              </Candidate>
              <Candidate>
                <CandidateID>750117283</CandidateID>
                <LastName>Bernie Sanders</LastName>
                <FirstName />
                <YesVotes>116</YesVotes>
              </Candidate>
              <Candidate>
                <CandidateID>750117277</CandidateID>
                <LastName>Velma Steinman</LastName>
                <FirstName />
                <YesVotes>0</YesVotes>
              </Candidate>
              <Candidate>
                <CandidateID>750117287</CandidateID>
                <LastName>Henry Hewes</LastName>
                <FirstName />
                <YesVotes>0</YesVotes>
              </Candidate>
              <Candidate>
                <CandidateID>750117288</CandidateID>
                <LastName>Andrew Yang</LastName>
                <FirstName />
                <YesVotes>0</YesVotes>
              </Candidate>
              <Candidate>
                <CandidateID>750117299</CandidateID>
                <LastName>Roque De La Fuente</LastName>
                <FirstName />
                <YesVotes>0</YesVotes>
              </Candidate>
              <Candidate>
                <CandidateID>750117301</CandidateID>
                <LastName>John K. Delaney</LastName>
                <FirstName />
                <YesVotes>0</YesVotes>
              </Candidate>
              <Candidate>
                <CandidateID>750117302</CandidateID>
                <LastName>Julián Castro</LastName>
                <FirstName />
                <YesVotes>0</YesVotes>
              </Candidate>
              <Candidate>
                <CandidateID>750117303</CandidateID>
                <LastName>Deval Patrick</LastName>
                <FirstName />
                <YesVotes>0</YesVotes>
              </Candidate>
              <Candidate>
                <CandidateID>750117321</CandidateID>
                <LastName>Marianne Williamson</LastName>
                <FirstName />
                <YesVotes>0</YesVotes>
              </Candidate>
              <Candidate>
                <CandidateID>750117323</CandidateID>
                <LastName>Michael Bennet</LastName>
                <FirstName />
                <YesVotes>0</YesVotes>
              </Candidate>
              <Candidate>
                <CandidateID>750117324</CandidateID>
                <LastName>Michael R. Bloomberg</LastName>
                <FirstName />
                <YesVotes>12</YesVotes>
              </Candidate>
              <Candidate>
                <CandidateID>750117326</CandidateID>
                <LastName>Steve Burke</LastName>
                <FirstName />
                <YesVotes>0</YesVotes>
              </Candidate>
              <Candidate>
                <CandidateID>750117331</CandidateID>
                <LastName>Robby Wells</LastName>
                <FirstName />
                <YesVotes>0</YesVotes>
              </Candidate>
              <Candidate>
                <CandidateID>750117332</CandidateID>
                <LastName>William C. (Bill) Haas</LastName>
                <FirstName />
                <YesVotes>0</YesVotes>
              </Candidate>
              <Candidate>
                <CandidateID>750117354</CandidateID>
                <LastName>Uncommitted</LastName>
                <FirstName />
                <YesVotes>4</YesVotes>
              </Candidate>
            </Party>
            <Party>
              <PartyName>Libertarian</PartyName>
              <Candidate>
                <CandidateID>750117320</CandidateID>
                <LastName>Jacob Hornberger</LastName>
                <FirstName />
                <YesVotes>3</YesVotes>
              </Candidate>
              <Candidate>
                <CandidateID>750117355</CandidateID>
                <LastName>Uncommitted</LastName>
                <FirstName />
                <YesVotes>0</YesVotes>
              </Candidate>
            </Party>
            <Party>
              <PartyName>Green</PartyName>
              <Candidate>
                <CandidateID>750117325</CandidateID>
                <LastName>Howie Hawkins</LastName>
                <FirstName />
                <YesVotes>1</YesVotes>
              </Candidate>
              <Candidate>
                <CandidateID>750117327</CandidateID>
                <LastName>Dario Hunter</LastName>
                <FirstName />
                <YesVotes>0</YesVotes>
              </Candidate>
              <Candidate>
                <CandidateID>750117329</CandidateID>
                <LastName>David Rolde</LastName>
                <FirstName />
                <YesVotes>0</YesVotes>
              </Candidate>
              <Candidate>
                <CandidateID>750117356</CandidateID>
                <LastName>Uncommitted</LastName>
                <FirstName />
                <YesVotes>0</YesVotes>
              </Candidate>
            </Party>
            <Party>
              <PartyName>Constitution</PartyName>
              <Candidate>
                <CandidateID>750117333</CandidateID>
                <LastName>Don J. Grundmann</LastName>
                <FirstName />
                <YesVotes>0</YesVotes>
              </Candidate>
              <Candidate>
                <CandidateID>750117335</CandidateID>
                <LastName>Don Blankenship</LastName>
                <FirstName />
                <YesVotes>1</YesVotes>
              </Candidate>
              <Candidate>
                <CandidateID>750117357</CandidateID>
                <LastName>Uncommitted</LastName>
                <FirstName />
                <YesVotes>1</YesVotes>
              </Candidate>
            </Party>
          </CountyResults>
        </Counties>
        <Counties>
          <CountyName>Harrison</CountyName>
          <CountyResults>
            <ReportingPrecincts>7</ReportingPrecincts>
            <TotalPrecincts>7</TotalPrecincts>
            <Party>
              <PartyName>Republican</PartyName>
              <Candidate>
                <CandidateID>750117286</CandidateID>
                <LastName>Donald J Trump</LastName>
                <FirstName />
                <YesVotes>596</YesVotes>
              </Candidate>
              <Candidate>
                <CandidateID>750117300</CandidateID>
                <LastName>Bob Ely</LastName>
                <FirstName />
                <YesVotes>0</YesVotes>
              </Candidate>
              <Candidate>
                <CandidateID>750117328</CandidateID>
                <LastName>Bill Weld</LastName>
                <FirstName />
                <YesVotes>0</YesVotes>
              </Candidate>
              <Candidate>
                <CandidateID>750117330</CandidateID>
                <LastName>Joe Walsh</LastName>
                <FirstName />
                <YesVotes>0</YesVotes>
              </Candidate>
              <Candidate>
                <CandidateID>750117334</CandidateID>
                <LastName>Matthew John Matern</LastName>
                <FirstName />
                <YesVotes>0</YesVotes>
              </Candidate>
              <Candidate>
                <CandidateID>750117353</CandidateID>
                <LastName>Uncommitted</LastName>
                <FirstName />
                <YesVotes>10</YesVotes>
              </Candidate>
            </Party>
            <Party>
              <PartyName>Democratic</PartyName>
              <Candidate>
                <CandidateID>750117276</CandidateID>
                <LastName>Amy Klobuchar</LastName>
                <FirstName />
                <YesVotes>0</YesVotes>
              </Candidate>
              <Candidate>
                <CandidateID>750117280</CandidateID>
                <LastName>Tom Steyer</LastName>
                <FirstName />
                <YesVotes>1</YesVotes>
              </Candidate>
              <Candidate>
                <CandidateID>750117274</CandidateID>
                <LastName>Tulsi Gabbard</LastName>
                <FirstName />
                <YesVotes>6</YesVotes>
              </Candidate>
              <Candidate>
                <CandidateID>750117278</CandidateID>
                <LastName>Leonard J. Steinman II</LastName>
                <FirstName />
                <YesVotes>0</YesVotes>
              </Candidate>
              <Candidate>
                <CandidateID>750117285</CandidateID>
                <LastName>Cory Booker</LastName>
                <FirstName />
                <YesVotes>0</YesVotes>
              </Candidate>
              <Candidate>
                <CandidateID>750117279</CandidateID>
                <LastName>Joseph R. Biden</LastName>
                <FirstName />
                <YesVotes>186</YesVotes>
              </Candidate>
              <Candidate>
                <CandidateID>750117282</CandidateID>
                <LastName>Elizabeth Warren</LastName>
                <FirstName />
                <YesVotes>4</YesVotes>
              </Candidate>
              <Candidate>
                <CandidateID>750117275</CandidateID>
                <LastName>Pete Buttigieg</LastName>
                <FirstName />
                <YesVotes>2</YesVotes>
              </Candidate>
              <Candidate>
                <CandidateID>750117283</CandidateID>
                <LastName>Bernie Sanders</LastName>
                <FirstName />
                <YesVotes>68</YesVotes>
              </Candidate>
              <Candidate>
                <CandidateID>750117277</CandidateID>
                <LastName>Velma Steinman</LastName>
                <FirstName />
                <YesVotes>0</YesVotes>
              </Candidate>
              <Candidate>
                <CandidateID>750117287</CandidateID>
                <LastName>Henry Hewes</LastName>
                <FirstName />
                <YesVotes>1</YesVotes>
              </Candidate>
              <Candidate>
                <CandidateID>750117288</CandidateID>
                <LastName>Andrew Yang</LastName>
                <FirstName />
                <YesVotes>0</YesVotes>
              </Candidate>
              <Candidate>
                <CandidateID>750117299</CandidateID>
                <LastName>Roque De La Fuente</LastName>
                <FirstName />
                <YesVotes>0</YesVotes>
              </Candidate>
              <Candidate>
                <CandidateID>750117301</CandidateID>
                <LastName>John K. Delaney</LastName>
                <FirstName />
                <YesVotes>0</YesVotes>
              </Candidate>
              <Candidate>
                <CandidateID>750117302</CandidateID>
                <LastName>Julián Castro</LastName>
                <FirstName />
                <YesVotes>0</YesVotes>
              </Candidate>
              <Candidate>
                <CandidateID>750117303</CandidateID>
                <LastName>Deval Patrick</LastName>
                <FirstName />
                <YesVotes>0</YesVotes>
              </Candidate>
              <Candidate>
                <CandidateID>750117321</CandidateID>
                <LastName>Marianne Williamson</LastName>
                <FirstName />
                <YesVotes>0</YesVotes>
              </Candidate>
              <Candidate>
                <CandidateID>750117323</CandidateID>
                <LastName>Michael Bennet</LastName>
                <FirstName />
                <YesVotes>1</YesVotes>
              </Candidate>
              <Candidate>
                <CandidateID>750117324</CandidateID>
                <LastName>Michael R. Bloomberg</LastName>
                <FirstName />
                <YesVotes>9</YesVotes>
              </Candidate>
              <Candidate>
                <CandidateID>750117326</CandidateID>
                <LastName>Steve Burke</LastName>
                <FirstName />
                <YesVotes>0</YesVotes>
              </Candidate>
              <Candidate>
                <CandidateID>750117331</CandidateID>
                <LastName>Robby Wells</LastName>
                <FirstName />
                <YesVotes>0</YesVotes>
              </Candidate>
              <Candidate>
                <CandidateID>750117332</CandidateID>
                <LastName>William C. (Bill) Haas</LastName>
                <FirstName />
                <YesVotes>0</YesVotes>
              </Candidate>
              <Candidate>
                <CandidateID>750117354</CandidateID>
                <LastName>Uncommitted</LastName>
                <FirstName />
                <YesVotes>5</YesVotes>
              </Candidate>
            </Party>
            <Party>
              <PartyName>Libertarian</PartyName>
              <Candidate>
                <CandidateID>750117320</CandidateID>
                <LastName>Jacob Hornberger</LastName>
                <FirstName />
                <YesVotes>2</YesVotes>
              </Candidate>
              <Candidate>
                <CandidateID>750117355</CandidateID>
                <LastName>Uncommitted</LastName>
                <FirstName />
                <YesVotes>0</YesVotes>
              </Candidate>
            </Party>
            <Party>
              <PartyName>Green</PartyName>
              <Candidate>
                <CandidateID>750117325</CandidateID>
                <LastName>Howie Hawkins</LastName>
                <FirstName />
                <YesVotes>0</YesVotes>
              </Candidate>
              <Candidate>
                <CandidateID>750117327</CandidateID>
                <LastName>Dario Hunter</LastName>
                <FirstName />
                <YesVotes>0</YesVotes>
              </Candidate>
              <Candidate>
                <CandidateID>750117329</CandidateID>
                <LastName>David Rolde</LastName>
                <FirstName />
                <YesVotes>0</YesVotes>
              </Candidate>
              <Candidate>
                <CandidateID>750117356</CandidateID>
                <LastName>Uncommitted</LastName>
                <FirstName />
                <YesVotes>0</YesVotes>
              </Candidate>
            </Party>
            <Party>
              <PartyName>Constitution</PartyName>
              <Candidate>
                <CandidateID>750117333</CandidateID>
                <LastName>Don J. Grundmann</LastName>
                <FirstName />
                <YesVotes>1</YesVotes>
              </Candidate>
              <Candidate>
                <CandidateID>750117335</CandidateID>
                <LastName>Don Blankenship</LastName>
                <FirstName />
                <YesVotes>0</YesVotes>
              </Candidate>
              <Candidate>
                <CandidateID>750117357</CandidateID>
                <LastName>Uncommitted</LastName>
                <FirstName />
                <YesVotes>2</YesVotes>
              </Candidate>
            </Party>
          </CountyResults>
        </Counties>
        <Counties>
          <CountyName>Henry</CountyName>
          <CountyResults>
            <ReportingPrecincts>10</ReportingPrecincts>
            <TotalPrecincts>10</TotalPrecincts>
            <Party>
              <PartyName>Republican</PartyName>
              <Candidate>
                <CandidateID>750117286</CandidateID>
                <LastName>Donald J Trump</LastName>
                <FirstName />
                <YesVotes>1333</YesVotes>
              </Candidate>
              <Candidate>
                <CandidateID>750117300</CandidateID>
                <LastName>Bob Ely</LastName>
                <FirstName />
                <YesVotes>1</YesVotes>
              </Candidate>
              <Candidate>
                <CandidateID>750117328</CandidateID>
                <LastName>Bill Weld</LastName>
                <FirstName />
                <YesVotes>3</YesVotes>
              </Candidate>
              <Candidate>
                <CandidateID>750117330</CandidateID>
                <LastName>Joe Walsh</LastName>
                <FirstName />
                <YesVotes>8</YesVotes>
              </Candidate>
              <Candidate>
                <CandidateID>750117334</CandidateID>
                <LastName>Matthew John Matern</LastName>
                <FirstName />
                <YesVotes>0</YesVotes>
              </Candidate>
              <Candidate>
                <CandidateID>750117353</CandidateID>
                <LastName>Uncommitted</LastName>
                <FirstName />
                <YesVotes>9</YesVotes>
              </Candidate>
            </Party>
            <Party>
              <PartyName>Democratic</PartyName>
              <Candidate>
                <CandidateID>750117276</CandidateID>
                <LastName>Amy Klobuchar</LastName>
                <FirstName />
                <YesVotes>4</YesVotes>
              </Candidate>
              <Candidate>
                <CandidateID>750117280</CandidateID>
                <LastName>Tom Steyer</LastName>
                <FirstName />
                <YesVotes>1</YesVotes>
              </Candidate>
              <Candidate>
                <CandidateID>750117274</CandidateID>
                <LastName>Tulsi Gabbard</LastName>
                <FirstName />
                <YesVotes>17</YesVotes>
              </Candidate>
              <Candidate>
                <CandidateID>750117278</CandidateID>
                <LastName>Leonard J. Steinman II</LastName>
                <FirstName />
                <YesVotes>0</YesVotes>
              </Candidate>
              <Candidate>
                <CandidateID>750117285</CandidateID>
                <LastName>Cory Booker</LastName>
                <FirstName />
                <YesVotes>3</YesVotes>
              </Candidate>
              <Candidate>
                <CandidateID>750117279</CandidateID>
                <LastName>Joseph R. Biden</LastName>
                <FirstName />
                <YesVotes>1001</YesVotes>
              </Candidate>
              <Candidate>
                <CandidateID>750117282</CandidateID>
                <LastName>Elizabeth Warren</LastName>
                <FirstName />
                <YesVotes>20</YesVotes>
              </Candidate>
              <Candidate>
                <CandidateID>750117275</CandidateID>
                <LastName>Pete Buttigieg</LastName>
                <FirstName />
                <YesVotes>5</YesVotes>
              </Candidate>
              <Candidate>
                <CandidateID>750117283</CandidateID>
                <LastName>Bernie Sanders</LastName>
                <FirstName />
                <YesVotes>371</YesVotes>
              </Candidate>
              <Candidate>
                <CandidateID>750117277</CandidateID>
                <LastName>Velma Steinman</LastName>
                <FirstName />
                <YesVotes>0</YesVotes>
              </Candidate>
              <Candidate>
                <CandidateID>750117287</CandidateID>
                <LastName>Henry Hewes</LastName>
                <FirstName />
                <YesVotes>0</YesVotes>
              </Candidate>
              <Candidate>
                <CandidateID>750117288</CandidateID>
                <LastName>Andrew Yang</LastName>
                <FirstName />
                <YesVotes>0</YesVotes>
              </Candidate>
              <Candidate>
                <CandidateID>750117299</CandidateID>
                <LastName>Roque De La Fuente</LastName>
                <FirstName />
                <YesVotes>0</YesVotes>
              </Candidate>
              <Candidate>
                <CandidateID>750117301</CandidateID>
                <LastName>John K. Delaney</LastName>
                <FirstName />
                <YesVotes>1</YesVotes>
              </Candidate>
              <Candidate>
                <CandidateID>750117302</CandidateID>
                <LastName>Julián Castro</LastName>
                <FirstName />
                <YesVotes>0</YesVotes>
              </Candidate>
              <Candidate>
                <CandidateID>750117303</CandidateID>
                <LastName>Deval Patrick</LastName>
                <FirstName />
                <YesVotes>0</YesVotes>
              </Candidate>
              <Candidate>
                <CandidateID>750117321</CandidateID>
                <LastName>Marianne Williamson</LastName>
                <FirstName />
                <YesVotes>1</YesVotes>
              </Candidate>
              <Candidate>
                <CandidateID>750117323</CandidateID>
                <LastName>Michael Bennet</LastName>
                <FirstName />
                <YesVotes>1</YesVotes>
              </Candidate>
              <Candidate>
                <CandidateID>750117324</CandidateID>
                <LastName>Michael R. Bloomberg</LastName>
                <FirstName />
                <YesVotes>16</YesVotes>
              </Candidate>
              <Candidate>
                <CandidateID>750117326</CandidateID>
                <LastName>Steve Burke</LastName>
                <FirstName />
                <YesVotes>0</YesVotes>
              </Candidate>
              <Candidate>
                <CandidateID>750117331</CandidateID>
                <LastName>Robby Wells</LastName>
                <FirstName />
                <YesVotes>0</YesVotes>
              </Candidate>
              <Candidate>
                <CandidateID>750117332</CandidateID>
                <LastName>William C. (Bill) Haas</LastName>
                <FirstName />
                <YesVotes>2</YesVotes>
              </Candidate>
              <Candidate>
                <CandidateID>750117354</CandidateID>
                <LastName>Uncommitted</LastName>
                <FirstName />
                <YesVotes>10</YesVotes>
              </Candidate>
            </Party>
            <Party>
              <PartyName>Libertarian</PartyName>
              <Candidate>
                <CandidateID>750117320</CandidateID>
                <LastName>Jacob Hornberger</LastName>
                <FirstName />
                <YesVotes>8</YesVotes>
              </Candidate>
              <Candidate>
                <CandidateID>750117355</CandidateID>
                <LastName>Uncommitted</LastName>
                <FirstName />
                <YesVotes>3</YesVotes>
              </Candidate>
            </Party>
            <Party>
              <PartyName>Green</PartyName>
              <Candidate>
                <CandidateID>750117325</CandidateID>
                <LastName>Howie Hawkins</LastName>
                <FirstName />
                <YesVotes>2</YesVotes>
              </Candidate>
              <Candidate>
                <CandidateID>750117327</CandidateID>
                <LastName>Dario Hunter</LastName>
                <FirstName />
                <YesVotes>1</YesVotes>
              </Candidate>
              <Candidate>
                <CandidateID>750117329</CandidateID>
                <LastName>David Rolde</LastName>
                <FirstName />
                <YesVotes>1</YesVotes>
              </Candidate>
              <Candidate>
                <CandidateID>750117356</CandidateID>
                <LastName>Uncommitted</LastName>
                <FirstName />
                <YesVotes>1</YesVotes>
              </Candidate>
            </Party>
            <Party>
              <PartyName>Constitution</PartyName>
              <Candidate>
                <CandidateID>750117333</CandidateID>
                <LastName>Don J. Grundmann</LastName>
                <FirstName />
                <YesVotes>1</YesVotes>
              </Candidate>
              <Candidate>
                <CandidateID>750117335</CandidateID>
                <LastName>Don Blankenship</LastName>
                <FirstName />
                <YesVotes>0</YesVotes>
              </Candidate>
              <Candidate>
                <CandidateID>750117357</CandidateID>
                <LastName>Uncommitted</LastName>
                <FirstName />
                <YesVotes>2</YesVotes>
              </Candidate>
            </Party>
          </CountyResults>
        </Counties>
        <Counties>
          <CountyName>Hickory</CountyName>
          <CountyResults>
            <ReportingPrecincts>7</ReportingPrecincts>
            <TotalPrecincts>7</TotalPrecincts>
            <Party>
              <PartyName>Republican</PartyName>
              <Candidate>
                <CandidateID>750117286</CandidateID>
                <LastName>Donald J Trump</LastName>
                <FirstName />
                <YesVotes>934</YesVotes>
              </Candidate>
              <Candidate>
                <CandidateID>750117300</CandidateID>
                <LastName>Bob Ely</LastName>
                <FirstName />
                <YesVotes>1</YesVotes>
              </Candidate>
              <Candidate>
                <CandidateID>750117328</CandidateID>
                <LastName>Bill Weld</LastName>
                <FirstName />
                <YesVotes>1</YesVotes>
              </Candidate>
              <Candidate>
                <CandidateID>750117330</CandidateID>
                <LastName>Joe Walsh</LastName>
                <FirstName />
                <YesVotes>6</YesVotes>
              </Candidate>
              <Candidate>
                <CandidateID>750117334</CandidateID>
                <LastName>Matthew John Matern</LastName>
                <FirstName />
                <YesVotes>0</YesVotes>
              </Candidate>
              <Candidate>
                <CandidateID>750117353</CandidateID>
                <LastName>Uncommitted</LastName>
                <FirstName />
                <YesVotes>8</YesVotes>
              </Candidate>
            </Party>
            <Party>
              <PartyName>Democratic</PartyName>
              <Candidate>
                <CandidateID>750117276</CandidateID>
                <LastName>Amy Klobuchar</LastName>
                <FirstName />
                <YesVotes>10</YesVotes>
              </Candidate>
              <Candidate>
                <CandidateID>750117280</CandidateID>
                <LastName>Tom Steyer</LastName>
                <FirstName />
                <YesVotes>1</YesVotes>
              </Candidate>
              <Candidate>
                <CandidateID>750117274</CandidateID>
                <LastName>Tulsi Gabbard</LastName>
                <FirstName />
                <YesVotes>4</YesVotes>
              </Candidate>
              <Candidate>
                <CandidateID>750117278</CandidateID>
                <LastName>Leonard J. Steinman II</LastName>
                <FirstName />
                <YesVotes>0</YesVotes>
              </Candidate>
              <Candidate>
                <CandidateID>750117285</CandidateID>
                <LastName>Cory Booker</LastName>
                <FirstName />
                <YesVotes>0</YesVotes>
              </Candidate>
              <Candidate>
                <CandidateID>750117279</CandidateID>
                <LastName>Joseph R. Biden</LastName>
                <FirstName />
                <YesVotes>424</YesVotes>
              </Candidate>
              <Candidate>
                <CandidateID>750117282</CandidateID>
                <LastName>Elizabeth Warren</LastName>
                <FirstName />
                <YesVotes>7</YesVotes>
              </Candidate>
              <Candidate>
                <CandidateID>750117275</CandidateID>
                <LastName>Pete Buttigieg</LastName>
                <FirstName />
                <YesVotes>3</YesVotes>
              </Candidate>
              <Candidate>
                <CandidateID>750117283</CandidateID>
                <LastName>Bernie Sanders</LastName>
                <FirstName />
                <YesVotes>141</YesVotes>
              </Candidate>
              <Candidate>
                <CandidateID>750117277</CandidateID>
                <LastName>Velma Steinman</LastName>
                <FirstName />
                <YesVotes>0</YesVotes>
              </Candidate>
              <Candidate>
                <CandidateID>750117287</CandidateID>
                <LastName>Henry Hewes</LastName>
                <FirstName />
                <YesVotes>0</YesVotes>
              </Candidate>
              <Candidate>
                <CandidateID>750117288</CandidateID>
                <LastName>Andrew Yang</LastName>
                <FirstName />
                <YesVotes>0</YesVotes>
              </Candidate>
              <Candidate>
                <CandidateID>750117299</CandidateID>
                <LastName>Roque De La Fuente</LastName>
                <FirstName />
                <YesVotes>0</YesVotes>
              </Candidate>
              <Candidate>
                <CandidateID>750117301</CandidateID>
                <LastName>John K. Delaney</LastName>
                <FirstName />
                <YesVotes>0</YesVotes>
              </Candidate>
              <Candidate>
                <CandidateID>750117302</CandidateID>
                <LastName>Julián Castro</LastName>
                <FirstName />
                <YesVotes>1</YesVotes>
              </Candidate>
              <Candidate>
                <CandidateID>750117303</CandidateID>
                <LastName>Deval Patrick</LastName>
                <FirstName />
                <YesVotes>0</YesVotes>
              </Candidate>
              <Candidate>
                <CandidateID>750117321</CandidateID>
                <LastName>Marianne Williamson</LastName>
                <FirstName />
                <YesVotes>0</YesVotes>
              </Candidate>
              <Candidate>
                <CandidateID>750117323</CandidateID>
                <LastName>Michael Bennet</LastName>
                <FirstName />
                <YesVotes>0</YesVotes>
              </Candidate>
              <Candidate>
                <CandidateID>750117324</CandidateID>
                <LastName>Michael R. Bloomberg</LastName>
                <FirstName />
                <YesVotes>8</YesVotes>
              </Candidate>
              <Candidate>
                <CandidateID>750117326</CandidateID>
                <LastName>Steve Burke</LastName>
                <FirstName />
                <YesVotes>0</YesVotes>
              </Candidate>
              <Candidate>
                <CandidateID>750117331</CandidateID>
                <LastName>Robby Wells</LastName>
                <FirstName />
                <YesVotes>1</YesVotes>
              </Candidate>
              <Candidate>
                <CandidateID>750117332</CandidateID>
                <LastName>William C. (Bill) Haas</LastName>
                <FirstName />
                <YesVotes>1</YesVotes>
              </Candidate>
              <Candidate>
                <CandidateID>750117354</CandidateID>
                <LastName>Uncommitted</LastName>
                <FirstName />
                <YesVotes>4</YesVotes>
              </Candidate>
            </Party>
            <Party>
              <PartyName>Libertarian</PartyName>
              <Candidate>
                <CandidateID>750117320</CandidateID>
                <LastName>Jacob Hornberger</LastName>
                <FirstName />
                <YesVotes>2</YesVotes>
              </Candidate>
              <Candidate>
                <CandidateID>750117355</CandidateID>
                <LastName>Uncommitted</LastName>
                <FirstName />
                <YesVotes>0</YesVotes>
              </Candidate>
            </Party>
            <Party>
              <PartyName>Green</PartyName>
              <Candidate>
                <CandidateID>750117325</CandidateID>
                <LastName>Howie Hawkins</LastName>
                <FirstName />
                <YesVotes>2</YesVotes>
              </Candidate>
              <Candidate>
                <CandidateID>750117327</CandidateID>
                <LastName>Dario Hunter</LastName>
                <FirstName />
                <YesVotes>0</YesVotes>
              </Candidate>
              <Candidate>
                <CandidateID>750117329</CandidateID>
                <LastName>David Rolde</LastName>
                <FirstName />
                <YesVotes>0</YesVotes>
              </Candidate>
              <Candidate>
                <CandidateID>750117356</CandidateID>
                <LastName>Uncommitted</LastName>
                <FirstName />
                <YesVotes>1</YesVotes>
              </Candidate>
            </Party>
            <Party>
              <PartyName>Constitution</PartyName>
              <Candidate>
                <CandidateID>750117333</CandidateID>
                <LastName>Don J. Grundmann</LastName>
                <FirstName />
                <YesVotes>0</YesVotes>
              </Candidate>
              <Candidate>
                <CandidateID>750117335</CandidateID>
                <LastName>Don Blankenship</LastName>
                <FirstName />
                <YesVotes>0</YesVotes>
              </Candidate>
              <Candidate>
                <CandidateID>750117357</CandidateID>
                <LastName>Uncommitted</LastName>
                <FirstName />
                <YesVotes>0</YesVotes>
              </Candidate>
            </Party>
          </CountyResults>
        </Counties>
        <Counties>
          <CountyName>Holt</CountyName>
          <CountyResults>
            <ReportingPrecincts>5</ReportingPrecincts>
            <TotalPrecincts>5</TotalPrecincts>
            <Party>
              <PartyName>Republican</PartyName>
              <Candidate>
                <CandidateID>750117286</CandidateID>
                <LastName>Donald J Trump</LastName>
                <FirstName />
                <YesVotes>429</YesVotes>
              </Candidate>
              <Candidate>
                <CandidateID>750117300</CandidateID>
                <LastName>Bob Ely</LastName>
                <FirstName />
                <YesVotes>2</YesVotes>
              </Candidate>
              <Candidate>
                <CandidateID>750117328</CandidateID>
                <LastName>Bill Weld</LastName>
                <FirstName />
                <YesVotes>3</YesVotes>
              </Candidate>
              <Candidate>
                <CandidateID>750117330</CandidateID>
                <LastName>Joe Walsh</LastName>
                <FirstName />
                <YesVotes>3</YesVotes>
              </Candidate>
              <Candidate>
                <CandidateID>750117334</CandidateID>
                <LastName>Matthew John Matern</LastName>
                <FirstName />
                <YesVotes>0</YesVotes>
              </Candidate>
              <Candidate>
                <CandidateID>750117353</CandidateID>
                <LastName>Uncommitted</LastName>
                <FirstName />
                <YesVotes>4</YesVotes>
              </Candidate>
            </Party>
            <Party>
              <PartyName>Democratic</PartyName>
              <Candidate>
                <CandidateID>750117276</CandidateID>
                <LastName>Amy Klobuchar</LastName>
                <FirstName />
                <YesVotes>0</YesVotes>
              </Candidate>
              <Candidate>
                <CandidateID>750117280</CandidateID>
                <LastName>Tom Steyer</LastName>
                <FirstName />
                <YesVotes>0</YesVotes>
              </Candidate>
              <Candidate>
                <CandidateID>750117274</CandidateID>
                <LastName>Tulsi Gabbard</LastName>
                <FirstName />
                <YesVotes>3</YesVotes>
              </Candidate>
              <Candidate>
                <CandidateID>750117278</CandidateID>
                <LastName>Leonard J. Steinman II</LastName>
                <FirstName />
                <YesVotes>0</YesVotes>
              </Candidate>
              <Candidate>
                <CandidateID>750117285</CandidateID>
                <LastName>Cory Booker</LastName>
                <FirstName />
                <YesVotes>0</YesVotes>
              </Candidate>
              <Candidate>
                <CandidateID>750117279</CandidateID>
                <LastName>Joseph R. Biden</LastName>
                <FirstName />
                <YesVotes>133</YesVotes>
              </Candidate>
              <Candidate>
                <CandidateID>750117282</CandidateID>
                <LastName>Elizabeth Warren</LastName>
                <FirstName />
                <YesVotes>3</YesVotes>
              </Candidate>
              <Candidate>
                <CandidateID>750117275</CandidateID>
                <LastName>Pete Buttigieg</LastName>
                <FirstName />
                <YesVotes>2</YesVotes>
              </Candidate>
              <Candidate>
                <CandidateID>750117283</CandidateID>
                <LastName>Bernie Sanders</LastName>
                <FirstName />
                <YesVotes>65</YesVotes>
              </Candidate>
              <Candidate>
                <CandidateID>750117277</CandidateID>
                <LastName>Velma Steinman</LastName>
                <FirstName />
                <YesVotes>0</YesVotes>
              </Candidate>
              <Candidate>
                <CandidateID>750117287</CandidateID>
                <LastName>Henry Hewes</LastName>
                <FirstName />
                <YesVotes>0</YesVotes>
              </Candidate>
              <Candidate>
                <CandidateID>750117288</CandidateID>
                <LastName>Andrew Yang</LastName>
                <FirstName />
                <YesVotes>0</YesVotes>
              </Candidate>
              <Candidate>
                <CandidateID>750117299</CandidateID>
                <LastName>Roque De La Fuente</LastName>
                <FirstName />
                <YesVotes>0</YesVotes>
              </Candidate>
              <Candidate>
                <CandidateID>750117301</CandidateID>
                <LastName>John K. Delaney</LastName>
                <FirstName />
                <YesVotes>0</YesVotes>
              </Candidate>
              <Candidate>
                <CandidateID>750117302</CandidateID>
                <LastName>Julián Castro</LastName>
                <FirstName />
                <YesVotes>0</YesVotes>
              </Candidate>
              <Candidate>
                <CandidateID>750117303</CandidateID>
                <LastName>Deval Patrick</LastName>
                <FirstName />
                <YesVotes>0</YesVotes>
              </Candidate>
              <Candidate>
                <CandidateID>750117321</CandidateID>
                <LastName>Marianne Williamson</LastName>
                <FirstName />
                <YesVotes>0</YesVotes>
              </Candidate>
              <Candidate>
                <CandidateID>750117323</CandidateID>
                <LastName>Michael Bennet</LastName>
                <FirstName />
                <YesVotes>0</YesVotes>
              </Candidate>
              <Candidate>
                <CandidateID>750117324</CandidateID>
                <LastName>Michael R. Bloomberg</LastName>
                <FirstName />
                <YesVotes>5</YesVotes>
              </Candidate>
              <Candidate>
                <CandidateID>750117326</CandidateID>
                <LastName>Steve Burke</LastName>
                <FirstName />
                <YesVotes>0</YesVotes>
              </Candidate>
              <Candidate>
                <CandidateID>750117331</CandidateID>
                <LastName>Robby Wells</LastName>
                <FirstName />
                <YesVotes>0</YesVotes>
              </Candidate>
              <Candidate>
                <CandidateID>750117332</CandidateID>
                <LastName>William C. (Bill) Haas</LastName>
                <FirstName />
                <YesVotes>0</YesVotes>
              </Candidate>
              <Candidate>
                <CandidateID>750117354</CandidateID>
                <LastName>Uncommitted</LastName>
                <FirstName />
                <YesVotes>2</YesVotes>
              </Candidate>
            </Party>
            <Party>
              <PartyName>Libertarian</PartyName>
              <Candidate>
                <CandidateID>750117320</CandidateID>
                <LastName>Jacob Hornberger</LastName>
                <FirstName />
                <YesVotes>1</YesVotes>
              </Candidate>
              <Candidate>
                <CandidateID>750117355</CandidateID>
                <LastName>Uncommitted</LastName>
                <FirstName />
                <YesVotes>0</YesVotes>
              </Candidate>
            </Party>
            <Party>
              <PartyName>Green</PartyName>
              <Candidate>
                <CandidateID>750117325</CandidateID>
                <LastName>Howie Hawkins</LastName>
                <FirstName />
                <YesVotes>0</YesVotes>
              </Candidate>
              <Candidate>
                <CandidateID>750117327</CandidateID>
                <LastName>Dario Hunter</LastName>
                <FirstName />
                <YesVotes>0</YesVotes>
              </Candidate>
              <Candidate>
                <CandidateID>750117329</CandidateID>
                <LastName>David Rolde</LastName>
                <FirstName />
                <YesVotes>0</YesVotes>
              </Candidate>
              <Candidate>
                <CandidateID>750117356</CandidateID>
                <LastName>Uncommitted</LastName>
                <FirstName />
                <YesVotes>0</YesVotes>
              </Candidate>
            </Party>
            <Party>
              <PartyName>Constitution</PartyName>
              <Candidate>
                <CandidateID>750117333</CandidateID>
                <LastName>Don J. Grundmann</LastName>
                <FirstName />
                <YesVotes>0</YesVotes>
              </Candidate>
              <Candidate>
                <CandidateID>750117335</CandidateID>
                <LastName>Don Blankenship</LastName>
                <FirstName />
                <YesVotes>0</YesVotes>
              </Candidate>
              <Candidate>
                <CandidateID>750117357</CandidateID>
                <LastName>Uncommitted</LastName>
                <FirstName />
                <YesVotes>0</YesVotes>
              </Candidate>
            </Party>
          </CountyResults>
        </Counties>
        <Counties>
          <CountyName>Howard</CountyName>
          <CountyResults>
            <ReportingPrecincts>9</ReportingPrecincts>
            <TotalPrecincts>9</TotalPrecincts>
            <Party>
              <PartyName>Republican</PartyName>
              <Candidate>
                <CandidateID>750117286</CandidateID>
                <LastName>Donald J Trump</LastName>
                <FirstName />
                <YesVotes>580</YesVotes>
              </Candidate>
              <Candidate>
                <CandidateID>750117300</CandidateID>
                <LastName>Bob Ely</LastName>
                <FirstName />
                <YesVotes>0</YesVotes>
              </Candidate>
              <Candidate>
                <CandidateID>750117328</CandidateID>
                <LastName>Bill Weld</LastName>
                <FirstName />
                <YesVotes>9</YesVotes>
              </Candidate>
              <Candidate>
                <CandidateID>750117330</CandidateID>
                <LastName>Joe Walsh</LastName>
                <FirstName />
                <YesVotes>4</YesVotes>
              </Candidate>
              <Candidate>
                <CandidateID>750117334</CandidateID>
                <LastName>Matthew John Matern</LastName>
                <FirstName />
                <YesVotes>1</YesVotes>
              </Candidate>
              <Candidate>
                <CandidateID>750117353</CandidateID>
                <LastName>Uncommitted</LastName>
                <FirstName />
                <YesVotes>4</YesVotes>
              </Candidate>
            </Party>
            <Party>
              <PartyName>Democratic</PartyName>
              <Candidate>
                <CandidateID>750117276</CandidateID>
                <LastName>Amy Klobuchar</LastName>
                <FirstName />
                <YesVotes>5</YesVotes>
              </Candidate>
              <Candidate>
                <CandidateID>750117280</CandidateID>
                <LastName>Tom Steyer</LastName>
                <FirstName />
                <YesVotes>3</YesVotes>
              </Candidate>
              <Candidate>
                <CandidateID>750117274</CandidateID>
                <LastName>Tulsi Gabbard</LastName>
                <FirstName />
                <YesVotes>11</YesVotes>
              </Candidate>
              <Candidate>
                <CandidateID>750117278</CandidateID>
                <LastName>Leonard J. Steinman II</LastName>
                <FirstName />
                <YesVotes>1</YesVotes>
              </Candidate>
              <Candidate>
                <CandidateID>750117285</CandidateID>
                <LastName>Cory Booker</LastName>
                <FirstName />
                <YesVotes>2</YesVotes>
              </Candidate>
              <Candidate>
                <CandidateID>750117279</CandidateID>
                <LastName>Joseph R. Biden</LastName>
                <FirstName />
                <YesVotes>559</YesVotes>
              </Candidate>
              <Candidate>
                <CandidateID>750117282</CandidateID>
                <LastName>Elizabeth Warren</LastName>
                <FirstName />
                <YesVotes>12</YesVotes>
              </Candidate>
              <Candidate>
                <CandidateID>750117275</CandidateID>
                <LastName>Pete Buttigieg</LastName>
                <FirstName />
                <YesVotes>6</YesVotes>
              </Candidate>
              <Candidate>
                <CandidateID>750117283</CandidateID>
                <LastName>Bernie Sanders</LastName>
                <FirstName />
                <YesVotes>264</YesVotes>
              </Candidate>
              <Candidate>
                <CandidateID>750117277</CandidateID>
                <LastName>Velma Steinman</LastName>
                <FirstName />
                <YesVotes>2</YesVotes>
              </Candidate>
              <Candidate>
                <CandidateID>750117287</CandidateID>
                <LastName>Henry Hewes</LastName>
                <FirstName />
                <YesVotes>0</YesVotes>
              </Candidate>
              <Candidate>
                <CandidateID>750117288</CandidateID>
                <LastName>Andrew Yang</LastName>
                <FirstName />
                <YesVotes>3</YesVotes>
              </Candidate>
              <Candidate>
                <CandidateID>750117299</CandidateID>
                <LastName>Roque De La Fuente</LastName>
                <FirstName />
                <YesVotes>0</YesVotes>
              </Candidate>
              <Candidate>
                <CandidateID>750117301</CandidateID>
                <LastName>John K. Delaney</LastName>
                <FirstName />
                <YesVotes>0</YesVotes>
              </Candidate>
              <Candidate>
                <CandidateID>750117302</CandidateID>
                <LastName>Julián Castro</LastName>
                <FirstName />
                <YesVotes>0</YesVotes>
              </Candidate>
              <Candidate>
                <CandidateID>750117303</CandidateID>
                <LastName>Deval Patrick</LastName>
                <FirstName />
                <YesVotes>0</YesVotes>
              </Candidate>
              <Candidate>
                <CandidateID>750117321</CandidateID>
                <LastName>Marianne Williamson</LastName>
                <FirstName />
                <YesVotes>2</YesVotes>
              </Candidate>
              <Candidate>
                <CandidateID>750117323</CandidateID>
                <LastName>Michael Bennet</LastName>
                <FirstName />
                <YesVotes>0</YesVotes>
              </Candidate>
              <Candidate>
                <CandidateID>750117324</CandidateID>
                <LastName>Michael R. Bloomberg</LastName>
                <FirstName />
                <YesVotes>15</YesVotes>
              </Candidate>
              <Candidate>
                <CandidateID>750117326</CandidateID>
                <LastName>Steve Burke</LastName>
                <FirstName />
                <YesVotes>0</YesVotes>
              </Candidate>
              <Candidate>
                <CandidateID>750117331</CandidateID>
                <LastName>Robby Wells</LastName>
                <FirstName />
                <YesVotes>0</YesVotes>
              </Candidate>
              <Candidate>
                <CandidateID>750117332</CandidateID>
                <LastName>William C. (Bill) Haas</LastName>
                <FirstName />
                <YesVotes>0</YesVotes>
              </Candidate>
              <Candidate>
                <CandidateID>750117354</CandidateID>
                <LastName>Uncommitted</LastName>
                <FirstName />
                <YesVotes>8</YesVotes>
              </Candidate>
            </Party>
            <Party>
              <PartyName>Libertarian</PartyName>
              <Candidate>
                <CandidateID>750117320</CandidateID>
                <LastName>Jacob Hornberger</LastName>
                <FirstName />
                <YesVotes>6</YesVotes>
              </Candidate>
              <Candidate>
                <CandidateID>750117355</CandidateID>
                <LastName>Uncommitted</LastName>
                <FirstName />
                <YesVotes>0</YesVotes>
              </Candidate>
            </Party>
            <Party>
              <PartyName>Green</PartyName>
              <Candidate>
                <CandidateID>750117325</CandidateID>
                <LastName>Howie Hawkins</LastName>
                <FirstName />
                <YesVotes>0</YesVotes>
              </Candidate>
              <Candidate>
                <CandidateID>750117327</CandidateID>
                <LastName>Dario Hunter</LastName>
                <FirstName />
                <YesVotes>0</YesVotes>
              </Candidate>
              <Candidate>
                <CandidateID>750117329</CandidateID>
                <LastName>David Rolde</LastName>
                <FirstName />
                <YesVotes>0</YesVotes>
              </Candidate>
              <Candidate>
                <CandidateID>750117356</CandidateID>
                <LastName>Uncommitted</LastName>
                <FirstName />
                <YesVotes>0</YesVotes>
              </Candidate>
            </Party>
            <Party>
              <PartyName>Constitution</PartyName>
              <Candidate>
                <CandidateID>750117333</CandidateID>
                <LastName>Don J. Grundmann</LastName>
                <FirstName />
                <YesVotes>0</YesVotes>
              </Candidate>
              <Candidate>
                <CandidateID>750117335</CandidateID>
                <LastName>Don Blankenship</LastName>
                <FirstName />
                <YesVotes>0</YesVotes>
              </Candidate>
              <Candidate>
                <CandidateID>750117357</CandidateID>
                <LastName>Uncommitted</LastName>
                <FirstName />
                <YesVotes>0</YesVotes>
              </Candidate>
            </Party>
          </CountyResults>
        </Counties>
        <Counties>
          <CountyName>Howell</CountyName>
          <CountyResults>
            <ReportingPrecincts>21</ReportingPrecincts>
            <TotalPrecincts>21</TotalPrecincts>
            <Party>
              <PartyName>Republican</PartyName>
              <Candidate>
                <CandidateID>750117286</CandidateID>
                <LastName>Donald J Trump</LastName>
                <FirstName />
                <YesVotes>3264</YesVotes>
              </Candidate>
              <Candidate>
                <CandidateID>750117300</CandidateID>
                <LastName>Bob Ely</LastName>
                <FirstName />
                <YesVotes>2</YesVotes>
              </Candidate>
              <Candidate>
                <CandidateID>750117328</CandidateID>
                <LastName>Bill Weld</LastName>
                <FirstName />
                <YesVotes>5</YesVotes>
              </Candidate>
              <Candidate>
                <CandidateID>750117330</CandidateID>
                <LastName>Joe Walsh</LastName>
                <FirstName />
                <YesVotes>12</YesVotes>
              </Candidate>
              <Candidate>
                <CandidateID>750117334</CandidateID>
                <LastName>Matthew John Matern</LastName>
                <FirstName />
                <YesVotes>5</YesVotes>
              </Candidate>
              <Candidate>
                <CandidateID>750117353</CandidateID>
                <LastName>Uncommitted</LastName>
                <FirstName />
                <YesVotes>18</YesVotes>
              </Candidate>
            </Party>
            <Party>
              <PartyName>Democratic</PartyName>
              <Candidate>
                <CandidateID>750117276</CandidateID>
                <LastName>Amy Klobuchar</LastName>
                <FirstName />
                <YesVotes>6</YesVotes>
              </Candidate>
              <Candidate>
                <CandidateID>750117280</CandidateID>
                <LastName>Tom Steyer</LastName>
                <FirstName />
                <YesVotes>5</YesVotes>
              </Candidate>
              <Candidate>
                <CandidateID>750117274</CandidateID>
                <LastName>Tulsi Gabbard</LastName>
                <FirstName />
                <YesVotes>21</YesVotes>
              </Candidate>
              <Candidate>
                <CandidateID>750117278</CandidateID>
                <LastName>Leonard J. Steinman II</LastName>
                <FirstName />
                <YesVotes>0</YesVotes>
              </Candidate>
              <Candidate>
                <CandidateID>750117285</CandidateID>
                <LastName>Cory Booker</LastName>
                <FirstName />
                <YesVotes>0</YesVotes>
              </Candidate>
              <Candidate>
                <CandidateID>750117279</CandidateID>
                <LastName>Joseph R. Biden</LastName>
                <FirstName />
                <YesVotes>1072</YesVotes>
              </Candidate>
              <Candidate>
                <CandidateID>750117282</CandidateID>
                <LastName>Elizabeth Warren</LastName>
                <FirstName />
                <YesVotes>24</YesVotes>
              </Candidate>
              <Candidate>
                <CandidateID>750117275</CandidateID>
                <LastName>Pete Buttigieg</LastName>
                <FirstName />
                <YesVotes>13</YesVotes>
              </Candidate>
              <Candidate>
                <CandidateID>750117283</CandidateID>
                <LastName>Bernie Sanders</LastName>
                <FirstName />
                <YesVotes>559</YesVotes>
              </Candidate>
              <Candidate>
                <CandidateID>750117277</CandidateID>
                <LastName>Velma Steinman</LastName>
                <FirstName />
                <YesVotes>4</YesVotes>
              </Candidate>
              <Candidate>
                <CandidateID>750117287</CandidateID>
                <LastName>Henry Hewes</LastName>
                <FirstName />
                <YesVotes>2</YesVotes>
              </Candidate>
              <Candidate>
                <CandidateID>750117288</CandidateID>
                <LastName>Andrew Yang</LastName>
                <FirstName />
                <YesVotes>3</YesVotes>
              </Candidate>
              <Candidate>
                <CandidateID>750117299</CandidateID>
                <LastName>Roque De La Fuente</LastName>
                <FirstName />
                <YesVotes>1</YesVotes>
              </Candidate>
              <Candidate>
                <CandidateID>750117301</CandidateID>
                <LastName>John K. Delaney</LastName>
                <FirstName />
                <YesVotes>0</YesVotes>
              </Candidate>
              <Candidate>
                <CandidateID>750117302</CandidateID>
                <LastName>Julián Castro</LastName>
                <FirstName />
                <YesVotes>1</YesVotes>
              </Candidate>
              <Candidate>
                <CandidateID>750117303</CandidateID>
                <LastName>Deval Patrick</LastName>
                <FirstName />
                <YesVotes>0</YesVotes>
              </Candidate>
              <Candidate>
                <CandidateID>750117321</CandidateID>
                <LastName>Marianne Williamson</LastName>
                <FirstName />
                <YesVotes>1</YesVotes>
              </Candidate>
              <Candidate>
                <CandidateID>750117323</CandidateID>
                <LastName>Michael Bennet</LastName>
                <FirstName />
                <YesVotes>0</YesVotes>
              </Candidate>
              <Candidate>
                <CandidateID>750117324</CandidateID>
                <LastName>Michael R. Bloomberg</LastName>
                <FirstName />
                <YesVotes>27</YesVotes>
              </Candidate>
              <Candidate>
                <CandidateID>750117326</CandidateID>
                <LastName>Steve Burke</LastName>
                <FirstName />
                <YesVotes>0</YesVotes>
              </Candidate>
              <Candidate>
                <CandidateID>750117331</CandidateID>
                <LastName>Robby Wells</LastName>
                <FirstName />
                <YesVotes>2</YesVotes>
              </Candidate>
              <Candidate>
                <CandidateID>750117332</CandidateID>
                <LastName>William C. (Bill) Haas</LastName>
                <FirstName />
                <YesVotes>3</YesVotes>
              </Candidate>
              <Candidate>
                <CandidateID>750117354</CandidateID>
                <LastName>Uncommitted</LastName>
                <FirstName />
                <YesVotes>7</YesVotes>
              </Candidate>
            </Party>
            <Party>
              <PartyName>Libertarian</PartyName>
              <Candidate>
                <CandidateID>750117320</CandidateID>
                <LastName>Jacob Hornberger</LastName>
                <FirstName />
                <YesVotes>6</YesVotes>
              </Candidate>
              <Candidate>
                <CandidateID>750117355</CandidateID>
                <LastName>Uncommitted</LastName>
                <FirstName />
                <YesVotes>0</YesVotes>
              </Candidate>
            </Party>
            <Party>
              <PartyName>Green</PartyName>
              <Candidate>
                <CandidateID>750117325</CandidateID>
                <LastName>Howie Hawkins</LastName>
                <FirstName />
                <YesVotes>1</YesVotes>
              </Candidate>
              <Candidate>
                <CandidateID>750117327</CandidateID>
                <LastName>Dario Hunter</LastName>
                <FirstName />
                <YesVotes>0</YesVotes>
              </Candidate>
              <Candidate>
                <CandidateID>750117329</CandidateID>
                <LastName>David Rolde</LastName>
                <FirstName />
                <YesVotes>0</YesVotes>
              </Candidate>
              <Candidate>
                <CandidateID>750117356</CandidateID>
                <LastName>Uncommitted</LastName>
                <FirstName />
                <YesVotes>0</YesVotes>
              </Candidate>
            </Party>
            <Party>
              <PartyName>Constitution</PartyName>
              <Candidate>
                <CandidateID>750117333</CandidateID>
                <LastName>Don J. Grundmann</LastName>
                <FirstName />
                <YesVotes>1</YesVotes>
              </Candidate>
              <Candidate>
                <CandidateID>750117335</CandidateID>
                <LastName>Don Blankenship</LastName>
                <FirstName />
                <YesVotes>2</YesVotes>
              </Candidate>
              <Candidate>
                <CandidateID>750117357</CandidateID>
                <LastName>Uncommitted</LastName>
                <FirstName />
                <YesVotes>1</YesVotes>
              </Candidate>
            </Party>
          </CountyResults>
        </Counties>
        <Counties>
          <CountyName>Iron</CountyName>
          <CountyResults>
            <ReportingPrecincts>10</ReportingPrecincts>
            <TotalPrecincts>10</TotalPrecincts>
            <Party>
              <PartyName>Republican</PartyName>
              <Candidate>
                <CandidateID>750117286</CandidateID>
                <LastName>Donald J Trump</LastName>
                <FirstName />
                <YesVotes>728</YesVotes>
              </Candidate>
              <Candidate>
                <CandidateID>750117300</CandidateID>
                <LastName>Bob Ely</LastName>
                <FirstName />
                <YesVotes>1</YesVotes>
              </Candidate>
              <Candidate>
                <CandidateID>750117328</CandidateID>
                <LastName>Bill Weld</LastName>
                <FirstName />
                <YesVotes>0</YesVotes>
              </Candidate>
              <Candidate>
                <CandidateID>750117330</CandidateID>
                <LastName>Joe Walsh</LastName>
                <FirstName />
                <YesVotes>3</YesVotes>
              </Candidate>
              <Candidate>
                <CandidateID>750117334</CandidateID>
                <LastName>Matthew John Matern</LastName>
                <FirstName />
                <YesVotes>0</YesVotes>
              </Candidate>
              <Candidate>
                <CandidateID>750117353</CandidateID>
                <LastName>Uncommitted</LastName>
                <FirstName />
                <YesVotes>6</YesVotes>
              </Candidate>
            </Party>
            <Party>
              <PartyName>Democratic</PartyName>
              <Candidate>
                <CandidateID>750117276</CandidateID>
                <LastName>Amy Klobuchar</LastName>
                <FirstName />
                <YesVotes>0</YesVotes>
              </Candidate>
              <Candidate>
                <CandidateID>750117280</CandidateID>
                <LastName>Tom Steyer</LastName>
                <FirstName />
                <YesVotes>2</YesVotes>
              </Candidate>
              <Candidate>
                <CandidateID>750117274</CandidateID>
                <LastName>Tulsi Gabbard</LastName>
                <FirstName />
                <YesVotes>5</YesVotes>
              </Candidate>
              <Candidate>
                <CandidateID>750117278</CandidateID>
                <LastName>Leonard J. Steinman II</LastName>
                <FirstName />
                <YesVotes>0</YesVotes>
              </Candidate>
              <Candidate>
                <CandidateID>750117285</CandidateID>
                <LastName>Cory Booker</LastName>
                <FirstName />
                <YesVotes>1</YesVotes>
              </Candidate>
              <Candidate>
                <CandidateID>750117279</CandidateID>
                <LastName>Joseph R. Biden</LastName>
                <FirstName />
                <YesVotes>374</YesVotes>
              </Candidate>
              <Candidate>
                <CandidateID>750117282</CandidateID>
                <LastName>Elizabeth Warren</LastName>
                <FirstName />
                <YesVotes>12</YesVotes>
              </Candidate>
              <Candidate>
                <CandidateID>750117275</CandidateID>
                <LastName>Pete Buttigieg</LastName>
                <FirstName />
                <YesVotes>3</YesVotes>
              </Candidate>
              <Candidate>
                <CandidateID>750117283</CandidateID>
                <LastName>Bernie Sanders</LastName>
                <FirstName />
                <YesVotes>202</YesVotes>
              </Candidate>
              <Candidate>
                <CandidateID>750117277</CandidateID>
                <LastName>Velma Steinman</LastName>
                <FirstName />
                <YesVotes>0</YesVotes>
              </Candidate>
              <Candidate>
                <CandidateID>750117287</CandidateID>
                <LastName>Henry Hewes</LastName>
                <FirstName />
                <YesVotes>0</YesVotes>
              </Candidate>
              <Candidate>
                <CandidateID>750117288</CandidateID>
                <LastName>Andrew Yang</LastName>
                <FirstName />
                <YesVotes>1</YesVotes>
              </Candidate>
              <Candidate>
                <CandidateID>750117299</CandidateID>
                <LastName>Roque De La Fuente</LastName>
                <FirstName />
                <YesVotes>1</YesVotes>
              </Candidate>
              <Candidate>
                <CandidateID>750117301</CandidateID>
                <LastName>John K. Delaney</LastName>
                <FirstName />
                <YesVotes>1</YesVotes>
              </Candidate>
              <Candidate>
                <CandidateID>750117302</CandidateID>
                <LastName>Julián Castro</LastName>
                <FirstName />
                <YesVotes>0</YesVotes>
              </Candidate>
              <Candidate>
                <CandidateID>750117303</CandidateID>
                <LastName>Deval Patrick</LastName>
                <FirstName />
                <YesVotes>0</YesVotes>
              </Candidate>
              <Candidate>
                <CandidateID>750117321</CandidateID>
                <LastName>Marianne Williamson</LastName>
                <FirstName />
                <YesVotes>0</YesVotes>
              </Candidate>
              <Candidate>
                <CandidateID>750117323</CandidateID>
                <LastName>Michael Bennet</LastName>
                <FirstName />
                <YesVotes>1</YesVotes>
              </Candidate>
              <Candidate>
                <CandidateID>750117324</CandidateID>
                <LastName>Michael R. Bloomberg</LastName>
                <FirstName />
                <YesVotes>8</YesVotes>
              </Candidate>
              <Candidate>
                <CandidateID>750117326</CandidateID>
                <LastName>Steve Burke</LastName>
                <FirstName />
                <YesVotes>1</YesVotes>
              </Candidate>
              <Candidate>
                <CandidateID>750117331</CandidateID>
                <LastName>Robby Wells</LastName>
                <FirstName />
                <YesVotes>1</YesVotes>
              </Candidate>
              <Candidate>
                <CandidateID>750117332</CandidateID>
                <LastName>William C. (Bill) Haas</LastName>
                <FirstName />
                <YesVotes>0</YesVotes>
              </Candidate>
              <Candidate>
                <CandidateID>750117354</CandidateID>
                <LastName>Uncommitted</LastName>
                <FirstName />
                <YesVotes>8</YesVotes>
              </Candidate>
            </Party>
            <Party>
              <PartyName>Libertarian</PartyName>
              <Candidate>
                <CandidateID>750117320</CandidateID>
                <LastName>Jacob Hornberger</LastName>
                <FirstName />
                <YesVotes>0</YesVotes>
              </Candidate>
              <Candidate>
                <CandidateID>750117355</CandidateID>
                <LastName>Uncommitted</LastName>
                <FirstName />
                <YesVotes>1</YesVotes>
              </Candidate>
            </Party>
            <Party>
              <PartyName>Green</PartyName>
              <Candidate>
                <CandidateID>750117325</CandidateID>
                <LastName>Howie Hawkins</LastName>
                <FirstName />
                <YesVotes>0</YesVotes>
              </Candidate>
              <Candidate>
                <CandidateID>750117327</CandidateID>
                <LastName>Dario Hunter</LastName>
                <FirstName />
                <YesVotes>0</YesVotes>
              </Candidate>
              <Candidate>
                <CandidateID>750117329</CandidateID>
                <LastName>David Rolde</LastName>
                <FirstName />
                <YesVotes>0</YesVotes>
              </Candidate>
              <Candidate>
                <CandidateID>750117356</CandidateID>
                <LastName>Uncommitted</LastName>
                <FirstName />
                <YesVotes>0</YesVotes>
              </Candidate>
            </Party>
            <Party>
              <PartyName>Constitution</PartyName>
              <Candidate>
                <CandidateID>750117333</CandidateID>
                <LastName>Don J. Grundmann</LastName>
                <FirstName />
                <YesVotes>0</YesVotes>
              </Candidate>
              <Candidate>
                <CandidateID>750117335</CandidateID>
                <LastName>Don Blankenship</LastName>
                <FirstName />
                <YesVotes>0</YesVotes>
              </Candidate>
              <Candidate>
                <CandidateID>750117357</CandidateID>
                <LastName>Uncommitted</LastName>
                <FirstName />
                <YesVotes>1</YesVotes>
              </Candidate>
            </Party>
          </CountyResults>
        </Counties>
        <Counties>
          <CountyName>Jackson</CountyName>
          <CountyResults>
            <ReportingPrecincts>146</ReportingPrecincts>
            <TotalPrecincts>146</TotalPrecincts>
            <Party>
              <PartyName>Republican</PartyName>
              <Candidate>
                <CandidateID>750117286</CandidateID>
                <LastName>Donald J Trump</LastName>
                <FirstName />
                <YesVotes>16078</YesVotes>
              </Candidate>
              <Candidate>
                <CandidateID>750117300</CandidateID>
                <LastName>Bob Ely</LastName>
                <FirstName />
                <YesVotes>58</YesVotes>
              </Candidate>
              <Candidate>
                <CandidateID>750117328</CandidateID>
                <LastName>Bill Weld</LastName>
                <FirstName />
                <YesVotes>138</YesVotes>
              </Candidate>
              <Candidate>
                <CandidateID>750117330</CandidateID>
                <LastName>Joe Walsh</LastName>
                <FirstName />
                <YesVotes>155</YesVotes>
              </Candidate>
              <Candidate>
                <CandidateID>750117334</CandidateID>
                <LastName>Matthew John Matern</LastName>
                <FirstName />
                <YesVotes>32</YesVotes>
              </Candidate>
              <Candidate>
                <CandidateID>750117353</CandidateID>
                <LastName>Uncommitted</LastName>
                <FirstName />
                <YesVotes>291</YesVotes>
              </Candidate>
            </Party>
            <Party>
              <PartyName>Democratic</PartyName>
              <Candidate>
                <CandidateID>750117276</CandidateID>
                <LastName>Amy Klobuchar</LastName>
                <FirstName />
                <YesVotes>146</YesVotes>
              </Candidate>
              <Candidate>
                <CandidateID>750117280</CandidateID>
                <LastName>Tom Steyer</LastName>
                <FirstName />
                <YesVotes>35</YesVotes>
              </Candidate>
              <Candidate>
                <CandidateID>750117274</CandidateID>
                <LastName>Tulsi Gabbard</LastName>
                <FirstName />
                <YesVotes>394</YesVotes>
              </Candidate>
              <Candidate>
                <CandidateID>750117278</CandidateID>
                <LastName>Leonard J. Steinman II</LastName>
                <FirstName />
                <YesVotes>12</YesVotes>
              </Candidate>
              <Candidate>
                <CandidateID>750117285</CandidateID>
                <LastName>Cory Booker</LastName>
                <FirstName />
                <YesVotes>43</YesVotes>
              </Candidate>
              <Candidate>
                <CandidateID>750117279</CandidateID>
                <LastName>Joseph R. Biden</LastName>
                <FirstName />
                <YesVotes>27996</YesVotes>
              </Candidate>
              <Candidate>
                <CandidateID>750117282</CandidateID>
                <LastName>Elizabeth Warren</LastName>
                <FirstName />
                <YesVotes>458</YesVotes>
              </Candidate>
              <Candidate>
                <CandidateID>750117275</CandidateID>
                <LastName>Pete Buttigieg</LastName>
                <FirstName />
                <YesVotes>169</YesVotes>
              </Candidate>
              <Candidate>
                <CandidateID>750117283</CandidateID>
                <LastName>Bernie Sanders</LastName>
                <FirstName />
                <YesVotes>15615</YesVotes>
              </Candidate>
              <Candidate>
                <CandidateID>750117277</CandidateID>
                <LastName>Velma Steinman</LastName>
                <FirstName />
                <YesVotes>11</YesVotes>
              </Candidate>
              <Candidate>
                <CandidateID>750117287</CandidateID>
                <LastName>Henry Hewes</LastName>
                <FirstName />
                <YesVotes>6</YesVotes>
              </Candidate>
              <Candidate>
                <CandidateID>750117288</CandidateID>
                <LastName>Andrew Yang</LastName>
                <FirstName />
                <YesVotes>63</YesVotes>
              </Candidate>
              <Candidate>
                <CandidateID>750117299</CandidateID>
                <LastName>Roque De La Fuente</LastName>
                <FirstName />
                <YesVotes>4</YesVotes>
              </Candidate>
              <Candidate>
                <CandidateID>750117301</CandidateID>
                <LastName>John K. Delaney</LastName>
                <FirstName />
                <YesVotes>14</YesVotes>
              </Candidate>
              <Candidate>
                <CandidateID>750117302</CandidateID>
                <LastName>Julián Castro</LastName>
                <FirstName />
                <YesVotes>9</YesVotes>
              </Candidate>
              <Candidate>
                <CandidateID>750117303</CandidateID>
                <LastName>Deval Patrick</LastName>
                <FirstName />
                <YesVotes>3</YesVotes>
              </Candidate>
              <Candidate>
                <CandidateID>750117321</CandidateID>
                <LastName>Marianne Williamson</LastName>
                <FirstName />
                <YesVotes>15</YesVotes>
              </Candidate>
              <Candidate>
                <CandidateID>750117323</CandidateID>
                <LastName>Michael Bennet</LastName>
                <FirstName />
                <YesVotes>10</YesVotes>
              </Candidate>
              <Candidate>
                <CandidateID>750117324</CandidateID>
                <LastName>Michael R. Bloomberg</LastName>
                <FirstName />
                <YesVotes>451</YesVotes>
              </Candidate>
              <Candidate>
                <CandidateID>750117326</CandidateID>
                <LastName>Steve Burke</LastName>
                <FirstName />
                <YesVotes>11</YesVotes>
              </Candidate>
              <Candidate>
                <CandidateID>750117331</CandidateID>
                <LastName>Robby Wells</LastName>
                <FirstName />
                <YesVotes>7</YesVotes>
              </Candidate>
              <Candidate>
                <CandidateID>750117332</CandidateID>
                <LastName>William C. (Bill) Haas</LastName>
                <FirstName />
                <YesVotes>8</YesVotes>
              </Candidate>
              <Candidate>
                <CandidateID>750117354</CandidateID>
                <LastName>Uncommitted</LastName>
                <FirstName />
                <YesVotes>146</YesVotes>
              </Candidate>
            </Party>
            <Party>
              <PartyName>Libertarian</PartyName>
              <Candidate>
                <CandidateID>750117320</CandidateID>
                <LastName>Jacob Hornberger</LastName>
                <FirstName />
                <YesVotes>120</YesVotes>
              </Candidate>
              <Candidate>
                <CandidateID>750117355</CandidateID>
                <LastName>Uncommitted</LastName>
                <FirstName />
                <YesVotes>31</YesVotes>
              </Candidate>
            </Party>
            <Party>
              <PartyName>Green</PartyName>
              <Candidate>
                <CandidateID>750117325</CandidateID>
                <LastName>Howie Hawkins</LastName>
                <FirstName />
                <YesVotes>8</YesVotes>
              </Candidate>
              <Candidate>
                <CandidateID>750117327</CandidateID>
                <LastName>Dario Hunter</LastName>
                <FirstName />
                <YesVotes>8</YesVotes>
              </Candidate>
              <Candidate>
                <CandidateID>750117329</CandidateID>
                <LastName>David Rolde</LastName>
                <FirstName />
                <YesVotes>7</YesVotes>
              </Candidate>
              <Candidate>
                <CandidateID>750117356</CandidateID>
                <LastName>Uncommitted</LastName>
                <FirstName />
                <YesVotes>8</YesVotes>
              </Candidate>
            </Party>
            <Party>
              <PartyName>Constitution</PartyName>
              <Candidate>
                <CandidateID>750117333</CandidateID>
                <LastName>Don J. Grundmann</LastName>
                <FirstName />
                <YesVotes>12</YesVotes>
              </Candidate>
              <Candidate>
                <CandidateID>750117335</CandidateID>
                <LastName>Don Blankenship</LastName>
                <FirstName />
                <YesVotes>17</YesVotes>
              </Candidate>
              <Candidate>
                <CandidateID>750117357</CandidateID>
                <LastName>Uncommitted</LastName>
                <FirstName />
                <YesVotes>16</YesVotes>
              </Candidate>
            </Party>
          </CountyResults>
        </Counties>
        <Counties>
          <CountyName>Jasper</CountyName>
          <CountyResults>
            <ReportingPrecincts>48</ReportingPrecincts>
            <TotalPrecincts>48</TotalPrecincts>
            <Party>
              <PartyName>Republican</PartyName>
              <Candidate>
                <CandidateID>750117286</CandidateID>
                <LastName>Donald J Trump</LastName>
                <FirstName />
                <YesVotes>6401</YesVotes>
              </Candidate>
              <Candidate>
                <CandidateID>750117300</CandidateID>
                <LastName>Bob Ely</LastName>
                <FirstName />
                <YesVotes>11</YesVotes>
              </Candidate>
              <Candidate>
                <CandidateID>750117328</CandidateID>
                <LastName>Bill Weld</LastName>
                <FirstName />
                <YesVotes>40</YesVotes>
              </Candidate>
              <Candidate>
                <CandidateID>750117330</CandidateID>
                <LastName>Joe Walsh</LastName>
                <FirstName />
                <YesVotes>37</YesVotes>
              </Candidate>
              <Candidate>
                <CandidateID>750117334</CandidateID>
                <LastName>Matthew John Matern</LastName>
                <FirstName />
                <YesVotes>10</YesVotes>
              </Candidate>
              <Candidate>
                <CandidateID>750117353</CandidateID>
                <LastName>Uncommitted</LastName>
                <FirstName />
                <YesVotes>66</YesVotes>
              </Candidate>
            </Party>
            <Party>
              <PartyName>Democratic</PartyName>
              <Candidate>
                <CandidateID>750117276</CandidateID>
                <LastName>Amy Klobuchar</LastName>
                <FirstName />
                <YesVotes>26</YesVotes>
              </Candidate>
              <Candidate>
                <CandidateID>750117280</CandidateID>
                <LastName>Tom Steyer</LastName>
                <FirstName />
                <YesVotes>7</YesVotes>
              </Candidate>
              <Candidate>
                <CandidateID>750117274</CandidateID>
                <LastName>Tulsi Gabbard</LastName>
                <FirstName />
                <YesVotes>68</YesVotes>
              </Candidate>
              <Candidate>
                <CandidateID>750117278</CandidateID>
                <LastName>Leonard J. Steinman II</LastName>
                <FirstName />
                <YesVotes>1</YesVotes>
              </Candidate>
              <Candidate>
                <CandidateID>750117285</CandidateID>
                <LastName>Cory Booker</LastName>
                <FirstName />
                <YesVotes>4</YesVotes>
              </Candidate>
              <Candidate>
                <CandidateID>750117279</CandidateID>
                <LastName>Joseph R. Biden</LastName>
                <FirstName />
                <YesVotes>2986</YesVotes>
              </Candidate>
              <Candidate>
                <CandidateID>750117282</CandidateID>
                <LastName>Elizabeth Warren</LastName>
                <FirstName />
                <YesVotes>70</YesVotes>
              </Candidate>
              <Candidate>
                <CandidateID>750117275</CandidateID>
                <LastName>Pete Buttigieg</LastName>
                <FirstName />
                <YesVotes>34</YesVotes>
              </Candidate>
              <Candidate>
                <CandidateID>750117283</CandidateID>
                <LastName>Bernie Sanders</LastName>
                <FirstName />
                <YesVotes>2979</YesVotes>
              </Candidate>
              <Candidate>
                <CandidateID>750117277</CandidateID>
                <LastName>Velma Steinman</LastName>
                <FirstName />
                <YesVotes>2</YesVotes>
              </Candidate>
              <Candidate>
                <CandidateID>750117287</CandidateID>
                <LastName>Henry Hewes</LastName>
                <FirstName />
                <YesVotes>1</YesVotes>
              </Candidate>
              <Candidate>
                <CandidateID>750117288</CandidateID>
                <LastName>Andrew Yang</LastName>
                <FirstName />
                <YesVotes>14</YesVotes>
              </Candidate>
              <Candidate>
                <CandidateID>750117299</CandidateID>
                <LastName>Roque De La Fuente</LastName>
                <FirstName />
                <YesVotes>1</YesVotes>
              </Candidate>
              <Candidate>
                <CandidateID>750117301</CandidateID>
                <LastName>John K. Delaney</LastName>
                <FirstName />
                <YesVotes>1</YesVotes>
              </Candidate>
              <Candidate>
                <CandidateID>750117302</CandidateID>
                <LastName>Julián Castro</LastName>
                <FirstName />
                <YesVotes>1</YesVotes>
              </Candidate>
              <Candidate>
                <CandidateID>750117303</CandidateID>
                <LastName>Deval Patrick</LastName>
                <FirstName />
                <YesVotes>0</YesVotes>
              </Candidate>
              <Candidate>
                <CandidateID>750117321</CandidateID>
                <LastName>Marianne Williamson</LastName>
                <FirstName />
                <YesVotes>1</YesVotes>
              </Candidate>
              <Candidate>
                <CandidateID>750117323</CandidateID>
                <LastName>Michael Bennet</LastName>
                <FirstName />
                <YesVotes>2</YesVotes>
              </Candidate>
              <Candidate>
                <CandidateID>750117324</CandidateID>
                <LastName>Michael R. Bloomberg</LastName>
                <FirstName />
                <YesVotes>59</YesVotes>
              </Candidate>
              <Candidate>
                <CandidateID>750117326</CandidateID>
                <LastName>Steve Burke</LastName>
                <FirstName />
                <YesVotes>1</YesVotes>
              </Candidate>
              <Candidate>
                <CandidateID>750117331</CandidateID>
                <LastName>Robby Wells</LastName>
                <FirstName />
                <YesVotes>1</YesVotes>
              </Candidate>
              <Candidate>
                <CandidateID>750117332</CandidateID>
                <LastName>William C. (Bill) Haas</LastName>
                <FirstName />
                <YesVotes>0</YesVotes>
              </Candidate>
              <Candidate>
                <CandidateID>750117354</CandidateID>
                <LastName>Uncommitted</LastName>
                <FirstName />
                <YesVotes>20</YesVotes>
              </Candidate>
            </Party>
            <Party>
              <PartyName>Libertarian</PartyName>
              <Candidate>
                <CandidateID>750117320</CandidateID>
                <LastName>Jacob Hornberger</LastName>
                <FirstName />
                <YesVotes>22</YesVotes>
              </Candidate>
              <Candidate>
                <CandidateID>750117355</CandidateID>
                <LastName>Uncommitted</LastName>
                <FirstName />
                <YesVotes>4</YesVotes>
              </Candidate>
            </Party>
            <Party>
              <PartyName>Green</PartyName>
              <Candidate>
                <CandidateID>750117325</CandidateID>
                <LastName>Howie Hawkins</LastName>
                <FirstName />
                <YesVotes>1</YesVotes>
              </Candidate>
              <Candidate>
                <CandidateID>750117327</CandidateID>
                <LastName>Dario Hunter</LastName>
                <FirstName />
                <YesVotes>4</YesVotes>
              </Candidate>
              <Candidate>
                <CandidateID>750117329</CandidateID>
                <LastName>David Rolde</LastName>
                <FirstName />
                <YesVotes>3</YesVotes>
              </Candidate>
              <Candidate>
                <CandidateID>750117356</CandidateID>
                <LastName>Uncommitted</LastName>
                <FirstName />
                <YesVotes>0</YesVotes>
              </Candidate>
            </Party>
            <Party>
              <PartyName>Constitution</PartyName>
              <Candidate>
                <CandidateID>750117333</CandidateID>
                <LastName>Don J. Grundmann</LastName>
                <FirstName />
                <YesVotes>1</YesVotes>
              </Candidate>
              <Candidate>
                <CandidateID>750117335</CandidateID>
                <LastName>Don Blankenship</LastName>
                <FirstName />
                <YesVotes>5</YesVotes>
              </Candidate>
              <Candidate>
                <CandidateID>750117357</CandidateID>
                <LastName>Uncommitted</LastName>
                <FirstName />
                <YesVotes>5</YesVotes>
              </Candidate>
            </Party>
          </CountyResults>
        </Counties>
        <Counties>
          <CountyName>Jefferson</CountyName>
          <CountyResults>
            <ReportingPrecincts>54</ReportingPrecincts>
            <TotalPrecincts>54</TotalPrecincts>
            <Party>
              <PartyName>Republican</PartyName>
              <Candidate>
                <CandidateID>750117286</CandidateID>
                <LastName>Donald J Trump</LastName>
                <FirstName />
                <YesVotes>13541</YesVotes>
              </Candidate>
              <Candidate>
                <CandidateID>750117300</CandidateID>
                <LastName>Bob Ely</LastName>
                <FirstName />
                <YesVotes>23</YesVotes>
              </Candidate>
              <Candidate>
                <CandidateID>750117328</CandidateID>
                <LastName>Bill Weld</LastName>
                <FirstName />
                <YesVotes>58</YesVotes>
              </Candidate>
              <Candidate>
                <CandidateID>750117330</CandidateID>
                <LastName>Joe Walsh</LastName>
                <FirstName />
                <YesVotes>83</YesVotes>
              </Candidate>
              <Candidate>
                <CandidateID>750117334</CandidateID>
                <LastName>Matthew John Matern</LastName>
                <FirstName />
                <YesVotes>28</YesVotes>
              </Candidate>
              <Candidate>
                <CandidateID>750117353</CandidateID>
                <LastName>Uncommitted</LastName>
                <FirstName />
                <YesVotes>161</YesVotes>
              </Candidate>
            </Party>
            <Party>
              <PartyName>Democratic</PartyName>
              <Candidate>
                <CandidateID>750117276</CandidateID>
                <LastName>Amy Klobuchar</LastName>
                <FirstName />
                <YesVotes>98</YesVotes>
              </Candidate>
              <Candidate>
                <CandidateID>750117280</CandidateID>
                <LastName>Tom Steyer</LastName>
                <FirstName />
                <YesVotes>20</YesVotes>
              </Candidate>
              <Candidate>
                <CandidateID>750117274</CandidateID>
                <LastName>Tulsi Gabbard</LastName>
                <FirstName />
                <YesVotes>172</YesVotes>
              </Candidate>
              <Candidate>
                <CandidateID>750117278</CandidateID>
                <LastName>Leonard J. Steinman II</LastName>
                <FirstName />
                <YesVotes>1</YesVotes>
              </Candidate>
              <Candidate>
                <CandidateID>750117285</CandidateID>
                <LastName>Cory Booker</LastName>
                <FirstName />
                <YesVotes>12</YesVotes>
              </Candidate>
              <Candidate>
                <CandidateID>750117279</CandidateID>
                <LastName>Joseph R. Biden</LastName>
                <FirstName />
                <YesVotes>12069</YesVotes>
              </Candidate>
              <Candidate>
                <CandidateID>750117282</CandidateID>
                <LastName>Elizabeth Warren</LastName>
                <FirstName />
                <YesVotes>229</YesVotes>
              </Candidate>
              <Candidate>
                <CandidateID>750117275</CandidateID>
                <LastName>Pete Buttigieg</LastName>
                <FirstName />
                <YesVotes>102</YesVotes>
              </Candidate>
              <Candidate>
                <CandidateID>750117283</CandidateID>
                <LastName>Bernie Sanders</LastName>
                <FirstName />
                <YesVotes>7430</YesVotes>
              </Candidate>
              <Candidate>
                <CandidateID>750117277</CandidateID>
                <LastName>Velma Steinman</LastName>
                <FirstName />
                <YesVotes>10</YesVotes>
              </Candidate>
              <Candidate>
                <CandidateID>750117287</CandidateID>
                <LastName>Henry Hewes</LastName>
                <FirstName />
                <YesVotes>3</YesVotes>
              </Candidate>
              <Candidate>
                <CandidateID>750117288</CandidateID>
                <LastName>Andrew Yang</LastName>
                <FirstName />
                <YesVotes>31</YesVotes>
              </Candidate>
              <Candidate>
                <CandidateID>750117299</CandidateID>
                <LastName>Roque De La Fuente</LastName>
                <FirstName />
                <YesVotes>3</YesVotes>
              </Candidate>
              <Candidate>
                <CandidateID>750117301</CandidateID>
                <LastName>John K. Delaney</LastName>
                <FirstName />
                <YesVotes>7</YesVotes>
              </Candidate>
              <Candidate>
                <CandidateID>750117302</CandidateID>
                <LastName>Julián Castro</LastName>
                <FirstName />
                <YesVotes>3</YesVotes>
              </Candidate>
              <Candidate>
                <CandidateID>750117303</CandidateID>
                <LastName>Deval Patrick</LastName>
                <FirstName />
                <YesVotes>1</YesVotes>
              </Candidate>
              <Candidate>
                <CandidateID>750117321</CandidateID>
                <LastName>Marianne Williamson</LastName>
                <FirstName />
                <YesVotes>2</YesVotes>
              </Candidate>
              <Candidate>
                <CandidateID>750117323</CandidateID>
                <LastName>Michael Bennet</LastName>
                <FirstName />
                <YesVotes>8</YesVotes>
              </Candidate>
              <Candidate>
                <CandidateID>750117324</CandidateID>
                <LastName>Michael R. Bloomberg</LastName>
                <FirstName />
                <YesVotes>473</YesVotes>
              </Candidate>
              <Candidate>
                <CandidateID>750117326</CandidateID>
                <LastName>Steve Burke</LastName>
                <FirstName />
                <YesVotes>7</YesVotes>
              </Candidate>
              <Candidate>
                <CandidateID>750117331</CandidateID>
                <LastName>Robby Wells</LastName>
                <FirstName />
                <YesVotes>2</YesVotes>
              </Candidate>
              <Candidate>
                <CandidateID>750117332</CandidateID>
                <LastName>William C. (Bill) Haas</LastName>
                <FirstName />
                <YesVotes>18</YesVotes>
              </Candidate>
              <Candidate>
                <CandidateID>750117354</CandidateID>
                <LastName>Uncommitted</LastName>
                <FirstName />
                <YesVotes>160</YesVotes>
              </Candidate>
            </Party>
            <Party>
              <PartyName>Libertarian</PartyName>
              <Candidate>
                <CandidateID>750117320</CandidateID>
                <LastName>Jacob Hornberger</LastName>
                <FirstName />
                <YesVotes>91</YesVotes>
              </Candidate>
              <Candidate>
                <CandidateID>750117355</CandidateID>
                <LastName>Uncommitted</LastName>
                <FirstName />
                <YesVotes>31</YesVotes>
              </Candidate>
            </Party>
            <Party>
              <PartyName>Green</PartyName>
              <Candidate>
                <CandidateID>750117325</CandidateID>
                <LastName>Howie Hawkins</LastName>
                <FirstName />
                <YesVotes>8</YesVotes>
              </Candidate>
              <Candidate>
                <CandidateID>750117327</CandidateID>
                <LastName>Dario Hunter</LastName>
                <FirstName />
                <YesVotes>2</YesVotes>
              </Candidate>
              <Candidate>
                <CandidateID>750117329</CandidateID>
                <LastName>David Rolde</LastName>
                <FirstName />
                <YesVotes>6</YesVotes>
              </Candidate>
              <Candidate>
                <CandidateID>750117356</CandidateID>
                <LastName>Uncommitted</LastName>
                <FirstName />
                <YesVotes>9</YesVotes>
              </Candidate>
            </Party>
            <Party>
              <PartyName>Constitution</PartyName>
              <Candidate>
                <CandidateID>750117333</CandidateID>
                <LastName>Don J. Grundmann</LastName>
                <FirstName />
                <YesVotes>14</YesVotes>
              </Candidate>
              <Candidate>
                <CandidateID>750117335</CandidateID>
                <LastName>Don Blankenship</LastName>
                <FirstName />
                <YesVotes>14</YesVotes>
              </Candidate>
              <Candidate>
                <CandidateID>750117357</CandidateID>
                <LastName>Uncommitted</LastName>
                <FirstName />
                <YesVotes>18</YesVotes>
              </Candidate>
            </Party>
          </CountyResults>
        </Counties>
        <Counties>
          <CountyName>Johnson</CountyName>
          <CountyResults>
            <ReportingPrecincts>11</ReportingPrecincts>
            <TotalPrecincts>11</TotalPrecincts>
            <Party>
              <PartyName>Republican</PartyName>
              <Candidate>
                <CandidateID>750117286</CandidateID>
                <LastName>Donald J Trump</LastName>
                <FirstName />
                <YesVotes>2632</YesVotes>
              </Candidate>
              <Candidate>
                <CandidateID>750117300</CandidateID>
                <LastName>Bob Ely</LastName>
                <FirstName />
                <YesVotes>15</YesVotes>
              </Candidate>
              <Candidate>
                <CandidateID>750117328</CandidateID>
                <LastName>Bill Weld</LastName>
                <FirstName />
                <YesVotes>24</YesVotes>
              </Candidate>
              <Candidate>
                <CandidateID>750117330</CandidateID>
                <LastName>Joe Walsh</LastName>
                <FirstName />
                <YesVotes>18</YesVotes>
              </Candidate>
              <Candidate>
                <CandidateID>750117334</CandidateID>
                <LastName>Matthew John Matern</LastName>
                <FirstName />
                <YesVotes>2</YesVotes>
              </Candidate>
              <Candidate>
                <CandidateID>750117353</CandidateID>
                <LastName>Uncommitted</LastName>
                <FirstName />
                <YesVotes>42</YesVotes>
              </Candidate>
            </Party>
            <Party>
              <PartyName>Democratic</PartyName>
              <Candidate>
                <CandidateID>750117276</CandidateID>
                <LastName>Amy Klobuchar</LastName>
                <FirstName />
                <YesVotes>11</YesVotes>
              </Candidate>
              <Candidate>
                <CandidateID>750117280</CandidateID>
                <LastName>Tom Steyer</LastName>
                <FirstName />
                <YesVotes>3</YesVotes>
              </Candidate>
              <Candidate>
                <CandidateID>750117274</CandidateID>
                <LastName>Tulsi Gabbard</LastName>
                <FirstName />
                <YesVotes>45</YesVotes>
              </Candidate>
              <Candidate>
                <CandidateID>750117278</CandidateID>
                <LastName>Leonard J. Steinman II</LastName>
                <FirstName />
                <YesVotes>0</YesVotes>
              </Candidate>
              <Candidate>
                <CandidateID>750117285</CandidateID>
                <LastName>Cory Booker</LastName>
                <FirstName />
                <YesVotes>4</YesVotes>
              </Candidate>
              <Candidate>
                <CandidateID>750117279</CandidateID>
                <LastName>Joseph R. Biden</LastName>
                <FirstName />
                <YesVotes>2217</YesVotes>
              </Candidate>
              <Candidate>
                <CandidateID>750117282</CandidateID>
                <LastName>Elizabeth Warren</LastName>
                <FirstName />
                <YesVotes>36</YesVotes>
              </Candidate>
              <Candidate>
                <CandidateID>750117275</CandidateID>
                <LastName>Pete Buttigieg</LastName>
                <FirstName />
                <YesVotes>18</YesVotes>
              </Candidate>
              <Candidate>
                <CandidateID>750117283</CandidateID>
                <LastName>Bernie Sanders</LastName>
                <FirstName />
                <YesVotes>1341</YesVotes>
              </Candidate>
              <Candidate>
                <CandidateID>750117277</CandidateID>
                <LastName>Velma Steinman</LastName>
                <FirstName />
                <YesVotes>0</YesVotes>
              </Candidate>
              <Candidate>
                <CandidateID>750117287</CandidateID>
                <LastName>Henry Hewes</LastName>
                <FirstName />
                <YesVotes>2</YesVotes>
              </Candidate>
              <Candidate>
                <CandidateID>750117288</CandidateID>
                <LastName>Andrew Yang</LastName>
                <FirstName />
                <YesVotes>10</YesVotes>
              </Candidate>
              <Candidate>
                <CandidateID>750117299</CandidateID>
                <LastName>Roque De La Fuente</LastName>
                <FirstName />
                <YesVotes>0</YesVotes>
              </Candidate>
              <Candidate>
                <CandidateID>750117301</CandidateID>
                <LastName>John K. Delaney</LastName>
                <FirstName />
                <YesVotes>1</YesVotes>
              </Candidate>
              <Candidate>
                <CandidateID>750117302</CandidateID>
                <LastName>Julián Castro</LastName>
                <FirstName />
                <YesVotes>4</YesVotes>
              </Candidate>
              <Candidate>
                <CandidateID>750117303</CandidateID>
                <LastName>Deval Patrick</LastName>
                <FirstName />
                <YesVotes>0</YesVotes>
              </Candidate>
              <Candidate>
                <CandidateID>750117321</CandidateID>
                <LastName>Marianne Williamson</LastName>
                <FirstName />
                <YesVotes>2</YesVotes>
              </Candidate>
              <Candidate>
                <CandidateID>750117323</CandidateID>
                <LastName>Michael Bennet</LastName>
                <FirstName />
                <YesVotes>1</YesVotes>
              </Candidate>
              <Candidate>
                <CandidateID>750117324</CandidateID>
                <LastName>Michael R. Bloomberg</LastName>
                <FirstName />
                <YesVotes>68</YesVotes>
              </Candidate>
              <Candidate>
                <CandidateID>750117326</CandidateID>
                <LastName>Steve Burke</LastName>
                <FirstName />
                <YesVotes>0</YesVotes>
              </Candidate>
              <Candidate>
                <CandidateID>750117331</CandidateID>
                <LastName>Robby Wells</LastName>
                <FirstName />
                <YesVotes>0</YesVotes>
              </Candidate>
              <Candidate>
                <CandidateID>750117332</CandidateID>
                <LastName>William C. (Bill) Haas</LastName>
                <FirstName />
                <YesVotes>0</YesVotes>
              </Candidate>
              <Candidate>
                <CandidateID>750117354</CandidateID>
                <LastName>Uncommitted</LastName>
                <FirstName />
                <YesVotes>16</YesVotes>
              </Candidate>
            </Party>
            <Party>
              <PartyName>Libertarian</PartyName>
              <Candidate>
                <CandidateID>750117320</CandidateID>
                <LastName>Jacob Hornberger</LastName>
                <FirstName />
                <YesVotes>22</YesVotes>
              </Candidate>
              <Candidate>
                <CandidateID>750117355</CandidateID>
                <LastName>Uncommitted</LastName>
                <FirstName />
                <YesVotes>15</YesVotes>
              </Candidate>
            </Party>
            <Party>
              <PartyName>Green</PartyName>
              <Candidate>
                <CandidateID>750117325</CandidateID>
                <LastName>Howie Hawkins</LastName>
                <FirstName />
                <YesVotes>2</YesVotes>
              </Candidate>
              <Candidate>
                <CandidateID>750117327</CandidateID>
                <LastName>Dario Hunter</LastName>
                <FirstName />
                <YesVotes>0</YesVotes>
              </Candidate>
              <Candidate>
                <CandidateID>750117329</CandidateID>
                <LastName>David Rolde</LastName>
                <FirstName />
                <YesVotes>2</YesVotes>
              </Candidate>
              <Candidate>
                <CandidateID>750117356</CandidateID>
                <LastName>Uncommitted</LastName>
                <FirstName />
                <YesVotes>0</YesVotes>
              </Candidate>
            </Party>
            <Party>
              <PartyName>Constitution</PartyName>
              <Candidate>
                <CandidateID>750117333</CandidateID>
                <LastName>Don J. Grundmann</LastName>
                <FirstName />
                <YesVotes>0</YesVotes>
              </Candidate>
              <Candidate>
                <CandidateID>750117335</CandidateID>
                <LastName>Don Blankenship</LastName>
                <FirstName />
                <YesVotes>3</YesVotes>
              </Candidate>
              <Candidate>
                <CandidateID>750117357</CandidateID>
                <LastName>Uncommitted</LastName>
                <FirstName />
                <YesVotes>2</YesVotes>
              </Candidate>
            </Party>
          </CountyResults>
        </Counties>
        <Counties>
          <CountyName>Kansas City</CountyName>
          <CountyResults>
            <ReportingPrecincts>115</ReportingPrecincts>
            <TotalPrecincts>115</TotalPrecincts>
            <Party>
              <PartyName>Republican</PartyName>
              <Candidate>
                <CandidateID>750117286</CandidateID>
                <LastName>Donald J Trump</LastName>
                <FirstName />
                <YesVotes>3393</YesVotes>
              </Candidate>
              <Candidate>
                <CandidateID>750117300</CandidateID>
                <LastName>Bob Ely</LastName>
                <FirstName />
                <YesVotes>22</YesVotes>
              </Candidate>
              <Candidate>
                <CandidateID>750117328</CandidateID>
                <LastName>Bill Weld</LastName>
                <FirstName />
                <YesVotes>75</YesVotes>
              </Candidate>
              <Candidate>
                <CandidateID>750117330</CandidateID>
                <LastName>Joe Walsh</LastName>
                <FirstName />
                <YesVotes>74</YesVotes>
              </Candidate>
              <Candidate>
                <CandidateID>750117334</CandidateID>
                <LastName>Matthew John Matern</LastName>
                <FirstName />
                <YesVotes>30</YesVotes>
              </Candidate>
              <Candidate>
                <CandidateID>750117353</CandidateID>
                <LastName>Uncommitted</LastName>
                <FirstName />
                <YesVotes>131</YesVotes>
              </Candidate>
            </Party>
            <Party>
              <PartyName>Democratic</PartyName>
              <Candidate>
                <CandidateID>750117276</CandidateID>
                <LastName>Amy Klobuchar</LastName>
                <FirstName />
                <YesVotes>110</YesVotes>
              </Candidate>
              <Candidate>
                <CandidateID>750117280</CandidateID>
                <LastName>Tom Steyer</LastName>
                <FirstName />
                <YesVotes>22</YesVotes>
              </Candidate>
              <Candidate>
                <CandidateID>750117274</CandidateID>
                <LastName>Tulsi Gabbard</LastName>
                <FirstName />
                <YesVotes>224</YesVotes>
              </Candidate>
              <Candidate>
                <CandidateID>750117278</CandidateID>
                <LastName>Leonard J. Steinman II</LastName>
                <FirstName />
                <YesVotes>7</YesVotes>
              </Candidate>
              <Candidate>
                <CandidateID>750117285</CandidateID>
                <LastName>Cory Booker</LastName>
                <FirstName />
                <YesVotes>55</YesVotes>
              </Candidate>
              <Candidate>
                <CandidateID>750117279</CandidateID>
                <LastName>Joseph R. Biden</LastName>
                <FirstName />
                <YesVotes>31434</YesVotes>
              </Candidate>
              <Candidate>
                <CandidateID>750117282</CandidateID>
                <LastName>Elizabeth Warren</LastName>
                <FirstName />
                <YesVotes>698</YesVotes>
              </Candidate>
              <Candidate>
                <CandidateID>750117275</CandidateID>
                <LastName>Pete Buttigieg</LastName>
                <FirstName />
                <YesVotes>204</YesVotes>
              </Candidate>
              <Candidate>
                <CandidateID>750117283</CandidateID>
                <LastName>Bernie Sanders</LastName>
                <FirstName />
                <YesVotes>20912</YesVotes>
              </Candidate>
              <Candidate>
                <CandidateID>750117277</CandidateID>
                <LastName>Velma Steinman</LastName>
                <FirstName />
                <YesVotes>9</YesVotes>
              </Candidate>
              <Candidate>
                <CandidateID>750117287</CandidateID>
                <LastName>Henry Hewes</LastName>
                <FirstName />
                <YesVotes>2</YesVotes>
              </Candidate>
              <Candidate>
                <CandidateID>750117288</CandidateID>
                <LastName>Andrew Yang</LastName>
                <FirstName />
                <YesVotes>70</YesVotes>
              </Candidate>
              <Candidate>
                <CandidateID>750117299</CandidateID>
                <LastName>Roque De La Fuente</LastName>
                <FirstName />
                <YesVotes>8</YesVotes>
              </Candidate>
              <Candidate>
                <CandidateID>750117301</CandidateID>
                <LastName>John K. Delaney</LastName>
                <FirstName />
                <YesVotes>9</YesVotes>
              </Candidate>
              <Candidate>
                <CandidateID>750117302</CandidateID>
                <LastName>Julián Castro</LastName>
                <FirstName />
                <YesVotes>9</YesVotes>
              </Candidate>
              <Candidate>
                <CandidateID>750117303</CandidateID>
                <LastName>Deval Patrick</LastName>
                <FirstName />
                <YesVotes>3</YesVotes>
              </Candidate>
              <Candidate>
                <CandidateID>750117321</CandidateID>
                <LastName>Marianne Williamson</LastName>
                <FirstName />
                <YesVotes>8</YesVotes>
              </Candidate>
              <Candidate>
                <CandidateID>750117323</CandidateID>
                <LastName>Michael Bennet</LastName>
                <FirstName />
                <YesVotes>17</YesVotes>
              </Candidate>
              <Candidate>
                <CandidateID>750117324</CandidateID>
                <LastName>Michael R. Bloomberg</LastName>
                <FirstName />
                <YesVotes>571</YesVotes>
              </Candidate>
              <Candidate>
                <CandidateID>750117326</CandidateID>
                <LastName>Steve Burke</LastName>
                <FirstName />
                <YesVotes>5</YesVotes>
              </Candidate>
              <Candidate>
                <CandidateID>750117331</CandidateID>
                <LastName>Robby Wells</LastName>
                <FirstName />
                <YesVotes>2</YesVotes>
              </Candidate>
              <Candidate>
                <CandidateID>750117332</CandidateID>
                <LastName>William C. (Bill) Haas</LastName>
                <FirstName />
                <YesVotes>3</YesVotes>
              </Candidate>
              <Candidate>
                <CandidateID>750117354</CandidateID>
                <LastName>Uncommitted</LastName>
                <FirstName />
                <YesVotes>115</YesVotes>
              </Candidate>
            </Party>
            <Party>
              <PartyName>Libertarian</PartyName>
              <Candidate>
                <CandidateID>750117320</CandidateID>
                <LastName>Jacob Hornberger</LastName>
                <FirstName />
                <YesVotes>99</YesVotes>
              </Candidate>
              <Candidate>
                <CandidateID>750117355</CandidateID>
                <LastName>Uncommitted</LastName>
                <FirstName />
                <YesVotes>74</YesVotes>
              </Candidate>
            </Party>
            <Party>
              <PartyName>Green</PartyName>
              <Candidate>
                <CandidateID>750117325</CandidateID>
                <LastName>Howie Hawkins</LastName>
                <FirstName />
                <YesVotes>18</YesVotes>
              </Candidate>
              <Candidate>
                <CandidateID>750117327</CandidateID>
                <LastName>Dario Hunter</LastName>
                <FirstName />
                <YesVotes>14</YesVotes>
              </Candidate>
              <Candidate>
                <CandidateID>750117329</CandidateID>
                <LastName>David Rolde</LastName>
                <FirstName />
                <YesVotes>10</YesVotes>
              </Candidate>
              <Candidate>
                <CandidateID>750117356</CandidateID>
                <LastName>Uncommitted</LastName>
                <FirstName />
                <YesVotes>24</YesVotes>
              </Candidate>
            </Party>
            <Party>
              <PartyName>Constitution</PartyName>
              <Candidate>
                <CandidateID>750117333</CandidateID>
                <LastName>Don J. Grundmann</LastName>
                <FirstName />
                <YesVotes>7</YesVotes>
              </Candidate>
              <Candidate>
                <CandidateID>750117335</CandidateID>
                <LastName>Don Blankenship</LastName>
                <FirstName />
                <YesVotes>21</YesVotes>
              </Candidate>
              <Candidate>
                <CandidateID>750117357</CandidateID>
                <LastName>Uncommitted</LastName>
                <FirstName />
                <YesVotes>31</YesVotes>
              </Candidate>
            </Party>
          </CountyResults>
        </Counties>
        <Counties>
          <CountyName>Knox</CountyName>
          <CountyResults>
            <ReportingPrecincts>7</ReportingPrecincts>
            <TotalPrecincts>7</TotalPrecincts>
            <Party>
              <PartyName>Republican</PartyName>
              <Candidate>
                <CandidateID>750117286</CandidateID>
                <LastName>Donald J Trump</LastName>
                <FirstName />
                <YesVotes>296</YesVotes>
              </Candidate>
              <Candidate>
                <CandidateID>750117300</CandidateID>
                <LastName>Bob Ely</LastName>
                <FirstName />
                <YesVotes>1</YesVotes>
              </Candidate>
              <Candidate>
                <CandidateID>750117328</CandidateID>
                <LastName>Bill Weld</LastName>
                <FirstName />
                <YesVotes>1</YesVotes>
              </Candidate>
              <Candidate>
                <CandidateID>750117330</CandidateID>
                <LastName>Joe Walsh</LastName>
                <FirstName />
                <YesVotes>2</YesVotes>
              </Candidate>
              <Candidate>
                <CandidateID>750117334</CandidateID>
                <LastName>Matthew John Matern</LastName>
                <FirstName />
                <YesVotes>0</YesVotes>
              </Candidate>
              <Candidate>
                <CandidateID>750117353</CandidateID>
                <LastName>Uncommitted</LastName>
                <FirstName />
                <YesVotes>3</YesVotes>
              </Candidate>
            </Party>
            <Party>
              <PartyName>Democratic</PartyName>
              <Candidate>
                <CandidateID>750117276</CandidateID>
                <LastName>Amy Klobuchar</LastName>
                <FirstName />
                <YesVotes>2</YesVotes>
              </Candidate>
              <Candidate>
                <CandidateID>750117280</CandidateID>
                <LastName>Tom Steyer</LastName>
                <FirstName />
                <YesVotes>0</YesVotes>
              </Candidate>
              <Candidate>
                <CandidateID>750117274</CandidateID>
                <LastName>Tulsi Gabbard</LastName>
                <FirstName />
                <YesVotes>2</YesVotes>
              </Candidate>
              <Candidate>
                <CandidateID>750117278</CandidateID>
                <LastName>Leonard J. Steinman II</LastName>
                <FirstName />
                <YesVotes>0</YesVotes>
              </Candidate>
              <Candidate>
                <CandidateID>750117285</CandidateID>
                <LastName>Cory Booker</LastName>
                <FirstName />
                <YesVotes>2</YesVotes>
              </Candidate>
              <Candidate>
                <CandidateID>750117279</CandidateID>
                <LastName>Joseph R. Biden</LastName>
                <FirstName />
                <YesVotes>180</YesVotes>
              </Candidate>
              <Candidate>
                <CandidateID>750117282</CandidateID>
                <LastName>Elizabeth Warren</LastName>
                <FirstName />
                <YesVotes>0</YesVotes>
              </Candidate>
              <Candidate>
                <CandidateID>750117275</CandidateID>
                <LastName>Pete Buttigieg</LastName>
                <FirstName />
                <YesVotes>0</YesVotes>
              </Candidate>
              <Candidate>
                <CandidateID>750117283</CandidateID>
                <LastName>Bernie Sanders</LastName>
                <FirstName />
                <YesVotes>40</YesVotes>
              </Candidate>
              <Candidate>
                <CandidateID>750117277</CandidateID>
                <LastName>Velma Steinman</LastName>
                <FirstName />
                <YesVotes>0</YesVotes>
              </Candidate>
              <Candidate>
                <CandidateID>750117287</CandidateID>
                <LastName>Henry Hewes</LastName>
                <FirstName />
                <YesVotes>0</YesVotes>
              </Candidate>
              <Candidate>
                <CandidateID>750117288</CandidateID>
                <LastName>Andrew Yang</LastName>
                <FirstName />
                <YesVotes>1</YesVotes>
              </Candidate>
              <Candidate>
                <CandidateID>750117299</CandidateID>
                <LastName>Roque De La Fuente</LastName>
                <FirstName />
                <YesVotes>0</YesVotes>
              </Candidate>
              <Candidate>
                <CandidateID>750117301</CandidateID>
                <LastName>John K. Delaney</LastName>
                <FirstName />
                <YesVotes>0</YesVotes>
              </Candidate>
              <Candidate>
                <CandidateID>750117302</CandidateID>
                <LastName>Julián Castro</LastName>
                <FirstName />
                <YesVotes>0</YesVotes>
              </Candidate>
              <Candidate>
                <CandidateID>750117303</CandidateID>
                <LastName>Deval Patrick</LastName>
                <FirstName />
                <YesVotes>0</YesVotes>
              </Candidate>
              <Candidate>
                <CandidateID>750117321</CandidateID>
                <LastName>Marianne Williamson</LastName>
                <FirstName />
                <YesVotes>0</YesVotes>
              </Candidate>
              <Candidate>
                <CandidateID>750117323</CandidateID>
                <LastName>Michael Bennet</LastName>
                <FirstName />
                <YesVotes>0</YesVotes>
              </Candidate>
              <Candidate>
                <CandidateID>750117324</CandidateID>
                <LastName>Michael R. Bloomberg</LastName>
                <FirstName />
                <YesVotes>1</YesVotes>
              </Candidate>
              <Candidate>
                <CandidateID>750117326</CandidateID>
                <LastName>Steve Burke</LastName>
                <FirstName />
                <YesVotes>0</YesVotes>
              </Candidate>
              <Candidate>
                <CandidateID>750117331</CandidateID>
                <LastName>Robby Wells</LastName>
                <FirstName />
                <YesVotes>0</YesVotes>
              </Candidate>
              <Candidate>
                <CandidateID>750117332</CandidateID>
                <LastName>William C. (Bill) Haas</LastName>
                <FirstName />
                <YesVotes>1</YesVotes>
              </Candidate>
              <Candidate>
                <CandidateID>750117354</CandidateID>
                <LastName>Uncommitted</LastName>
                <FirstName />
                <YesVotes>4</YesVotes>
              </Candidate>
            </Party>
            <Party>
              <PartyName>Libertarian</PartyName>
              <Candidate>
                <CandidateID>750117320</CandidateID>
                <LastName>Jacob Hornberger</LastName>
                <FirstName />
                <YesVotes>0</YesVotes>
              </Candidate>
              <Candidate>
                <CandidateID>750117355</CandidateID>
                <LastName>Uncommitted</LastName>
                <FirstName />
                <YesVotes>0</YesVotes>
              </Candidate>
            </Party>
            <Party>
              <PartyName>Green</PartyName>
              <Candidate>
                <CandidateID>750117325</CandidateID>
                <LastName>Howie Hawkins</LastName>
                <FirstName />
                <YesVotes>0</YesVotes>
              </Candidate>
              <Candidate>
                <CandidateID>750117327</CandidateID>
                <LastName>Dario Hunter</LastName>
                <FirstName />
                <YesVotes>0</YesVotes>
              </Candidate>
              <Candidate>
                <CandidateID>750117329</CandidateID>
                <LastName>David Rolde</LastName>
                <FirstName />
                <YesVotes>0</YesVotes>
              </Candidate>
              <Candidate>
                <CandidateID>750117356</CandidateID>
                <LastName>Uncommitted</LastName>
                <FirstName />
                <YesVotes>0</YesVotes>
              </Candidate>
            </Party>
            <Party>
              <PartyName>Constitution</PartyName>
              <Candidate>
                <CandidateID>750117333</CandidateID>
                <LastName>Don J. Grundmann</LastName>
                <FirstName />
                <YesVotes>0</YesVotes>
              </Candidate>
              <Candidate>
                <CandidateID>750117335</CandidateID>
                <LastName>Don Blankenship</LastName>
                <FirstName />
                <YesVotes>0</YesVotes>
              </Candidate>
              <Candidate>
                <CandidateID>750117357</CandidateID>
                <LastName>Uncommitted</LastName>
                <FirstName />
                <YesVotes>0</YesVotes>
              </Candidate>
            </Party>
          </CountyResults>
        </Counties>
        <Counties>
          <CountyName>Laclede</CountyName>
          <CountyResults>
            <ReportingPrecincts>15</ReportingPrecincts>
            <TotalPrecincts>15</TotalPrecincts>
            <Party>
              <PartyName>Republican</PartyName>
              <Candidate>
                <CandidateID>750117286</CandidateID>
                <LastName>Donald J Trump</LastName>
                <FirstName />
                <YesVotes>2847</YesVotes>
              </Candidate>
              <Candidate>
                <CandidateID>750117300</CandidateID>
                <LastName>Bob Ely</LastName>
                <FirstName />
                <YesVotes>7</YesVotes>
              </Candidate>
              <Candidate>
                <CandidateID>750117328</CandidateID>
                <LastName>Bill Weld</LastName>
                <FirstName />
                <YesVotes>12</YesVotes>
              </Candidate>
              <Candidate>
                <CandidateID>750117330</CandidateID>
                <LastName>Joe Walsh</LastName>
                <FirstName />
                <YesVotes>8</YesVotes>
              </Candidate>
              <Candidate>
                <CandidateID>750117334</CandidateID>
                <LastName>Matthew John Matern</LastName>
                <FirstName />
                <YesVotes>4</YesVotes>
              </Candidate>
              <Candidate>
                <CandidateID>750117353</CandidateID>
                <LastName>Uncommitted</LastName>
                <FirstName />
                <YesVotes>25</YesVotes>
              </Candidate>
            </Party>
            <Party>
              <PartyName>Democratic</PartyName>
              <Candidate>
                <CandidateID>750117276</CandidateID>
                <LastName>Amy Klobuchar</LastName>
                <FirstName />
                <YesVotes>3</YesVotes>
              </Candidate>
              <Candidate>
                <CandidateID>750117280</CandidateID>
                <LastName>Tom Steyer</LastName>
                <FirstName />
                <YesVotes>2</YesVotes>
              </Candidate>
              <Candidate>
                <CandidateID>750117274</CandidateID>
                <LastName>Tulsi Gabbard</LastName>
                <FirstName />
                <YesVotes>13</YesVotes>
              </Candidate>
              <Candidate>
                <CandidateID>750117278</CandidateID>
                <LastName>Leonard J. Steinman II</LastName>
                <FirstName />
                <YesVotes>1</YesVotes>
              </Candidate>
              <Candidate>
                <CandidateID>750117285</CandidateID>
                <LastName>Cory Booker</LastName>
                <FirstName />
                <YesVotes>1</YesVotes>
              </Candidate>
              <Candidate>
                <CandidateID>750117279</CandidateID>
                <LastName>Joseph R. Biden</LastName>
                <FirstName />
                <YesVotes>890</YesVotes>
              </Candidate>
              <Candidate>
                <CandidateID>750117282</CandidateID>
                <LastName>Elizabeth Warren</LastName>
                <FirstName />
                <YesVotes>18</YesVotes>
              </Candidate>
              <Candidate>
                <CandidateID>750117275</CandidateID>
                <LastName>Pete Buttigieg</LastName>
                <FirstName />
                <YesVotes>8</YesVotes>
              </Candidate>
              <Candidate>
                <CandidateID>750117283</CandidateID>
                <LastName>Bernie Sanders</LastName>
                <FirstName />
                <YesVotes>412</YesVotes>
              </Candidate>
              <Candidate>
                <CandidateID>750117277</CandidateID>
                <LastName>Velma Steinman</LastName>
                <FirstName />
                <YesVotes>1</YesVotes>
              </Candidate>
              <Candidate>
                <CandidateID>750117287</CandidateID>
                <LastName>Henry Hewes</LastName>
                <FirstName />
                <YesVotes>0</YesVotes>
              </Candidate>
              <Candidate>
                <CandidateID>750117288</CandidateID>
                <LastName>Andrew Yang</LastName>
                <FirstName />
                <YesVotes>3</YesVotes>
              </Candidate>
              <Candidate>
                <CandidateID>750117299</CandidateID>
                <LastName>Roque De La Fuente</LastName>
                <FirstName />
                <YesVotes>1</YesVotes>
              </Candidate>
              <Candidate>
                <CandidateID>750117301</CandidateID>
                <LastName>John K. Delaney</LastName>
                <FirstName />
                <YesVotes>4</YesVotes>
              </Candidate>
              <Candidate>
                <CandidateID>750117302</CandidateID>
                <LastName>Julián Castro</LastName>
                <FirstName />
                <YesVotes>1</YesVotes>
              </Candidate>
              <Candidate>
                <CandidateID>750117303</CandidateID>
                <LastName>Deval Patrick</LastName>
                <FirstName />
                <YesVotes>0</YesVotes>
              </Candidate>
              <Candidate>
                <CandidateID>750117321</CandidateID>
                <LastName>Marianne Williamson</LastName>
                <FirstName />
                <YesVotes>0</YesVotes>
              </Candidate>
              <Candidate>
                <CandidateID>750117323</CandidateID>
                <LastName>Michael Bennet</LastName>
                <FirstName />
                <YesVotes>1</YesVotes>
              </Candidate>
              <Candidate>
                <CandidateID>750117324</CandidateID>
                <LastName>Michael R. Bloomberg</LastName>
                <FirstName />
                <YesVotes>24</YesVotes>
              </Candidate>
              <Candidate>
                <CandidateID>750117326</CandidateID>
                <LastName>Steve Burke</LastName>
                <FirstName />
                <YesVotes>0</YesVotes>
              </Candidate>
              <Candidate>
                <CandidateID>750117331</CandidateID>
                <LastName>Robby Wells</LastName>
                <FirstName />
                <YesVotes>0</YesVotes>
              </Candidate>
              <Candidate>
                <CandidateID>750117332</CandidateID>
                <LastName>William C. (Bill) Haas</LastName>
                <FirstName />
                <YesVotes>0</YesVotes>
              </Candidate>
              <Candidate>
                <CandidateID>750117354</CandidateID>
                <LastName>Uncommitted</LastName>
                <FirstName />
                <YesVotes>10</YesVotes>
              </Candidate>
            </Party>
            <Party>
              <PartyName>Libertarian</PartyName>
              <Candidate>
                <CandidateID>750117320</CandidateID>
                <LastName>Jacob Hornberger</LastName>
                <FirstName />
                <YesVotes>5</YesVotes>
              </Candidate>
              <Candidate>
                <CandidateID>750117355</CandidateID>
                <LastName>Uncommitted</LastName>
                <FirstName />
                <YesVotes>3</YesVotes>
              </Candidate>
            </Party>
            <Party>
              <PartyName>Green</PartyName>
              <Candidate>
                <CandidateID>750117325</CandidateID>
                <LastName>Howie Hawkins</LastName>
                <FirstName />
                <YesVotes>0</YesVotes>
              </Candidate>
              <Candidate>
                <CandidateID>750117327</CandidateID>
                <LastName>Dario Hunter</LastName>
                <FirstName />
                <YesVotes>0</YesVotes>
              </Candidate>
              <Candidate>
                <CandidateID>750117329</CandidateID>
                <LastName>David Rolde</LastName>
                <FirstName />
                <YesVotes>0</YesVotes>
              </Candidate>
              <Candidate>
                <CandidateID>750117356</CandidateID>
                <LastName>Uncommitted</LastName>
                <FirstName />
                <YesVotes>0</YesVotes>
              </Candidate>
            </Party>
            <Party>
              <PartyName>Constitution</PartyName>
              <Candidate>
                <CandidateID>750117333</CandidateID>
                <LastName>Don J. Grundmann</LastName>
                <FirstName />
                <YesVotes>3</YesVotes>
              </Candidate>
              <Candidate>
                <CandidateID>750117335</CandidateID>
                <LastName>Don Blankenship</LastName>
                <FirstName />
                <YesVotes>0</YesVotes>
              </Candidate>
              <Candidate>
                <CandidateID>750117357</CandidateID>
                <LastName>Uncommitted</LastName>
                <FirstName />
                <YesVotes>0</YesVotes>
              </Candidate>
            </Party>
          </CountyResults>
        </Counties>
        <Counties>
          <CountyName>Lafayette</CountyName>
          <CountyResults>
            <ReportingPrecincts>15</ReportingPrecincts>
            <TotalPrecincts>15</TotalPrecincts>
            <Party>
              <PartyName>Republican</PartyName>
              <Candidate>
                <CandidateID>750117286</CandidateID>
                <LastName>Donald J Trump</LastName>
                <FirstName />
                <YesVotes>2294</YesVotes>
              </Candidate>
              <Candidate>
                <CandidateID>750117300</CandidateID>
                <LastName>Bob Ely</LastName>
                <FirstName />
                <YesVotes>8</YesVotes>
              </Candidate>
              <Candidate>
                <CandidateID>750117328</CandidateID>
                <LastName>Bill Weld</LastName>
                <FirstName />
                <YesVotes>10</YesVotes>
              </Candidate>
              <Candidate>
                <CandidateID>750117330</CandidateID>
                <LastName>Joe Walsh</LastName>
                <FirstName />
                <YesVotes>20</YesVotes>
              </Candidate>
              <Candidate>
                <CandidateID>750117334</CandidateID>
                <LastName>Matthew John Matern</LastName>
                <FirstName />
                <YesVotes>2</YesVotes>
              </Candidate>
              <Candidate>
                <CandidateID>750117353</CandidateID>
                <LastName>Uncommitted</LastName>
                <FirstName />
                <YesVotes>22</YesVotes>
              </Candidate>
            </Party>
            <Party>
              <PartyName>Democratic</PartyName>
              <Candidate>
                <CandidateID>750117276</CandidateID>
                <LastName>Amy Klobuchar</LastName>
                <FirstName />
                <YesVotes>19</YesVotes>
              </Candidate>
              <Candidate>
                <CandidateID>750117280</CandidateID>
                <LastName>Tom Steyer</LastName>
                <FirstName />
                <YesVotes>3</YesVotes>
              </Candidate>
              <Candidate>
                <CandidateID>750117274</CandidateID>
                <LastName>Tulsi Gabbard</LastName>
                <FirstName />
                <YesVotes>31</YesVotes>
              </Candidate>
              <Candidate>
                <CandidateID>750117278</CandidateID>
                <LastName>Leonard J. Steinman II</LastName>
                <FirstName />
                <YesVotes>1</YesVotes>
              </Candidate>
              <Candidate>
                <CandidateID>750117285</CandidateID>
                <LastName>Cory Booker</LastName>
                <FirstName />
                <YesVotes>5</YesVotes>
              </Candidate>
              <Candidate>
                <CandidateID>750117279</CandidateID>
                <LastName>Joseph R. Biden</LastName>
                <FirstName />
                <YesVotes>1681</YesVotes>
              </Candidate>
              <Candidate>
                <CandidateID>750117282</CandidateID>
                <LastName>Elizabeth Warren</LastName>
                <FirstName />
                <YesVotes>27</YesVotes>
              </Candidate>
              <Candidate>
                <CandidateID>750117275</CandidateID>
                <LastName>Pete Buttigieg</LastName>
                <FirstName />
                <YesVotes>22</YesVotes>
              </Candidate>
              <Candidate>
                <CandidateID>750117283</CandidateID>
                <LastName>Bernie Sanders</LastName>
                <FirstName />
                <YesVotes>771</YesVotes>
              </Candidate>
              <Candidate>
                <CandidateID>750117277</CandidateID>
                <LastName>Velma Steinman</LastName>
                <FirstName />
                <YesVotes>1</YesVotes>
              </Candidate>
              <Candidate>
                <CandidateID>750117287</CandidateID>
                <LastName>Henry Hewes</LastName>
                <FirstName />
                <YesVotes>0</YesVotes>
              </Candidate>
              <Candidate>
                <CandidateID>750117288</CandidateID>
                <LastName>Andrew Yang</LastName>
                <FirstName />
                <YesVotes>3</YesVotes>
              </Candidate>
              <Candidate>
                <CandidateID>750117299</CandidateID>
                <LastName>Roque De La Fuente</LastName>
                <FirstName />
                <YesVotes>0</YesVotes>
              </Candidate>
              <Candidate>
                <CandidateID>750117301</CandidateID>
                <LastName>John K. Delaney</LastName>
                <FirstName />
                <YesVotes>2</YesVotes>
              </Candidate>
              <Candidate>
                <CandidateID>750117302</CandidateID>
                <LastName>Julián Castro</LastName>
                <FirstName />
                <YesVotes>0</YesVotes>
              </Candidate>
              <Candidate>
                <CandidateID>750117303</CandidateID>
                <LastName>Deval Patrick</LastName>
                <FirstName />
                <YesVotes>0</YesVotes>
              </Candidate>
              <Candidate>
                <CandidateID>750117321</CandidateID>
                <LastName>Marianne Williamson</LastName>
                <FirstName />
                <YesVotes>0</YesVotes>
              </Candidate>
              <Candidate>
                <CandidateID>750117323</CandidateID>
                <LastName>Michael Bennet</LastName>
                <FirstName />
                <YesVotes>1</YesVotes>
              </Candidate>
              <Candidate>
                <CandidateID>750117324</CandidateID>
                <LastName>Michael R. Bloomberg</LastName>
                <FirstName />
                <YesVotes>37</YesVotes>
              </Candidate>
              <Candidate>
                <CandidateID>750117326</CandidateID>
                <LastName>Steve Burke</LastName>
                <FirstName />
                <YesVotes>2</YesVotes>
              </Candidate>
              <Candidate>
                <CandidateID>750117331</CandidateID>
                <LastName>Robby Wells</LastName>
                <FirstName />
                <YesVotes>1</YesVotes>
              </Candidate>
              <Candidate>
                <CandidateID>750117332</CandidateID>
                <LastName>William C. (Bill) Haas</LastName>
                <FirstName />
                <YesVotes>0</YesVotes>
              </Candidate>
              <Candidate>
                <CandidateID>750117354</CandidateID>
                <LastName>Uncommitted</LastName>
                <FirstName />
                <YesVotes>38</YesVotes>
              </Candidate>
            </Party>
            <Party>
              <PartyName>Libertarian</PartyName>
              <Candidate>
                <CandidateID>750117320</CandidateID>
                <LastName>Jacob Hornberger</LastName>
                <FirstName />
                <YesVotes>11</YesVotes>
              </Candidate>
              <Candidate>
                <CandidateID>750117355</CandidateID>
                <LastName>Uncommitted</LastName>
                <FirstName />
                <YesVotes>1</YesVotes>
              </Candidate>
            </Party>
            <Party>
              <PartyName>Green</PartyName>
              <Candidate>
                <CandidateID>750117325</CandidateID>
                <LastName>Howie Hawkins</LastName>
                <FirstName />
                <YesVotes>0</YesVotes>
              </Candidate>
              <Candidate>
                <CandidateID>750117327</CandidateID>
                <LastName>Dario Hunter</LastName>
                <FirstName />
                <YesVotes>1</YesVotes>
              </Candidate>
              <Candidate>
                <CandidateID>750117329</CandidateID>
                <LastName>David Rolde</LastName>
                <FirstName />
                <YesVotes>0</YesVotes>
              </Candidate>
              <Candidate>
                <CandidateID>750117356</CandidateID>
                <LastName>Uncommitted</LastName>
                <FirstName />
                <YesVotes>0</YesVotes>
              </Candidate>
            </Party>
            <Party>
              <PartyName>Constitution</PartyName>
              <Candidate>
                <CandidateID>750117333</CandidateID>
                <LastName>Don J. Grundmann</LastName>
                <FirstName />
                <YesVotes>1</YesVotes>
              </Candidate>
              <Candidate>
                <CandidateID>750117335</CandidateID>
                <LastName>Don Blankenship</LastName>
                <FirstName />
                <YesVotes>0</YesVotes>
              </Candidate>
              <Candidate>
                <CandidateID>750117357</CandidateID>
                <LastName>Uncommitted</LastName>
                <FirstName />
                <YesVotes>1</YesVotes>
              </Candidate>
            </Party>
          </CountyResults>
        </Counties>
        <Counties>
          <CountyName>Lawrence</CountyName>
          <CountyResults>
            <ReportingPrecincts>20</ReportingPrecincts>
            <TotalPrecincts>20</TotalPrecincts>
            <Party>
              <PartyName>Republican</PartyName>
              <Candidate>
                <CandidateID>750117286</CandidateID>
                <LastName>Donald J Trump</LastName>
                <FirstName />
                <YesVotes>3150</YesVotes>
              </Candidate>
              <Candidate>
                <CandidateID>750117300</CandidateID>
                <LastName>Bob Ely</LastName>
                <FirstName />
                <YesVotes>9</YesVotes>
              </Candidate>
              <Candidate>
                <CandidateID>750117328</CandidateID>
                <LastName>Bill Weld</LastName>
                <FirstName />
                <YesVotes>13</YesVotes>
              </Candidate>
              <Candidate>
                <CandidateID>750117330</CandidateID>
                <LastName>Joe Walsh</LastName>
                <FirstName />
                <YesVotes>11</YesVotes>
              </Candidate>
              <Candidate>
                <CandidateID>750117334</CandidateID>
                <LastName>Matthew John Matern</LastName>
                <FirstName />
                <YesVotes>4</YesVotes>
              </Candidate>
              <Candidate>
                <CandidateID>750117353</CandidateID>
                <LastName>Uncommitted</LastName>
                <FirstName />
                <YesVotes>25</YesVotes>
              </Candidate>
            </Party>
            <Party>
              <PartyName>Democratic</PartyName>
              <Candidate>
                <CandidateID>750117276</CandidateID>
                <LastName>Amy Klobuchar</LastName>
                <FirstName />
                <YesVotes>9</YesVotes>
              </Candidate>
              <Candidate>
                <CandidateID>750117280</CandidateID>
                <LastName>Tom Steyer</LastName>
                <FirstName />
                <YesVotes>5</YesVotes>
              </Candidate>
              <Candidate>
                <CandidateID>750117274</CandidateID>
                <LastName>Tulsi Gabbard</LastName>
                <FirstName />
                <YesVotes>30</YesVotes>
              </Candidate>
              <Candidate>
                <CandidateID>750117278</CandidateID>
                <LastName>Leonard J. Steinman II</LastName>
                <FirstName />
                <YesVotes>0</YesVotes>
              </Candidate>
              <Candidate>
                <CandidateID>750117285</CandidateID>
                <LastName>Cory Booker</LastName>
                <FirstName />
                <YesVotes>3</YesVotes>
              </Candidate>
              <Candidate>
                <CandidateID>750117279</CandidateID>
                <LastName>Joseph R. Biden</LastName>
                <FirstName />
                <YesVotes>1024</YesVotes>
              </Candidate>
              <Candidate>
                <CandidateID>750117282</CandidateID>
                <LastName>Elizabeth Warren</LastName>
                <FirstName />
                <YesVotes>19</YesVotes>
              </Candidate>
              <Candidate>
                <CandidateID>750117275</CandidateID>
                <LastName>Pete Buttigieg</LastName>
                <FirstName />
                <YesVotes>10</YesVotes>
              </Candidate>
              <Candidate>
                <CandidateID>750117283</CandidateID>
                <LastName>Bernie Sanders</LastName>
                <FirstName />
                <YesVotes>519</YesVotes>
              </Candidate>
              <Candidate>
                <CandidateID>750117277</CandidateID>
                <LastName>Velma Steinman</LastName>
                <FirstName />
                <YesVotes>0</YesVotes>
              </Candidate>
              <Candidate>
                <CandidateID>750117287</CandidateID>
                <LastName>Henry Hewes</LastName>
                <FirstName />
                <YesVotes>0</YesVotes>
              </Candidate>
              <Candidate>
                <CandidateID>750117288</CandidateID>
                <LastName>Andrew Yang</LastName>
                <FirstName />
                <YesVotes>6</YesVotes>
              </Candidate>
              <Candidate>
                <CandidateID>750117299</CandidateID>
                <LastName>Roque De La Fuente</LastName>
                <FirstName />
                <YesVotes>0</YesVotes>
              </Candidate>
              <Candidate>
                <CandidateID>750117301</CandidateID>
                <LastName>John K. Delaney</LastName>
                <FirstName />
                <YesVotes>1</YesVotes>
              </Candidate>
              <Candidate>
                <CandidateID>750117302</CandidateID>
                <LastName>Julián Castro</LastName>
                <FirstName />
                <YesVotes>3</YesVotes>
              </Candidate>
              <Candidate>
                <CandidateID>750117303</CandidateID>
                <LastName>Deval Patrick</LastName>
                <FirstName />
                <YesVotes>0</YesVotes>
              </Candidate>
              <Candidate>
                <CandidateID>750117321</CandidateID>
                <LastName>Marianne Williamson</LastName>
                <FirstName />
                <YesVotes>0</YesVotes>
              </Candidate>
              <Candidate>
                <CandidateID>750117323</CandidateID>
                <LastName>Michael Bennet</LastName>
                <FirstName />
                <YesVotes>1</YesVotes>
              </Candidate>
              <Candidate>
                <CandidateID>750117324</CandidateID>
                <LastName>Michael R. Bloomberg</LastName>
                <FirstName />
                <YesVotes>36</YesVotes>
              </Candidate>
              <Candidate>
                <CandidateID>750117326</CandidateID>
                <LastName>Steve Burke</LastName>
                <FirstName />
                <YesVotes>0</YesVotes>
              </Candidate>
              <Candidate>
                <CandidateID>750117331</CandidateID>
                <LastName>Robby Wells</LastName>
                <FirstName />
                <YesVotes>0</YesVotes>
              </Candidate>
              <Candidate>
                <CandidateID>750117332</CandidateID>
                <LastName>William C. (Bill) Haas</LastName>
                <FirstName />
                <YesVotes>1</YesVotes>
              </Candidate>
              <Candidate>
                <CandidateID>750117354</CandidateID>
                <LastName>Uncommitted</LastName>
                <FirstName />
                <YesVotes>4</YesVotes>
              </Candidate>
            </Party>
            <Party>
              <PartyName>Libertarian</PartyName>
              <Candidate>
                <CandidateID>750117320</CandidateID>
                <LastName>Jacob Hornberger</LastName>
                <FirstName />
                <YesVotes>5</YesVotes>
              </Candidate>
              <Candidate>
                <CandidateID>750117355</CandidateID>
                <LastName>Uncommitted</LastName>
                <FirstName />
                <YesVotes>1</YesVotes>
              </Candidate>
            </Party>
            <Party>
              <PartyName>Green</PartyName>
              <Candidate>
                <CandidateID>750117325</CandidateID>
                <LastName>Howie Hawkins</LastName>
                <FirstName />
                <YesVotes>0</YesVotes>
              </Candidate>
              <Candidate>
                <CandidateID>750117327</CandidateID>
                <LastName>Dario Hunter</LastName>
                <FirstName />
                <YesVotes>0</YesVotes>
              </Candidate>
              <Candidate>
                <CandidateID>750117329</CandidateID>
                <LastName>David Rolde</LastName>
                <FirstName />
                <YesVotes>0</YesVotes>
              </Candidate>
              <Candidate>
                <CandidateID>750117356</CandidateID>
                <LastName>Uncommitted</LastName>
                <FirstName />
                <YesVotes>1</YesVotes>
              </Candidate>
            </Party>
            <Party>
              <PartyName>Constitution</PartyName>
              <Candidate>
                <CandidateID>750117333</CandidateID>
                <LastName>Don J. Grundmann</LastName>
                <FirstName />
                <YesVotes>0</YesVotes>
              </Candidate>
              <Candidate>
                <CandidateID>750117335</CandidateID>
                <LastName>Don Blankenship</LastName>
                <FirstName />
                <YesVotes>2</YesVotes>
              </Candidate>
              <Candidate>
                <CandidateID>750117357</CandidateID>
                <LastName>Uncommitted</LastName>
                <FirstName />
                <YesVotes>2</YesVotes>
              </Candidate>
            </Party>
          </CountyResults>
        </Counties>
        <Counties>
          <CountyName>Lewis</CountyName>
          <CountyResults>
            <ReportingPrecincts>7</ReportingPrecincts>
            <TotalPrecincts>7</TotalPrecincts>
            <Party>
              <PartyName>Republican</PartyName>
              <Candidate>
                <CandidateID>750117286</CandidateID>
                <LastName>Donald J Trump</LastName>
                <FirstName />
                <YesVotes>478</YesVotes>
              </Candidate>
              <Candidate>
                <CandidateID>750117300</CandidateID>
                <LastName>Bob Ely</LastName>
                <FirstName />
                <YesVotes>3</YesVotes>
              </Candidate>
              <Candidate>
                <CandidateID>750117328</CandidateID>
                <LastName>Bill Weld</LastName>
                <FirstName />
                <YesVotes>0</YesVotes>
              </Candidate>
              <Candidate>
                <CandidateID>750117330</CandidateID>
                <LastName>Joe Walsh</LastName>
                <FirstName />
                <YesVotes>3</YesVotes>
              </Candidate>
              <Candidate>
                <CandidateID>750117334</CandidateID>
                <LastName>Matthew John Matern</LastName>
                <FirstName />
                <YesVotes>1</YesVotes>
              </Candidate>
              <Candidate>
                <CandidateID>750117353</CandidateID>
                <LastName>Uncommitted</LastName>
                <FirstName />
                <YesVotes>5</YesVotes>
              </Candidate>
            </Party>
            <Party>
              <PartyName>Democratic</PartyName>
              <Candidate>
                <CandidateID>750117276</CandidateID>
                <LastName>Amy Klobuchar</LastName>
                <FirstName />
                <YesVotes>5</YesVotes>
              </Candidate>
              <Candidate>
                <CandidateID>750117280</CandidateID>
                <LastName>Tom Steyer</LastName>
                <FirstName />
                <YesVotes>4</YesVotes>
              </Candidate>
              <Candidate>
                <CandidateID>750117274</CandidateID>
                <LastName>Tulsi Gabbard</LastName>
                <FirstName />
                <YesVotes>7</YesVotes>
              </Candidate>
              <Candidate>
                <CandidateID>750117278</CandidateID>
                <LastName>Leonard J. Steinman II</LastName>
                <FirstName />
                <YesVotes>0</YesVotes>
              </Candidate>
              <Candidate>
                <CandidateID>750117285</CandidateID>
                <LastName>Cory Booker</LastName>
                <FirstName />
                <YesVotes>0</YesVotes>
              </Candidate>
              <Candidate>
                <CandidateID>750117279</CandidateID>
                <LastName>Joseph R. Biden</LastName>
                <FirstName />
                <YesVotes>314</YesVotes>
              </Candidate>
              <Candidate>
                <CandidateID>750117282</CandidateID>
                <LastName>Elizabeth Warren</LastName>
                <FirstName />
                <YesVotes>6</YesVotes>
              </Candidate>
              <Candidate>
                <CandidateID>750117275</CandidateID>
                <LastName>Pete Buttigieg</LastName>
                <FirstName />
                <YesVotes>2</YesVotes>
              </Candidate>
              <Candidate>
                <CandidateID>750117283</CandidateID>
                <LastName>Bernie Sanders</LastName>
                <FirstName />
                <YesVotes>105</YesVotes>
              </Candidate>
              <Candidate>
                <CandidateID>750117277</CandidateID>
                <LastName>Velma Steinman</LastName>
                <FirstName />
                <YesVotes>0</YesVotes>
              </Candidate>
              <Candidate>
                <CandidateID>750117287</CandidateID>
                <LastName>Henry Hewes</LastName>
                <FirstName />
                <YesVotes>0</YesVotes>
              </Candidate>
              <Candidate>
                <CandidateID>750117288</CandidateID>
                <LastName>Andrew Yang</LastName>
                <FirstName />
                <YesVotes>0</YesVotes>
              </Candidate>
              <Candidate>
                <CandidateID>750117299</CandidateID>
                <LastName>Roque De La Fuente</LastName>
                <FirstName />
                <YesVotes>0</YesVotes>
              </Candidate>
              <Candidate>
                <CandidateID>750117301</CandidateID>
                <LastName>John K. Delaney</LastName>
                <FirstName />
                <YesVotes>0</YesVotes>
              </Candidate>
              <Candidate>
                <CandidateID>750117302</CandidateID>
                <LastName>Julián Castro</LastName>
                <FirstName />
                <YesVotes>0</YesVotes>
              </Candidate>
              <Candidate>
                <CandidateID>750117303</CandidateID>
                <LastName>Deval Patrick</LastName>
                <FirstName />
                <YesVotes>0</YesVotes>
              </Candidate>
              <Candidate>
                <CandidateID>750117321</CandidateID>
                <LastName>Marianne Williamson</LastName>
                <FirstName />
                <YesVotes>1</YesVotes>
              </Candidate>
              <Candidate>
                <CandidateID>750117323</CandidateID>
                <LastName>Michael Bennet</LastName>
                <FirstName />
                <YesVotes>2</YesVotes>
              </Candidate>
              <Candidate>
                <CandidateID>750117324</CandidateID>
                <LastName>Michael R. Bloomberg</LastName>
                <FirstName />
                <YesVotes>6</YesVotes>
              </Candidate>
              <Candidate>
                <CandidateID>750117326</CandidateID>
                <LastName>Steve Burke</LastName>
                <FirstName />
                <YesVotes>0</YesVotes>
              </Candidate>
              <Candidate>
                <CandidateID>750117331</CandidateID>
                <LastName>Robby Wells</LastName>
                <FirstName />
                <YesVotes>0</YesVotes>
              </Candidate>
              <Candidate>
                <CandidateID>750117332</CandidateID>
                <LastName>William C. (Bill) Haas</LastName>
                <FirstName />
                <YesVotes>0</YesVotes>
              </Candidate>
              <Candidate>
                <CandidateID>750117354</CandidateID>
                <LastName>Uncommitted</LastName>
                <FirstName />
                <YesVotes>4</YesVotes>
              </Candidate>
            </Party>
            <Party>
              <PartyName>Libertarian</PartyName>
              <Candidate>
                <CandidateID>750117320</CandidateID>
                <LastName>Jacob Hornberger</LastName>
                <FirstName />
                <YesVotes>1</YesVotes>
              </Candidate>
              <Candidate>
                <CandidateID>750117355</CandidateID>
                <LastName>Uncommitted</LastName>
                <FirstName />
                <YesVotes>0</YesVotes>
              </Candidate>
            </Party>
            <Party>
              <PartyName>Green</PartyName>
              <Candidate>
                <CandidateID>750117325</CandidateID>
                <LastName>Howie Hawkins</LastName>
                <FirstName />
                <YesVotes>0</YesVotes>
              </Candidate>
              <Candidate>
                <CandidateID>750117327</CandidateID>
                <LastName>Dario Hunter</LastName>
                <FirstName />
                <YesVotes>0</YesVotes>
              </Candidate>
              <Candidate>
                <CandidateID>750117329</CandidateID>
                <LastName>David Rolde</LastName>
                <FirstName />
                <YesVotes>0</YesVotes>
              </Candidate>
              <Candidate>
                <CandidateID>750117356</CandidateID>
                <LastName>Uncommitted</LastName>
                <FirstName />
                <YesVotes>0</YesVotes>
              </Candidate>
            </Party>
            <Party>
              <PartyName>Constitution</PartyName>
              <Candidate>
                <CandidateID>750117333</CandidateID>
                <LastName>Don J. Grundmann</LastName>
                <FirstName />
                <YesVotes>0</YesVotes>
              </Candidate>
              <Candidate>
                <CandidateID>750117335</CandidateID>
                <LastName>Don Blankenship</LastName>
                <FirstName />
                <YesVotes>3</YesVotes>
              </Candidate>
              <Candidate>
                <CandidateID>750117357</CandidateID>
                <LastName>Uncommitted</LastName>
                <FirstName />
                <YesVotes>0</YesVotes>
              </Candidate>
            </Party>
          </CountyResults>
        </Counties>
        <Counties>
          <CountyName>Lincoln</CountyName>
          <CountyResults>
            <ReportingPrecincts>17</ReportingPrecincts>
            <TotalPrecincts>17</TotalPrecincts>
            <Party>
              <PartyName>Republican</PartyName>
              <Candidate>
                <CandidateID>750117286</CandidateID>
                <LastName>Donald J Trump</LastName>
                <FirstName />
                <YesVotes>2967</YesVotes>
              </Candidate>
              <Candidate>
                <CandidateID>750117300</CandidateID>
                <LastName>Bob Ely</LastName>
                <FirstName />
                <YesVotes>2</YesVotes>
              </Candidate>
              <Candidate>
                <CandidateID>750117328</CandidateID>
                <LastName>Bill Weld</LastName>
                <FirstName />
                <YesVotes>16</YesVotes>
              </Candidate>
              <Candidate>
                <CandidateID>750117330</CandidateID>
                <LastName>Joe Walsh</LastName>
                <FirstName />
                <YesVotes>10</YesVotes>
              </Candidate>
              <Candidate>
                <CandidateID>750117334</CandidateID>
                <LastName>Matthew John Matern</LastName>
                <FirstName />
                <YesVotes>5</YesVotes>
              </Candidate>
              <Candidate>
                <CandidateID>750117353</CandidateID>
                <LastName>Uncommitted</LastName>
                <FirstName />
                <YesVotes>43</YesVotes>
              </Candidate>
            </Party>
            <Party>
              <PartyName>Democratic</PartyName>
              <Candidate>
                <CandidateID>750117276</CandidateID>
                <LastName>Amy Klobuchar</LastName>
                <FirstName />
                <YesVotes>22</YesVotes>
              </Candidate>
              <Candidate>
                <CandidateID>750117280</CandidateID>
                <LastName>Tom Steyer</LastName>
                <FirstName />
                <YesVotes>3</YesVotes>
              </Candidate>
              <Candidate>
                <CandidateID>750117274</CandidateID>
                <LastName>Tulsi Gabbard</LastName>
                <FirstName />
                <YesVotes>23</YesVotes>
              </Candidate>
              <Candidate>
                <CandidateID>750117278</CandidateID>
                <LastName>Leonard J. Steinman II</LastName>
                <FirstName />
                <YesVotes>1</YesVotes>
              </Candidate>
              <Candidate>
                <CandidateID>750117285</CandidateID>
                <LastName>Cory Booker</LastName>
                <FirstName />
                <YesVotes>3</YesVotes>
              </Candidate>
              <Candidate>
                <CandidateID>750117279</CandidateID>
                <LastName>Joseph R. Biden</LastName>
                <FirstName />
                <YesVotes>2029</YesVotes>
              </Candidate>
              <Candidate>
                <CandidateID>750117282</CandidateID>
                <LastName>Elizabeth Warren</LastName>
                <FirstName />
                <YesVotes>41</YesVotes>
              </Candidate>
              <Candidate>
                <CandidateID>750117275</CandidateID>
                <LastName>Pete Buttigieg</LastName>
                <FirstName />
                <YesVotes>22</YesVotes>
              </Candidate>
              <Candidate>
                <CandidateID>750117283</CandidateID>
                <LastName>Bernie Sanders</LastName>
                <FirstName />
                <YesVotes>1156</YesVotes>
              </Candidate>
              <Candidate>
                <CandidateID>750117277</CandidateID>
                <LastName>Velma Steinman</LastName>
                <FirstName />
                <YesVotes>1</YesVotes>
              </Candidate>
              <Candidate>
                <CandidateID>750117287</CandidateID>
                <LastName>Henry Hewes</LastName>
                <FirstName />
                <YesVotes>0</YesVotes>
              </Candidate>
              <Candidate>
                <CandidateID>750117288</CandidateID>
                <LastName>Andrew Yang</LastName>
                <FirstName />
                <YesVotes>5</YesVotes>
              </Candidate>
              <Candidate>
                <CandidateID>750117299</CandidateID>
                <LastName>Roque De La Fuente</LastName>
                <FirstName />
                <YesVotes>0</YesVotes>
              </Candidate>
              <Candidate>
                <CandidateID>750117301</CandidateID>
                <LastName>John K. Delaney</LastName>
                <FirstName />
                <YesVotes>1</YesVotes>
              </Candidate>
              <Candidate>
                <CandidateID>750117302</CandidateID>
                <LastName>Julián Castro</LastName>
                <FirstName />
                <YesVotes>1</YesVotes>
              </Candidate>
              <Candidate>
                <CandidateID>750117303</CandidateID>
                <LastName>Deval Patrick</LastName>
                <FirstName />
                <YesVotes>0</YesVotes>
              </Candidate>
              <Candidate>
                <CandidateID>750117321</CandidateID>
                <LastName>Marianne Williamson</LastName>
                <FirstName />
                <YesVotes>2</YesVotes>
              </Candidate>
              <Candidate>
                <CandidateID>750117323</CandidateID>
                <LastName>Michael Bennet</LastName>
                <FirstName />
                <YesVotes>3</YesVotes>
              </Candidate>
              <Candidate>
                <CandidateID>750117324</CandidateID>
                <LastName>Michael R. Bloomberg</LastName>
                <FirstName />
                <YesVotes>59</YesVotes>
              </Candidate>
              <Candidate>
                <CandidateID>750117326</CandidateID>
                <LastName>Steve Burke</LastName>
                <FirstName />
                <YesVotes>1</YesVotes>
              </Candidate>
              <Candidate>
                <CandidateID>750117331</CandidateID>
                <LastName>Robby Wells</LastName>
                <FirstName />
                <YesVotes>1</YesVotes>
              </Candidate>
              <Candidate>
                <CandidateID>750117332</CandidateID>
                <LastName>William C. (Bill) Haas</LastName>
                <FirstName />
                <YesVotes>2</YesVotes>
              </Candidate>
              <Candidate>
                <CandidateID>750117354</CandidateID>
                <LastName>Uncommitted</LastName>
                <FirstName />
                <YesVotes>23</YesVotes>
              </Candidate>
            </Party>
            <Party>
              <PartyName>Libertarian</PartyName>
              <Candidate>
                <CandidateID>750117320</CandidateID>
                <LastName>Jacob Hornberger</LastName>
                <FirstName />
                <YesVotes>9</YesVotes>
              </Candidate>
              <Candidate>
                <CandidateID>750117355</CandidateID>
                <LastName>Uncommitted</LastName>
                <FirstName />
                <YesVotes>4</YesVotes>
              </Candidate>
            </Party>
            <Party>
              <PartyName>Green</PartyName>
              <Candidate>
                <CandidateID>750117325</CandidateID>
                <LastName>Howie Hawkins</LastName>
                <FirstName />
                <YesVotes>0</YesVotes>
              </Candidate>
              <Candidate>
                <CandidateID>750117327</CandidateID>
                <LastName>Dario Hunter</LastName>
                <FirstName />
                <YesVotes>0</YesVotes>
              </Candidate>
              <Candidate>
                <CandidateID>750117329</CandidateID>
                <LastName>David Rolde</LastName>
                <FirstName />
                <YesVotes>0</YesVotes>
              </Candidate>
              <Candidate>
                <CandidateID>750117356</CandidateID>
                <LastName>Uncommitted</LastName>
                <FirstName />
                <YesVotes>2</YesVotes>
              </Candidate>
            </Party>
            <Party>
              <PartyName>Constitution</PartyName>
              <Candidate>
                <CandidateID>750117333</CandidateID>
                <LastName>Don J. Grundmann</LastName>
                <FirstName />
                <YesVotes>1</YesVotes>
              </Candidate>
              <Candidate>
                <CandidateID>750117335</CandidateID>
                <LastName>Don Blankenship</LastName>
                <FirstName />
                <YesVotes>3</YesVotes>
              </Candidate>
              <Candidate>
                <CandidateID>750117357</CandidateID>
                <LastName>Uncommitted</LastName>
                <FirstName />
                <YesVotes>4</YesVotes>
              </Candidate>
            </Party>
          </CountyResults>
        </Counties>
        <Counties>
          <CountyName>Linn</CountyName>
          <CountyResults>
            <ReportingPrecincts>14</ReportingPrecincts>
            <TotalPrecincts>14</TotalPrecincts>
            <Party>
              <PartyName>Republican</PartyName>
              <Candidate>
                <CandidateID>750117286</CandidateID>
                <LastName>Donald J Trump</LastName>
                <FirstName />
                <YesVotes>767</YesVotes>
              </Candidate>
              <Candidate>
                <CandidateID>750117300</CandidateID>
                <LastName>Bob Ely</LastName>
                <FirstName />
                <YesVotes>0</YesVotes>
              </Candidate>
              <Candidate>
                <CandidateID>750117328</CandidateID>
                <LastName>Bill Weld</LastName>
                <FirstName />
                <YesVotes>1</YesVotes>
              </Candidate>
              <Candidate>
                <CandidateID>750117330</CandidateID>
                <LastName>Joe Walsh</LastName>
                <FirstName />
                <YesVotes>4</YesVotes>
              </Candidate>
              <Candidate>
                <CandidateID>750117334</CandidateID>
                <LastName>Matthew John Matern</LastName>
                <FirstName />
                <YesVotes>2</YesVotes>
              </Candidate>
              <Candidate>
                <CandidateID>750117353</CandidateID>
                <LastName>Uncommitted</LastName>
                <FirstName />
                <YesVotes>5</YesVotes>
              </Candidate>
            </Party>
            <Party>
              <PartyName>Democratic</PartyName>
              <Candidate>
                <CandidateID>750117276</CandidateID>
                <LastName>Amy Klobuchar</LastName>
                <FirstName />
                <YesVotes>4</YesVotes>
              </Candidate>
              <Candidate>
                <CandidateID>750117280</CandidateID>
                <LastName>Tom Steyer</LastName>
                <FirstName />
                <YesVotes>3</YesVotes>
              </Candidate>
              <Candidate>
                <CandidateID>750117274</CandidateID>
                <LastName>Tulsi Gabbard</LastName>
                <FirstName />
                <YesVotes>11</YesVotes>
              </Candidate>
              <Candidate>
                <CandidateID>750117278</CandidateID>
                <LastName>Leonard J. Steinman II</LastName>
                <FirstName />
                <YesVotes>0</YesVotes>
              </Candidate>
              <Candidate>
                <CandidateID>750117285</CandidateID>
                <LastName>Cory Booker</LastName>
                <FirstName />
                <YesVotes>1</YesVotes>
              </Candidate>
              <Candidate>
                <CandidateID>750117279</CandidateID>
                <LastName>Joseph R. Biden</LastName>
                <FirstName />
                <YesVotes>548</YesVotes>
              </Candidate>
              <Candidate>
                <CandidateID>750117282</CandidateID>
                <LastName>Elizabeth Warren</LastName>
                <FirstName />
                <YesVotes>6</YesVotes>
              </Candidate>
              <Candidate>
                <CandidateID>750117275</CandidateID>
                <LastName>Pete Buttigieg</LastName>
                <FirstName />
                <YesVotes>7</YesVotes>
              </Candidate>
              <Candidate>
                <CandidateID>750117283</CandidateID>
                <LastName>Bernie Sanders</LastName>
                <FirstName />
                <YesVotes>216</YesVotes>
              </Candidate>
              <Candidate>
                <CandidateID>750117277</CandidateID>
                <LastName>Velma Steinman</LastName>
                <FirstName />
                <YesVotes>0</YesVotes>
              </Candidate>
              <Candidate>
                <CandidateID>750117287</CandidateID>
                <LastName>Henry Hewes</LastName>
                <FirstName />
                <YesVotes>0</YesVotes>
              </Candidate>
              <Candidate>
                <CandidateID>750117288</CandidateID>
                <LastName>Andrew Yang</LastName>
                <FirstName />
                <YesVotes>0</YesVotes>
              </Candidate>
              <Candidate>
                <CandidateID>750117299</CandidateID>
                <LastName>Roque De La Fuente</LastName>
                <FirstName />
                <YesVotes>0</YesVotes>
              </Candidate>
              <Candidate>
                <CandidateID>750117301</CandidateID>
                <LastName>John K. Delaney</LastName>
                <FirstName />
                <YesVotes>1</YesVotes>
              </Candidate>
              <Candidate>
                <CandidateID>750117302</CandidateID>
                <LastName>Julián Castro</LastName>
                <FirstName />
                <YesVotes>0</YesVotes>
              </Candidate>
              <Candidate>
                <CandidateID>750117303</CandidateID>
                <LastName>Deval Patrick</LastName>
                <FirstName />
                <YesVotes>0</YesVotes>
              </Candidate>
              <Candidate>
                <CandidateID>750117321</CandidateID>
                <LastName>Marianne Williamson</LastName>
                <FirstName />
                <YesVotes>0</YesVotes>
              </Candidate>
              <Candidate>
                <CandidateID>750117323</CandidateID>
                <LastName>Michael Bennet</LastName>
                <FirstName />
                <YesVotes>0</YesVotes>
              </Candidate>
              <Candidate>
                <CandidateID>750117324</CandidateID>
                <LastName>Michael R. Bloomberg</LastName>
                <FirstName />
                <YesVotes>6</YesVotes>
              </Candidate>
              <Candidate>
                <CandidateID>750117326</CandidateID>
                <LastName>Steve Burke</LastName>
                <FirstName />
                <YesVotes>0</YesVotes>
              </Candidate>
              <Candidate>
                <CandidateID>750117331</CandidateID>
                <LastName>Robby Wells</LastName>
                <FirstName />
                <YesVotes>1</YesVotes>
              </Candidate>
              <Candidate>
                <CandidateID>750117332</CandidateID>
                <LastName>William C. (Bill) Haas</LastName>
                <FirstName />
                <YesVotes>1</YesVotes>
              </Candidate>
              <Candidate>
                <CandidateID>750117354</CandidateID>
                <LastName>Uncommitted</LastName>
                <FirstName />
                <YesVotes>12</YesVotes>
              </Candidate>
            </Party>
            <Party>
              <PartyName>Libertarian</PartyName>
              <Candidate>
                <CandidateID>750117320</CandidateID>
                <LastName>Jacob Hornberger</LastName>
                <FirstName />
                <YesVotes>6</YesVotes>
              </Candidate>
              <Candidate>
                <CandidateID>750117355</CandidateID>
                <LastName>Uncommitted</LastName>
                <FirstName />
                <YesVotes>1</YesVotes>
              </Candidate>
            </Party>
            <Party>
              <PartyName>Green</PartyName>
              <Candidate>
                <CandidateID>750117325</CandidateID>
                <LastName>Howie Hawkins</LastName>
                <FirstName />
                <YesVotes>0</YesVotes>
              </Candidate>
              <Candidate>
                <CandidateID>750117327</CandidateID>
                <LastName>Dario Hunter</LastName>
                <FirstName />
                <YesVotes>0</YesVotes>
              </Candidate>
              <Candidate>
                <CandidateID>750117329</CandidateID>
                <LastName>David Rolde</LastName>
                <FirstName />
                <YesVotes>0</YesVotes>
              </Candidate>
              <Candidate>
                <CandidateID>750117356</CandidateID>
                <LastName>Uncommitted</LastName>
                <FirstName />
                <YesVotes>0</YesVotes>
              </Candidate>
            </Party>
            <Party>
              <PartyName>Constitution</PartyName>
              <Candidate>
                <CandidateID>750117333</CandidateID>
                <LastName>Don J. Grundmann</LastName>
                <FirstName />
                <YesVotes>0</YesVotes>
              </Candidate>
              <Candidate>
                <CandidateID>750117335</CandidateID>
                <LastName>Don Blankenship</LastName>
                <FirstName />
                <YesVotes>0</YesVotes>
              </Candidate>
              <Candidate>
                <CandidateID>750117357</CandidateID>
                <LastName>Uncommitted</LastName>
                <FirstName />
                <YesVotes>0</YesVotes>
              </Candidate>
            </Party>
          </CountyResults>
        </Counties>
        <Counties>
          <CountyName>Livingston</CountyName>
          <CountyResults>
            <ReportingPrecincts>13</ReportingPrecincts>
            <TotalPrecincts>13</TotalPrecincts>
            <Party>
              <PartyName>Republican</PartyName>
              <Candidate>
                <CandidateID>750117286</CandidateID>
                <LastName>Donald J Trump</LastName>
                <FirstName />
                <YesVotes>875</YesVotes>
              </Candidate>
              <Candidate>
                <CandidateID>750117300</CandidateID>
                <LastName>Bob Ely</LastName>
                <FirstName />
                <YesVotes>1</YesVotes>
              </Candidate>
              <Candidate>
                <CandidateID>750117328</CandidateID>
                <LastName>Bill Weld</LastName>
                <FirstName />
                <YesVotes>5</YesVotes>
              </Candidate>
              <Candidate>
                <CandidateID>750117330</CandidateID>
                <LastName>Joe Walsh</LastName>
                <FirstName />
                <YesVotes>7</YesVotes>
              </Candidate>
              <Candidate>
                <CandidateID>750117334</CandidateID>
                <LastName>Matthew John Matern</LastName>
                <FirstName />
                <YesVotes>0</YesVotes>
              </Candidate>
              <Candidate>
                <CandidateID>750117353</CandidateID>
                <LastName>Uncommitted</LastName>
                <FirstName />
                <YesVotes>8</YesVotes>
              </Candidate>
            </Party>
            <Party>
              <PartyName>Democratic</PartyName>
              <Candidate>
                <CandidateID>750117276</CandidateID>
                <LastName>Amy Klobuchar</LastName>
                <FirstName />
                <YesVotes>7</YesVotes>
              </Candidate>
              <Candidate>
                <CandidateID>750117280</CandidateID>
                <LastName>Tom Steyer</LastName>
                <FirstName />
                <YesVotes>0</YesVotes>
              </Candidate>
              <Candidate>
                <CandidateID>750117274</CandidateID>
                <LastName>Tulsi Gabbard</LastName>
                <FirstName />
                <YesVotes>11</YesVotes>
              </Candidate>
              <Candidate>
                <CandidateID>750117278</CandidateID>
                <LastName>Leonard J. Steinman II</LastName>
                <FirstName />
                <YesVotes>0</YesVotes>
              </Candidate>
              <Candidate>
                <CandidateID>750117285</CandidateID>
                <LastName>Cory Booker</LastName>
                <FirstName />
                <YesVotes>2</YesVotes>
              </Candidate>
              <Candidate>
                <CandidateID>750117279</CandidateID>
                <LastName>Joseph R. Biden</LastName>
                <FirstName />
                <YesVotes>583</YesVotes>
              </Candidate>
              <Candidate>
                <CandidateID>750117282</CandidateID>
                <LastName>Elizabeth Warren</LastName>
                <FirstName />
                <YesVotes>7</YesVotes>
              </Candidate>
              <Candidate>
                <CandidateID>750117275</CandidateID>
                <LastName>Pete Buttigieg</LastName>
                <FirstName />
                <YesVotes>6</YesVotes>
              </Candidate>
              <Candidate>
                <CandidateID>750117283</CandidateID>
                <LastName>Bernie Sanders</LastName>
                <FirstName />
                <YesVotes>202</YesVotes>
              </Candidate>
              <Candidate>
                <CandidateID>750117277</CandidateID>
                <LastName>Velma Steinman</LastName>
                <FirstName />
                <YesVotes>0</YesVotes>
              </Candidate>
              <Candidate>
                <CandidateID>750117287</CandidateID>
                <LastName>Henry Hewes</LastName>
                <FirstName />
                <YesVotes>0</YesVotes>
              </Candidate>
              <Candidate>
                <CandidateID>750117288</CandidateID>
                <LastName>Andrew Yang</LastName>
                <FirstName />
                <YesVotes>1</YesVotes>
              </Candidate>
              <Candidate>
                <CandidateID>750117299</CandidateID>
                <LastName>Roque De La Fuente</LastName>
                <FirstName />
                <YesVotes>0</YesVotes>
              </Candidate>
              <Candidate>
                <CandidateID>750117301</CandidateID>
                <LastName>John K. Delaney</LastName>
                <FirstName />
                <YesVotes>0</YesVotes>
              </Candidate>
              <Candidate>
                <CandidateID>750117302</CandidateID>
                <LastName>Julián Castro</LastName>
                <FirstName />
                <YesVotes>0</YesVotes>
              </Candidate>
              <Candidate>
                <CandidateID>750117303</CandidateID>
                <LastName>Deval Patrick</LastName>
                <FirstName />
                <YesVotes>0</YesVotes>
              </Candidate>
              <Candidate>
                <CandidateID>750117321</CandidateID>
                <LastName>Marianne Williamson</LastName>
                <FirstName />
                <YesVotes>2</YesVotes>
              </Candidate>
              <Candidate>
                <CandidateID>750117323</CandidateID>
                <LastName>Michael Bennet</LastName>
                <FirstName />
                <YesVotes>0</YesVotes>
              </Candidate>
              <Candidate>
                <CandidateID>750117324</CandidateID>
                <LastName>Michael R. Bloomberg</LastName>
                <FirstName />
                <YesVotes>17</YesVotes>
              </Candidate>
              <Candidate>
                <CandidateID>750117326</CandidateID>
                <LastName>Steve Burke</LastName>
                <FirstName />
                <YesVotes>2</YesVotes>
              </Candidate>
              <Candidate>
                <CandidateID>750117331</CandidateID>
                <LastName>Robby Wells</LastName>
                <FirstName />
                <YesVotes>0</YesVotes>
              </Candidate>
              <Candidate>
                <CandidateID>750117332</CandidateID>
                <LastName>William C. (Bill) Haas</LastName>
                <FirstName />
                <YesVotes>0</YesVotes>
              </Candidate>
              <Candidate>
                <CandidateID>750117354</CandidateID>
                <LastName>Uncommitted</LastName>
                <FirstName />
                <YesVotes>7</YesVotes>
              </Candidate>
            </Party>
            <Party>
              <PartyName>Libertarian</PartyName>
              <Candidate>
                <CandidateID>750117320</CandidateID>
                <LastName>Jacob Hornberger</LastName>
                <FirstName />
                <YesVotes>0</YesVotes>
              </Candidate>
              <Candidate>
                <CandidateID>750117355</CandidateID>
                <LastName>Uncommitted</LastName>
                <FirstName />
                <YesVotes>0</YesVotes>
              </Candidate>
            </Party>
            <Party>
              <PartyName>Green</PartyName>
              <Candidate>
                <CandidateID>750117325</CandidateID>
                <LastName>Howie Hawkins</LastName>
                <FirstName />
                <YesVotes>1</YesVotes>
              </Candidate>
              <Candidate>
                <CandidateID>750117327</CandidateID>
                <LastName>Dario Hunter</LastName>
                <FirstName />
                <YesVotes>0</YesVotes>
              </Candidate>
              <Candidate>
                <CandidateID>750117329</CandidateID>
                <LastName>David Rolde</LastName>
                <FirstName />
                <YesVotes>0</YesVotes>
              </Candidate>
              <Candidate>
                <CandidateID>750117356</CandidateID>
                <LastName>Uncommitted</LastName>
                <FirstName />
                <YesVotes>0</YesVotes>
              </Candidate>
            </Party>
            <Party>
              <PartyName>Constitution</PartyName>
              <Candidate>
                <CandidateID>750117333</CandidateID>
                <LastName>Don J. Grundmann</LastName>
                <FirstName />
                <YesVotes>1</YesVotes>
              </Candidate>
              <Candidate>
                <CandidateID>750117335</CandidateID>
                <LastName>Don Blankenship</LastName>
                <FirstName />
                <YesVotes>2</YesVotes>
              </Candidate>
              <Candidate>
                <CandidateID>750117357</CandidateID>
                <LastName>Uncommitted</LastName>
                <FirstName />
                <YesVotes>0</YesVotes>
              </Candidate>
            </Party>
          </CountyResults>
        </Counties>
        <Counties>
          <CountyName>Macon</CountyName>
          <CountyResults>
            <ReportingPrecincts>12</ReportingPrecincts>
            <TotalPrecincts>12</TotalPrecincts>
            <Party>
              <PartyName>Republican</PartyName>
              <Candidate>
                <CandidateID>750117286</CandidateID>
                <LastName>Donald J Trump</LastName>
                <FirstName />
                <YesVotes>1321</YesVotes>
              </Candidate>
              <Candidate>
                <CandidateID>750117300</CandidateID>
                <LastName>Bob Ely</LastName>
                <FirstName />
                <YesVotes>3</YesVotes>
              </Candidate>
              <Candidate>
                <CandidateID>750117328</CandidateID>
                <LastName>Bill Weld</LastName>
                <FirstName />
                <YesVotes>2</YesVotes>
              </Candidate>
              <Candidate>
                <CandidateID>750117330</CandidateID>
                <LastName>Joe Walsh</LastName>
                <FirstName />
                <YesVotes>3</YesVotes>
              </Candidate>
              <Candidate>
                <CandidateID>750117334</CandidateID>
                <LastName>Matthew John Matern</LastName>
                <FirstName />
                <YesVotes>0</YesVotes>
              </Candidate>
              <Candidate>
                <CandidateID>750117353</CandidateID>
                <LastName>Uncommitted</LastName>
                <FirstName />
                <YesVotes>5</YesVotes>
              </Candidate>
            </Party>
            <Party>
              <PartyName>Democratic</PartyName>
              <Candidate>
                <CandidateID>750117276</CandidateID>
                <LastName>Amy Klobuchar</LastName>
                <FirstName />
                <YesVotes>11</YesVotes>
              </Candidate>
              <Candidate>
                <CandidateID>750117280</CandidateID>
                <LastName>Tom Steyer</LastName>
                <FirstName />
                <YesVotes>1</YesVotes>
              </Candidate>
              <Candidate>
                <CandidateID>750117274</CandidateID>
                <LastName>Tulsi Gabbard</LastName>
                <FirstName />
                <YesVotes>14</YesVotes>
              </Candidate>
              <Candidate>
                <CandidateID>750117278</CandidateID>
                <LastName>Leonard J. Steinman II</LastName>
                <FirstName />
                <YesVotes>0</YesVotes>
              </Candidate>
              <Candidate>
                <CandidateID>750117285</CandidateID>
                <LastName>Cory Booker</LastName>
                <FirstName />
                <YesVotes>2</YesVotes>
              </Candidate>
              <Candidate>
                <CandidateID>750117279</CandidateID>
                <LastName>Joseph R. Biden</LastName>
                <FirstName />
                <YesVotes>663</YesVotes>
              </Candidate>
              <Candidate>
                <CandidateID>750117282</CandidateID>
                <LastName>Elizabeth Warren</LastName>
                <FirstName />
                <YesVotes>5</YesVotes>
              </Candidate>
              <Candidate>
                <CandidateID>750117275</CandidateID>
                <LastName>Pete Buttigieg</LastName>
                <FirstName />
                <YesVotes>6</YesVotes>
              </Candidate>
              <Candidate>
                <CandidateID>750117283</CandidateID>
                <LastName>Bernie Sanders</LastName>
                <FirstName />
                <YesVotes>294</YesVotes>
              </Candidate>
              <Candidate>
                <CandidateID>750117277</CandidateID>
                <LastName>Velma Steinman</LastName>
                <FirstName />
                <YesVotes>0</YesVotes>
              </Candidate>
              <Candidate>
                <CandidateID>750117287</CandidateID>
                <LastName>Henry Hewes</LastName>
                <FirstName />
                <YesVotes>0</YesVotes>
              </Candidate>
              <Candidate>
                <CandidateID>750117288</CandidateID>
                <LastName>Andrew Yang</LastName>
                <FirstName />
                <YesVotes>0</YesVotes>
              </Candidate>
              <Candidate>
                <CandidateID>750117299</CandidateID>
                <LastName>Roque De La Fuente</LastName>
                <FirstName />
                <YesVotes>0</YesVotes>
              </Candidate>
              <Candidate>
                <CandidateID>750117301</CandidateID>
                <LastName>John K. Delaney</LastName>
                <FirstName />
                <YesVotes>0</YesVotes>
              </Candidate>
              <Candidate>
                <CandidateID>750117302</CandidateID>
                <LastName>Julián Castro</LastName>
                <FirstName />
                <YesVotes>0</YesVotes>
              </Candidate>
              <Candidate>
                <CandidateID>750117303</CandidateID>
                <LastName>Deval Patrick</LastName>
                <FirstName />
                <YesVotes>0</YesVotes>
              </Candidate>
              <Candidate>
                <CandidateID>750117321</CandidateID>
                <LastName>Marianne Williamson</LastName>
                <FirstName />
                <YesVotes>1</YesVotes>
              </Candidate>
              <Candidate>
                <CandidateID>750117323</CandidateID>
                <LastName>Michael Bennet</LastName>
                <FirstName />
                <YesVotes>3</YesVotes>
              </Candidate>
              <Candidate>
                <CandidateID>750117324</CandidateID>
                <LastName>Michael R. Bloomberg</LastName>
                <FirstName />
                <YesVotes>9</YesVotes>
              </Candidate>
              <Candidate>
                <CandidateID>750117326</CandidateID>
                <LastName>Steve Burke</LastName>
                <FirstName />
                <YesVotes>0</YesVotes>
              </Candidate>
              <Candidate>
                <CandidateID>750117331</CandidateID>
                <LastName>Robby Wells</LastName>
                <FirstName />
                <YesVotes>0</YesVotes>
              </Candidate>
              <Candidate>
                <CandidateID>750117332</CandidateID>
                <LastName>William C. (Bill) Haas</LastName>
                <FirstName />
                <YesVotes>0</YesVotes>
              </Candidate>
              <Candidate>
                <CandidateID>750117354</CandidateID>
                <LastName>Uncommitted</LastName>
                <FirstName />
                <YesVotes>12</YesVotes>
              </Candidate>
            </Party>
            <Party>
              <PartyName>Libertarian</PartyName>
              <Candidate>
                <CandidateID>750117320</CandidateID>
                <LastName>Jacob Hornberger</LastName>
                <FirstName />
                <YesVotes>4</YesVotes>
              </Candidate>
              <Candidate>
                <CandidateID>750117355</CandidateID>
                <LastName>Uncommitted</LastName>
                <FirstName />
                <YesVotes>0</YesVotes>
              </Candidate>
            </Party>
            <Party>
              <PartyName>Green</PartyName>
              <Candidate>
                <CandidateID>750117325</CandidateID>
                <LastName>Howie Hawkins</LastName>
                <FirstName />
                <YesVotes>0</YesVotes>
              </Candidate>
              <Candidate>
                <CandidateID>750117327</CandidateID>
                <LastName>Dario Hunter</LastName>
                <FirstName />
                <YesVotes>0</YesVotes>
              </Candidate>
              <Candidate>
                <CandidateID>750117329</CandidateID>
                <LastName>David Rolde</LastName>
                <FirstName />
                <YesVotes>1</YesVotes>
              </Candidate>
              <Candidate>
                <CandidateID>750117356</CandidateID>
                <LastName>Uncommitted</LastName>
                <FirstName />
                <YesVotes>0</YesVotes>
              </Candidate>
            </Party>
            <Party>
              <PartyName>Constitution</PartyName>
              <Candidate>
                <CandidateID>750117333</CandidateID>
                <LastName>Don J. Grundmann</LastName>
                <FirstName />
                <YesVotes>0</YesVotes>
              </Candidate>
              <Candidate>
                <CandidateID>750117335</CandidateID>
                <LastName>Don Blankenship</LastName>
                <FirstName />
                <YesVotes>1</YesVotes>
              </Candidate>
              <Candidate>
                <CandidateID>750117357</CandidateID>
                <LastName>Uncommitted</LastName>
                <FirstName />
                <YesVotes>1</YesVotes>
              </Candidate>
            </Party>
          </CountyResults>
        </Counties>
        <Counties>
          <CountyName>Madison</CountyName>
          <CountyResults>
            <ReportingPrecincts>8</ReportingPrecincts>
            <TotalPrecincts>8</TotalPrecincts>
            <Party>
              <PartyName>Republican</PartyName>
              <Candidate>
                <CandidateID>750117286</CandidateID>
                <LastName>Donald J Trump</LastName>
                <FirstName />
                <YesVotes>870</YesVotes>
              </Candidate>
              <Candidate>
                <CandidateID>750117300</CandidateID>
                <LastName>Bob Ely</LastName>
                <FirstName />
                <YesVotes>2</YesVotes>
              </Candidate>
              <Candidate>
                <CandidateID>750117328</CandidateID>
                <LastName>Bill Weld</LastName>
                <FirstName />
                <YesVotes>6</YesVotes>
              </Candidate>
              <Candidate>
                <CandidateID>750117330</CandidateID>
                <LastName>Joe Walsh</LastName>
                <FirstName />
                <YesVotes>2</YesVotes>
              </Candidate>
              <Candidate>
                <CandidateID>750117334</CandidateID>
                <LastName>Matthew John Matern</LastName>
                <FirstName />
                <YesVotes>2</YesVotes>
              </Candidate>
              <Candidate>
                <CandidateID>750117353</CandidateID>
                <LastName>Uncommitted</LastName>
                <FirstName />
                <YesVotes>2</YesVotes>
              </Candidate>
            </Party>
            <Party>
              <PartyName>Democratic</PartyName>
              <Candidate>
                <CandidateID>750117276</CandidateID>
                <LastName>Amy Klobuchar</LastName>
                <FirstName />
                <YesVotes>5</YesVotes>
              </Candidate>
              <Candidate>
                <CandidateID>750117280</CandidateID>
                <LastName>Tom Steyer</LastName>
                <FirstName />
                <YesVotes>1</YesVotes>
              </Candidate>
              <Candidate>
                <CandidateID>750117274</CandidateID>
                <LastName>Tulsi Gabbard</LastName>
                <FirstName />
                <YesVotes>6</YesVotes>
              </Candidate>
              <Candidate>
                <CandidateID>750117278</CandidateID>
                <LastName>Leonard J. Steinman II</LastName>
                <FirstName />
                <YesVotes>0</YesVotes>
              </Candidate>
              <Candidate>
                <CandidateID>750117285</CandidateID>
                <LastName>Cory Booker</LastName>
                <FirstName />
                <YesVotes>0</YesVotes>
              </Candidate>
              <Candidate>
                <CandidateID>750117279</CandidateID>
                <LastName>Joseph R. Biden</LastName>
                <FirstName />
                <YesVotes>383</YesVotes>
              </Candidate>
              <Candidate>
                <CandidateID>750117282</CandidateID>
                <LastName>Elizabeth Warren</LastName>
                <FirstName />
                <YesVotes>5</YesVotes>
              </Candidate>
              <Candidate>
                <CandidateID>750117275</CandidateID>
                <LastName>Pete Buttigieg</LastName>
                <FirstName />
                <YesVotes>2</YesVotes>
              </Candidate>
              <Candidate>
                <CandidateID>750117283</CandidateID>
                <LastName>Bernie Sanders</LastName>
                <FirstName />
                <YesVotes>198</YesVotes>
              </Candidate>
              <Candidate>
                <CandidateID>750117277</CandidateID>
                <LastName>Velma Steinman</LastName>
                <FirstName />
                <YesVotes>0</YesVotes>
              </Candidate>
              <Candidate>
                <CandidateID>750117287</CandidateID>
                <LastName>Henry Hewes</LastName>
                <FirstName />
                <YesVotes>0</YesVotes>
              </Candidate>
              <Candidate>
                <CandidateID>750117288</CandidateID>
                <LastName>Andrew Yang</LastName>
                <FirstName />
                <YesVotes>3</YesVotes>
              </Candidate>
              <Candidate>
                <CandidateID>750117299</CandidateID>
                <LastName>Roque De La Fuente</LastName>
                <FirstName />
                <YesVotes>0</YesVotes>
              </Candidate>
              <Candidate>
                <CandidateID>750117301</CandidateID>
                <LastName>John K. Delaney</LastName>
                <FirstName />
                <YesVotes>0</YesVotes>
              </Candidate>
              <Candidate>
                <CandidateID>750117302</CandidateID>
                <LastName>Julián Castro</LastName>
                <FirstName />
                <YesVotes>0</YesVotes>
              </Candidate>
              <Candidate>
                <CandidateID>750117303</CandidateID>
                <LastName>Deval Patrick</LastName>
                <FirstName />
                <YesVotes>0</YesVotes>
              </Candidate>
              <Candidate>
                <CandidateID>750117321</CandidateID>
                <LastName>Marianne Williamson</LastName>
                <FirstName />
                <YesVotes>0</YesVotes>
              </Candidate>
              <Candidate>
                <CandidateID>750117323</CandidateID>
                <LastName>Michael Bennet</LastName>
                <FirstName />
                <YesVotes>1</YesVotes>
              </Candidate>
              <Candidate>
                <CandidateID>750117324</CandidateID>
                <LastName>Michael R. Bloomberg</LastName>
                <FirstName />
                <YesVotes>9</YesVotes>
              </Candidate>
              <Candidate>
                <CandidateID>750117326</CandidateID>
                <LastName>Steve Burke</LastName>
                <FirstName />
                <YesVotes>0</YesVotes>
              </Candidate>
              <Candidate>
                <CandidateID>750117331</CandidateID>
                <LastName>Robby Wells</LastName>
                <FirstName />
                <YesVotes>0</YesVotes>
              </Candidate>
              <Candidate>
                <CandidateID>750117332</CandidateID>
                <LastName>William C. (Bill) Haas</LastName>
                <FirstName />
                <YesVotes>0</YesVotes>
              </Candidate>
              <Candidate>
                <CandidateID>750117354</CandidateID>
                <LastName>Uncommitted</LastName>
                <FirstName />
                <YesVotes>4</YesVotes>
              </Candidate>
            </Party>
            <Party>
              <PartyName>Libertarian</PartyName>
              <Candidate>
                <CandidateID>750117320</CandidateID>
                <LastName>Jacob Hornberger</LastName>
                <FirstName />
                <YesVotes>0</YesVotes>
              </Candidate>
              <Candidate>
                <CandidateID>750117355</CandidateID>
                <LastName>Uncommitted</LastName>
                <FirstName />
                <YesVotes>0</YesVotes>
              </Candidate>
            </Party>
            <Party>
              <PartyName>Green</PartyName>
              <Candidate>
                <CandidateID>750117325</CandidateID>
                <LastName>Howie Hawkins</LastName>
                <FirstName />
                <YesVotes>1</YesVotes>
              </Candidate>
              <Candidate>
                <CandidateID>750117327</CandidateID>
                <LastName>Dario Hunter</LastName>
                <FirstName />
                <YesVotes>0</YesVotes>
              </Candidate>
              <Candidate>
                <CandidateID>750117329</CandidateID>
                <LastName>David Rolde</LastName>
                <FirstName />
                <YesVotes>0</YesVotes>
              </Candidate>
              <Candidate>
                <CandidateID>750117356</CandidateID>
                <LastName>Uncommitted</LastName>
                <FirstName />
                <YesVotes>0</YesVotes>
              </Candidate>
            </Party>
            <Party>
              <PartyName>Constitution</PartyName>
              <Candidate>
                <CandidateID>750117333</CandidateID>
                <LastName>Don J. Grundmann</LastName>
                <FirstName />
                <YesVotes>0</YesVotes>
              </Candidate>
              <Candidate>
                <CandidateID>750117335</CandidateID>
                <LastName>Don Blankenship</LastName>
                <FirstName />
                <YesVotes>0</YesVotes>
              </Candidate>
              <Candidate>
                <CandidateID>750117357</CandidateID>
                <LastName>Uncommitted</LastName>
                <FirstName />
                <YesVotes>0</YesVotes>
              </Candidate>
            </Party>
          </CountyResults>
        </Counties>
        <Counties>
          <CountyName>Maries</CountyName>
          <CountyResults>
            <ReportingPrecincts>11</ReportingPrecincts>
            <TotalPrecincts>11</TotalPrecincts>
            <Party>
              <PartyName>Republican</PartyName>
              <Candidate>
                <CandidateID>750117286</CandidateID>
                <LastName>Donald J Trump</LastName>
                <FirstName />
                <YesVotes>747</YesVotes>
              </Candidate>
              <Candidate>
                <CandidateID>750117300</CandidateID>
                <LastName>Bob Ely</LastName>
                <FirstName />
                <YesVotes>0</YesVotes>
              </Candidate>
              <Candidate>
                <CandidateID>750117328</CandidateID>
                <LastName>Bill Weld</LastName>
                <FirstName />
                <YesVotes>2</YesVotes>
              </Candidate>
              <Candidate>
                <CandidateID>750117330</CandidateID>
                <LastName>Joe Walsh</LastName>
                <FirstName />
                <YesVotes>4</YesVotes>
              </Candidate>
              <Candidate>
                <CandidateID>750117334</CandidateID>
                <LastName>Matthew John Matern</LastName>
                <FirstName />
                <YesVotes>0</YesVotes>
              </Candidate>
              <Candidate>
                <CandidateID>750117353</CandidateID>
                <LastName>Uncommitted</LastName>
                <FirstName />
                <YesVotes>6</YesVotes>
              </Candidate>
            </Party>
            <Party>
              <PartyName>Democratic</PartyName>
              <Candidate>
                <CandidateID>750117276</CandidateID>
                <LastName>Amy Klobuchar</LastName>
                <FirstName />
                <YesVotes>3</YesVotes>
              </Candidate>
              <Candidate>
                <CandidateID>750117280</CandidateID>
                <LastName>Tom Steyer</LastName>
                <FirstName />
                <YesVotes>4</YesVotes>
              </Candidate>
              <Candidate>
                <CandidateID>750117274</CandidateID>
                <LastName>Tulsi Gabbard</LastName>
                <FirstName />
                <YesVotes>5</YesVotes>
              </Candidate>
              <Candidate>
                <CandidateID>750117278</CandidateID>
                <LastName>Leonard J. Steinman II</LastName>
                <FirstName />
                <YesVotes>1</YesVotes>
              </Candidate>
              <Candidate>
                <CandidateID>750117285</CandidateID>
                <LastName>Cory Booker</LastName>
                <FirstName />
                <YesVotes>0</YesVotes>
              </Candidate>
              <Candidate>
                <CandidateID>750117279</CandidateID>
                <LastName>Joseph R. Biden</LastName>
                <FirstName />
                <YesVotes>343</YesVotes>
              </Candidate>
              <Candidate>
                <CandidateID>750117282</CandidateID>
                <LastName>Elizabeth Warren</LastName>
                <FirstName />
                <YesVotes>7</YesVotes>
              </Candidate>
              <Candidate>
                <CandidateID>750117275</CandidateID>
                <LastName>Pete Buttigieg</LastName>
                <FirstName />
                <YesVotes>3</YesVotes>
              </Candidate>
              <Candidate>
                <CandidateID>750117283</CandidateID>
                <LastName>Bernie Sanders</LastName>
                <FirstName />
                <YesVotes>176</YesVotes>
              </Candidate>
              <Candidate>
                <CandidateID>750117277</CandidateID>
                <LastName>Velma Steinman</LastName>
                <FirstName />
                <YesVotes>0</YesVotes>
              </Candidate>
              <Candidate>
                <CandidateID>750117287</CandidateID>
                <LastName>Henry Hewes</LastName>
                <FirstName />
                <YesVotes>0</YesVotes>
              </Candidate>
              <Candidate>
                <CandidateID>750117288</CandidateID>
                <LastName>Andrew Yang</LastName>
                <FirstName />
                <YesVotes>1</YesVotes>
              </Candidate>
              <Candidate>
                <CandidateID>750117299</CandidateID>
                <LastName>Roque De La Fuente</LastName>
                <FirstName />
                <YesVotes>0</YesVotes>
              </Candidate>
              <Candidate>
                <CandidateID>750117301</CandidateID>
                <LastName>John K. Delaney</LastName>
                <FirstName />
                <YesVotes>0</YesVotes>
              </Candidate>
              <Candidate>
                <CandidateID>750117302</CandidateID>
                <LastName>Julián Castro</LastName>
                <FirstName />
                <YesVotes>0</YesVotes>
              </Candidate>
              <Candidate>
                <CandidateID>750117303</CandidateID>
                <LastName>Deval Patrick</LastName>
                <FirstName />
                <YesVotes>1</YesVotes>
              </Candidate>
              <Candidate>
                <CandidateID>750117321</CandidateID>
                <LastName>Marianne Williamson</LastName>
                <FirstName />
                <YesVotes>0</YesVotes>
              </Candidate>
              <Candidate>
                <CandidateID>750117323</CandidateID>
                <LastName>Michael Bennet</LastName>
                <FirstName />
                <YesVotes>0</YesVotes>
              </Candidate>
              <Candidate>
                <CandidateID>750117324</CandidateID>
                <LastName>Michael R. Bloomberg</LastName>
                <FirstName />
                <YesVotes>4</YesVotes>
              </Candidate>
              <Candidate>
                <CandidateID>750117326</CandidateID>
                <LastName>Steve Burke</LastName>
                <FirstName />
                <YesVotes>0</YesVotes>
              </Candidate>
              <Candidate>
                <CandidateID>750117331</CandidateID>
                <LastName>Robby Wells</LastName>
                <FirstName />
                <YesVotes>0</YesVotes>
              </Candidate>
              <Candidate>
                <CandidateID>750117332</CandidateID>
                <LastName>William C. (Bill) Haas</LastName>
                <FirstName />
                <YesVotes>0</YesVotes>
              </Candidate>
              <Candidate>
                <CandidateID>750117354</CandidateID>
                <LastName>Uncommitted</LastName>
                <FirstName />
                <YesVotes>8</YesVotes>
              </Candidate>
            </Party>
            <Party>
              <PartyName>Libertarian</PartyName>
              <Candidate>
                <CandidateID>750117320</CandidateID>
                <LastName>Jacob Hornberger</LastName>
                <FirstName />
                <YesVotes>1</YesVotes>
              </Candidate>
              <Candidate>
                <CandidateID>750117355</CandidateID>
                <LastName>Uncommitted</LastName>
                <FirstName />
                <YesVotes>0</YesVotes>
              </Candidate>
            </Party>
            <Party>
              <PartyName>Green</PartyName>
              <Candidate>
                <CandidateID>750117325</CandidateID>
                <LastName>Howie Hawkins</LastName>
                <FirstName />
                <YesVotes>0</YesVotes>
              </Candidate>
              <Candidate>
                <CandidateID>750117327</CandidateID>
                <LastName>Dario Hunter</LastName>
                <FirstName />
                <YesVotes>0</YesVotes>
              </Candidate>
              <Candidate>
                <CandidateID>750117329</CandidateID>
                <LastName>David Rolde</LastName>
                <FirstName />
                <YesVotes>0</YesVotes>
              </Candidate>
              <Candidate>
                <CandidateID>750117356</CandidateID>
                <LastName>Uncommitted</LastName>
                <FirstName />
                <YesVotes>0</YesVotes>
              </Candidate>
            </Party>
            <Party>
              <PartyName>Constitution</PartyName>
              <Candidate>
                <CandidateID>750117333</CandidateID>
                <LastName>Don J. Grundmann</LastName>
                <FirstName />
                <YesVotes>0</YesVotes>
              </Candidate>
              <Candidate>
                <CandidateID>750117335</CandidateID>
                <LastName>Don Blankenship</LastName>
                <FirstName />
                <YesVotes>0</YesVotes>
              </Candidate>
              <Candidate>
                <CandidateID>750117357</CandidateID>
                <LastName>Uncommitted</LastName>
                <FirstName />
                <YesVotes>0</YesVotes>
              </Candidate>
            </Party>
          </CountyResults>
        </Counties>
        <Counties>
          <CountyName>Marion</CountyName>
          <CountyResults>
            <ReportingPrecincts>18</ReportingPrecincts>
            <TotalPrecincts>18</TotalPrecincts>
            <Party>
              <PartyName>Republican</PartyName>
              <Candidate>
                <CandidateID>750117286</CandidateID>
                <LastName>Donald J Trump</LastName>
                <FirstName />
                <YesVotes>1647</YesVotes>
              </Candidate>
              <Candidate>
                <CandidateID>750117300</CandidateID>
                <LastName>Bob Ely</LastName>
                <FirstName />
                <YesVotes>5</YesVotes>
              </Candidate>
              <Candidate>
                <CandidateID>750117328</CandidateID>
                <LastName>Bill Weld</LastName>
                <FirstName />
                <YesVotes>4</YesVotes>
              </Candidate>
              <Candidate>
                <CandidateID>750117330</CandidateID>
                <LastName>Joe Walsh</LastName>
                <FirstName />
                <YesVotes>12</YesVotes>
              </Candidate>
              <Candidate>
                <CandidateID>750117334</CandidateID>
                <LastName>Matthew John Matern</LastName>
                <FirstName />
                <YesVotes>3</YesVotes>
              </Candidate>
              <Candidate>
                <CandidateID>750117353</CandidateID>
                <LastName>Uncommitted</LastName>
                <FirstName />
                <YesVotes>13</YesVotes>
              </Candidate>
            </Party>
            <Party>
              <PartyName>Democratic</PartyName>
              <Candidate>
                <CandidateID>750117276</CandidateID>
                <LastName>Amy Klobuchar</LastName>
                <FirstName />
                <YesVotes>21</YesVotes>
              </Candidate>
              <Candidate>
                <CandidateID>750117280</CandidateID>
                <LastName>Tom Steyer</LastName>
                <FirstName />
                <YesVotes>10</YesVotes>
              </Candidate>
              <Candidate>
                <CandidateID>750117274</CandidateID>
                <LastName>Tulsi Gabbard</LastName>
                <FirstName />
                <YesVotes>21</YesVotes>
              </Candidate>
              <Candidate>
                <CandidateID>750117278</CandidateID>
                <LastName>Leonard J. Steinman II</LastName>
                <FirstName />
                <YesVotes>0</YesVotes>
              </Candidate>
              <Candidate>
                <CandidateID>750117285</CandidateID>
                <LastName>Cory Booker</LastName>
                <FirstName />
                <YesVotes>2</YesVotes>
              </Candidate>
              <Candidate>
                <CandidateID>750117279</CandidateID>
                <LastName>Joseph R. Biden</LastName>
                <FirstName />
                <YesVotes>1153</YesVotes>
              </Candidate>
              <Candidate>
                <CandidateID>750117282</CandidateID>
                <LastName>Elizabeth Warren</LastName>
                <FirstName />
                <YesVotes>22</YesVotes>
              </Candidate>
              <Candidate>
                <CandidateID>750117275</CandidateID>
                <LastName>Pete Buttigieg</LastName>
                <FirstName />
                <YesVotes>7</YesVotes>
              </Candidate>
              <Candidate>
                <CandidateID>750117283</CandidateID>
                <LastName>Bernie Sanders</LastName>
                <FirstName />
                <YesVotes>451</YesVotes>
              </Candidate>
              <Candidate>
                <CandidateID>750117277</CandidateID>
                <LastName>Velma Steinman</LastName>
                <FirstName />
                <YesVotes>0</YesVotes>
              </Candidate>
              <Candidate>
                <CandidateID>750117287</CandidateID>
                <LastName>Henry Hewes</LastName>
                <FirstName />
                <YesVotes>1</YesVotes>
              </Candidate>
              <Candidate>
                <CandidateID>750117288</CandidateID>
                <LastName>Andrew Yang</LastName>
                <FirstName />
                <YesVotes>0</YesVotes>
              </Candidate>
              <Candidate>
                <CandidateID>750117299</CandidateID>
                <LastName>Roque De La Fuente</LastName>
                <FirstName />
                <YesVotes>1</YesVotes>
              </Candidate>
              <Candidate>
                <CandidateID>750117301</CandidateID>
                <LastName>John K. Delaney</LastName>
                <FirstName />
                <YesVotes>0</YesVotes>
              </Candidate>
              <Candidate>
                <CandidateID>750117302</CandidateID>
                <LastName>Julián Castro</LastName>
                <FirstName />
                <YesVotes>0</YesVotes>
              </Candidate>
              <Candidate>
                <CandidateID>750117303</CandidateID>
                <LastName>Deval Patrick</LastName>
                <FirstName />
                <YesVotes>0</YesVotes>
              </Candidate>
              <Candidate>
                <CandidateID>750117321</CandidateID>
                <LastName>Marianne Williamson</LastName>
                <FirstName />
                <YesVotes>0</YesVotes>
              </Candidate>
              <Candidate>
                <CandidateID>750117323</CandidateID>
                <LastName>Michael Bennet</LastName>
                <FirstName />
                <YesVotes>3</YesVotes>
              </Candidate>
              <Candidate>
                <CandidateID>750117324</CandidateID>
                <LastName>Michael R. Bloomberg</LastName>
                <FirstName />
                <YesVotes>16</YesVotes>
              </Candidate>
              <Candidate>
                <CandidateID>750117326</CandidateID>
                <LastName>Steve Burke</LastName>
                <FirstName />
                <YesVotes>1</YesVotes>
              </Candidate>
              <Candidate>
                <CandidateID>750117331</CandidateID>
                <LastName>Robby Wells</LastName>
                <FirstName />
                <YesVotes>2</YesVotes>
              </Candidate>
              <Candidate>
                <CandidateID>750117332</CandidateID>
                <LastName>William C. (Bill) Haas</LastName>
                <FirstName />
                <YesVotes>0</YesVotes>
              </Candidate>
              <Candidate>
                <CandidateID>750117354</CandidateID>
                <LastName>Uncommitted</LastName>
                <FirstName />
                <YesVotes>12</YesVotes>
              </Candidate>
            </Party>
            <Party>
              <PartyName>Libertarian</PartyName>
              <Candidate>
                <CandidateID>750117320</CandidateID>
                <LastName>Jacob Hornberger</LastName>
                <FirstName />
                <YesVotes>6</YesVotes>
              </Candidate>
              <Candidate>
                <CandidateID>750117355</CandidateID>
                <LastName>Uncommitted</LastName>
                <FirstName />
                <YesVotes>1</YesVotes>
              </Candidate>
            </Party>
            <Party>
              <PartyName>Green</PartyName>
              <Candidate>
                <CandidateID>750117325</CandidateID>
                <LastName>Howie Hawkins</LastName>
                <FirstName />
                <YesVotes>0</YesVotes>
              </Candidate>
              <Candidate>
                <CandidateID>750117327</CandidateID>
                <LastName>Dario Hunter</LastName>
                <FirstName />
                <YesVotes>0</YesVotes>
              </Candidate>
              <Candidate>
                <CandidateID>750117329</CandidateID>
                <LastName>David Rolde</LastName>
                <FirstName />
                <YesVotes>0</YesVotes>
              </Candidate>
              <Candidate>
                <CandidateID>750117356</CandidateID>
                <LastName>Uncommitted</LastName>
                <FirstName />
                <YesVotes>1</YesVotes>
              </Candidate>
            </Party>
            <Party>
              <PartyName>Constitution</PartyName>
              <Candidate>
                <CandidateID>750117333</CandidateID>
                <LastName>Don J. Grundmann</LastName>
                <FirstName />
                <YesVotes>1</YesVotes>
              </Candidate>
              <Candidate>
                <CandidateID>750117335</CandidateID>
                <LastName>Don Blankenship</LastName>
                <FirstName />
                <YesVotes>0</YesVotes>
              </Candidate>
              <Candidate>
                <CandidateID>750117357</CandidateID>
                <LastName>Uncommitted</LastName>
                <FirstName />
                <YesVotes>1</YesVotes>
              </Candidate>
            </Party>
          </CountyResults>
        </Counties>
        <Counties>
          <CountyName>McDonald</CountyName>
          <CountyResults>
            <ReportingPrecincts>19</ReportingPrecincts>
            <TotalPrecincts>19</TotalPrecincts>
            <Party>
              <PartyName>Republican</PartyName>
              <Candidate>
                <CandidateID>750117286</CandidateID>
                <LastName>Donald J Trump</LastName>
                <FirstName />
                <YesVotes>1710</YesVotes>
              </Candidate>
              <Candidate>
                <CandidateID>750117300</CandidateID>
                <LastName>Bob Ely</LastName>
                <FirstName />
                <YesVotes>2</YesVotes>
              </Candidate>
              <Candidate>
                <CandidateID>750117328</CandidateID>
                <LastName>Bill Weld</LastName>
                <FirstName />
                <YesVotes>5</YesVotes>
              </Candidate>
              <Candidate>
                <CandidateID>750117330</CandidateID>
                <LastName>Joe Walsh</LastName>
                <FirstName />
                <YesVotes>3</YesVotes>
              </Candidate>
              <Candidate>
                <CandidateID>750117334</CandidateID>
                <LastName>Matthew John Matern</LastName>
                <FirstName />
                <YesVotes>1</YesVotes>
              </Candidate>
              <Candidate>
                <CandidateID>750117353</CandidateID>
                <LastName>Uncommitted</LastName>
                <FirstName />
                <YesVotes>5</YesVotes>
              </Candidate>
            </Party>
            <Party>
              <PartyName>Democratic</PartyName>
              <Candidate>
                <CandidateID>750117276</CandidateID>
                <LastName>Amy Klobuchar</LastName>
                <FirstName />
                <YesVotes>2</YesVotes>
              </Candidate>
              <Candidate>
                <CandidateID>750117280</CandidateID>
                <LastName>Tom Steyer</LastName>
                <FirstName />
                <YesVotes>0</YesVotes>
              </Candidate>
              <Candidate>
                <CandidateID>750117274</CandidateID>
                <LastName>Tulsi Gabbard</LastName>
                <FirstName />
                <YesVotes>11</YesVotes>
              </Candidate>
              <Candidate>
                <CandidateID>750117278</CandidateID>
                <LastName>Leonard J. Steinman II</LastName>
                <FirstName />
                <YesVotes>0</YesVotes>
              </Candidate>
              <Candidate>
                <CandidateID>750117285</CandidateID>
                <LastName>Cory Booker</LastName>
                <FirstName />
                <YesVotes>0</YesVotes>
              </Candidate>
              <Candidate>
                <CandidateID>750117279</CandidateID>
                <LastName>Joseph R. Biden</LastName>
                <FirstName />
                <YesVotes>416</YesVotes>
              </Candidate>
              <Candidate>
                <CandidateID>750117282</CandidateID>
                <LastName>Elizabeth Warren</LastName>
                <FirstName />
                <YesVotes>9</YesVotes>
              </Candidate>
              <Candidate>
                <CandidateID>750117275</CandidateID>
                <LastName>Pete Buttigieg</LastName>
                <FirstName />
                <YesVotes>2</YesVotes>
              </Candidate>
              <Candidate>
                <CandidateID>750117283</CandidateID>
                <LastName>Bernie Sanders</LastName>
                <FirstName />
                <YesVotes>258</YesVotes>
              </Candidate>
              <Candidate>
                <CandidateID>750117277</CandidateID>
                <LastName>Velma Steinman</LastName>
                <FirstName />
                <YesVotes>1</YesVotes>
              </Candidate>
              <Candidate>
                <CandidateID>750117287</CandidateID>
                <LastName>Henry Hewes</LastName>
                <FirstName />
                <YesVotes>0</YesVotes>
              </Candidate>
              <Candidate>
                <CandidateID>750117288</CandidateID>
                <LastName>Andrew Yang</LastName>
                <FirstName />
                <YesVotes>0</YesVotes>
              </Candidate>
              <Candidate>
                <CandidateID>750117299</CandidateID>
                <LastName>Roque De La Fuente</LastName>
                <FirstName />
                <YesVotes>0</YesVotes>
              </Candidate>
              <Candidate>
                <CandidateID>750117301</CandidateID>
                <LastName>John K. Delaney</LastName>
                <FirstName />
                <YesVotes>0</YesVotes>
              </Candidate>
              <Candidate>
                <CandidateID>750117302</CandidateID>
                <LastName>Julián Castro</LastName>
                <FirstName />
                <YesVotes>0</YesVotes>
              </Candidate>
              <Candidate>
                <CandidateID>750117303</CandidateID>
                <LastName>Deval Patrick</LastName>
                <FirstName />
                <YesVotes>0</YesVotes>
              </Candidate>
              <Candidate>
                <CandidateID>750117321</CandidateID>
                <LastName>Marianne Williamson</LastName>
                <FirstName />
                <YesVotes>0</YesVotes>
              </Candidate>
              <Candidate>
                <CandidateID>750117323</CandidateID>
                <LastName>Michael Bennet</LastName>
                <FirstName />
                <YesVotes>0</YesVotes>
              </Candidate>
              <Candidate>
                <CandidateID>750117324</CandidateID>
                <LastName>Michael R. Bloomberg</LastName>
                <FirstName />
                <YesVotes>4</YesVotes>
              </Candidate>
              <Candidate>
                <CandidateID>750117326</CandidateID>
                <LastName>Steve Burke</LastName>
                <FirstName />
                <YesVotes>0</YesVotes>
              </Candidate>
              <Candidate>
                <CandidateID>750117331</CandidateID>
                <LastName>Robby Wells</LastName>
                <FirstName />
                <YesVotes>0</YesVotes>
              </Candidate>
              <Candidate>
                <CandidateID>750117332</CandidateID>
                <LastName>William C. (Bill) Haas</LastName>
                <FirstName />
                <YesVotes>0</YesVotes>
              </Candidate>
              <Candidate>
                <CandidateID>750117354</CandidateID>
                <LastName>Uncommitted</LastName>
                <FirstName />
                <YesVotes>6</YesVotes>
              </Candidate>
            </Party>
            <Party>
              <PartyName>Libertarian</PartyName>
              <Candidate>
                <CandidateID>750117320</CandidateID>
                <LastName>Jacob Hornberger</LastName>
                <FirstName />
                <YesVotes>1</YesVotes>
              </Candidate>
              <Candidate>
                <CandidateID>750117355</CandidateID>
                <LastName>Uncommitted</LastName>
                <FirstName />
                <YesVotes>0</YesVotes>
              </Candidate>
            </Party>
            <Party>
              <PartyName>Green</PartyName>
              <Candidate>
                <CandidateID>750117325</CandidateID>
                <LastName>Howie Hawkins</LastName>
                <FirstName />
                <YesVotes>0</YesVotes>
              </Candidate>
              <Candidate>
                <CandidateID>750117327</CandidateID>
                <LastName>Dario Hunter</LastName>
                <FirstName />
                <YesVotes>0</YesVotes>
              </Candidate>
              <Candidate>
                <CandidateID>750117329</CandidateID>
                <LastName>David Rolde</LastName>
                <FirstName />
                <YesVotes>1</YesVotes>
              </Candidate>
              <Candidate>
                <CandidateID>750117356</CandidateID>
                <LastName>Uncommitted</LastName>
                <FirstName />
                <YesVotes>0</YesVotes>
              </Candidate>
            </Party>
            <Party>
              <PartyName>Constitution</PartyName>
              <Candidate>
                <CandidateID>750117333</CandidateID>
                <LastName>Don J. Grundmann</LastName>
                <FirstName />
                <YesVotes>1</YesVotes>
              </Candidate>
              <Candidate>
                <CandidateID>750117335</CandidateID>
                <LastName>Don Blankenship</LastName>
                <FirstName />
                <YesVotes>1</YesVotes>
              </Candidate>
              <Candidate>
                <CandidateID>750117357</CandidateID>
                <LastName>Uncommitted</LastName>
                <FirstName />
                <YesVotes>0</YesVotes>
              </Candidate>
            </Party>
          </CountyResults>
        </Counties>
        <Counties>
          <CountyName>Mercer</CountyName>
          <CountyResults>
            <ReportingPrecincts>5</ReportingPrecincts>
            <TotalPrecincts>5</TotalPrecincts>
            <Party>
              <PartyName>Republican</PartyName>
              <Candidate>
                <CandidateID>750117286</CandidateID>
                <LastName>Donald J Trump</LastName>
                <FirstName />
                <YesVotes>339</YesVotes>
              </Candidate>
              <Candidate>
                <CandidateID>750117300</CandidateID>
                <LastName>Bob Ely</LastName>
                <FirstName />
                <YesVotes>0</YesVotes>
              </Candidate>
              <Candidate>
                <CandidateID>750117328</CandidateID>
                <LastName>Bill Weld</LastName>
                <FirstName />
                <YesVotes>1</YesVotes>
              </Candidate>
              <Candidate>
                <CandidateID>750117330</CandidateID>
                <LastName>Joe Walsh</LastName>
                <FirstName />
                <YesVotes>1</YesVotes>
              </Candidate>
              <Candidate>
                <CandidateID>750117334</CandidateID>
                <LastName>Matthew John Matern</LastName>
                <FirstName />
                <YesVotes>1</YesVotes>
              </Candidate>
              <Candidate>
                <CandidateID>750117353</CandidateID>
                <LastName>Uncommitted</LastName>
                <FirstName />
                <YesVotes>1</YesVotes>
              </Candidate>
            </Party>
            <Party>
              <PartyName>Democratic</PartyName>
              <Candidate>
                <CandidateID>750117276</CandidateID>
                <LastName>Amy Klobuchar</LastName>
                <FirstName />
                <YesVotes>1</YesVotes>
              </Candidate>
              <Candidate>
                <CandidateID>750117280</CandidateID>
                <LastName>Tom Steyer</LastName>
                <FirstName />
                <YesVotes>1</YesVotes>
              </Candidate>
              <Candidate>
                <CandidateID>750117274</CandidateID>
                <LastName>Tulsi Gabbard</LastName>
                <FirstName />
                <YesVotes>0</YesVotes>
              </Candidate>
              <Candidate>
                <CandidateID>750117278</CandidateID>
                <LastName>Leonard J. Steinman II</LastName>
                <FirstName />
                <YesVotes>0</YesVotes>
              </Candidate>
              <Candidate>
                <CandidateID>750117285</CandidateID>
                <LastName>Cory Booker</LastName>
                <FirstName />
                <YesVotes>0</YesVotes>
              </Candidate>
              <Candidate>
                <CandidateID>750117279</CandidateID>
                <LastName>Joseph R. Biden</LastName>
                <FirstName />
                <YesVotes>83</YesVotes>
              </Candidate>
              <Candidate>
                <CandidateID>750117282</CandidateID>
                <LastName>Elizabeth Warren</LastName>
                <FirstName />
                <YesVotes>1</YesVotes>
              </Candidate>
              <Candidate>
                <CandidateID>750117275</CandidateID>
                <LastName>Pete Buttigieg</LastName>
                <FirstName />
                <YesVotes>0</YesVotes>
              </Candidate>
              <Candidate>
                <CandidateID>750117283</CandidateID>
                <LastName>Bernie Sanders</LastName>
                <FirstName />
                <YesVotes>34</YesVotes>
              </Candidate>
              <Candidate>
                <CandidateID>750117277</CandidateID>
                <LastName>Velma Steinman</LastName>
                <FirstName />
                <YesVotes>0</YesVotes>
              </Candidate>
              <Candidate>
                <CandidateID>750117287</CandidateID>
                <LastName>Henry Hewes</LastName>
                <FirstName />
                <YesVotes>0</YesVotes>
              </Candidate>
              <Candidate>
                <CandidateID>750117288</CandidateID>
                <LastName>Andrew Yang</LastName>
                <FirstName />
                <YesVotes>0</YesVotes>
              </Candidate>
              <Candidate>
                <CandidateID>750117299</CandidateID>
                <LastName>Roque De La Fuente</LastName>
                <FirstName />
                <YesVotes>0</YesVotes>
              </Candidate>
              <Candidate>
                <CandidateID>750117301</CandidateID>
                <LastName>John K. Delaney</LastName>
                <FirstName />
                <YesVotes>0</YesVotes>
              </Candidate>
              <Candidate>
                <CandidateID>750117302</CandidateID>
                <LastName>Julián Castro</LastName>
                <FirstName />
                <YesVotes>0</YesVotes>
              </Candidate>
              <Candidate>
                <CandidateID>750117303</CandidateID>
                <LastName>Deval Patrick</LastName>
                <FirstName />
                <YesVotes>0</YesVotes>
              </Candidate>
              <Candidate>
                <CandidateID>750117321</CandidateID>
                <LastName>Marianne Williamson</LastName>
                <FirstName />
                <YesVotes>0</YesVotes>
              </Candidate>
              <Candidate>
                <CandidateID>750117323</CandidateID>
                <LastName>Michael Bennet</LastName>
                <FirstName />
                <YesVotes>0</YesVotes>
              </Candidate>
              <Candidate>
                <CandidateID>750117324</CandidateID>
                <LastName>Michael R. Bloomberg</LastName>
                <FirstName />
                <YesVotes>1</YesVotes>
              </Candidate>
              <Candidate>
                <CandidateID>750117326</CandidateID>
                <LastName>Steve Burke</LastName>
                <FirstName />
                <YesVotes>0</YesVotes>
              </Candidate>
              <Candidate>
                <CandidateID>750117331</CandidateID>
                <LastName>Robby Wells</LastName>
                <FirstName />
                <YesVotes>0</YesVotes>
              </Candidate>
              <Candidate>
                <CandidateID>750117332</CandidateID>
                <LastName>William C. (Bill) Haas</LastName>
                <FirstName />
                <YesVotes>0</YesVotes>
              </Candidate>
              <Candidate>
                <CandidateID>750117354</CandidateID>
                <LastName>Uncommitted</LastName>
                <FirstName />
                <YesVotes>0</YesVotes>
              </Candidate>
            </Party>
            <Party>
              <PartyName>Libertarian</PartyName>
              <Candidate>
                <CandidateID>750117320</CandidateID>
                <LastName>Jacob Hornberger</LastName>
                <FirstName />
                <YesVotes>2</YesVotes>
              </Candidate>
              <Candidate>
                <CandidateID>750117355</CandidateID>
                <LastName>Uncommitted</LastName>
                <FirstName />
                <YesVotes>0</YesVotes>
              </Candidate>
            </Party>
            <Party>
              <PartyName>Green</PartyName>
              <Candidate>
                <CandidateID>750117325</CandidateID>
                <LastName>Howie Hawkins</LastName>
                <FirstName />
                <YesVotes>0</YesVotes>
              </Candidate>
              <Candidate>
                <CandidateID>750117327</CandidateID>
                <LastName>Dario Hunter</LastName>
                <FirstName />
                <YesVotes>0</YesVotes>
              </Candidate>
              <Candidate>
                <CandidateID>750117329</CandidateID>
                <LastName>David Rolde</LastName>
                <FirstName />
                <YesVotes>0</YesVotes>
              </Candidate>
              <Candidate>
                <CandidateID>750117356</CandidateID>
                <LastName>Uncommitted</LastName>
                <FirstName />
                <YesVotes>0</YesVotes>
              </Candidate>
            </Party>
            <Party>
              <PartyName>Constitution</PartyName>
              <Candidate>
                <CandidateID>750117333</CandidateID>
                <LastName>Don J. Grundmann</LastName>
                <FirstName />
                <YesVotes>0</YesVotes>
              </Candidate>
              <Candidate>
                <CandidateID>750117335</CandidateID>
                <LastName>Don Blankenship</LastName>
                <FirstName />
                <YesVotes>0</YesVotes>
              </Candidate>
              <Candidate>
                <CandidateID>750117357</CandidateID>
                <LastName>Uncommitted</LastName>
                <FirstName />
                <YesVotes>0</YesVotes>
              </Candidate>
            </Party>
          </CountyResults>
        </Counties>
        <Counties>
          <CountyName>Miller</CountyName>
          <CountyResults>
            <ReportingPrecincts>13</ReportingPrecincts>
            <TotalPrecincts>13</TotalPrecincts>
            <Party>
              <PartyName>Republican</PartyName>
              <Candidate>
                <CandidateID>750117286</CandidateID>
                <LastName>Donald J Trump</LastName>
                <FirstName />
                <YesVotes>2033</YesVotes>
              </Candidate>
              <Candidate>
                <CandidateID>750117300</CandidateID>
                <LastName>Bob Ely</LastName>
                <FirstName />
                <YesVotes>3</YesVotes>
              </Candidate>
              <Candidate>
                <CandidateID>750117328</CandidateID>
                <LastName>Bill Weld</LastName>
                <FirstName />
                <YesVotes>11</YesVotes>
              </Candidate>
              <Candidate>
                <CandidateID>750117330</CandidateID>
                <LastName>Joe Walsh</LastName>
                <FirstName />
                <YesVotes>11</YesVotes>
              </Candidate>
              <Candidate>
                <CandidateID>750117334</CandidateID>
                <LastName>Matthew John Matern</LastName>
                <FirstName />
                <YesVotes>4</YesVotes>
              </Candidate>
              <Candidate>
                <CandidateID>750117353</CandidateID>
                <LastName>Uncommitted</LastName>
                <FirstName />
                <YesVotes>16</YesVotes>
              </Candidate>
            </Party>
            <Party>
              <PartyName>Democratic</PartyName>
              <Candidate>
                <CandidateID>750117276</CandidateID>
                <LastName>Amy Klobuchar</LastName>
                <FirstName />
                <YesVotes>8</YesVotes>
              </Candidate>
              <Candidate>
                <CandidateID>750117280</CandidateID>
                <LastName>Tom Steyer</LastName>
                <FirstName />
                <YesVotes>4</YesVotes>
              </Candidate>
              <Candidate>
                <CandidateID>750117274</CandidateID>
                <LastName>Tulsi Gabbard</LastName>
                <FirstName />
                <YesVotes>9</YesVotes>
              </Candidate>
              <Candidate>
                <CandidateID>750117278</CandidateID>
                <LastName>Leonard J. Steinman II</LastName>
                <FirstName />
                <YesVotes>3</YesVotes>
              </Candidate>
              <Candidate>
                <CandidateID>750117285</CandidateID>
                <LastName>Cory Booker</LastName>
                <FirstName />
                <YesVotes>1</YesVotes>
              </Candidate>
              <Candidate>
                <CandidateID>750117279</CandidateID>
                <LastName>Joseph R. Biden</LastName>
                <FirstName />
                <YesVotes>672</YesVotes>
              </Candidate>
              <Candidate>
                <CandidateID>750117282</CandidateID>
                <LastName>Elizabeth Warren</LastName>
                <FirstName />
                <YesVotes>13</YesVotes>
              </Candidate>
              <Candidate>
                <CandidateID>750117275</CandidateID>
                <LastName>Pete Buttigieg</LastName>
                <FirstName />
                <YesVotes>8</YesVotes>
              </Candidate>
              <Candidate>
                <CandidateID>750117283</CandidateID>
                <LastName>Bernie Sanders</LastName>
                <FirstName />
                <YesVotes>322</YesVotes>
              </Candidate>
              <Candidate>
                <CandidateID>750117277</CandidateID>
                <LastName>Velma Steinman</LastName>
                <FirstName />
                <YesVotes>0</YesVotes>
              </Candidate>
              <Candidate>
                <CandidateID>750117287</CandidateID>
                <LastName>Henry Hewes</LastName>
                <FirstName />
                <YesVotes>0</YesVotes>
              </Candidate>
              <Candidate>
                <CandidateID>750117288</CandidateID>
                <LastName>Andrew Yang</LastName>
                <FirstName />
                <YesVotes>2</YesVotes>
              </Candidate>
              <Candidate>
                <CandidateID>750117299</CandidateID>
                <LastName>Roque De La Fuente</LastName>
                <FirstName />
                <YesVotes>0</YesVotes>
              </Candidate>
              <Candidate>
                <CandidateID>750117301</CandidateID>
                <LastName>John K. Delaney</LastName>
                <FirstName />
                <YesVotes>0</YesVotes>
              </Candidate>
              <Candidate>
                <CandidateID>750117302</CandidateID>
                <LastName>Julián Castro</LastName>
                <FirstName />
                <YesVotes>0</YesVotes>
              </Candidate>
              <Candidate>
                <CandidateID>750117303</CandidateID>
                <LastName>Deval Patrick</LastName>
                <FirstName />
                <YesVotes>0</YesVotes>
              </Candidate>
              <Candidate>
                <CandidateID>750117321</CandidateID>
                <LastName>Marianne Williamson</LastName>
                <FirstName />
                <YesVotes>1</YesVotes>
              </Candidate>
              <Candidate>
                <CandidateID>750117323</CandidateID>
                <LastName>Michael Bennet</LastName>
                <FirstName />
                <YesVotes>1</YesVotes>
              </Candidate>
              <Candidate>
                <CandidateID>750117324</CandidateID>
                <LastName>Michael R. Bloomberg</LastName>
                <FirstName />
                <YesVotes>18</YesVotes>
              </Candidate>
              <Candidate>
                <CandidateID>750117326</CandidateID>
                <LastName>Steve Burke</LastName>
                <FirstName />
                <YesVotes>0</YesVotes>
              </Candidate>
              <Candidate>
                <CandidateID>750117331</CandidateID>
                <LastName>Robby Wells</LastName>
                <FirstName />
                <YesVotes>0</YesVotes>
              </Candidate>
              <Candidate>
                <CandidateID>750117332</CandidateID>
                <LastName>William C. (Bill) Haas</LastName>
                <FirstName />
                <YesVotes>0</YesVotes>
              </Candidate>
              <Candidate>
                <CandidateID>750117354</CandidateID>
                <LastName>Uncommitted</LastName>
                <FirstName />
                <YesVotes>2</YesVotes>
              </Candidate>
            </Party>
            <Party>
              <PartyName>Libertarian</PartyName>
              <Candidate>
                <CandidateID>750117320</CandidateID>
                <LastName>Jacob Hornberger</LastName>
                <FirstName />
                <YesVotes>5</YesVotes>
              </Candidate>
              <Candidate>
                <CandidateID>750117355</CandidateID>
                <LastName>Uncommitted</LastName>
                <FirstName />
                <YesVotes>0</YesVotes>
              </Candidate>
            </Party>
            <Party>
              <PartyName>Green</PartyName>
              <Candidate>
                <CandidateID>750117325</CandidateID>
                <LastName>Howie Hawkins</LastName>
                <FirstName />
                <YesVotes>0</YesVotes>
              </Candidate>
              <Candidate>
                <CandidateID>750117327</CandidateID>
                <LastName>Dario Hunter</LastName>
                <FirstName />
                <YesVotes>0</YesVotes>
              </Candidate>
              <Candidate>
                <CandidateID>750117329</CandidateID>
                <LastName>David Rolde</LastName>
                <FirstName />
                <YesVotes>0</YesVotes>
              </Candidate>
              <Candidate>
                <CandidateID>750117356</CandidateID>
                <LastName>Uncommitted</LastName>
                <FirstName />
                <YesVotes>0</YesVotes>
              </Candidate>
            </Party>
            <Party>
              <PartyName>Constitution</PartyName>
              <Candidate>
                <CandidateID>750117333</CandidateID>
                <LastName>Don J. Grundmann</LastName>
                <FirstName />
                <YesVotes>1</YesVotes>
              </Candidate>
              <Candidate>
                <CandidateID>750117335</CandidateID>
                <LastName>Don Blankenship</LastName>
                <FirstName />
                <YesVotes>1</YesVotes>
              </Candidate>
              <Candidate>
                <CandidateID>750117357</CandidateID>
                <LastName>Uncommitted</LastName>
                <FirstName />
                <YesVotes>2</YesVotes>
              </Candidate>
            </Party>
          </CountyResults>
        </Counties>
        <Counties>
          <CountyName>Mississippi</CountyName>
          <CountyResults>
            <ReportingPrecincts>9</ReportingPrecincts>
            <TotalPrecincts>9</TotalPrecincts>
            <Party>
              <PartyName>Republican</PartyName>
              <Candidate>
                <CandidateID>750117286</CandidateID>
                <LastName>Donald J Trump</LastName>
                <FirstName />
                <YesVotes>657</YesVotes>
              </Candidate>
              <Candidate>
                <CandidateID>750117300</CandidateID>
                <LastName>Bob Ely</LastName>
                <FirstName />
                <YesVotes>0</YesVotes>
              </Candidate>
              <Candidate>
                <CandidateID>750117328</CandidateID>
                <LastName>Bill Weld</LastName>
                <FirstName />
                <YesVotes>1</YesVotes>
              </Candidate>
              <Candidate>
                <CandidateID>750117330</CandidateID>
                <LastName>Joe Walsh</LastName>
                <FirstName />
                <YesVotes>0</YesVotes>
              </Candidate>
              <Candidate>
                <CandidateID>750117334</CandidateID>
                <LastName>Matthew John Matern</LastName>
                <FirstName />
                <YesVotes>0</YesVotes>
              </Candidate>
              <Candidate>
                <CandidateID>750117353</CandidateID>
                <LastName>Uncommitted</LastName>
                <FirstName />
                <YesVotes>2</YesVotes>
              </Candidate>
            </Party>
            <Party>
              <PartyName>Democratic</PartyName>
              <Candidate>
                <CandidateID>750117276</CandidateID>
                <LastName>Amy Klobuchar</LastName>
                <FirstName />
                <YesVotes>3</YesVotes>
              </Candidate>
              <Candidate>
                <CandidateID>750117280</CandidateID>
                <LastName>Tom Steyer</LastName>
                <FirstName />
                <YesVotes>2</YesVotes>
              </Candidate>
              <Candidate>
                <CandidateID>750117274</CandidateID>
                <LastName>Tulsi Gabbard</LastName>
                <FirstName />
                <YesVotes>7</YesVotes>
              </Candidate>
              <Candidate>
                <CandidateID>750117278</CandidateID>
                <LastName>Leonard J. Steinman II</LastName>
                <FirstName />
                <YesVotes>0</YesVotes>
              </Candidate>
              <Candidate>
                <CandidateID>750117285</CandidateID>
                <LastName>Cory Booker</LastName>
                <FirstName />
                <YesVotes>0</YesVotes>
              </Candidate>
              <Candidate>
                <CandidateID>750117279</CandidateID>
                <LastName>Joseph R. Biden</LastName>
                <FirstName />
                <YesVotes>414</YesVotes>
              </Candidate>
              <Candidate>
                <CandidateID>750117282</CandidateID>
                <LastName>Elizabeth Warren</LastName>
                <FirstName />
                <YesVotes>5</YesVotes>
              </Candidate>
              <Candidate>
                <CandidateID>750117275</CandidateID>
                <LastName>Pete Buttigieg</LastName>
                <FirstName />
                <YesVotes>2</YesVotes>
              </Candidate>
              <Candidate>
                <CandidateID>750117283</CandidateID>
                <LastName>Bernie Sanders</LastName>
                <FirstName />
                <YesVotes>123</YesVotes>
              </Candidate>
              <Candidate>
                <CandidateID>750117277</CandidateID>
                <LastName>Velma Steinman</LastName>
                <FirstName />
                <YesVotes>0</YesVotes>
              </Candidate>
              <Candidate>
                <CandidateID>750117287</CandidateID>
                <LastName>Henry Hewes</LastName>
                <FirstName />
                <YesVotes>0</YesVotes>
              </Candidate>
              <Candidate>
                <CandidateID>750117288</CandidateID>
                <LastName>Andrew Yang</LastName>
                <FirstName />
                <YesVotes>1</YesVotes>
              </Candidate>
              <Candidate>
                <CandidateID>750117299</CandidateID>
                <LastName>Roque De La Fuente</LastName>
                <FirstName />
                <YesVotes>0</YesVotes>
              </Candidate>
              <Candidate>
                <CandidateID>750117301</CandidateID>
                <LastName>John K. Delaney</LastName>
                <FirstName />
                <YesVotes>0</YesVotes>
              </Candidate>
              <Candidate>
                <CandidateID>750117302</CandidateID>
                <LastName>Julián Castro</LastName>
                <FirstName />
                <YesVotes>0</YesVotes>
              </Candidate>
              <Candidate>
                <CandidateID>750117303</CandidateID>
                <LastName>Deval Patrick</LastName>
                <FirstName />
                <YesVotes>1</YesVotes>
              </Candidate>
              <Candidate>
                <CandidateID>750117321</CandidateID>
                <LastName>Marianne Williamson</LastName>
                <FirstName />
                <YesVotes>0</YesVotes>
              </Candidate>
              <Candidate>
                <CandidateID>750117323</CandidateID>
                <LastName>Michael Bennet</LastName>
                <FirstName />
                <YesVotes>1</YesVotes>
              </Candidate>
              <Candidate>
                <CandidateID>750117324</CandidateID>
                <LastName>Michael R. Bloomberg</LastName>
                <FirstName />
                <YesVotes>4</YesVotes>
              </Candidate>
              <Candidate>
                <CandidateID>750117326</CandidateID>
                <LastName>Steve Burke</LastName>
                <FirstName />
                <YesVotes>1</YesVotes>
              </Candidate>
              <Candidate>
                <CandidateID>750117331</CandidateID>
                <LastName>Robby Wells</LastName>
                <FirstName />
                <YesVotes>0</YesVotes>
              </Candidate>
              <Candidate>
                <CandidateID>750117332</CandidateID>
                <LastName>William C. (Bill) Haas</LastName>
                <FirstName />
                <YesVotes>0</YesVotes>
              </Candidate>
              <Candidate>
                <CandidateID>750117354</CandidateID>
                <LastName>Uncommitted</LastName>
                <FirstName />
                <YesVotes>7</YesVotes>
              </Candidate>
            </Party>
            <Party>
              <PartyName>Libertarian</PartyName>
              <Candidate>
                <CandidateID>750117320</CandidateID>
                <LastName>Jacob Hornberger</LastName>
                <FirstName />
                <YesVotes>1</YesVotes>
              </Candidate>
              <Candidate>
                <CandidateID>750117355</CandidateID>
                <LastName>Uncommitted</LastName>
                <FirstName />
                <YesVotes>0</YesVotes>
              </Candidate>
            </Party>
            <Party>
              <PartyName>Green</PartyName>
              <Candidate>
                <CandidateID>750117325</CandidateID>
                <LastName>Howie Hawkins</LastName>
                <FirstName />
                <YesVotes>0</YesVotes>
              </Candidate>
              <Candidate>
                <CandidateID>750117327</CandidateID>
                <LastName>Dario Hunter</LastName>
                <FirstName />
                <YesVotes>0</YesVotes>
              </Candidate>
              <Candidate>
                <CandidateID>750117329</CandidateID>
                <LastName>David Rolde</LastName>
                <FirstName />
                <YesVotes>0</YesVotes>
              </Candidate>
              <Candidate>
                <CandidateID>750117356</CandidateID>
                <LastName>Uncommitted</LastName>
                <FirstName />
                <YesVotes>0</YesVotes>
              </Candidate>
            </Party>
            <Party>
              <PartyName>Constitution</PartyName>
              <Candidate>
                <CandidateID>750117333</CandidateID>
                <LastName>Don J. Grundmann</LastName>
                <FirstName />
                <YesVotes>0</YesVotes>
              </Candidate>
              <Candidate>
                <CandidateID>750117335</CandidateID>
                <LastName>Don Blankenship</LastName>
                <FirstName />
                <YesVotes>0</YesVotes>
              </Candidate>
              <Candidate>
                <CandidateID>750117357</CandidateID>
                <LastName>Uncommitted</LastName>
                <FirstName />
                <YesVotes>0</YesVotes>
              </Candidate>
            </Party>
          </CountyResults>
        </Counties>
        <Counties>
          <CountyName>Moniteau</CountyName>
          <CountyResults>
            <ReportingPrecincts>10</ReportingPrecincts>
            <TotalPrecincts>10</TotalPrecincts>
            <Party>
              <PartyName>Republican</PartyName>
              <Candidate>
                <CandidateID>750117286</CandidateID>
                <LastName>Donald J Trump</LastName>
                <FirstName />
                <YesVotes>1092</YesVotes>
              </Candidate>
              <Candidate>
                <CandidateID>750117300</CandidateID>
                <LastName>Bob Ely</LastName>
                <FirstName />
                <YesVotes>3</YesVotes>
              </Candidate>
              <Candidate>
                <CandidateID>750117328</CandidateID>
                <LastName>Bill Weld</LastName>
                <FirstName />
                <YesVotes>10</YesVotes>
              </Candidate>
              <Candidate>
                <CandidateID>750117330</CandidateID>
                <LastName>Joe Walsh</LastName>
                <FirstName />
                <YesVotes>9</YesVotes>
              </Candidate>
              <Candidate>
                <CandidateID>750117334</CandidateID>
                <LastName>Matthew John Matern</LastName>
                <FirstName />
                <YesVotes>3</YesVotes>
              </Candidate>
              <Candidate>
                <CandidateID>750117353</CandidateID>
                <LastName>Uncommitted</LastName>
                <FirstName />
                <YesVotes>11</YesVotes>
              </Candidate>
            </Party>
            <Party>
              <PartyName>Democratic</PartyName>
              <Candidate>
                <CandidateID>750117276</CandidateID>
                <LastName>Amy Klobuchar</LastName>
                <FirstName />
                <YesVotes>4</YesVotes>
              </Candidate>
              <Candidate>
                <CandidateID>750117280</CandidateID>
                <LastName>Tom Steyer</LastName>
                <FirstName />
                <YesVotes>0</YesVotes>
              </Candidate>
              <Candidate>
                <CandidateID>750117274</CandidateID>
                <LastName>Tulsi Gabbard</LastName>
                <FirstName />
                <YesVotes>16</YesVotes>
              </Candidate>
              <Candidate>
                <CandidateID>750117278</CandidateID>
                <LastName>Leonard J. Steinman II</LastName>
                <FirstName />
                <YesVotes>0</YesVotes>
              </Candidate>
              <Candidate>
                <CandidateID>750117285</CandidateID>
                <LastName>Cory Booker</LastName>
                <FirstName />
                <YesVotes>1</YesVotes>
              </Candidate>
              <Candidate>
                <CandidateID>750117279</CandidateID>
                <LastName>Joseph R. Biden</LastName>
                <FirstName />
                <YesVotes>474</YesVotes>
              </Candidate>
              <Candidate>
                <CandidateID>750117282</CandidateID>
                <LastName>Elizabeth Warren</LastName>
                <FirstName />
                <YesVotes>18</YesVotes>
              </Candidate>
              <Candidate>
                <CandidateID>750117275</CandidateID>
                <LastName>Pete Buttigieg</LastName>
                <FirstName />
                <YesVotes>8</YesVotes>
              </Candidate>
              <Candidate>
                <CandidateID>750117283</CandidateID>
                <LastName>Bernie Sanders</LastName>
                <FirstName />
                <YesVotes>252</YesVotes>
              </Candidate>
              <Candidate>
                <CandidateID>750117277</CandidateID>
                <LastName>Velma Steinman</LastName>
                <FirstName />
                <YesVotes>2</YesVotes>
              </Candidate>
              <Candidate>
                <CandidateID>750117287</CandidateID>
                <LastName>Henry Hewes</LastName>
                <FirstName />
                <YesVotes>0</YesVotes>
              </Candidate>
              <Candidate>
                <CandidateID>750117288</CandidateID>
                <LastName>Andrew Yang</LastName>
                <FirstName />
                <YesVotes>1</YesVotes>
              </Candidate>
              <Candidate>
                <CandidateID>750117299</CandidateID>
                <LastName>Roque De La Fuente</LastName>
                <FirstName />
                <YesVotes>0</YesVotes>
              </Candidate>
              <Candidate>
                <CandidateID>750117301</CandidateID>
                <LastName>John K. Delaney</LastName>
                <FirstName />
                <YesVotes>1</YesVotes>
              </Candidate>
              <Candidate>
                <CandidateID>750117302</CandidateID>
                <LastName>Julián Castro</LastName>
                <FirstName />
                <YesVotes>0</YesVotes>
              </Candidate>
              <Candidate>
                <CandidateID>750117303</CandidateID>
                <LastName>Deval Patrick</LastName>
                <FirstName />
                <YesVotes>2</YesVotes>
              </Candidate>
              <Candidate>
                <CandidateID>750117321</CandidateID>
                <LastName>Marianne Williamson</LastName>
                <FirstName />
                <YesVotes>0</YesVotes>
              </Candidate>
              <Candidate>
                <CandidateID>750117323</CandidateID>
                <LastName>Michael Bennet</LastName>
                <FirstName />
                <YesVotes>0</YesVotes>
              </Candidate>
              <Candidate>
                <CandidateID>750117324</CandidateID>
                <LastName>Michael R. Bloomberg</LastName>
                <FirstName />
                <YesVotes>12</YesVotes>
              </Candidate>
              <Candidate>
                <CandidateID>750117326</CandidateID>
                <LastName>Steve Burke</LastName>
                <FirstName />
                <YesVotes>0</YesVotes>
              </Candidate>
              <Candidate>
                <CandidateID>750117331</CandidateID>
                <LastName>Robby Wells</LastName>
                <FirstName />
                <YesVotes>0</YesVotes>
              </Candidate>
              <Candidate>
                <CandidateID>750117332</CandidateID>
                <LastName>William C. (Bill) Haas</LastName>
                <FirstName />
                <YesVotes>3</YesVotes>
              </Candidate>
              <Candidate>
                <CandidateID>750117354</CandidateID>
                <LastName>Uncommitted</LastName>
                <FirstName />
                <YesVotes>4</YesVotes>
              </Candidate>
            </Party>
            <Party>
              <PartyName>Libertarian</PartyName>
              <Candidate>
                <CandidateID>750117320</CandidateID>
                <LastName>Jacob Hornberger</LastName>
                <FirstName />
                <YesVotes>1</YesVotes>
              </Candidate>
              <Candidate>
                <CandidateID>750117355</CandidateID>
                <LastName>Uncommitted</LastName>
                <FirstName />
                <YesVotes>0</YesVotes>
              </Candidate>
            </Party>
            <Party>
              <PartyName>Green</PartyName>
              <Candidate>
                <CandidateID>750117325</CandidateID>
                <LastName>Howie Hawkins</LastName>
                <FirstName />
                <YesVotes>0</YesVotes>
              </Candidate>
              <Candidate>
                <CandidateID>750117327</CandidateID>
                <LastName>Dario Hunter</LastName>
                <FirstName />
                <YesVotes>0</YesVotes>
              </Candidate>
              <Candidate>
                <CandidateID>750117329</CandidateID>
                <LastName>David Rolde</LastName>
                <FirstName />
                <YesVotes>0</YesVotes>
              </Candidate>
              <Candidate>
                <CandidateID>750117356</CandidateID>
                <LastName>Uncommitted</LastName>
                <FirstName />
                <YesVotes>0</YesVotes>
              </Candidate>
            </Party>
            <Party>
              <PartyName>Constitution</PartyName>
              <Candidate>
                <CandidateID>750117333</CandidateID>
                <LastName>Don J. Grundmann</LastName>
                <FirstName />
                <YesVotes>0</YesVotes>
              </Candidate>
              <Candidate>
                <CandidateID>750117335</CandidateID>
                <LastName>Don Blankenship</LastName>
                <FirstName />
                <YesVotes>0</YesVotes>
              </Candidate>
              <Candidate>
                <CandidateID>750117357</CandidateID>
                <LastName>Uncommitted</LastName>
                <FirstName />
                <YesVotes>0</YesVotes>
              </Candidate>
            </Party>
          </CountyResults>
        </Counties>
        <Counties>
          <CountyName>Monroe</CountyName>
          <CountyResults>
            <ReportingPrecincts>9</ReportingPrecincts>
            <TotalPrecincts>9</TotalPrecincts>
            <Party>
              <PartyName>Republican</PartyName>
              <Candidate>
                <CandidateID>750117286</CandidateID>
                <LastName>Donald J Trump</LastName>
                <FirstName />
                <YesVotes>601</YesVotes>
              </Candidate>
              <Candidate>
                <CandidateID>750117300</CandidateID>
                <LastName>Bob Ely</LastName>
                <FirstName />
                <YesVotes>1</YesVotes>
              </Candidate>
              <Candidate>
                <CandidateID>750117328</CandidateID>
                <LastName>Bill Weld</LastName>
                <FirstName />
                <YesVotes>3</YesVotes>
              </Candidate>
              <Candidate>
                <CandidateID>750117330</CandidateID>
                <LastName>Joe Walsh</LastName>
                <FirstName />
                <YesVotes>5</YesVotes>
              </Candidate>
              <Candidate>
                <CandidateID>750117334</CandidateID>
                <LastName>Matthew John Matern</LastName>
                <FirstName />
                <YesVotes>1</YesVotes>
              </Candidate>
              <Candidate>
                <CandidateID>750117353</CandidateID>
                <LastName>Uncommitted</LastName>
                <FirstName />
                <YesVotes>4</YesVotes>
              </Candidate>
            </Party>
            <Party>
              <PartyName>Democratic</PartyName>
              <Candidate>
                <CandidateID>750117276</CandidateID>
                <LastName>Amy Klobuchar</LastName>
                <FirstName />
                <YesVotes>5</YesVotes>
              </Candidate>
              <Candidate>
                <CandidateID>750117280</CandidateID>
                <LastName>Tom Steyer</LastName>
                <FirstName />
                <YesVotes>2</YesVotes>
              </Candidate>
              <Candidate>
                <CandidateID>750117274</CandidateID>
                <LastName>Tulsi Gabbard</LastName>
                <FirstName />
                <YesVotes>5</YesVotes>
              </Candidate>
              <Candidate>
                <CandidateID>750117278</CandidateID>
                <LastName>Leonard J. Steinman II</LastName>
                <FirstName />
                <YesVotes>0</YesVotes>
              </Candidate>
              <Candidate>
                <CandidateID>750117285</CandidateID>
                <LastName>Cory Booker</LastName>
                <FirstName />
                <YesVotes>0</YesVotes>
              </Candidate>
              <Candidate>
                <CandidateID>750117279</CandidateID>
                <LastName>Joseph R. Biden</LastName>
                <FirstName />
                <YesVotes>380</YesVotes>
              </Candidate>
              <Candidate>
                <CandidateID>750117282</CandidateID>
                <LastName>Elizabeth Warren</LastName>
                <FirstName />
                <YesVotes>4</YesVotes>
              </Candidate>
              <Candidate>
                <CandidateID>750117275</CandidateID>
                <LastName>Pete Buttigieg</LastName>
                <FirstName />
                <YesVotes>3</YesVotes>
              </Candidate>
              <Candidate>
                <CandidateID>750117283</CandidateID>
                <LastName>Bernie Sanders</LastName>
                <FirstName />
                <YesVotes>134</YesVotes>
              </Candidate>
              <Candidate>
                <CandidateID>750117277</CandidateID>
                <LastName>Velma Steinman</LastName>
                <FirstName />
                <YesVotes>0</YesVotes>
              </Candidate>
              <Candidate>
                <CandidateID>750117287</CandidateID>
                <LastName>Henry Hewes</LastName>
                <FirstName />
                <YesVotes>0</YesVotes>
              </Candidate>
              <Candidate>
                <CandidateID>750117288</CandidateID>
                <LastName>Andrew Yang</LastName>
                <FirstName />
                <YesVotes>0</YesVotes>
              </Candidate>
              <Candidate>
                <CandidateID>750117299</CandidateID>
                <LastName>Roque De La Fuente</LastName>
                <FirstName />
                <YesVotes>0</YesVotes>
              </Candidate>
              <Candidate>
                <CandidateID>750117301</CandidateID>
                <LastName>John K. Delaney</LastName>
                <FirstName />
                <YesVotes>2</YesVotes>
              </Candidate>
              <Candidate>
                <CandidateID>750117302</CandidateID>
                <LastName>Julián Castro</LastName>
                <FirstName />
                <YesVotes>0</YesVotes>
              </Candidate>
              <Candidate>
                <CandidateID>750117303</CandidateID>
                <LastName>Deval Patrick</LastName>
                <FirstName />
                <YesVotes>0</YesVotes>
              </Candidate>
              <Candidate>
                <CandidateID>750117321</CandidateID>
                <LastName>Marianne Williamson</LastName>
                <FirstName />
                <YesVotes>0</YesVotes>
              </Candidate>
              <Candidate>
                <CandidateID>750117323</CandidateID>
                <LastName>Michael Bennet</LastName>
                <FirstName />
                <YesVotes>0</YesVotes>
              </Candidate>
              <Candidate>
                <CandidateID>750117324</CandidateID>
                <LastName>Michael R. Bloomberg</LastName>
                <FirstName />
                <YesVotes>8</YesVotes>
              </Candidate>
              <Candidate>
                <CandidateID>750117326</CandidateID>
                <LastName>Steve Burke</LastName>
                <FirstName />
                <YesVotes>0</YesVotes>
              </Candidate>
              <Candidate>
                <CandidateID>750117331</CandidateID>
                <LastName>Robby Wells</LastName>
                <FirstName />
                <YesVotes>0</YesVotes>
              </Candidate>
              <Candidate>
                <CandidateID>750117332</CandidateID>
                <LastName>William C. (Bill) Haas</LastName>
                <FirstName />
                <YesVotes>1</YesVotes>
              </Candidate>
              <Candidate>
                <CandidateID>750117354</CandidateID>
                <LastName>Uncommitted</LastName>
                <FirstName />
                <YesVotes>5</YesVotes>
              </Candidate>
            </Party>
            <Party>
              <PartyName>Libertarian</PartyName>
              <Candidate>
                <CandidateID>750117320</CandidateID>
                <LastName>Jacob Hornberger</LastName>
                <FirstName />
                <YesVotes>2</YesVotes>
              </Candidate>
              <Candidate>
                <CandidateID>750117355</CandidateID>
                <LastName>Uncommitted</LastName>
                <FirstName />
                <YesVotes>0</YesVotes>
              </Candidate>
            </Party>
            <Party>
              <PartyName>Green</PartyName>
              <Candidate>
                <CandidateID>750117325</CandidateID>
                <LastName>Howie Hawkins</LastName>
                <FirstName />
                <YesVotes>0</YesVotes>
              </Candidate>
              <Candidate>
                <CandidateID>750117327</CandidateID>
                <LastName>Dario Hunter</LastName>
                <FirstName />
                <YesVotes>0</YesVotes>
              </Candidate>
              <Candidate>
                <CandidateID>750117329</CandidateID>
                <LastName>David Rolde</LastName>
                <FirstName />
                <YesVotes>0</YesVotes>
              </Candidate>
              <Candidate>
                <CandidateID>750117356</CandidateID>
                <LastName>Uncommitted</LastName>
                <FirstName />
                <YesVotes>0</YesVotes>
              </Candidate>
            </Party>
            <Party>
              <PartyName>Constitution</PartyName>
              <Candidate>
                <CandidateID>750117333</CandidateID>
                <LastName>Don J. Grundmann</LastName>
                <FirstName />
                <YesVotes>0</YesVotes>
              </Candidate>
              <Candidate>
                <CandidateID>750117335</CandidateID>
                <LastName>Don Blankenship</LastName>
                <FirstName />
                <YesVotes>0</YesVotes>
              </Candidate>
              <Candidate>
                <CandidateID>750117357</CandidateID>
                <LastName>Uncommitted</LastName>
                <FirstName />
                <YesVotes>0</YesVotes>
              </Candidate>
            </Party>
          </CountyResults>
        </Counties>
        <Counties>
          <CountyName>Montgomery</CountyName>
          <CountyResults>
            <ReportingPrecincts>10</ReportingPrecincts>
            <TotalPrecincts>10</TotalPrecincts>
            <Party>
              <PartyName>Republican</PartyName>
              <Candidate>
                <CandidateID>750117286</CandidateID>
                <LastName>Donald J Trump</LastName>
                <FirstName />
                <YesVotes>787</YesVotes>
              </Candidate>
              <Candidate>
                <CandidateID>750117300</CandidateID>
                <LastName>Bob Ely</LastName>
                <FirstName />
                <YesVotes>2</YesVotes>
              </Candidate>
              <Candidate>
                <CandidateID>750117328</CandidateID>
                <LastName>Bill Weld</LastName>
                <FirstName />
                <YesVotes>1</YesVotes>
              </Candidate>
              <Candidate>
                <CandidateID>750117330</CandidateID>
                <LastName>Joe Walsh</LastName>
                <FirstName />
                <YesVotes>6</YesVotes>
              </Candidate>
              <Candidate>
                <CandidateID>750117334</CandidateID>
                <LastName>Matthew John Matern</LastName>
                <FirstName />
                <YesVotes>1</YesVotes>
              </Candidate>
              <Candidate>
                <CandidateID>750117353</CandidateID>
                <LastName>Uncommitted</LastName>
                <FirstName />
                <YesVotes>2</YesVotes>
              </Candidate>
            </Party>
            <Party>
              <PartyName>Democratic</PartyName>
              <Candidate>
                <CandidateID>750117276</CandidateID>
                <LastName>Amy Klobuchar</LastName>
                <FirstName />
                <YesVotes>6</YesVotes>
              </Candidate>
              <Candidate>
                <CandidateID>750117280</CandidateID>
                <LastName>Tom Steyer</LastName>
                <FirstName />
                <YesVotes>2</YesVotes>
              </Candidate>
              <Candidate>
                <CandidateID>750117274</CandidateID>
                <LastName>Tulsi Gabbard</LastName>
                <FirstName />
                <YesVotes>9</YesVotes>
              </Candidate>
              <Candidate>
                <CandidateID>750117278</CandidateID>
                <LastName>Leonard J. Steinman II</LastName>
                <FirstName />
                <YesVotes>1</YesVotes>
              </Candidate>
              <Candidate>
                <CandidateID>750117285</CandidateID>
                <LastName>Cory Booker</LastName>
                <FirstName />
                <YesVotes>2</YesVotes>
              </Candidate>
              <Candidate>
                <CandidateID>750117279</CandidateID>
                <LastName>Joseph R. Biden</LastName>
                <FirstName />
                <YesVotes>441</YesVotes>
              </Candidate>
              <Candidate>
                <CandidateID>750117282</CandidateID>
                <LastName>Elizabeth Warren</LastName>
                <FirstName />
                <YesVotes>13</YesVotes>
              </Candidate>
              <Candidate>
                <CandidateID>750117275</CandidateID>
                <LastName>Pete Buttigieg</LastName>
                <FirstName />
                <YesVotes>1</YesVotes>
              </Candidate>
              <Candidate>
                <CandidateID>750117283</CandidateID>
                <LastName>Bernie Sanders</LastName>
                <FirstName />
                <YesVotes>210</YesVotes>
              </Candidate>
              <Candidate>
                <CandidateID>750117277</CandidateID>
                <LastName>Velma Steinman</LastName>
                <FirstName />
                <YesVotes>0</YesVotes>
              </Candidate>
              <Candidate>
                <CandidateID>750117287</CandidateID>
                <LastName>Henry Hewes</LastName>
                <FirstName />
                <YesVotes>0</YesVotes>
              </Candidate>
              <Candidate>
                <CandidateID>750117288</CandidateID>
                <LastName>Andrew Yang</LastName>
                <FirstName />
                <YesVotes>0</YesVotes>
              </Candidate>
              <Candidate>
                <CandidateID>750117299</CandidateID>
                <LastName>Roque De La Fuente</LastName>
                <FirstName />
                <YesVotes>2</YesVotes>
              </Candidate>
              <Candidate>
                <CandidateID>750117301</CandidateID>
                <LastName>John K. Delaney</LastName>
                <FirstName />
                <YesVotes>0</YesVotes>
              </Candidate>
              <Candidate>
                <CandidateID>750117302</CandidateID>
                <LastName>Julián Castro</LastName>
                <FirstName />
                <YesVotes>0</YesVotes>
              </Candidate>
              <Candidate>
                <CandidateID>750117303</CandidateID>
                <LastName>Deval Patrick</LastName>
                <FirstName />
                <YesVotes>0</YesVotes>
              </Candidate>
              <Candidate>
                <CandidateID>750117321</CandidateID>
                <LastName>Marianne Williamson</LastName>
                <FirstName />
                <YesVotes>0</YesVotes>
              </Candidate>
              <Candidate>
                <CandidateID>750117323</CandidateID>
                <LastName>Michael Bennet</LastName>
                <FirstName />
                <YesVotes>0</YesVotes>
              </Candidate>
              <Candidate>
                <CandidateID>750117324</CandidateID>
                <LastName>Michael R. Bloomberg</LastName>
                <FirstName />
                <YesVotes>12</YesVotes>
              </Candidate>
              <Candidate>
                <CandidateID>750117326</CandidateID>
                <LastName>Steve Burke</LastName>
                <FirstName />
                <YesVotes>3</YesVotes>
              </Candidate>
              <Candidate>
                <CandidateID>750117331</CandidateID>
                <LastName>Robby Wells</LastName>
                <FirstName />
                <YesVotes>0</YesVotes>
              </Candidate>
              <Candidate>
                <CandidateID>750117332</CandidateID>
                <LastName>William C. (Bill) Haas</LastName>
                <FirstName />
                <YesVotes>0</YesVotes>
              </Candidate>
              <Candidate>
                <CandidateID>750117354</CandidateID>
                <LastName>Uncommitted</LastName>
                <FirstName />
                <YesVotes>4</YesVotes>
              </Candidate>
            </Party>
            <Party>
              <PartyName>Libertarian</PartyName>
              <Candidate>
                <CandidateID>750117320</CandidateID>
                <LastName>Jacob Hornberger</LastName>
                <FirstName />
                <YesVotes>1</YesVotes>
              </Candidate>
              <Candidate>
                <CandidateID>750117355</CandidateID>
                <LastName>Uncommitted</LastName>
                <FirstName />
                <YesVotes>1</YesVotes>
              </Candidate>
            </Party>
            <Party>
              <PartyName>Green</PartyName>
              <Candidate>
                <CandidateID>750117325</CandidateID>
                <LastName>Howie Hawkins</LastName>
                <FirstName />
                <YesVotes>0</YesVotes>
              </Candidate>
              <Candidate>
                <CandidateID>750117327</CandidateID>
                <LastName>Dario Hunter</LastName>
                <FirstName />
                <YesVotes>1</YesVotes>
              </Candidate>
              <Candidate>
                <CandidateID>750117329</CandidateID>
                <LastName>David Rolde</LastName>
                <FirstName />
                <YesVotes>0</YesVotes>
              </Candidate>
              <Candidate>
                <CandidateID>750117356</CandidateID>
                <LastName>Uncommitted</LastName>
                <FirstName />
                <YesVotes>0</YesVotes>
              </Candidate>
            </Party>
            <Party>
              <PartyName>Constitution</PartyName>
              <Candidate>
                <CandidateID>750117333</CandidateID>
                <LastName>Don J. Grundmann</LastName>
                <FirstName />
                <YesVotes>0</YesVotes>
              </Candidate>
              <Candidate>
                <CandidateID>750117335</CandidateID>
                <LastName>Don Blankenship</LastName>
                <FirstName />
                <YesVotes>0</YesVotes>
              </Candidate>
              <Candidate>
                <CandidateID>750117357</CandidateID>
                <LastName>Uncommitted</LastName>
                <FirstName />
                <YesVotes>0</YesVotes>
              </Candidate>
            </Party>
          </CountyResults>
        </Counties>
        <Counties>
          <CountyName>Morgan</CountyName>
          <CountyResults>
            <ReportingPrecincts>11</ReportingPrecincts>
            <TotalPrecincts>11</TotalPrecincts>
            <Party>
              <PartyName>Republican</PartyName>
              <Candidate>
                <CandidateID>750117286</CandidateID>
                <LastName>Donald J Trump</LastName>
                <FirstName />
                <YesVotes>1649</YesVotes>
              </Candidate>
              <Candidate>
                <CandidateID>750117300</CandidateID>
                <LastName>Bob Ely</LastName>
                <FirstName />
                <YesVotes>2</YesVotes>
              </Candidate>
              <Candidate>
                <CandidateID>750117328</CandidateID>
                <LastName>Bill Weld</LastName>
                <FirstName />
                <YesVotes>11</YesVotes>
              </Candidate>
              <Candidate>
                <CandidateID>750117330</CandidateID>
                <LastName>Joe Walsh</LastName>
                <FirstName />
                <YesVotes>9</YesVotes>
              </Candidate>
              <Candidate>
                <CandidateID>750117334</CandidateID>
                <LastName>Matthew John Matern</LastName>
                <FirstName />
                <YesVotes>1</YesVotes>
              </Candidate>
              <Candidate>
                <CandidateID>750117353</CandidateID>
                <LastName>Uncommitted</LastName>
                <FirstName />
                <YesVotes>11</YesVotes>
              </Candidate>
            </Party>
            <Party>
              <PartyName>Democratic</PartyName>
              <Candidate>
                <CandidateID>750117276</CandidateID>
                <LastName>Amy Klobuchar</LastName>
                <FirstName />
                <YesVotes>8</YesVotes>
              </Candidate>
              <Candidate>
                <CandidateID>750117280</CandidateID>
                <LastName>Tom Steyer</LastName>
                <FirstName />
                <YesVotes>2</YesVotes>
              </Candidate>
              <Candidate>
                <CandidateID>750117274</CandidateID>
                <LastName>Tulsi Gabbard</LastName>
                <FirstName />
                <YesVotes>12</YesVotes>
              </Candidate>
              <Candidate>
                <CandidateID>750117278</CandidateID>
                <LastName>Leonard J. Steinman II</LastName>
                <FirstName />
                <YesVotes>0</YesVotes>
              </Candidate>
              <Candidate>
                <CandidateID>750117285</CandidateID>
                <LastName>Cory Booker</LastName>
                <FirstName />
                <YesVotes>2</YesVotes>
              </Candidate>
              <Candidate>
                <CandidateID>750117279</CandidateID>
                <LastName>Joseph R. Biden</LastName>
                <FirstName />
                <YesVotes>781</YesVotes>
              </Candidate>
              <Candidate>
                <CandidateID>750117282</CandidateID>
                <LastName>Elizabeth Warren</LastName>
                <FirstName />
                <YesVotes>10</YesVotes>
              </Candidate>
              <Candidate>
                <CandidateID>750117275</CandidateID>
                <LastName>Pete Buttigieg</LastName>
                <FirstName />
                <YesVotes>2</YesVotes>
              </Candidate>
              <Candidate>
                <CandidateID>750117283</CandidateID>
                <LastName>Bernie Sanders</LastName>
                <FirstName />
                <YesVotes>316</YesVotes>
              </Candidate>
              <Candidate>
                <CandidateID>750117277</CandidateID>
                <LastName>Velma Steinman</LastName>
                <FirstName />
                <YesVotes>2</YesVotes>
              </Candidate>
              <Candidate>
                <CandidateID>750117287</CandidateID>
                <LastName>Henry Hewes</LastName>
                <FirstName />
                <YesVotes>2</YesVotes>
              </Candidate>
              <Candidate>
                <CandidateID>750117288</CandidateID>
                <LastName>Andrew Yang</LastName>
                <FirstName />
                <YesVotes>2</YesVotes>
              </Candidate>
              <Candidate>
                <CandidateID>750117299</CandidateID>
                <LastName>Roque De La Fuente</LastName>
                <FirstName />
                <YesVotes>2</YesVotes>
              </Candidate>
              <Candidate>
                <CandidateID>750117301</CandidateID>
                <LastName>John K. Delaney</LastName>
                <FirstName />
                <YesVotes>2</YesVotes>
              </Candidate>
              <Candidate>
                <CandidateID>750117302</CandidateID>
                <LastName>Julián Castro</LastName>
                <FirstName />
                <YesVotes>0</YesVotes>
              </Candidate>
              <Candidate>
                <CandidateID>750117303</CandidateID>
                <LastName>Deval Patrick</LastName>
                <FirstName />
                <YesVotes>0</YesVotes>
              </Candidate>
              <Candidate>
                <CandidateID>750117321</CandidateID>
                <LastName>Marianne Williamson</LastName>
                <FirstName />
                <YesVotes>0</YesVotes>
              </Candidate>
              <Candidate>
                <CandidateID>750117323</CandidateID>
                <LastName>Michael Bennet</LastName>
                <FirstName />
                <YesVotes>0</YesVotes>
              </Candidate>
              <Candidate>
                <CandidateID>750117324</CandidateID>
                <LastName>Michael R. Bloomberg</LastName>
                <FirstName />
                <YesVotes>22</YesVotes>
              </Candidate>
              <Candidate>
                <CandidateID>750117326</CandidateID>
                <LastName>Steve Burke</LastName>
                <FirstName />
                <YesVotes>1</YesVotes>
              </Candidate>
              <Candidate>
                <CandidateID>750117331</CandidateID>
                <LastName>Robby Wells</LastName>
                <FirstName />
                <YesVotes>0</YesVotes>
              </Candidate>
              <Candidate>
                <CandidateID>750117332</CandidateID>
                <LastName>William C. (Bill) Haas</LastName>
                <FirstName />
                <YesVotes>1</YesVotes>
              </Candidate>
              <Candidate>
                <CandidateID>750117354</CandidateID>
                <LastName>Uncommitted</LastName>
                <FirstName />
                <YesVotes>6</YesVotes>
              </Candidate>
            </Party>
            <Party>
              <PartyName>Libertarian</PartyName>
              <Candidate>
                <CandidateID>750117320</CandidateID>
                <LastName>Jacob Hornberger</LastName>
                <FirstName />
                <YesVotes>3</YesVotes>
              </Candidate>
              <Candidate>
                <CandidateID>750117355</CandidateID>
                <LastName>Uncommitted</LastName>
                <FirstName />
                <YesVotes>1</YesVotes>
              </Candidate>
            </Party>
            <Party>
              <PartyName>Green</PartyName>
              <Candidate>
                <CandidateID>750117325</CandidateID>
                <LastName>Howie Hawkins</LastName>
                <FirstName />
                <YesVotes>1</YesVotes>
              </Candidate>
              <Candidate>
                <CandidateID>750117327</CandidateID>
                <LastName>Dario Hunter</LastName>
                <FirstName />
                <YesVotes>0</YesVotes>
              </Candidate>
              <Candidate>
                <CandidateID>750117329</CandidateID>
                <LastName>David Rolde</LastName>
                <FirstName />
                <YesVotes>0</YesVotes>
              </Candidate>
              <Candidate>
                <CandidateID>750117356</CandidateID>
                <LastName>Uncommitted</LastName>
                <FirstName />
                <YesVotes>0</YesVotes>
              </Candidate>
            </Party>
            <Party>
              <PartyName>Constitution</PartyName>
              <Candidate>
                <CandidateID>750117333</CandidateID>
                <LastName>Don J. Grundmann</LastName>
                <FirstName />
                <YesVotes>1</YesVotes>
              </Candidate>
              <Candidate>
                <CandidateID>750117335</CandidateID>
                <LastName>Don Blankenship</LastName>
                <FirstName />
                <YesVotes>1</YesVotes>
              </Candidate>
              <Candidate>
                <CandidateID>750117357</CandidateID>
                <LastName>Uncommitted</LastName>
                <FirstName />
                <YesVotes>2</YesVotes>
              </Candidate>
            </Party>
          </CountyResults>
        </Counties>
        <Counties>
          <CountyName>New Madrid</CountyName>
          <CountyResults>
            <ReportingPrecincts>19</ReportingPrecincts>
            <TotalPrecincts>19</TotalPrecincts>
            <Party>
              <PartyName>Republican</PartyName>
              <Candidate>
                <CandidateID>750117286</CandidateID>
                <LastName>Donald J Trump</LastName>
                <FirstName />
                <YesVotes>864</YesVotes>
              </Candidate>
              <Candidate>
                <CandidateID>750117300</CandidateID>
                <LastName>Bob Ely</LastName>
                <FirstName />
                <YesVotes>0</YesVotes>
              </Candidate>
              <Candidate>
                <CandidateID>750117328</CandidateID>
                <LastName>Bill Weld</LastName>
                <FirstName />
                <YesVotes>2</YesVotes>
              </Candidate>
              <Candidate>
                <CandidateID>750117330</CandidateID>
                <LastName>Joe Walsh</LastName>
                <FirstName />
                <YesVotes>6</YesVotes>
              </Candidate>
              <Candidate>
                <CandidateID>750117334</CandidateID>
                <LastName>Matthew John Matern</LastName>
                <FirstName />
                <YesVotes>0</YesVotes>
              </Candidate>
              <Candidate>
                <CandidateID>750117353</CandidateID>
                <LastName>Uncommitted</LastName>
                <FirstName />
                <YesVotes>5</YesVotes>
              </Candidate>
            </Party>
            <Party>
              <PartyName>Democratic</PartyName>
              <Candidate>
                <CandidateID>750117276</CandidateID>
                <LastName>Amy Klobuchar</LastName>
                <FirstName />
                <YesVotes>0</YesVotes>
              </Candidate>
              <Candidate>
                <CandidateID>750117280</CandidateID>
                <LastName>Tom Steyer</LastName>
                <FirstName />
                <YesVotes>0</YesVotes>
              </Candidate>
              <Candidate>
                <CandidateID>750117274</CandidateID>
                <LastName>Tulsi Gabbard</LastName>
                <FirstName />
                <YesVotes>10</YesVotes>
              </Candidate>
              <Candidate>
                <CandidateID>750117278</CandidateID>
                <LastName>Leonard J. Steinman II</LastName>
                <FirstName />
                <YesVotes>0</YesVotes>
              </Candidate>
              <Candidate>
                <CandidateID>750117285</CandidateID>
                <LastName>Cory Booker</LastName>
                <FirstName />
                <YesVotes>2</YesVotes>
              </Candidate>
              <Candidate>
                <CandidateID>750117279</CandidateID>
                <LastName>Joseph R. Biden</LastName>
                <FirstName />
                <YesVotes>535</YesVotes>
              </Candidate>
              <Candidate>
                <CandidateID>750117282</CandidateID>
                <LastName>Elizabeth Warren</LastName>
                <FirstName />
                <YesVotes>6</YesVotes>
              </Candidate>
              <Candidate>
                <CandidateID>750117275</CandidateID>
                <LastName>Pete Buttigieg</LastName>
                <FirstName />
                <YesVotes>2</YesVotes>
              </Candidate>
              <Candidate>
                <CandidateID>750117283</CandidateID>
                <LastName>Bernie Sanders</LastName>
                <FirstName />
                <YesVotes>223</YesVotes>
              </Candidate>
              <Candidate>
                <CandidateID>750117277</CandidateID>
                <LastName>Velma Steinman</LastName>
                <FirstName />
                <YesVotes>2</YesVotes>
              </Candidate>
              <Candidate>
                <CandidateID>750117287</CandidateID>
                <LastName>Henry Hewes</LastName>
                <FirstName />
                <YesVotes>0</YesVotes>
              </Candidate>
              <Candidate>
                <CandidateID>750117288</CandidateID>
                <LastName>Andrew Yang</LastName>
                <FirstName />
                <YesVotes>0</YesVotes>
              </Candidate>
              <Candidate>
                <CandidateID>750117299</CandidateID>
                <LastName>Roque De La Fuente</LastName>
                <FirstName />
                <YesVotes>1</YesVotes>
              </Candidate>
              <Candidate>
                <CandidateID>750117301</CandidateID>
                <LastName>John K. Delaney</LastName>
                <FirstName />
                <YesVotes>2</YesVotes>
              </Candidate>
              <Candidate>
                <CandidateID>750117302</CandidateID>
                <LastName>Julián Castro</LastName>
                <FirstName />
                <YesVotes>0</YesVotes>
              </Candidate>
              <Candidate>
                <CandidateID>750117303</CandidateID>
                <LastName>Deval Patrick</LastName>
                <FirstName />
                <YesVotes>0</YesVotes>
              </Candidate>
              <Candidate>
                <CandidateID>750117321</CandidateID>
                <LastName>Marianne Williamson</LastName>
                <FirstName />
                <YesVotes>0</YesVotes>
              </Candidate>
              <Candidate>
                <CandidateID>750117323</CandidateID>
                <LastName>Michael Bennet</LastName>
                <FirstName />
                <YesVotes>0</YesVotes>
              </Candidate>
              <Candidate>
                <CandidateID>750117324</CandidateID>
                <LastName>Michael R. Bloomberg</LastName>
                <FirstName />
                <YesVotes>4</YesVotes>
              </Candidate>
              <Candidate>
                <CandidateID>750117326</CandidateID>
                <LastName>Steve Burke</LastName>
                <FirstName />
                <YesVotes>0</YesVotes>
              </Candidate>
              <Candidate>
                <CandidateID>750117331</CandidateID>
                <LastName>Robby Wells</LastName>
                <FirstName />
                <YesVotes>0</YesVotes>
              </Candidate>
              <Candidate>
                <CandidateID>750117332</CandidateID>
                <LastName>William C. (Bill) Haas</LastName>
                <FirstName />
                <YesVotes>1</YesVotes>
              </Candidate>
              <Candidate>
                <CandidateID>750117354</CandidateID>
                <LastName>Uncommitted</LastName>
                <FirstName />
                <YesVotes>9</YesVotes>
              </Candidate>
            </Party>
            <Party>
              <PartyName>Libertarian</PartyName>
              <Candidate>
                <CandidateID>750117320</CandidateID>
                <LastName>Jacob Hornberger</LastName>
                <FirstName />
                <YesVotes>2</YesVotes>
              </Candidate>
              <Candidate>
                <CandidateID>750117355</CandidateID>
                <LastName>Uncommitted</LastName>
                <FirstName />
                <YesVotes>0</YesVotes>
              </Candidate>
            </Party>
            <Party>
              <PartyName>Green</PartyName>
              <Candidate>
                <CandidateID>750117325</CandidateID>
                <LastName>Howie Hawkins</LastName>
                <FirstName />
                <YesVotes>0</YesVotes>
              </Candidate>
              <Candidate>
                <CandidateID>750117327</CandidateID>
                <LastName>Dario Hunter</LastName>
                <FirstName />
                <YesVotes>0</YesVotes>
              </Candidate>
              <Candidate>
                <CandidateID>750117329</CandidateID>
                <LastName>David Rolde</LastName>
                <FirstName />
                <YesVotes>0</YesVotes>
              </Candidate>
              <Candidate>
                <CandidateID>750117356</CandidateID>
                <LastName>Uncommitted</LastName>
                <FirstName />
                <YesVotes>0</YesVotes>
              </Candidate>
            </Party>
            <Party>
              <PartyName>Constitution</PartyName>
              <Candidate>
                <CandidateID>750117333</CandidateID>
                <LastName>Don J. Grundmann</LastName>
                <FirstName />
                <YesVotes>0</YesVotes>
              </Candidate>
              <Candidate>
                <CandidateID>750117335</CandidateID>
                <LastName>Don Blankenship</LastName>
                <FirstName />
                <YesVotes>0</YesVotes>
              </Candidate>
              <Candidate>
                <CandidateID>750117357</CandidateID>
                <LastName>Uncommitted</LastName>
                <FirstName />
                <YesVotes>0</YesVotes>
              </Candidate>
            </Party>
          </CountyResults>
        </Counties>
        <Counties>
          <CountyName>Newton</CountyName>
          <CountyResults>
            <ReportingPrecincts>24</ReportingPrecincts>
            <TotalPrecincts>24</TotalPrecincts>
            <Party>
              <PartyName>Republican</PartyName>
              <Candidate>
                <CandidateID>750117286</CandidateID>
                <LastName>Donald J Trump</LastName>
                <FirstName />
                <YesVotes>3931</YesVotes>
              </Candidate>
              <Candidate>
                <CandidateID>750117300</CandidateID>
                <LastName>Bob Ely</LastName>
                <FirstName />
                <YesVotes>4</YesVotes>
              </Candidate>
              <Candidate>
                <CandidateID>750117328</CandidateID>
                <LastName>Bill Weld</LastName>
                <FirstName />
                <YesVotes>16</YesVotes>
              </Candidate>
              <Candidate>
                <CandidateID>750117330</CandidateID>
                <LastName>Joe Walsh</LastName>
                <FirstName />
                <YesVotes>24</YesVotes>
              </Candidate>
              <Candidate>
                <CandidateID>750117334</CandidateID>
                <LastName>Matthew John Matern</LastName>
                <FirstName />
                <YesVotes>4</YesVotes>
              </Candidate>
              <Candidate>
                <CandidateID>750117353</CandidateID>
                <LastName>Uncommitted</LastName>
                <FirstName />
                <YesVotes>38</YesVotes>
              </Candidate>
            </Party>
            <Party>
              <PartyName>Democratic</PartyName>
              <Candidate>
                <CandidateID>750117276</CandidateID>
                <LastName>Amy Klobuchar</LastName>
                <FirstName />
                <YesVotes>13</YesVotes>
              </Candidate>
              <Candidate>
                <CandidateID>750117280</CandidateID>
                <LastName>Tom Steyer</LastName>
                <FirstName />
                <YesVotes>6</YesVotes>
              </Candidate>
              <Candidate>
                <CandidateID>750117274</CandidateID>
                <LastName>Tulsi Gabbard</LastName>
                <FirstName />
                <YesVotes>35</YesVotes>
              </Candidate>
              <Candidate>
                <CandidateID>750117278</CandidateID>
                <LastName>Leonard J. Steinman II</LastName>
                <FirstName />
                <YesVotes>1</YesVotes>
              </Candidate>
              <Candidate>
                <CandidateID>750117285</CandidateID>
                <LastName>Cory Booker</LastName>
                <FirstName />
                <YesVotes>0</YesVotes>
              </Candidate>
              <Candidate>
                <CandidateID>750117279</CandidateID>
                <LastName>Joseph R. Biden</LastName>
                <FirstName />
                <YesVotes>1558</YesVotes>
              </Candidate>
              <Candidate>
                <CandidateID>750117282</CandidateID>
                <LastName>Elizabeth Warren</LastName>
                <FirstName />
                <YesVotes>31</YesVotes>
              </Candidate>
              <Candidate>
                <CandidateID>750117275</CandidateID>
                <LastName>Pete Buttigieg</LastName>
                <FirstName />
                <YesVotes>10</YesVotes>
              </Candidate>
              <Candidate>
                <CandidateID>750117283</CandidateID>
                <LastName>Bernie Sanders</LastName>
                <FirstName />
                <YesVotes>1111</YesVotes>
              </Candidate>
              <Candidate>
                <CandidateID>750117277</CandidateID>
                <LastName>Velma Steinman</LastName>
                <FirstName />
                <YesVotes>0</YesVotes>
              </Candidate>
              <Candidate>
                <CandidateID>750117287</CandidateID>
                <LastName>Henry Hewes</LastName>
                <FirstName />
                <YesVotes>1</YesVotes>
              </Candidate>
              <Candidate>
                <CandidateID>750117288</CandidateID>
                <LastName>Andrew Yang</LastName>
                <FirstName />
                <YesVotes>5</YesVotes>
              </Candidate>
              <Candidate>
                <CandidateID>750117299</CandidateID>
                <LastName>Roque De La Fuente</LastName>
                <FirstName />
                <YesVotes>0</YesVotes>
              </Candidate>
              <Candidate>
                <CandidateID>750117301</CandidateID>
                <LastName>John K. Delaney</LastName>
                <FirstName />
                <YesVotes>0</YesVotes>
              </Candidate>
              <Candidate>
                <CandidateID>750117302</CandidateID>
                <LastName>Julián Castro</LastName>
                <FirstName />
                <YesVotes>1</YesVotes>
              </Candidate>
              <Candidate>
                <CandidateID>750117303</CandidateID>
                <LastName>Deval Patrick</LastName>
                <FirstName />
                <YesVotes>1</YesVotes>
              </Candidate>
              <Candidate>
                <CandidateID>750117321</CandidateID>
                <LastName>Marianne Williamson</LastName>
                <FirstName />
                <YesVotes>0</YesVotes>
              </Candidate>
              <Candidate>
                <CandidateID>750117323</CandidateID>
                <LastName>Michael Bennet</LastName>
                <FirstName />
                <YesVotes>1</YesVotes>
              </Candidate>
              <Candidate>
                <CandidateID>750117324</CandidateID>
                <LastName>Michael R. Bloomberg</LastName>
                <FirstName />
                <YesVotes>15</YesVotes>
              </Candidate>
              <Candidate>
                <CandidateID>750117326</CandidateID>
                <LastName>Steve Burke</LastName>
                <FirstName />
                <YesVotes>1</YesVotes>
              </Candidate>
              <Candidate>
                <CandidateID>750117331</CandidateID>
                <LastName>Robby Wells</LastName>
                <FirstName />
                <YesVotes>0</YesVotes>
              </Candidate>
              <Candidate>
                <CandidateID>750117332</CandidateID>
                <LastName>William C. (Bill) Haas</LastName>
                <FirstName />
                <YesVotes>0</YesVotes>
              </Candidate>
              <Candidate>
                <CandidateID>750117354</CandidateID>
                <LastName>Uncommitted</LastName>
                <FirstName />
                <YesVotes>12</YesVotes>
              </Candidate>
            </Party>
            <Party>
              <PartyName>Libertarian</PartyName>
              <Candidate>
                <CandidateID>750117320</CandidateID>
                <LastName>Jacob Hornberger</LastName>
                <FirstName />
                <YesVotes>7</YesVotes>
              </Candidate>
              <Candidate>
                <CandidateID>750117355</CandidateID>
                <LastName>Uncommitted</LastName>
                <FirstName />
                <YesVotes>0</YesVotes>
              </Candidate>
            </Party>
            <Party>
              <PartyName>Green</PartyName>
              <Candidate>
                <CandidateID>750117325</CandidateID>
                <LastName>Howie Hawkins</LastName>
                <FirstName />
                <YesVotes>3</YesVotes>
              </Candidate>
              <Candidate>
                <CandidateID>750117327</CandidateID>
                <LastName>Dario Hunter</LastName>
                <FirstName />
                <YesVotes>4</YesVotes>
              </Candidate>
              <Candidate>
                <CandidateID>750117329</CandidateID>
                <LastName>David Rolde</LastName>
                <FirstName />
                <YesVotes>1</YesVotes>
              </Candidate>
              <Candidate>
                <CandidateID>750117356</CandidateID>
                <LastName>Uncommitted</LastName>
                <FirstName />
                <YesVotes>1</YesVotes>
              </Candidate>
            </Party>
            <Party>
              <PartyName>Constitution</PartyName>
              <Candidate>
                <CandidateID>750117333</CandidateID>
                <LastName>Don J. Grundmann</LastName>
                <FirstName />
                <YesVotes>1</YesVotes>
              </Candidate>
              <Candidate>
                <CandidateID>750117335</CandidateID>
                <LastName>Don Blankenship</LastName>
                <FirstName />
                <YesVotes>0</YesVotes>
              </Candidate>
              <Candidate>
                <CandidateID>750117357</CandidateID>
                <LastName>Uncommitted</LastName>
                <FirstName />
                <YesVotes>0</YesVotes>
              </Candidate>
            </Party>
          </CountyResults>
        </Counties>
        <Counties>
          <CountyName>Nodaway</CountyName>
          <CountyResults>
            <ReportingPrecincts>18</ReportingPrecincts>
            <TotalPrecincts>18</TotalPrecincts>
            <Party>
              <PartyName>Republican</PartyName>
              <Candidate>
                <CandidateID>750117286</CandidateID>
                <LastName>Donald J Trump</LastName>
                <FirstName />
                <YesVotes>1163</YesVotes>
              </Candidate>
              <Candidate>
                <CandidateID>750117300</CandidateID>
                <LastName>Bob Ely</LastName>
                <FirstName />
                <YesVotes>1</YesVotes>
              </Candidate>
              <Candidate>
                <CandidateID>750117328</CandidateID>
                <LastName>Bill Weld</LastName>
                <FirstName />
                <YesVotes>5</YesVotes>
              </Candidate>
              <Candidate>
                <CandidateID>750117330</CandidateID>
                <LastName>Joe Walsh</LastName>
                <FirstName />
                <YesVotes>13</YesVotes>
              </Candidate>
              <Candidate>
                <CandidateID>750117334</CandidateID>
                <LastName>Matthew John Matern</LastName>
                <FirstName />
                <YesVotes>1</YesVotes>
              </Candidate>
              <Candidate>
                <CandidateID>750117353</CandidateID>
                <LastName>Uncommitted</LastName>
                <FirstName />
                <YesVotes>9</YesVotes>
              </Candidate>
            </Party>
            <Party>
              <PartyName>Democratic</PartyName>
              <Candidate>
                <CandidateID>750117276</CandidateID>
                <LastName>Amy Klobuchar</LastName>
                <FirstName />
                <YesVotes>11</YesVotes>
              </Candidate>
              <Candidate>
                <CandidateID>750117280</CandidateID>
                <LastName>Tom Steyer</LastName>
                <FirstName />
                <YesVotes>3</YesVotes>
              </Candidate>
              <Candidate>
                <CandidateID>750117274</CandidateID>
                <LastName>Tulsi Gabbard</LastName>
                <FirstName />
                <YesVotes>29</YesVotes>
              </Candidate>
              <Candidate>
                <CandidateID>750117278</CandidateID>
                <LastName>Leonard J. Steinman II</LastName>
                <FirstName />
                <YesVotes>0</YesVotes>
              </Candidate>
              <Candidate>
                <CandidateID>750117285</CandidateID>
                <LastName>Cory Booker</LastName>
                <FirstName />
                <YesVotes>0</YesVotes>
              </Candidate>
              <Candidate>
                <CandidateID>750117279</CandidateID>
                <LastName>Joseph R. Biden</LastName>
                <FirstName />
                <YesVotes>974</YesVotes>
              </Candidate>
              <Candidate>
                <CandidateID>750117282</CandidateID>
                <LastName>Elizabeth Warren</LastName>
                <FirstName />
                <YesVotes>32</YesVotes>
              </Candidate>
              <Candidate>
                <CandidateID>750117275</CandidateID>
                <LastName>Pete Buttigieg</LastName>
                <FirstName />
                <YesVotes>15</YesVotes>
              </Candidate>
              <Candidate>
                <CandidateID>750117283</CandidateID>
                <LastName>Bernie Sanders</LastName>
                <FirstName />
                <YesVotes>484</YesVotes>
              </Candidate>
              <Candidate>
                <CandidateID>750117277</CandidateID>
                <LastName>Velma Steinman</LastName>
                <FirstName />
                <YesVotes>0</YesVotes>
              </Candidate>
              <Candidate>
                <CandidateID>750117287</CandidateID>
                <LastName>Henry Hewes</LastName>
                <FirstName />
                <YesVotes>0</YesVotes>
              </Candidate>
              <Candidate>
                <CandidateID>750117288</CandidateID>
                <LastName>Andrew Yang</LastName>
                <FirstName />
                <YesVotes>1</YesVotes>
              </Candidate>
              <Candidate>
                <CandidateID>750117299</CandidateID>
                <LastName>Roque De La Fuente</LastName>
                <FirstName />
                <YesVotes>0</YesVotes>
              </Candidate>
              <Candidate>
                <CandidateID>750117301</CandidateID>
                <LastName>John K. Delaney</LastName>
                <FirstName />
                <YesVotes>0</YesVotes>
              </Candidate>
              <Candidate>
                <CandidateID>750117302</CandidateID>
                <LastName>Julián Castro</LastName>
                <FirstName />
                <YesVotes>0</YesVotes>
              </Candidate>
              <Candidate>
                <CandidateID>750117303</CandidateID>
                <LastName>Deval Patrick</LastName>
                <FirstName />
                <YesVotes>1</YesVotes>
              </Candidate>
              <Candidate>
                <CandidateID>750117321</CandidateID>
                <LastName>Marianne Williamson</LastName>
                <FirstName />
                <YesVotes>1</YesVotes>
              </Candidate>
              <Candidate>
                <CandidateID>750117323</CandidateID>
                <LastName>Michael Bennet</LastName>
                <FirstName />
                <YesVotes>0</YesVotes>
              </Candidate>
              <Candidate>
                <CandidateID>750117324</CandidateID>
                <LastName>Michael R. Bloomberg</LastName>
                <FirstName />
                <YesVotes>30</YesVotes>
              </Candidate>
              <Candidate>
                <CandidateID>750117326</CandidateID>
                <LastName>Steve Burke</LastName>
                <FirstName />
                <YesVotes>1</YesVotes>
              </Candidate>
              <Candidate>
                <CandidateID>750117331</CandidateID>
                <LastName>Robby Wells</LastName>
                <FirstName />
                <YesVotes>0</YesVotes>
              </Candidate>
              <Candidate>
                <CandidateID>750117332</CandidateID>
                <LastName>William C. (Bill) Haas</LastName>
                <FirstName />
                <YesVotes>1</YesVotes>
              </Candidate>
              <Candidate>
                <CandidateID>750117354</CandidateID>
                <LastName>Uncommitted</LastName>
                <FirstName />
                <YesVotes>11</YesVotes>
              </Candidate>
            </Party>
            <Party>
              <PartyName>Libertarian</PartyName>
              <Candidate>
                <CandidateID>750117320</CandidateID>
                <LastName>Jacob Hornberger</LastName>
                <FirstName />
                <YesVotes>7</YesVotes>
              </Candidate>
              <Candidate>
                <CandidateID>750117355</CandidateID>
                <LastName>Uncommitted</LastName>
                <FirstName />
                <YesVotes>0</YesVotes>
              </Candidate>
            </Party>
            <Party>
              <PartyName>Green</PartyName>
              <Candidate>
                <CandidateID>750117325</CandidateID>
                <LastName>Howie Hawkins</LastName>
                <FirstName />
                <YesVotes>1</YesVotes>
              </Candidate>
              <Candidate>
                <CandidateID>750117327</CandidateID>
                <LastName>Dario Hunter</LastName>
                <FirstName />
                <YesVotes>0</YesVotes>
              </Candidate>
              <Candidate>
                <CandidateID>750117329</CandidateID>
                <LastName>David Rolde</LastName>
                <FirstName />
                <YesVotes>0</YesVotes>
              </Candidate>
              <Candidate>
                <CandidateID>750117356</CandidateID>
                <LastName>Uncommitted</LastName>
                <FirstName />
                <YesVotes>0</YesVotes>
              </Candidate>
            </Party>
            <Party>
              <PartyName>Constitution</PartyName>
              <Candidate>
                <CandidateID>750117333</CandidateID>
                <LastName>Don J. Grundmann</LastName>
                <FirstName />
                <YesVotes>0</YesVotes>
              </Candidate>
              <Candidate>
                <CandidateID>750117335</CandidateID>
                <LastName>Don Blankenship</LastName>
                <FirstName />
                <YesVotes>2</YesVotes>
              </Candidate>
              <Candidate>
                <CandidateID>750117357</CandidateID>
                <LastName>Uncommitted</LastName>
                <FirstName />
                <YesVotes>0</YesVotes>
              </Candidate>
            </Party>
          </CountyResults>
        </Counties>
        <Counties>
          <CountyName>Oregon</CountyName>
          <CountyResults>
            <ReportingPrecincts>10</ReportingPrecincts>
            <TotalPrecincts>10</TotalPrecincts>
            <Party>
              <PartyName>Republican</PartyName>
              <Candidate>
                <CandidateID>750117286</CandidateID>
                <LastName>Donald J Trump</LastName>
                <FirstName />
                <YesVotes>730</YesVotes>
              </Candidate>
              <Candidate>
                <CandidateID>750117300</CandidateID>
                <LastName>Bob Ely</LastName>
                <FirstName />
                <YesVotes>2</YesVotes>
              </Candidate>
              <Candidate>
                <CandidateID>750117328</CandidateID>
                <LastName>Bill Weld</LastName>
                <FirstName />
                <YesVotes>1</YesVotes>
              </Candidate>
              <Candidate>
                <CandidateID>750117330</CandidateID>
                <LastName>Joe Walsh</LastName>
                <FirstName />
                <YesVotes>0</YesVotes>
              </Candidate>
              <Candidate>
                <CandidateID>750117334</CandidateID>
                <LastName>Matthew John Matern</LastName>
                <FirstName />
                <YesVotes>0</YesVotes>
              </Candidate>
              <Candidate>
                <CandidateID>750117353</CandidateID>
                <LastName>Uncommitted</LastName>
                <FirstName />
                <YesVotes>4</YesVotes>
              </Candidate>
            </Party>
            <Party>
              <PartyName>Democratic</PartyName>
              <Candidate>
                <CandidateID>750117276</CandidateID>
                <LastName>Amy Klobuchar</LastName>
                <FirstName />
                <YesVotes>3</YesVotes>
              </Candidate>
              <Candidate>
                <CandidateID>750117280</CandidateID>
                <LastName>Tom Steyer</LastName>
                <FirstName />
                <YesVotes>0</YesVotes>
              </Candidate>
              <Candidate>
                <CandidateID>750117274</CandidateID>
                <LastName>Tulsi Gabbard</LastName>
                <FirstName />
                <YesVotes>4</YesVotes>
              </Candidate>
              <Candidate>
                <CandidateID>750117278</CandidateID>
                <LastName>Leonard J. Steinman II</LastName>
                <FirstName />
                <YesVotes>0</YesVotes>
              </Candidate>
              <Candidate>
                <CandidateID>750117285</CandidateID>
                <LastName>Cory Booker</LastName>
                <FirstName />
                <YesVotes>1</YesVotes>
              </Candidate>
              <Candidate>
                <CandidateID>750117279</CandidateID>
                <LastName>Joseph R. Biden</LastName>
                <FirstName />
                <YesVotes>320</YesVotes>
              </Candidate>
              <Candidate>
                <CandidateID>750117282</CandidateID>
                <LastName>Elizabeth Warren</LastName>
                <FirstName />
                <YesVotes>6</YesVotes>
              </Candidate>
              <Candidate>
                <CandidateID>750117275</CandidateID>
                <LastName>Pete Buttigieg</LastName>
                <FirstName />
                <YesVotes>3</YesVotes>
              </Candidate>
              <Candidate>
                <CandidateID>750117283</CandidateID>
                <LastName>Bernie Sanders</LastName>
                <FirstName />
                <YesVotes>123</YesVotes>
              </Candidate>
              <Candidate>
                <CandidateID>750117277</CandidateID>
                <LastName>Velma Steinman</LastName>
                <FirstName />
                <YesVotes>1</YesVotes>
              </Candidate>
              <Candidate>
                <CandidateID>750117287</CandidateID>
                <LastName>Henry Hewes</LastName>
                <FirstName />
                <YesVotes>1</YesVotes>
              </Candidate>
              <Candidate>
                <CandidateID>750117288</CandidateID>
                <LastName>Andrew Yang</LastName>
                <FirstName />
                <YesVotes>1</YesVotes>
              </Candidate>
              <Candidate>
                <CandidateID>750117299</CandidateID>
                <LastName>Roque De La Fuente</LastName>
                <FirstName />
                <YesVotes>0</YesVotes>
              </Candidate>
              <Candidate>
                <CandidateID>750117301</CandidateID>
                <LastName>John K. Delaney</LastName>
                <FirstName />
                <YesVotes>1</YesVotes>
              </Candidate>
              <Candidate>
                <CandidateID>750117302</CandidateID>
                <LastName>Julián Castro</LastName>
                <FirstName />
                <YesVotes>0</YesVotes>
              </Candidate>
              <Candidate>
                <CandidateID>750117303</CandidateID>
                <LastName>Deval Patrick</LastName>
                <FirstName />
                <YesVotes>0</YesVotes>
              </Candidate>
              <Candidate>
                <CandidateID>750117321</CandidateID>
                <LastName>Marianne Williamson</LastName>
                <FirstName />
                <YesVotes>0</YesVotes>
              </Candidate>
              <Candidate>
                <CandidateID>750117323</CandidateID>
                <LastName>Michael Bennet</LastName>
                <FirstName />
                <YesVotes>1</YesVotes>
              </Candidate>
              <Candidate>
                <CandidateID>750117324</CandidateID>
                <LastName>Michael R. Bloomberg</LastName>
                <FirstName />
                <YesVotes>5</YesVotes>
              </Candidate>
              <Candidate>
                <CandidateID>750117326</CandidateID>
                <LastName>Steve Burke</LastName>
                <FirstName />
                <YesVotes>0</YesVotes>
              </Candidate>
              <Candidate>
                <CandidateID>750117331</CandidateID>
                <LastName>Robby Wells</LastName>
                <FirstName />
                <YesVotes>0</YesVotes>
              </Candidate>
              <Candidate>
                <CandidateID>750117332</CandidateID>
                <LastName>William C. (Bill) Haas</LastName>
                <FirstName />
                <YesVotes>4</YesVotes>
              </Candidate>
              <Candidate>
                <CandidateID>750117354</CandidateID>
                <LastName>Uncommitted</LastName>
                <FirstName />
                <YesVotes>6</YesVotes>
              </Candidate>
            </Party>
            <Party>
              <PartyName>Libertarian</PartyName>
              <Candidate>
                <CandidateID>750117320</CandidateID>
                <LastName>Jacob Hornberger</LastName>
                <FirstName />
                <YesVotes>0</YesVotes>
              </Candidate>
              <Candidate>
                <CandidateID>750117355</CandidateID>
                <LastName>Uncommitted</LastName>
                <FirstName />
                <YesVotes>2</YesVotes>
              </Candidate>
            </Party>
            <Party>
              <PartyName>Green</PartyName>
              <Candidate>
                <CandidateID>750117325</CandidateID>
                <LastName>Howie Hawkins</LastName>
                <FirstName />
                <YesVotes>0</YesVotes>
              </Candidate>
              <Candidate>
                <CandidateID>750117327</CandidateID>
                <LastName>Dario Hunter</LastName>
                <FirstName />
                <YesVotes>0</YesVotes>
              </Candidate>
              <Candidate>
                <CandidateID>750117329</CandidateID>
                <LastName>David Rolde</LastName>
                <FirstName />
                <YesVotes>0</YesVotes>
              </Candidate>
              <Candidate>
                <CandidateID>750117356</CandidateID>
                <LastName>Uncommitted</LastName>
                <FirstName />
                <YesVotes>0</YesVotes>
              </Candidate>
            </Party>
            <Party>
              <PartyName>Constitution</PartyName>
              <Candidate>
                <CandidateID>750117333</CandidateID>
                <LastName>Don J. Grundmann</LastName>
                <FirstName />
                <YesVotes>0</YesVotes>
              </Candidate>
              <Candidate>
                <CandidateID>750117335</CandidateID>
                <LastName>Don Blankenship</LastName>
                <FirstName />
                <YesVotes>0</YesVotes>
              </Candidate>
              <Candidate>
                <CandidateID>750117357</CandidateID>
                <LastName>Uncommitted</LastName>
                <FirstName />
                <YesVotes>0</YesVotes>
              </Candidate>
            </Party>
          </CountyResults>
        </Counties>
        <Counties>
          <CountyName>Osage</CountyName>
          <CountyResults>
            <ReportingPrecincts>12</ReportingPrecincts>
            <TotalPrecincts>12</TotalPrecincts>
            <Party>
              <PartyName>Republican</PartyName>
              <Candidate>
                <CandidateID>750117286</CandidateID>
                <LastName>Donald J Trump</LastName>
                <FirstName />
                <YesVotes>1100</YesVotes>
              </Candidate>
              <Candidate>
                <CandidateID>750117300</CandidateID>
                <LastName>Bob Ely</LastName>
                <FirstName />
                <YesVotes>2</YesVotes>
              </Candidate>
              <Candidate>
                <CandidateID>750117328</CandidateID>
                <LastName>Bill Weld</LastName>
                <FirstName />
                <YesVotes>4</YesVotes>
              </Candidate>
              <Candidate>
                <CandidateID>750117330</CandidateID>
                <LastName>Joe Walsh</LastName>
                <FirstName />
                <YesVotes>2</YesVotes>
              </Candidate>
              <Candidate>
                <CandidateID>750117334</CandidateID>
                <LastName>Matthew John Matern</LastName>
                <FirstName />
                <YesVotes>3</YesVotes>
              </Candidate>
              <Candidate>
                <CandidateID>750117353</CandidateID>
                <LastName>Uncommitted</LastName>
                <FirstName />
                <YesVotes>5</YesVotes>
              </Candidate>
            </Party>
            <Party>
              <PartyName>Democratic</PartyName>
              <Candidate>
                <CandidateID>750117276</CandidateID>
                <LastName>Amy Klobuchar</LastName>
                <FirstName />
                <YesVotes>8</YesVotes>
              </Candidate>
              <Candidate>
                <CandidateID>750117280</CandidateID>
                <LastName>Tom Steyer</LastName>
                <FirstName />
                <YesVotes>2</YesVotes>
              </Candidate>
              <Candidate>
                <CandidateID>750117274</CandidateID>
                <LastName>Tulsi Gabbard</LastName>
                <FirstName />
                <YesVotes>18</YesVotes>
              </Candidate>
              <Candidate>
                <CandidateID>750117278</CandidateID>
                <LastName>Leonard J. Steinman II</LastName>
                <FirstName />
                <YesVotes>2</YesVotes>
              </Candidate>
              <Candidate>
                <CandidateID>750117285</CandidateID>
                <LastName>Cory Booker</LastName>
                <FirstName />
                <YesVotes>2</YesVotes>
              </Candidate>
              <Candidate>
                <CandidateID>750117279</CandidateID>
                <LastName>Joseph R. Biden</LastName>
                <FirstName />
                <YesVotes>442</YesVotes>
              </Candidate>
              <Candidate>
                <CandidateID>750117282</CandidateID>
                <LastName>Elizabeth Warren</LastName>
                <FirstName />
                <YesVotes>7</YesVotes>
              </Candidate>
              <Candidate>
                <CandidateID>750117275</CandidateID>
                <LastName>Pete Buttigieg</LastName>
                <FirstName />
                <YesVotes>10</YesVotes>
              </Candidate>
              <Candidate>
                <CandidateID>750117283</CandidateID>
                <LastName>Bernie Sanders</LastName>
                <FirstName />
                <YesVotes>177</YesVotes>
              </Candidate>
              <Candidate>
                <CandidateID>750117277</CandidateID>
                <LastName>Velma Steinman</LastName>
                <FirstName />
                <YesVotes>1</YesVotes>
              </Candidate>
              <Candidate>
                <CandidateID>750117287</CandidateID>
                <LastName>Henry Hewes</LastName>
                <FirstName />
                <YesVotes>0</YesVotes>
              </Candidate>
              <Candidate>
                <CandidateID>750117288</CandidateID>
                <LastName>Andrew Yang</LastName>
                <FirstName />
                <YesVotes>1</YesVotes>
              </Candidate>
              <Candidate>
                <CandidateID>750117299</CandidateID>
                <LastName>Roque De La Fuente</LastName>
                <FirstName />
                <YesVotes>0</YesVotes>
              </Candidate>
              <Candidate>
                <CandidateID>750117301</CandidateID>
                <LastName>John K. Delaney</LastName>
                <FirstName />
                <YesVotes>0</YesVotes>
              </Candidate>
              <Candidate>
                <CandidateID>750117302</CandidateID>
                <LastName>Julián Castro</LastName>
                <FirstName />
                <YesVotes>0</YesVotes>
              </Candidate>
              <Candidate>
                <CandidateID>750117303</CandidateID>
                <LastName>Deval Patrick</LastName>
                <FirstName />
                <YesVotes>0</YesVotes>
              </Candidate>
              <Candidate>
                <CandidateID>750117321</CandidateID>
                <LastName>Marianne Williamson</LastName>
                <FirstName />
                <YesVotes>0</YesVotes>
              </Candidate>
              <Candidate>
                <CandidateID>750117323</CandidateID>
                <LastName>Michael Bennet</LastName>
                <FirstName />
                <YesVotes>1</YesVotes>
              </Candidate>
              <Candidate>
                <CandidateID>750117324</CandidateID>
                <LastName>Michael R. Bloomberg</LastName>
                <FirstName />
                <YesVotes>5</YesVotes>
              </Candidate>
              <Candidate>
                <CandidateID>750117326</CandidateID>
                <LastName>Steve Burke</LastName>
                <FirstName />
                <YesVotes>0</YesVotes>
              </Candidate>
              <Candidate>
                <CandidateID>750117331</CandidateID>
                <LastName>Robby Wells</LastName>
                <FirstName />
                <YesVotes>0</YesVotes>
              </Candidate>
              <Candidate>
                <CandidateID>750117332</CandidateID>
                <LastName>William C. (Bill) Haas</LastName>
                <FirstName />
                <YesVotes>1</YesVotes>
              </Candidate>
              <Candidate>
                <CandidateID>750117354</CandidateID>
                <LastName>Uncommitted</LastName>
                <FirstName />
                <YesVotes>8</YesVotes>
              </Candidate>
            </Party>
            <Party>
              <PartyName>Libertarian</PartyName>
              <Candidate>
                <CandidateID>750117320</CandidateID>
                <LastName>Jacob Hornberger</LastName>
                <FirstName />
                <YesVotes>1</YesVotes>
              </Candidate>
              <Candidate>
                <CandidateID>750117355</CandidateID>
                <LastName>Uncommitted</LastName>
                <FirstName />
                <YesVotes>0</YesVotes>
              </Candidate>
            </Party>
            <Party>
              <PartyName>Green</PartyName>
              <Candidate>
                <CandidateID>750117325</CandidateID>
                <LastName>Howie Hawkins</LastName>
                <FirstName />
                <YesVotes>0</YesVotes>
              </Candidate>
              <Candidate>
                <CandidateID>750117327</CandidateID>
                <LastName>Dario Hunter</LastName>
                <FirstName />
                <YesVotes>0</YesVotes>
              </Candidate>
              <Candidate>
                <CandidateID>750117329</CandidateID>
                <LastName>David Rolde</LastName>
                <FirstName />
                <YesVotes>1</YesVotes>
              </Candidate>
              <Candidate>
                <CandidateID>750117356</CandidateID>
                <LastName>Uncommitted</LastName>
                <FirstName />
                <YesVotes>0</YesVotes>
              </Candidate>
            </Party>
            <Party>
              <PartyName>Constitution</PartyName>
              <Candidate>
                <CandidateID>750117333</CandidateID>
                <LastName>Don J. Grundmann</LastName>
                <FirstName />
                <YesVotes>0</YesVotes>
              </Candidate>
              <Candidate>
                <CandidateID>750117335</CandidateID>
                <LastName>Don Blankenship</LastName>
                <FirstName />
                <YesVotes>0</YesVotes>
              </Candidate>
              <Candidate>
                <CandidateID>750117357</CandidateID>
                <LastName>Uncommitted</LastName>
                <FirstName />
                <YesVotes>0</YesVotes>
              </Candidate>
            </Party>
          </CountyResults>
        </Counties>
        <Counties>
          <CountyName>Ozark</CountyName>
          <CountyResults>
            <ReportingPrecincts>11</ReportingPrecincts>
            <TotalPrecincts>11</TotalPrecincts>
            <Party>
              <PartyName>Republican</PartyName>
              <Candidate>
                <CandidateID>750117286</CandidateID>
                <LastName>Donald J Trump</LastName>
                <FirstName />
                <YesVotes>966</YesVotes>
              </Candidate>
              <Candidate>
                <CandidateID>750117300</CandidateID>
                <LastName>Bob Ely</LastName>
                <FirstName />
                <YesVotes>4</YesVotes>
              </Candidate>
              <Candidate>
                <CandidateID>750117328</CandidateID>
                <LastName>Bill Weld</LastName>
                <FirstName />
                <YesVotes>4</YesVotes>
              </Candidate>
              <Candidate>
                <CandidateID>750117330</CandidateID>
                <LastName>Joe Walsh</LastName>
                <FirstName />
                <YesVotes>6</YesVotes>
              </Candidate>
              <Candidate>
                <CandidateID>750117334</CandidateID>
                <LastName>Matthew John Matern</LastName>
                <FirstName />
                <YesVotes>0</YesVotes>
              </Candidate>
              <Candidate>
                <CandidateID>750117353</CandidateID>
                <LastName>Uncommitted</LastName>
                <FirstName />
                <YesVotes>6</YesVotes>
              </Candidate>
            </Party>
            <Party>
              <PartyName>Democratic</PartyName>
              <Candidate>
                <CandidateID>750117276</CandidateID>
                <LastName>Amy Klobuchar</LastName>
                <FirstName />
                <YesVotes>2</YesVotes>
              </Candidate>
              <Candidate>
                <CandidateID>750117280</CandidateID>
                <LastName>Tom Steyer</LastName>
                <FirstName />
                <YesVotes>0</YesVotes>
              </Candidate>
              <Candidate>
                <CandidateID>750117274</CandidateID>
                <LastName>Tulsi Gabbard</LastName>
                <FirstName />
                <YesVotes>1</YesVotes>
              </Candidate>
              <Candidate>
                <CandidateID>750117278</CandidateID>
                <LastName>Leonard J. Steinman II</LastName>
                <FirstName />
                <YesVotes>0</YesVotes>
              </Candidate>
              <Candidate>
                <CandidateID>750117285</CandidateID>
                <LastName>Cory Booker</LastName>
                <FirstName />
                <YesVotes>0</YesVotes>
              </Candidate>
              <Candidate>
                <CandidateID>750117279</CandidateID>
                <LastName>Joseph R. Biden</LastName>
                <FirstName />
                <YesVotes>254</YesVotes>
              </Candidate>
              <Candidate>
                <CandidateID>750117282</CandidateID>
                <LastName>Elizabeth Warren</LastName>
                <FirstName />
                <YesVotes>4</YesVotes>
              </Candidate>
              <Candidate>
                <CandidateID>750117275</CandidateID>
                <LastName>Pete Buttigieg</LastName>
                <FirstName />
                <YesVotes>5</YesVotes>
              </Candidate>
              <Candidate>
                <CandidateID>750117283</CandidateID>
                <LastName>Bernie Sanders</LastName>
                <FirstName />
                <YesVotes>133</YesVotes>
              </Candidate>
              <Candidate>
                <CandidateID>750117277</CandidateID>
                <LastName>Velma Steinman</LastName>
                <FirstName />
                <YesVotes>1</YesVotes>
              </Candidate>
              <Candidate>
                <CandidateID>750117287</CandidateID>
                <LastName>Henry Hewes</LastName>
                <FirstName />
                <YesVotes>0</YesVotes>
              </Candidate>
              <Candidate>
                <CandidateID>750117288</CandidateID>
                <LastName>Andrew Yang</LastName>
                <FirstName />
                <YesVotes>1</YesVotes>
              </Candidate>
              <Candidate>
                <CandidateID>750117299</CandidateID>
                <LastName>Roque De La Fuente</LastName>
                <FirstName />
                <YesVotes>0</YesVotes>
              </Candidate>
              <Candidate>
                <CandidateID>750117301</CandidateID>
                <LastName>John K. Delaney</LastName>
                <FirstName />
                <YesVotes>0</YesVotes>
              </Candidate>
              <Candidate>
                <CandidateID>750117302</CandidateID>
                <LastName>Julián Castro</LastName>
                <FirstName />
                <YesVotes>0</YesVotes>
              </Candidate>
              <Candidate>
                <CandidateID>750117303</CandidateID>
                <LastName>Deval Patrick</LastName>
                <FirstName />
                <YesVotes>0</YesVotes>
              </Candidate>
              <Candidate>
                <CandidateID>750117321</CandidateID>
                <LastName>Marianne Williamson</LastName>
                <FirstName />
                <YesVotes>1</YesVotes>
              </Candidate>
              <Candidate>
                <CandidateID>750117323</CandidateID>
                <LastName>Michael Bennet</LastName>
                <FirstName />
                <YesVotes>0</YesVotes>
              </Candidate>
              <Candidate>
                <CandidateID>750117324</CandidateID>
                <LastName>Michael R. Bloomberg</LastName>
                <FirstName />
                <YesVotes>5</YesVotes>
              </Candidate>
              <Candidate>
                <CandidateID>750117326</CandidateID>
                <LastName>Steve Burke</LastName>
                <FirstName />
                <YesVotes>0</YesVotes>
              </Candidate>
              <Candidate>
                <CandidateID>750117331</CandidateID>
                <LastName>Robby Wells</LastName>
                <FirstName />
                <YesVotes>0</YesVotes>
              </Candidate>
              <Candidate>
                <CandidateID>750117332</CandidateID>
                <LastName>William C. (Bill) Haas</LastName>
                <FirstName />
                <YesVotes>0</YesVotes>
              </Candidate>
              <Candidate>
                <CandidateID>750117354</CandidateID>
                <LastName>Uncommitted</LastName>
                <FirstName />
                <YesVotes>1</YesVotes>
              </Candidate>
            </Party>
            <Party>
              <PartyName>Libertarian</PartyName>
              <Candidate>
                <CandidateID>750117320</CandidateID>
                <LastName>Jacob Hornberger</LastName>
                <FirstName />
                <YesVotes>4</YesVotes>
              </Candidate>
              <Candidate>
                <CandidateID>750117355</CandidateID>
                <LastName>Uncommitted</LastName>
                <FirstName />
                <YesVotes>1</YesVotes>
              </Candidate>
            </Party>
            <Party>
              <PartyName>Green</PartyName>
              <Candidate>
                <CandidateID>750117325</CandidateID>
                <LastName>Howie Hawkins</LastName>
                <FirstName />
                <YesVotes>0</YesVotes>
              </Candidate>
              <Candidate>
                <CandidateID>750117327</CandidateID>
                <LastName>Dario Hunter</LastName>
                <FirstName />
                <YesVotes>1</YesVotes>
              </Candidate>
              <Candidate>
                <CandidateID>750117329</CandidateID>
                <LastName>David Rolde</LastName>
                <FirstName />
                <YesVotes>0</YesVotes>
              </Candidate>
              <Candidate>
                <CandidateID>750117356</CandidateID>
                <LastName>Uncommitted</LastName>
                <FirstName />
                <YesVotes>1</YesVotes>
              </Candidate>
            </Party>
            <Party>
              <PartyName>Constitution</PartyName>
              <Candidate>
                <CandidateID>750117333</CandidateID>
                <LastName>Don J. Grundmann</LastName>
                <FirstName />
                <YesVotes>3</YesVotes>
              </Candidate>
              <Candidate>
                <CandidateID>750117335</CandidateID>
                <LastName>Don Blankenship</LastName>
                <FirstName />
                <YesVotes>1</YesVotes>
              </Candidate>
              <Candidate>
                <CandidateID>750117357</CandidateID>
                <LastName>Uncommitted</LastName>
                <FirstName />
                <YesVotes>0</YesVotes>
              </Candidate>
            </Party>
          </CountyResults>
        </Counties>
        <Counties>
          <CountyName>Pemiscot</CountyName>
          <CountyResults>
            <ReportingPrecincts>12</ReportingPrecincts>
            <TotalPrecincts>12</TotalPrecincts>
            <Party>
              <PartyName>Republican</PartyName>
              <Candidate>
                <CandidateID>750117286</CandidateID>
                <LastName>Donald J Trump</LastName>
                <FirstName />
                <YesVotes>806</YesVotes>
              </Candidate>
              <Candidate>
                <CandidateID>750117300</CandidateID>
                <LastName>Bob Ely</LastName>
                <FirstName />
                <YesVotes>1</YesVotes>
              </Candidate>
              <Candidate>
                <CandidateID>750117328</CandidateID>
                <LastName>Bill Weld</LastName>
                <FirstName />
                <YesVotes>0</YesVotes>
              </Candidate>
              <Candidate>
                <CandidateID>750117330</CandidateID>
                <LastName>Joe Walsh</LastName>
                <FirstName />
                <YesVotes>3</YesVotes>
              </Candidate>
              <Candidate>
                <CandidateID>750117334</CandidateID>
                <LastName>Matthew John Matern</LastName>
                <FirstName />
                <YesVotes>0</YesVotes>
              </Candidate>
              <Candidate>
                <CandidateID>750117353</CandidateID>
                <LastName>Uncommitted</LastName>
                <FirstName />
                <YesVotes>3</YesVotes>
              </Candidate>
            </Party>
            <Party>
              <PartyName>Democratic</PartyName>
              <Candidate>
                <CandidateID>750117276</CandidateID>
                <LastName>Amy Klobuchar</LastName>
                <FirstName />
                <YesVotes>4</YesVotes>
              </Candidate>
              <Candidate>
                <CandidateID>750117280</CandidateID>
                <LastName>Tom Steyer</LastName>
                <FirstName />
                <YesVotes>1</YesVotes>
              </Candidate>
              <Candidate>
                <CandidateID>750117274</CandidateID>
                <LastName>Tulsi Gabbard</LastName>
                <FirstName />
                <YesVotes>4</YesVotes>
              </Candidate>
              <Candidate>
                <CandidateID>750117278</CandidateID>
                <LastName>Leonard J. Steinman II</LastName>
                <FirstName />
                <YesVotes>0</YesVotes>
              </Candidate>
              <Candidate>
                <CandidateID>750117285</CandidateID>
                <LastName>Cory Booker</LastName>
                <FirstName />
                <YesVotes>2</YesVotes>
              </Candidate>
              <Candidate>
                <CandidateID>750117279</CandidateID>
                <LastName>Joseph R. Biden</LastName>
                <FirstName />
                <YesVotes>412</YesVotes>
              </Candidate>
              <Candidate>
                <CandidateID>750117282</CandidateID>
                <LastName>Elizabeth Warren</LastName>
                <FirstName />
                <YesVotes>2</YesVotes>
              </Candidate>
              <Candidate>
                <CandidateID>750117275</CandidateID>
                <LastName>Pete Buttigieg</LastName>
                <FirstName />
                <YesVotes>4</YesVotes>
              </Candidate>
              <Candidate>
                <CandidateID>750117283</CandidateID>
                <LastName>Bernie Sanders</LastName>
                <FirstName />
                <YesVotes>135</YesVotes>
              </Candidate>
              <Candidate>
                <CandidateID>750117277</CandidateID>
                <LastName>Velma Steinman</LastName>
                <FirstName />
                <YesVotes>0</YesVotes>
              </Candidate>
              <Candidate>
                <CandidateID>750117287</CandidateID>
                <LastName>Henry Hewes</LastName>
                <FirstName />
                <YesVotes>0</YesVotes>
              </Candidate>
              <Candidate>
                <CandidateID>750117288</CandidateID>
                <LastName>Andrew Yang</LastName>
                <FirstName />
                <YesVotes>0</YesVotes>
              </Candidate>
              <Candidate>
                <CandidateID>750117299</CandidateID>
                <LastName>Roque De La Fuente</LastName>
                <FirstName />
                <YesVotes>1</YesVotes>
              </Candidate>
              <Candidate>
                <CandidateID>750117301</CandidateID>
                <LastName>John K. Delaney</LastName>
                <FirstName />
                <YesVotes>0</YesVotes>
              </Candidate>
              <Candidate>
                <CandidateID>750117302</CandidateID>
                <LastName>Julián Castro</LastName>
                <FirstName />
                <YesVotes>0</YesVotes>
              </Candidate>
              <Candidate>
                <CandidateID>750117303</CandidateID>
                <LastName>Deval Patrick</LastName>
                <FirstName />
                <YesVotes>1</YesVotes>
              </Candidate>
              <Candidate>
                <CandidateID>750117321</CandidateID>
                <LastName>Marianne Williamson</LastName>
                <FirstName />
                <YesVotes>1</YesVotes>
              </Candidate>
              <Candidate>
                <CandidateID>750117323</CandidateID>
                <LastName>Michael Bennet</LastName>
                <FirstName />
                <YesVotes>0</YesVotes>
              </Candidate>
              <Candidate>
                <CandidateID>750117324</CandidateID>
                <LastName>Michael R. Bloomberg</LastName>
                <FirstName />
                <YesVotes>10</YesVotes>
              </Candidate>
              <Candidate>
                <CandidateID>750117326</CandidateID>
                <LastName>Steve Burke</LastName>
                <FirstName />
                <YesVotes>0</YesVotes>
              </Candidate>
              <Candidate>
                <CandidateID>750117331</CandidateID>
                <LastName>Robby Wells</LastName>
                <FirstName />
                <YesVotes>0</YesVotes>
              </Candidate>
              <Candidate>
                <CandidateID>750117332</CandidateID>
                <LastName>William C. (Bill) Haas</LastName>
                <FirstName />
                <YesVotes>0</YesVotes>
              </Candidate>
              <Candidate>
                <CandidateID>750117354</CandidateID>
                <LastName>Uncommitted</LastName>
                <FirstName />
                <YesVotes>5</YesVotes>
              </Candidate>
            </Party>
            <Party>
              <PartyName>Libertarian</PartyName>
              <Candidate>
                <CandidateID>750117320</CandidateID>
                <LastName>Jacob Hornberger</LastName>
                <FirstName />
                <YesVotes>1</YesVotes>
              </Candidate>
              <Candidate>
                <CandidateID>750117355</CandidateID>
                <LastName>Uncommitted</LastName>
                <FirstName />
                <YesVotes>0</YesVotes>
              </Candidate>
            </Party>
            <Party>
              <PartyName>Green</PartyName>
              <Candidate>
                <CandidateID>750117325</CandidateID>
                <LastName>Howie Hawkins</LastName>
                <FirstName />
                <YesVotes>0</YesVotes>
              </Candidate>
              <Candidate>
                <CandidateID>750117327</CandidateID>
                <LastName>Dario Hunter</LastName>
                <FirstName />
                <YesVotes>0</YesVotes>
              </Candidate>
              <Candidate>
                <CandidateID>750117329</CandidateID>
                <LastName>David Rolde</LastName>
                <FirstName />
                <YesVotes>0</YesVotes>
              </Candidate>
              <Candidate>
                <CandidateID>750117356</CandidateID>
                <LastName>Uncommitted</LastName>
                <FirstName />
                <YesVotes>0</YesVotes>
              </Candidate>
            </Party>
            <Party>
              <PartyName>Constitution</PartyName>
              <Candidate>
                <CandidateID>750117333</CandidateID>
                <LastName>Don J. Grundmann</LastName>
                <FirstName />
                <YesVotes>0</YesVotes>
              </Candidate>
              <Candidate>
                <CandidateID>750117335</CandidateID>
                <LastName>Don Blankenship</LastName>
                <FirstName />
                <YesVotes>0</YesVotes>
              </Candidate>
              <Candidate>
                <CandidateID>750117357</CandidateID>
                <LastName>Uncommitted</LastName>
                <FirstName />
                <YesVotes>0</YesVotes>
              </Candidate>
            </Party>
          </CountyResults>
        </Counties>
        <Counties>
          <CountyName>Perry</CountyName>
          <CountyResults>
            <ReportingPrecincts>19</ReportingPrecincts>
            <TotalPrecincts>19</TotalPrecincts>
            <Party>
              <PartyName>Republican</PartyName>
              <Candidate>
                <CandidateID>750117286</CandidateID>
                <LastName>Donald J Trump</LastName>
                <FirstName />
                <YesVotes>1337</YesVotes>
              </Candidate>
              <Candidate>
                <CandidateID>750117300</CandidateID>
                <LastName>Bob Ely</LastName>
                <FirstName />
                <YesVotes>5</YesVotes>
              </Candidate>
              <Candidate>
                <CandidateID>750117328</CandidateID>
                <LastName>Bill Weld</LastName>
                <FirstName />
                <YesVotes>6</YesVotes>
              </Candidate>
              <Candidate>
                <CandidateID>750117330</CandidateID>
                <LastName>Joe Walsh</LastName>
                <FirstName />
                <YesVotes>8</YesVotes>
              </Candidate>
              <Candidate>
                <CandidateID>750117334</CandidateID>
                <LastName>Matthew John Matern</LastName>
                <FirstName />
                <YesVotes>0</YesVotes>
              </Candidate>
              <Candidate>
                <CandidateID>750117353</CandidateID>
                <LastName>Uncommitted</LastName>
                <FirstName />
                <YesVotes>12</YesVotes>
              </Candidate>
            </Party>
            <Party>
              <PartyName>Democratic</PartyName>
              <Candidate>
                <CandidateID>750117276</CandidateID>
                <LastName>Amy Klobuchar</LastName>
                <FirstName />
                <YesVotes>9</YesVotes>
              </Candidate>
              <Candidate>
                <CandidateID>750117280</CandidateID>
                <LastName>Tom Steyer</LastName>
                <FirstName />
                <YesVotes>0</YesVotes>
              </Candidate>
              <Candidate>
                <CandidateID>750117274</CandidateID>
                <LastName>Tulsi Gabbard</LastName>
                <FirstName />
                <YesVotes>5</YesVotes>
              </Candidate>
              <Candidate>
                <CandidateID>750117278</CandidateID>
                <LastName>Leonard J. Steinman II</LastName>
                <FirstName />
                <YesVotes>0</YesVotes>
              </Candidate>
              <Candidate>
                <CandidateID>750117285</CandidateID>
                <LastName>Cory Booker</LastName>
                <FirstName />
                <YesVotes>2</YesVotes>
              </Candidate>
              <Candidate>
                <CandidateID>750117279</CandidateID>
                <LastName>Joseph R. Biden</LastName>
                <FirstName />
                <YesVotes>565</YesVotes>
              </Candidate>
              <Candidate>
                <CandidateID>750117282</CandidateID>
                <LastName>Elizabeth Warren</LastName>
                <FirstName />
                <YesVotes>15</YesVotes>
              </Candidate>
              <Candidate>
                <CandidateID>750117275</CandidateID>
                <LastName>Pete Buttigieg</LastName>
                <FirstName />
                <YesVotes>5</YesVotes>
              </Candidate>
              <Candidate>
                <CandidateID>750117283</CandidateID>
                <LastName>Bernie Sanders</LastName>
                <FirstName />
                <YesVotes>290</YesVotes>
              </Candidate>
              <Candidate>
                <CandidateID>750117277</CandidateID>
                <LastName>Velma Steinman</LastName>
                <FirstName />
                <YesVotes>0</YesVotes>
              </Candidate>
              <Candidate>
                <CandidateID>750117287</CandidateID>
                <LastName>Henry Hewes</LastName>
                <FirstName />
                <YesVotes>0</YesVotes>
              </Candidate>
              <Candidate>
                <CandidateID>750117288</CandidateID>
                <LastName>Andrew Yang</LastName>
                <FirstName />
                <YesVotes>3</YesVotes>
              </Candidate>
              <Candidate>
                <CandidateID>750117299</CandidateID>
                <LastName>Roque De La Fuente</LastName>
                <FirstName />
                <YesVotes>0</YesVotes>
              </Candidate>
              <Candidate>
                <CandidateID>750117301</CandidateID>
                <LastName>John K. Delaney</LastName>
                <FirstName />
                <YesVotes>0</YesVotes>
              </Candidate>
              <Candidate>
                <CandidateID>750117302</CandidateID>
                <LastName>Julián Castro</LastName>
                <FirstName />
                <YesVotes>0</YesVotes>
              </Candidate>
              <Candidate>
                <CandidateID>750117303</CandidateID>
                <LastName>Deval Patrick</LastName>
                <FirstName />
                <YesVotes>0</YesVotes>
              </Candidate>
              <Candidate>
                <CandidateID>750117321</CandidateID>
                <LastName>Marianne Williamson</LastName>
                <FirstName />
                <YesVotes>3</YesVotes>
              </Candidate>
              <Candidate>
                <CandidateID>750117323</CandidateID>
                <LastName>Michael Bennet</LastName>
                <FirstName />
                <YesVotes>3</YesVotes>
              </Candidate>
              <Candidate>
                <CandidateID>750117324</CandidateID>
                <LastName>Michael R. Bloomberg</LastName>
                <FirstName />
                <YesVotes>12</YesVotes>
              </Candidate>
              <Candidate>
                <CandidateID>750117326</CandidateID>
                <LastName>Steve Burke</LastName>
                <FirstName />
                <YesVotes>0</YesVotes>
              </Candidate>
              <Candidate>
                <CandidateID>750117331</CandidateID>
                <LastName>Robby Wells</LastName>
                <FirstName />
                <YesVotes>1</YesVotes>
              </Candidate>
              <Candidate>
                <CandidateID>750117332</CandidateID>
                <LastName>William C. (Bill) Haas</LastName>
                <FirstName />
                <YesVotes>0</YesVotes>
              </Candidate>
              <Candidate>
                <CandidateID>750117354</CandidateID>
                <LastName>Uncommitted</LastName>
                <FirstName />
                <YesVotes>6</YesVotes>
              </Candidate>
            </Party>
            <Party>
              <PartyName>Libertarian</PartyName>
              <Candidate>
                <CandidateID>750117320</CandidateID>
                <LastName>Jacob Hornberger</LastName>
                <FirstName />
                <YesVotes>2</YesVotes>
              </Candidate>
              <Candidate>
                <CandidateID>750117355</CandidateID>
                <LastName>Uncommitted</LastName>
                <FirstName />
                <YesVotes>1</YesVotes>
              </Candidate>
            </Party>
            <Party>
              <PartyName>Green</PartyName>
              <Candidate>
                <CandidateID>750117325</CandidateID>
                <LastName>Howie Hawkins</LastName>
                <FirstName />
                <YesVotes>1</YesVotes>
              </Candidate>
              <Candidate>
                <CandidateID>750117327</CandidateID>
                <LastName>Dario Hunter</LastName>
                <FirstName />
                <YesVotes>0</YesVotes>
              </Candidate>
              <Candidate>
                <CandidateID>750117329</CandidateID>
                <LastName>David Rolde</LastName>
                <FirstName />
                <YesVotes>1</YesVotes>
              </Candidate>
              <Candidate>
                <CandidateID>750117356</CandidateID>
                <LastName>Uncommitted</LastName>
                <FirstName />
                <YesVotes>1</YesVotes>
              </Candidate>
            </Party>
            <Party>
              <PartyName>Constitution</PartyName>
              <Candidate>
                <CandidateID>750117333</CandidateID>
                <LastName>Don J. Grundmann</LastName>
                <FirstName />
                <YesVotes>0</YesVotes>
              </Candidate>
              <Candidate>
                <CandidateID>750117335</CandidateID>
                <LastName>Don Blankenship</LastName>
                <FirstName />
                <YesVotes>2</YesVotes>
              </Candidate>
              <Candidate>
                <CandidateID>750117357</CandidateID>
                <LastName>Uncommitted</LastName>
                <FirstName />
                <YesVotes>2</YesVotes>
              </Candidate>
            </Party>
          </CountyResults>
        </Counties>
        <Counties>
          <CountyName>Pettis</CountyName>
          <CountyResults>
            <ReportingPrecincts>17</ReportingPrecincts>
            <TotalPrecincts>17</TotalPrecincts>
            <Party>
              <PartyName>Republican</PartyName>
              <Candidate>
                <CandidateID>750117286</CandidateID>
                <LastName>Donald J Trump</LastName>
                <FirstName />
                <YesVotes>3263</YesVotes>
              </Candidate>
              <Candidate>
                <CandidateID>750117300</CandidateID>
                <LastName>Bob Ely</LastName>
                <FirstName />
                <YesVotes>5</YesVotes>
              </Candidate>
              <Candidate>
                <CandidateID>750117328</CandidateID>
                <LastName>Bill Weld</LastName>
                <FirstName />
                <YesVotes>12</YesVotes>
              </Candidate>
              <Candidate>
                <CandidateID>750117330</CandidateID>
                <LastName>Joe Walsh</LastName>
                <FirstName />
                <YesVotes>15</YesVotes>
              </Candidate>
              <Candidate>
                <CandidateID>750117334</CandidateID>
                <LastName>Matthew John Matern</LastName>
                <FirstName />
                <YesVotes>6</YesVotes>
              </Candidate>
              <Candidate>
                <CandidateID>750117353</CandidateID>
                <LastName>Uncommitted</LastName>
                <FirstName />
                <YesVotes>24</YesVotes>
              </Candidate>
            </Party>
            <Party>
              <PartyName>Democratic</PartyName>
              <Candidate>
                <CandidateID>750117276</CandidateID>
                <LastName>Amy Klobuchar</LastName>
                <FirstName />
                <YesVotes>27</YesVotes>
              </Candidate>
              <Candidate>
                <CandidateID>750117280</CandidateID>
                <LastName>Tom Steyer</LastName>
                <FirstName />
                <YesVotes>10</YesVotes>
              </Candidate>
              <Candidate>
                <CandidateID>750117274</CandidateID>
                <LastName>Tulsi Gabbard</LastName>
                <FirstName />
                <YesVotes>23</YesVotes>
              </Candidate>
              <Candidate>
                <CandidateID>750117278</CandidateID>
                <LastName>Leonard J. Steinman II</LastName>
                <FirstName />
                <YesVotes>0</YesVotes>
              </Candidate>
              <Candidate>
                <CandidateID>750117285</CandidateID>
                <LastName>Cory Booker</LastName>
                <FirstName />
                <YesVotes>3</YesVotes>
              </Candidate>
              <Candidate>
                <CandidateID>750117279</CandidateID>
                <LastName>Joseph R. Biden</LastName>
                <FirstName />
                <YesVotes>1580</YesVotes>
              </Candidate>
              <Candidate>
                <CandidateID>750117282</CandidateID>
                <LastName>Elizabeth Warren</LastName>
                <FirstName />
                <YesVotes>44</YesVotes>
              </Candidate>
              <Candidate>
                <CandidateID>750117275</CandidateID>
                <LastName>Pete Buttigieg</LastName>
                <FirstName />
                <YesVotes>20</YesVotes>
              </Candidate>
              <Candidate>
                <CandidateID>750117283</CandidateID>
                <LastName>Bernie Sanders</LastName>
                <FirstName />
                <YesVotes>893</YesVotes>
              </Candidate>
              <Candidate>
                <CandidateID>750117277</CandidateID>
                <LastName>Velma Steinman</LastName>
                <FirstName />
                <YesVotes>5</YesVotes>
              </Candidate>
              <Candidate>
                <CandidateID>750117287</CandidateID>
                <LastName>Henry Hewes</LastName>
                <FirstName />
                <YesVotes>2</YesVotes>
              </Candidate>
              <Candidate>
                <CandidateID>750117288</CandidateID>
                <LastName>Andrew Yang</LastName>
                <FirstName />
                <YesVotes>4</YesVotes>
              </Candidate>
              <Candidate>
                <CandidateID>750117299</CandidateID>
                <LastName>Roque De La Fuente</LastName>
                <FirstName />
                <YesVotes>2</YesVotes>
              </Candidate>
              <Candidate>
                <CandidateID>750117301</CandidateID>
                <LastName>John K. Delaney</LastName>
                <FirstName />
                <YesVotes>3</YesVotes>
              </Candidate>
              <Candidate>
                <CandidateID>750117302</CandidateID>
                <LastName>Julián Castro</LastName>
                <FirstName />
                <YesVotes>1</YesVotes>
              </Candidate>
              <Candidate>
                <CandidateID>750117303</CandidateID>
                <LastName>Deval Patrick</LastName>
                <FirstName />
                <YesVotes>0</YesVotes>
              </Candidate>
              <Candidate>
                <CandidateID>750117321</CandidateID>
                <LastName>Marianne Williamson</LastName>
                <FirstName />
                <YesVotes>0</YesVotes>
              </Candidate>
              <Candidate>
                <CandidateID>750117323</CandidateID>
                <LastName>Michael Bennet</LastName>
                <FirstName />
                <YesVotes>2</YesVotes>
              </Candidate>
              <Candidate>
                <CandidateID>750117324</CandidateID>
                <LastName>Michael R. Bloomberg</LastName>
                <FirstName />
                <YesVotes>93</YesVotes>
              </Candidate>
              <Candidate>
                <CandidateID>750117326</CandidateID>
                <LastName>Steve Burke</LastName>
                <FirstName />
                <YesVotes>1</YesVotes>
              </Candidate>
              <Candidate>
                <CandidateID>750117331</CandidateID>
                <LastName>Robby Wells</LastName>
                <FirstName />
                <YesVotes>1</YesVotes>
              </Candidate>
              <Candidate>
                <CandidateID>750117332</CandidateID>
                <LastName>William C. (Bill) Haas</LastName>
                <FirstName />
                <YesVotes>0</YesVotes>
              </Candidate>
              <Candidate>
                <CandidateID>750117354</CandidateID>
                <LastName>Uncommitted</LastName>
                <FirstName />
                <YesVotes>27</YesVotes>
              </Candidate>
            </Party>
            <Party>
              <PartyName>Libertarian</PartyName>
              <Candidate>
                <CandidateID>750117320</CandidateID>
                <LastName>Jacob Hornberger</LastName>
                <FirstName />
                <YesVotes>7</YesVotes>
              </Candidate>
              <Candidate>
                <CandidateID>750117355</CandidateID>
                <LastName>Uncommitted</LastName>
                <FirstName />
                <YesVotes>6</YesVotes>
              </Candidate>
            </Party>
            <Party>
              <PartyName>Green</PartyName>
              <Candidate>
                <CandidateID>750117325</CandidateID>
                <LastName>Howie Hawkins</LastName>
                <FirstName />
                <YesVotes>0</YesVotes>
              </Candidate>
              <Candidate>
                <CandidateID>750117327</CandidateID>
                <LastName>Dario Hunter</LastName>
                <FirstName />
                <YesVotes>0</YesVotes>
              </Candidate>
              <Candidate>
                <CandidateID>750117329</CandidateID>
                <LastName>David Rolde</LastName>
                <FirstName />
                <YesVotes>0</YesVotes>
              </Candidate>
              <Candidate>
                <CandidateID>750117356</CandidateID>
                <LastName>Uncommitted</LastName>
                <FirstName />
                <YesVotes>3</YesVotes>
              </Candidate>
            </Party>
            <Party>
              <PartyName>Constitution</PartyName>
              <Candidate>
                <CandidateID>750117333</CandidateID>
                <LastName>Don J. Grundmann</LastName>
                <FirstName />
                <YesVotes>4</YesVotes>
              </Candidate>
              <Candidate>
                <CandidateID>750117335</CandidateID>
                <LastName>Don Blankenship</LastName>
                <FirstName />
                <YesVotes>1</YesVotes>
              </Candidate>
              <Candidate>
                <CandidateID>750117357</CandidateID>
                <LastName>Uncommitted</LastName>
                <FirstName />
                <YesVotes>1</YesVotes>
              </Candidate>
            </Party>
          </CountyResults>
        </Counties>
        <Counties>
          <CountyName>Phelps</CountyName>
          <CountyResults>
            <ReportingPrecincts>20</ReportingPrecincts>
            <TotalPrecincts>20</TotalPrecincts>
            <Party>
              <PartyName>Republican</PartyName>
              <Candidate>
                <CandidateID>750117286</CandidateID>
                <LastName>Donald J Trump</LastName>
                <FirstName />
                <YesVotes>2573</YesVotes>
              </Candidate>
              <Candidate>
                <CandidateID>750117300</CandidateID>
                <LastName>Bob Ely</LastName>
                <FirstName />
                <YesVotes>5</YesVotes>
              </Candidate>
              <Candidate>
                <CandidateID>750117328</CandidateID>
                <LastName>Bill Weld</LastName>
                <FirstName />
                <YesVotes>19</YesVotes>
              </Candidate>
              <Candidate>
                <CandidateID>750117330</CandidateID>
                <LastName>Joe Walsh</LastName>
                <FirstName />
                <YesVotes>4</YesVotes>
              </Candidate>
              <Candidate>
                <CandidateID>750117334</CandidateID>
                <LastName>Matthew John Matern</LastName>
                <FirstName />
                <YesVotes>0</YesVotes>
              </Candidate>
              <Candidate>
                <CandidateID>750117353</CandidateID>
                <LastName>Uncommitted</LastName>
                <FirstName />
                <YesVotes>20</YesVotes>
              </Candidate>
            </Party>
            <Party>
              <PartyName>Democratic</PartyName>
              <Candidate>
                <CandidateID>750117276</CandidateID>
                <LastName>Amy Klobuchar</LastName>
                <FirstName />
                <YesVotes>14</YesVotes>
              </Candidate>
              <Candidate>
                <CandidateID>750117280</CandidateID>
                <LastName>Tom Steyer</LastName>
                <FirstName />
                <YesVotes>0</YesVotes>
              </Candidate>
              <Candidate>
                <CandidateID>750117274</CandidateID>
                <LastName>Tulsi Gabbard</LastName>
                <FirstName />
                <YesVotes>32</YesVotes>
              </Candidate>
              <Candidate>
                <CandidateID>750117278</CandidateID>
                <LastName>Leonard J. Steinman II</LastName>
                <FirstName />
                <YesVotes>0</YesVotes>
              </Candidate>
              <Candidate>
                <CandidateID>750117285</CandidateID>
                <LastName>Cory Booker</LastName>
                <FirstName />
                <YesVotes>3</YesVotes>
              </Candidate>
              <Candidate>
                <CandidateID>750117279</CandidateID>
                <LastName>Joseph R. Biden</LastName>
                <FirstName />
                <YesVotes>1697</YesVotes>
              </Candidate>
              <Candidate>
                <CandidateID>750117282</CandidateID>
                <LastName>Elizabeth Warren</LastName>
                <FirstName />
                <YesVotes>29</YesVotes>
              </Candidate>
              <Candidate>
                <CandidateID>750117275</CandidateID>
                <LastName>Pete Buttigieg</LastName>
                <FirstName />
                <YesVotes>9</YesVotes>
              </Candidate>
              <Candidate>
                <CandidateID>750117283</CandidateID>
                <LastName>Bernie Sanders</LastName>
                <FirstName />
                <YesVotes>1397</YesVotes>
              </Candidate>
              <Candidate>
                <CandidateID>750117277</CandidateID>
                <LastName>Velma Steinman</LastName>
                <FirstName />
                <YesVotes>0</YesVotes>
              </Candidate>
              <Candidate>
                <CandidateID>750117287</CandidateID>
                <LastName>Henry Hewes</LastName>
                <FirstName />
                <YesVotes>0</YesVotes>
              </Candidate>
              <Candidate>
                <CandidateID>750117288</CandidateID>
                <LastName>Andrew Yang</LastName>
                <FirstName />
                <YesVotes>12</YesVotes>
              </Candidate>
              <Candidate>
                <CandidateID>750117299</CandidateID>
                <LastName>Roque De La Fuente</LastName>
                <FirstName />
                <YesVotes>1</YesVotes>
              </Candidate>
              <Candidate>
                <CandidateID>750117301</CandidateID>
                <LastName>John K. Delaney</LastName>
                <FirstName />
                <YesVotes>0</YesVotes>
              </Candidate>
              <Candidate>
                <CandidateID>750117302</CandidateID>
                <LastName>Julián Castro</LastName>
                <FirstName />
                <YesVotes>0</YesVotes>
              </Candidate>
              <Candidate>
                <CandidateID>750117303</CandidateID>
                <LastName>Deval Patrick</LastName>
                <FirstName />
                <YesVotes>0</YesVotes>
              </Candidate>
              <Candidate>
                <CandidateID>750117321</CandidateID>
                <LastName>Marianne Williamson</LastName>
                <FirstName />
                <YesVotes>1</YesVotes>
              </Candidate>
              <Candidate>
                <CandidateID>750117323</CandidateID>
                <LastName>Michael Bennet</LastName>
                <FirstName />
                <YesVotes>0</YesVotes>
              </Candidate>
              <Candidate>
                <CandidateID>750117324</CandidateID>
                <LastName>Michael R. Bloomberg</LastName>
                <FirstName />
                <YesVotes>27</YesVotes>
              </Candidate>
              <Candidate>
                <CandidateID>750117326</CandidateID>
                <LastName>Steve Burke</LastName>
                <FirstName />
                <YesVotes>1</YesVotes>
              </Candidate>
              <Candidate>
                <CandidateID>750117331</CandidateID>
                <LastName>Robby Wells</LastName>
                <FirstName />
                <YesVotes>1</YesVotes>
              </Candidate>
              <Candidate>
                <CandidateID>750117332</CandidateID>
                <LastName>William C. (Bill) Haas</LastName>
                <FirstName />
                <YesVotes>3</YesVotes>
              </Candidate>
              <Candidate>
                <CandidateID>750117354</CandidateID>
                <LastName>Uncommitted</LastName>
                <FirstName />
                <YesVotes>13</YesVotes>
              </Candidate>
            </Party>
            <Party>
              <PartyName>Libertarian</PartyName>
              <Candidate>
                <CandidateID>750117320</CandidateID>
                <LastName>Jacob Hornberger</LastName>
                <FirstName />
                <YesVotes>14</YesVotes>
              </Candidate>
              <Candidate>
                <CandidateID>750117355</CandidateID>
                <LastName>Uncommitted</LastName>
                <FirstName />
                <YesVotes>2</YesVotes>
              </Candidate>
            </Party>
            <Party>
              <PartyName>Green</PartyName>
              <Candidate>
                <CandidateID>750117325</CandidateID>
                <LastName>Howie Hawkins</LastName>
                <FirstName />
                <YesVotes>2</YesVotes>
              </Candidate>
              <Candidate>
                <CandidateID>750117327</CandidateID>
                <LastName>Dario Hunter</LastName>
                <FirstName />
                <YesVotes>0</YesVotes>
              </Candidate>
              <Candidate>
                <CandidateID>750117329</CandidateID>
                <LastName>David Rolde</LastName>
                <FirstName />
                <YesVotes>1</YesVotes>
              </Candidate>
              <Candidate>
                <CandidateID>750117356</CandidateID>
                <LastName>Uncommitted</LastName>
                <FirstName />
                <YesVotes>1</YesVotes>
              </Candidate>
            </Party>
            <Party>
              <PartyName>Constitution</PartyName>
              <Candidate>
                <CandidateID>750117333</CandidateID>
                <LastName>Don J. Grundmann</LastName>
                <FirstName />
                <YesVotes>2</YesVotes>
              </Candidate>
              <Candidate>
                <CandidateID>750117335</CandidateID>
                <LastName>Don Blankenship</LastName>
                <FirstName />
                <YesVotes>2</YesVotes>
              </Candidate>
              <Candidate>
                <CandidateID>750117357</CandidateID>
                <LastName>Uncommitted</LastName>
                <FirstName />
                <YesVotes>0</YesVotes>
              </Candidate>
            </Party>
          </CountyResults>
        </Counties>
        <Counties>
          <CountyName>Pike</CountyName>
          <CountyResults>
            <ReportingPrecincts>14</ReportingPrecincts>
            <TotalPrecincts>14</TotalPrecincts>
            <Party>
              <PartyName>Republican</PartyName>
              <Candidate>
                <CandidateID>750117286</CandidateID>
                <LastName>Donald J Trump</LastName>
                <FirstName />
                <YesVotes>986</YesVotes>
              </Candidate>
              <Candidate>
                <CandidateID>750117300</CandidateID>
                <LastName>Bob Ely</LastName>
                <FirstName />
                <YesVotes>0</YesVotes>
              </Candidate>
              <Candidate>
                <CandidateID>750117328</CandidateID>
                <LastName>Bill Weld</LastName>
                <FirstName />
                <YesVotes>2</YesVotes>
              </Candidate>
              <Candidate>
                <CandidateID>750117330</CandidateID>
                <LastName>Joe Walsh</LastName>
                <FirstName />
                <YesVotes>5</YesVotes>
              </Candidate>
              <Candidate>
                <CandidateID>750117334</CandidateID>
                <LastName>Matthew John Matern</LastName>
                <FirstName />
                <YesVotes>0</YesVotes>
              </Candidate>
              <Candidate>
                <CandidateID>750117353</CandidateID>
                <LastName>Uncommitted</LastName>
                <FirstName />
                <YesVotes>8</YesVotes>
              </Candidate>
            </Party>
            <Party>
              <PartyName>Democratic</PartyName>
              <Candidate>
                <CandidateID>750117276</CandidateID>
                <LastName>Amy Klobuchar</LastName>
                <FirstName />
                <YesVotes>11</YesVotes>
              </Candidate>
              <Candidate>
                <CandidateID>750117280</CandidateID>
                <LastName>Tom Steyer</LastName>
                <FirstName />
                <YesVotes>2</YesVotes>
              </Candidate>
              <Candidate>
                <CandidateID>750117274</CandidateID>
                <LastName>Tulsi Gabbard</LastName>
                <FirstName />
                <YesVotes>7</YesVotes>
              </Candidate>
              <Candidate>
                <CandidateID>750117278</CandidateID>
                <LastName>Leonard J. Steinman II</LastName>
                <FirstName />
                <YesVotes>0</YesVotes>
              </Candidate>
              <Candidate>
                <CandidateID>750117285</CandidateID>
                <LastName>Cory Booker</LastName>
                <FirstName />
                <YesVotes>0</YesVotes>
              </Candidate>
              <Candidate>
                <CandidateID>750117279</CandidateID>
                <LastName>Joseph R. Biden</LastName>
                <FirstName />
                <YesVotes>721</YesVotes>
              </Candidate>
              <Candidate>
                <CandidateID>750117282</CandidateID>
                <LastName>Elizabeth Warren</LastName>
                <FirstName />
                <YesVotes>7</YesVotes>
              </Candidate>
              <Candidate>
                <CandidateID>750117275</CandidateID>
                <LastName>Pete Buttigieg</LastName>
                <FirstName />
                <YesVotes>6</YesVotes>
              </Candidate>
              <Candidate>
                <CandidateID>750117283</CandidateID>
                <LastName>Bernie Sanders</LastName>
                <FirstName />
                <YesVotes>308</YesVotes>
              </Candidate>
              <Candidate>
                <CandidateID>750117277</CandidateID>
                <LastName>Velma Steinman</LastName>
                <FirstName />
                <YesVotes>0</YesVotes>
              </Candidate>
              <Candidate>
                <CandidateID>750117287</CandidateID>
                <LastName>Henry Hewes</LastName>
                <FirstName />
                <YesVotes>0</YesVotes>
              </Candidate>
              <Candidate>
                <CandidateID>750117288</CandidateID>
                <LastName>Andrew Yang</LastName>
                <FirstName />
                <YesVotes>1</YesVotes>
              </Candidate>
              <Candidate>
                <CandidateID>750117299</CandidateID>
                <LastName>Roque De La Fuente</LastName>
                <FirstName />
                <YesVotes>0</YesVotes>
              </Candidate>
              <Candidate>
                <CandidateID>750117301</CandidateID>
                <LastName>John K. Delaney</LastName>
                <FirstName />
                <YesVotes>0</YesVotes>
              </Candidate>
              <Candidate>
                <CandidateID>750117302</CandidateID>
                <LastName>Julián Castro</LastName>
                <FirstName />
                <YesVotes>0</YesVotes>
              </Candidate>
              <Candidate>
                <CandidateID>750117303</CandidateID>
                <LastName>Deval Patrick</LastName>
                <FirstName />
                <YesVotes>1</YesVotes>
              </Candidate>
              <Candidate>
                <CandidateID>750117321</CandidateID>
                <LastName>Marianne Williamson</LastName>
                <FirstName />
                <YesVotes>0</YesVotes>
              </Candidate>
              <Candidate>
                <CandidateID>750117323</CandidateID>
                <LastName>Michael Bennet</LastName>
                <FirstName />
                <YesVotes>0</YesVotes>
              </Candidate>
              <Candidate>
                <CandidateID>750117324</CandidateID>
                <LastName>Michael R. Bloomberg</LastName>
                <FirstName />
                <YesVotes>17</YesVotes>
              </Candidate>
              <Candidate>
                <CandidateID>750117326</CandidateID>
                <LastName>Steve Burke</LastName>
                <FirstName />
                <YesVotes>0</YesVotes>
              </Candidate>
              <Candidate>
                <CandidateID>750117331</CandidateID>
                <LastName>Robby Wells</LastName>
                <FirstName />
                <YesVotes>2</YesVotes>
              </Candidate>
              <Candidate>
                <CandidateID>750117332</CandidateID>
                <LastName>William C. (Bill) Haas</LastName>
                <FirstName />
                <YesVotes>2</YesVotes>
              </Candidate>
              <Candidate>
                <CandidateID>750117354</CandidateID>
                <LastName>Uncommitted</LastName>
                <FirstName />
                <YesVotes>11</YesVotes>
              </Candidate>
            </Party>
            <Party>
              <PartyName>Libertarian</PartyName>
              <Candidate>
                <CandidateID>750117320</CandidateID>
                <LastName>Jacob Hornberger</LastName>
                <FirstName />
                <YesVotes>0</YesVotes>
              </Candidate>
              <Candidate>
                <CandidateID>750117355</CandidateID>
                <LastName>Uncommitted</LastName>
                <FirstName />
                <YesVotes>0</YesVotes>
              </Candidate>
            </Party>
            <Party>
              <PartyName>Green</PartyName>
              <Candidate>
                <CandidateID>750117325</CandidateID>
                <LastName>Howie Hawkins</LastName>
                <FirstName />
                <YesVotes>1</YesVotes>
              </Candidate>
              <Candidate>
                <CandidateID>750117327</CandidateID>
                <LastName>Dario Hunter</LastName>
                <FirstName />
                <YesVotes>0</YesVotes>
              </Candidate>
              <Candidate>
                <CandidateID>750117329</CandidateID>
                <LastName>David Rolde</LastName>
                <FirstName />
                <YesVotes>0</YesVotes>
              </Candidate>
              <Candidate>
                <CandidateID>750117356</CandidateID>
                <LastName>Uncommitted</LastName>
                <FirstName />
                <YesVotes>0</YesVotes>
              </Candidate>
            </Party>
            <Party>
              <PartyName>Constitution</PartyName>
              <Candidate>
                <CandidateID>750117333</CandidateID>
                <LastName>Don J. Grundmann</LastName>
                <FirstName />
                <YesVotes>2</YesVotes>
              </Candidate>
              <Candidate>
                <CandidateID>750117335</CandidateID>
                <LastName>Don Blankenship</LastName>
                <FirstName />
                <YesVotes>2</YesVotes>
              </Candidate>
              <Candidate>
                <CandidateID>750117357</CandidateID>
                <LastName>Uncommitted</LastName>
                <FirstName />
                <YesVotes>0</YesVotes>
              </Candidate>
            </Party>
          </CountyResults>
        </Counties>
        <Counties>
          <CountyName>Platte</CountyName>
          <CountyResults>
            <ReportingPrecincts>28</ReportingPrecincts>
            <TotalPrecincts>28</TotalPrecincts>
            <Party>
              <PartyName>Republican</PartyName>
              <Candidate>
                <CandidateID>750117286</CandidateID>
                <LastName>Donald J Trump</LastName>
                <FirstName />
                <YesVotes>3656</YesVotes>
              </Candidate>
              <Candidate>
                <CandidateID>750117300</CandidateID>
                <LastName>Bob Ely</LastName>
                <FirstName />
                <YesVotes>14</YesVotes>
              </Candidate>
              <Candidate>
                <CandidateID>750117328</CandidateID>
                <LastName>Bill Weld</LastName>
                <FirstName />
                <YesVotes>50</YesVotes>
              </Candidate>
              <Candidate>
                <CandidateID>750117330</CandidateID>
                <LastName>Joe Walsh</LastName>
                <FirstName />
                <YesVotes>31</YesVotes>
              </Candidate>
              <Candidate>
                <CandidateID>750117334</CandidateID>
                <LastName>Matthew John Matern</LastName>
                <FirstName />
                <YesVotes>12</YesVotes>
              </Candidate>
              <Candidate>
                <CandidateID>750117353</CandidateID>
                <LastName>Uncommitted</LastName>
                <FirstName />
                <YesVotes>75</YesVotes>
              </Candidate>
            </Party>
            <Party>
              <PartyName>Democratic</PartyName>
              <Candidate>
                <CandidateID>750117276</CandidateID>
                <LastName>Amy Klobuchar</LastName>
                <FirstName />
                <YesVotes>46</YesVotes>
              </Candidate>
              <Candidate>
                <CandidateID>750117280</CandidateID>
                <LastName>Tom Steyer</LastName>
                <FirstName />
                <YesVotes>6</YesVotes>
              </Candidate>
              <Candidate>
                <CandidateID>750117274</CandidateID>
                <LastName>Tulsi Gabbard</LastName>
                <FirstName />
                <YesVotes>115</YesVotes>
              </Candidate>
              <Candidate>
                <CandidateID>750117278</CandidateID>
                <LastName>Leonard J. Steinman II</LastName>
                <FirstName />
                <YesVotes>0</YesVotes>
              </Candidate>
              <Candidate>
                <CandidateID>750117285</CandidateID>
                <LastName>Cory Booker</LastName>
                <FirstName />
                <YesVotes>6</YesVotes>
              </Candidate>
              <Candidate>
                <CandidateID>750117279</CandidateID>
                <LastName>Joseph R. Biden</LastName>
                <FirstName />
                <YesVotes>7933</YesVotes>
              </Candidate>
              <Candidate>
                <CandidateID>750117282</CandidateID>
                <LastName>Elizabeth Warren</LastName>
                <FirstName />
                <YesVotes>145</YesVotes>
              </Candidate>
              <Candidate>
                <CandidateID>750117275</CandidateID>
                <LastName>Pete Buttigieg</LastName>
                <FirstName />
                <YesVotes>62</YesVotes>
              </Candidate>
              <Candidate>
                <CandidateID>750117283</CandidateID>
                <LastName>Bernie Sanders</LastName>
                <FirstName />
                <YesVotes>4602</YesVotes>
              </Candidate>
              <Candidate>
                <CandidateID>750117277</CandidateID>
                <LastName>Velma Steinman</LastName>
                <FirstName />
                <YesVotes>2</YesVotes>
              </Candidate>
              <Candidate>
                <CandidateID>750117287</CandidateID>
                <LastName>Henry Hewes</LastName>
                <FirstName />
                <YesVotes>2</YesVotes>
              </Candidate>
              <Candidate>
                <CandidateID>750117288</CandidateID>
                <LastName>Andrew Yang</LastName>
                <FirstName />
                <YesVotes>19</YesVotes>
              </Candidate>
              <Candidate>
                <CandidateID>750117299</CandidateID>
                <LastName>Roque De La Fuente</LastName>
                <FirstName />
                <YesVotes>0</YesVotes>
              </Candidate>
              <Candidate>
                <CandidateID>750117301</CandidateID>
                <LastName>John K. Delaney</LastName>
                <FirstName />
                <YesVotes>0</YesVotes>
              </Candidate>
              <Candidate>
                <CandidateID>750117302</CandidateID>
                <LastName>Julián Castro</LastName>
                <FirstName />
                <YesVotes>2</YesVotes>
              </Candidate>
              <Candidate>
                <CandidateID>750117303</CandidateID>
                <LastName>Deval Patrick</LastName>
                <FirstName />
                <YesVotes>0</YesVotes>
              </Candidate>
              <Candidate>
                <CandidateID>750117321</CandidateID>
                <LastName>Marianne Williamson</LastName>
                <FirstName />
                <YesVotes>0</YesVotes>
              </Candidate>
              <Candidate>
                <CandidateID>750117323</CandidateID>
                <LastName>Michael Bennet</LastName>
                <FirstName />
                <YesVotes>1</YesVotes>
              </Candidate>
              <Candidate>
                <CandidateID>750117324</CandidateID>
                <LastName>Michael R. Bloomberg</LastName>
                <FirstName />
                <YesVotes>136</YesVotes>
              </Candidate>
              <Candidate>
                <CandidateID>750117326</CandidateID>
                <LastName>Steve Burke</LastName>
                <FirstName />
                <YesVotes>2</YesVotes>
              </Candidate>
              <Candidate>
                <CandidateID>750117331</CandidateID>
                <LastName>Robby Wells</LastName>
                <FirstName />
                <YesVotes>1</YesVotes>
              </Candidate>
              <Candidate>
                <CandidateID>750117332</CandidateID>
                <LastName>William C. (Bill) Haas</LastName>
                <FirstName />
                <YesVotes>4</YesVotes>
              </Candidate>
              <Candidate>
                <CandidateID>750117354</CandidateID>
                <LastName>Uncommitted</LastName>
                <FirstName />
                <YesVotes>31</YesVotes>
              </Candidate>
            </Party>
            <Party>
              <PartyName>Libertarian</PartyName>
              <Candidate>
                <CandidateID>750117320</CandidateID>
                <LastName>Jacob Hornberger</LastName>
                <FirstName />
                <YesVotes>41</YesVotes>
              </Candidate>
              <Candidate>
                <CandidateID>750117355</CandidateID>
                <LastName>Uncommitted</LastName>
                <FirstName />
                <YesVotes>17</YesVotes>
              </Candidate>
            </Party>
            <Party>
              <PartyName>Green</PartyName>
              <Candidate>
                <CandidateID>750117325</CandidateID>
                <LastName>Howie Hawkins</LastName>
                <FirstName />
                <YesVotes>2</YesVotes>
              </Candidate>
              <Candidate>
                <CandidateID>750117327</CandidateID>
                <LastName>Dario Hunter</LastName>
                <FirstName />
                <YesVotes>3</YesVotes>
              </Candidate>
              <Candidate>
                <CandidateID>750117329</CandidateID>
                <LastName>David Rolde</LastName>
                <FirstName />
                <YesVotes>0</YesVotes>
              </Candidate>
              <Candidate>
                <CandidateID>750117356</CandidateID>
                <LastName>Uncommitted</LastName>
                <FirstName />
                <YesVotes>6</YesVotes>
              </Candidate>
            </Party>
            <Party>
              <PartyName>Constitution</PartyName>
              <Candidate>
                <CandidateID>750117333</CandidateID>
                <LastName>Don J. Grundmann</LastName>
                <FirstName />
                <YesVotes>1</YesVotes>
              </Candidate>
              <Candidate>
                <CandidateID>750117335</CandidateID>
                <LastName>Don Blankenship</LastName>
                <FirstName />
                <YesVotes>2</YesVotes>
              </Candidate>
              <Candidate>
                <CandidateID>750117357</CandidateID>
                <LastName>Uncommitted</LastName>
                <FirstName />
                <YesVotes>4</YesVotes>
              </Candidate>
            </Party>
          </CountyResults>
        </Counties>
        <Counties>
          <CountyName>Polk</CountyName>
          <CountyResults>
            <ReportingPrecincts>23</ReportingPrecincts>
            <TotalPrecincts>23</TotalPrecincts>
            <Party>
              <PartyName>Republican</PartyName>
              <Candidate>
                <CandidateID>750117286</CandidateID>
                <LastName>Donald J Trump</LastName>
                <FirstName />
                <YesVotes>2272</YesVotes>
              </Candidate>
              <Candidate>
                <CandidateID>750117300</CandidateID>
                <LastName>Bob Ely</LastName>
                <FirstName />
                <YesVotes>6</YesVotes>
              </Candidate>
              <Candidate>
                <CandidateID>750117328</CandidateID>
                <LastName>Bill Weld</LastName>
                <FirstName />
                <YesVotes>8</YesVotes>
              </Candidate>
              <Candidate>
                <CandidateID>750117330</CandidateID>
                <LastName>Joe Walsh</LastName>
                <FirstName />
                <YesVotes>20</YesVotes>
              </Candidate>
              <Candidate>
                <CandidateID>750117334</CandidateID>
                <LastName>Matthew John Matern</LastName>
                <FirstName />
                <YesVotes>5</YesVotes>
              </Candidate>
              <Candidate>
                <CandidateID>750117353</CandidateID>
                <LastName>Uncommitted</LastName>
                <FirstName />
                <YesVotes>25</YesVotes>
              </Candidate>
            </Party>
            <Party>
              <PartyName>Democratic</PartyName>
              <Candidate>
                <CandidateID>750117276</CandidateID>
                <LastName>Amy Klobuchar</LastName>
                <FirstName />
                <YesVotes>6</YesVotes>
              </Candidate>
              <Candidate>
                <CandidateID>750117280</CandidateID>
                <LastName>Tom Steyer</LastName>
                <FirstName />
                <YesVotes>3</YesVotes>
              </Candidate>
              <Candidate>
                <CandidateID>750117274</CandidateID>
                <LastName>Tulsi Gabbard</LastName>
                <FirstName />
                <YesVotes>16</YesVotes>
              </Candidate>
              <Candidate>
                <CandidateID>750117278</CandidateID>
                <LastName>Leonard J. Steinman II</LastName>
                <FirstName />
                <YesVotes>1</YesVotes>
              </Candidate>
              <Candidate>
                <CandidateID>750117285</CandidateID>
                <LastName>Cory Booker</LastName>
                <FirstName />
                <YesVotes>4</YesVotes>
              </Candidate>
              <Candidate>
                <CandidateID>750117279</CandidateID>
                <LastName>Joseph R. Biden</LastName>
                <FirstName />
                <YesVotes>1011</YesVotes>
              </Candidate>
              <Candidate>
                <CandidateID>750117282</CandidateID>
                <LastName>Elizabeth Warren</LastName>
                <FirstName />
                <YesVotes>21</YesVotes>
              </Candidate>
              <Candidate>
                <CandidateID>750117275</CandidateID>
                <LastName>Pete Buttigieg</LastName>
                <FirstName />
                <YesVotes>7</YesVotes>
              </Candidate>
              <Candidate>
                <CandidateID>750117283</CandidateID>
                <LastName>Bernie Sanders</LastName>
                <FirstName />
                <YesVotes>515</YesVotes>
              </Candidate>
              <Candidate>
                <CandidateID>750117277</CandidateID>
                <LastName>Velma Steinman</LastName>
                <FirstName />
                <YesVotes>0</YesVotes>
              </Candidate>
              <Candidate>
                <CandidateID>750117287</CandidateID>
                <LastName>Henry Hewes</LastName>
                <FirstName />
                <YesVotes>0</YesVotes>
              </Candidate>
              <Candidate>
                <CandidateID>750117288</CandidateID>
                <LastName>Andrew Yang</LastName>
                <FirstName />
                <YesVotes>5</YesVotes>
              </Candidate>
              <Candidate>
                <CandidateID>750117299</CandidateID>
                <LastName>Roque De La Fuente</LastName>
                <FirstName />
                <YesVotes>0</YesVotes>
              </Candidate>
              <Candidate>
                <CandidateID>750117301</CandidateID>
                <LastName>John K. Delaney</LastName>
                <FirstName />
                <YesVotes>0</YesVotes>
              </Candidate>
              <Candidate>
                <CandidateID>750117302</CandidateID>
                <LastName>Julián Castro</LastName>
                <FirstName />
                <YesVotes>1</YesVotes>
              </Candidate>
              <Candidate>
                <CandidateID>750117303</CandidateID>
                <LastName>Deval Patrick</LastName>
                <FirstName />
                <YesVotes>0</YesVotes>
              </Candidate>
              <Candidate>
                <CandidateID>750117321</CandidateID>
                <LastName>Marianne Williamson</LastName>
                <FirstName />
                <YesVotes>0</YesVotes>
              </Candidate>
              <Candidate>
                <CandidateID>750117323</CandidateID>
                <LastName>Michael Bennet</LastName>
                <FirstName />
                <YesVotes>0</YesVotes>
              </Candidate>
              <Candidate>
                <CandidateID>750117324</CandidateID>
                <LastName>Michael R. Bloomberg</LastName>
                <FirstName />
                <YesVotes>24</YesVotes>
              </Candidate>
              <Candidate>
                <CandidateID>750117326</CandidateID>
                <LastName>Steve Burke</LastName>
                <FirstName />
                <YesVotes>0</YesVotes>
              </Candidate>
              <Candidate>
                <CandidateID>750117331</CandidateID>
                <LastName>Robby Wells</LastName>
                <FirstName />
                <YesVotes>0</YesVotes>
              </Candidate>
              <Candidate>
                <CandidateID>750117332</CandidateID>
                <LastName>William C. (Bill) Haas</LastName>
                <FirstName />
                <YesVotes>2</YesVotes>
              </Candidate>
              <Candidate>
                <CandidateID>750117354</CandidateID>
                <LastName>Uncommitted</LastName>
                <FirstName />
                <YesVotes>7</YesVotes>
              </Candidate>
            </Party>
            <Party>
              <PartyName>Libertarian</PartyName>
              <Candidate>
                <CandidateID>750117320</CandidateID>
                <LastName>Jacob Hornberger</LastName>
                <FirstName />
                <YesVotes>6</YesVotes>
              </Candidate>
              <Candidate>
                <CandidateID>750117355</CandidateID>
                <LastName>Uncommitted</LastName>
                <FirstName />
                <YesVotes>1</YesVotes>
              </Candidate>
            </Party>
            <Party>
              <PartyName>Green</PartyName>
              <Candidate>
                <CandidateID>750117325</CandidateID>
                <LastName>Howie Hawkins</LastName>
                <FirstName />
                <YesVotes>0</YesVotes>
              </Candidate>
              <Candidate>
                <CandidateID>750117327</CandidateID>
                <LastName>Dario Hunter</LastName>
                <FirstName />
                <YesVotes>1</YesVotes>
              </Candidate>
              <Candidate>
                <CandidateID>750117329</CandidateID>
                <LastName>David Rolde</LastName>
                <FirstName />
                <YesVotes>0</YesVotes>
              </Candidate>
              <Candidate>
                <CandidateID>750117356</CandidateID>
                <LastName>Uncommitted</LastName>
                <FirstName />
                <YesVotes>1</YesVotes>
              </Candidate>
            </Party>
            <Party>
              <PartyName>Constitution</PartyName>
              <Candidate>
                <CandidateID>750117333</CandidateID>
                <LastName>Don J. Grundmann</LastName>
                <FirstName />
                <YesVotes>2</YesVotes>
              </Candidate>
              <Candidate>
                <CandidateID>750117335</CandidateID>
                <LastName>Don Blankenship</LastName>
                <FirstName />
                <YesVotes>0</YesVotes>
              </Candidate>
              <Candidate>
                <CandidateID>750117357</CandidateID>
                <LastName>Uncommitted</LastName>
                <FirstName />
                <YesVotes>0</YesVotes>
              </Candidate>
            </Party>
          </CountyResults>
        </Counties>
        <Counties>
          <CountyName>Pulaski</CountyName>
          <CountyResults>
            <ReportingPrecincts>9</ReportingPrecincts>
            <TotalPrecincts>9</TotalPrecincts>
            <Party>
              <PartyName>Republican</PartyName>
              <Candidate>
                <CandidateID>750117286</CandidateID>
                <LastName>Donald J Trump</LastName>
                <FirstName />
                <YesVotes>2030</YesVotes>
              </Candidate>
              <Candidate>
                <CandidateID>750117300</CandidateID>
                <LastName>Bob Ely</LastName>
                <FirstName />
                <YesVotes>7</YesVotes>
              </Candidate>
              <Candidate>
                <CandidateID>750117328</CandidateID>
                <LastName>Bill Weld</LastName>
                <FirstName />
                <YesVotes>5</YesVotes>
              </Candidate>
              <Candidate>
                <CandidateID>750117330</CandidateID>
                <LastName>Joe Walsh</LastName>
                <FirstName />
                <YesVotes>10</YesVotes>
              </Candidate>
              <Candidate>
                <CandidateID>750117334</CandidateID>
                <LastName>Matthew John Matern</LastName>
                <FirstName />
                <YesVotes>7</YesVotes>
              </Candidate>
              <Candidate>
                <CandidateID>750117353</CandidateID>
                <LastName>Uncommitted</LastName>
                <FirstName />
                <YesVotes>24</YesVotes>
              </Candidate>
            </Party>
            <Party>
              <PartyName>Democratic</PartyName>
              <Candidate>
                <CandidateID>750117276</CandidateID>
                <LastName>Amy Klobuchar</LastName>
                <FirstName />
                <YesVotes>7</YesVotes>
              </Candidate>
              <Candidate>
                <CandidateID>750117280</CandidateID>
                <LastName>Tom Steyer</LastName>
                <FirstName />
                <YesVotes>1</YesVotes>
              </Candidate>
              <Candidate>
                <CandidateID>750117274</CandidateID>
                <LastName>Tulsi Gabbard</LastName>
                <FirstName />
                <YesVotes>30</YesVotes>
              </Candidate>
              <Candidate>
                <CandidateID>750117278</CandidateID>
                <LastName>Leonard J. Steinman II</LastName>
                <FirstName />
                <YesVotes>0</YesVotes>
              </Candidate>
              <Candidate>
                <CandidateID>750117285</CandidateID>
                <LastName>Cory Booker</LastName>
                <FirstName />
                <YesVotes>2</YesVotes>
              </Candidate>
              <Candidate>
                <CandidateID>750117279</CandidateID>
                <LastName>Joseph R. Biden</LastName>
                <FirstName />
                <YesVotes>933</YesVotes>
              </Candidate>
              <Candidate>
                <CandidateID>750117282</CandidateID>
                <LastName>Elizabeth Warren</LastName>
                <FirstName />
                <YesVotes>19</YesVotes>
              </Candidate>
              <Candidate>
                <CandidateID>750117275</CandidateID>
                <LastName>Pete Buttigieg</LastName>
                <FirstName />
                <YesVotes>14</YesVotes>
              </Candidate>
              <Candidate>
                <CandidateID>750117283</CandidateID>
                <LastName>Bernie Sanders</LastName>
                <FirstName />
                <YesVotes>483</YesVotes>
              </Candidate>
              <Candidate>
                <CandidateID>750117277</CandidateID>
                <LastName>Velma Steinman</LastName>
                <FirstName />
                <YesVotes>0</YesVotes>
              </Candidate>
              <Candidate>
                <CandidateID>750117287</CandidateID>
                <LastName>Henry Hewes</LastName>
                <FirstName />
                <YesVotes>0</YesVotes>
              </Candidate>
              <Candidate>
                <CandidateID>750117288</CandidateID>
                <LastName>Andrew Yang</LastName>
                <FirstName />
                <YesVotes>6</YesVotes>
              </Candidate>
              <Candidate>
                <CandidateID>750117299</CandidateID>
                <LastName>Roque De La Fuente</LastName>
                <FirstName />
                <YesVotes>0</YesVotes>
              </Candidate>
              <Candidate>
                <CandidateID>750117301</CandidateID>
                <LastName>John K. Delaney</LastName>
                <FirstName />
                <YesVotes>1</YesVotes>
              </Candidate>
              <Candidate>
                <CandidateID>750117302</CandidateID>
                <LastName>Julián Castro</LastName>
                <FirstName />
                <YesVotes>0</YesVotes>
              </Candidate>
              <Candidate>
                <CandidateID>750117303</CandidateID>
                <LastName>Deval Patrick</LastName>
                <FirstName />
                <YesVotes>1</YesVotes>
              </Candidate>
              <Candidate>
                <CandidateID>750117321</CandidateID>
                <LastName>Marianne Williamson</LastName>
                <FirstName />
                <YesVotes>0</YesVotes>
              </Candidate>
              <Candidate>
                <CandidateID>750117323</CandidateID>
                <LastName>Michael Bennet</LastName>
                <FirstName />
                <YesVotes>0</YesVotes>
              </Candidate>
              <Candidate>
                <CandidateID>750117324</CandidateID>
                <LastName>Michael R. Bloomberg</LastName>
                <FirstName />
                <YesVotes>28</YesVotes>
              </Candidate>
              <Candidate>
                <CandidateID>750117326</CandidateID>
                <LastName>Steve Burke</LastName>
                <FirstName />
                <YesVotes>0</YesVotes>
              </Candidate>
              <Candidate>
                <CandidateID>750117331</CandidateID>
                <LastName>Robby Wells</LastName>
                <FirstName />
                <YesVotes>0</YesVotes>
              </Candidate>
              <Candidate>
                <CandidateID>750117332</CandidateID>
                <LastName>William C. (Bill) Haas</LastName>
                <FirstName />
                <YesVotes>0</YesVotes>
              </Candidate>
              <Candidate>
                <CandidateID>750117354</CandidateID>
                <LastName>Uncommitted</LastName>
                <FirstName />
                <YesVotes>5</YesVotes>
              </Candidate>
            </Party>
            <Party>
              <PartyName>Libertarian</PartyName>
              <Candidate>
                <CandidateID>750117320</CandidateID>
                <LastName>Jacob Hornberger</LastName>
                <FirstName />
                <YesVotes>3</YesVotes>
              </Candidate>
              <Candidate>
                <CandidateID>750117355</CandidateID>
                <LastName>Uncommitted</LastName>
                <FirstName />
                <YesVotes>4</YesVotes>
              </Candidate>
            </Party>
            <Party>
              <PartyName>Green</PartyName>
              <Candidate>
                <CandidateID>750117325</CandidateID>
                <LastName>Howie Hawkins</LastName>
                <FirstName />
                <YesVotes>0</YesVotes>
              </Candidate>
              <Candidate>
                <CandidateID>750117327</CandidateID>
                <LastName>Dario Hunter</LastName>
                <FirstName />
                <YesVotes>0</YesVotes>
              </Candidate>
              <Candidate>
                <CandidateID>750117329</CandidateID>
                <LastName>David Rolde</LastName>
                <FirstName />
                <YesVotes>0</YesVotes>
              </Candidate>
              <Candidate>
                <CandidateID>750117356</CandidateID>
                <LastName>Uncommitted</LastName>
                <FirstName />
                <YesVotes>0</YesVotes>
              </Candidate>
            </Party>
            <Party>
              <PartyName>Constitution</PartyName>
              <Candidate>
                <CandidateID>750117333</CandidateID>
                <LastName>Don J. Grundmann</LastName>
                <FirstName />
                <YesVotes>1</YesVotes>
              </Candidate>
              <Candidate>
                <CandidateID>750117335</CandidateID>
                <LastName>Don Blankenship</LastName>
                <FirstName />
                <YesVotes>0</YesVotes>
              </Candidate>
              <Candidate>
                <CandidateID>750117357</CandidateID>
                <LastName>Uncommitted</LastName>
                <FirstName />
                <YesVotes>1</YesVotes>
              </Candidate>
            </Party>
          </CountyResults>
        </Counties>
        <Counties>
          <CountyName>Putnam</CountyName>
          <CountyResults>
            <ReportingPrecincts>8</ReportingPrecincts>
            <TotalPrecincts>8</TotalPrecincts>
            <Party>
              <PartyName>Republican</PartyName>
              <Candidate>
                <CandidateID>750117286</CandidateID>
                <LastName>Donald J Trump</LastName>
                <FirstName />
                <YesVotes>474</YesVotes>
              </Candidate>
              <Candidate>
                <CandidateID>750117300</CandidateID>
                <LastName>Bob Ely</LastName>
                <FirstName />
                <YesVotes>1</YesVotes>
              </Candidate>
              <Candidate>
                <CandidateID>750117328</CandidateID>
                <LastName>Bill Weld</LastName>
                <FirstName />
                <YesVotes>3</YesVotes>
              </Candidate>
              <Candidate>
                <CandidateID>750117330</CandidateID>
                <LastName>Joe Walsh</LastName>
                <FirstName />
                <YesVotes>3</YesVotes>
              </Candidate>
              <Candidate>
                <CandidateID>750117334</CandidateID>
                <LastName>Matthew John Matern</LastName>
                <FirstName />
                <YesVotes>2</YesVotes>
              </Candidate>
              <Candidate>
                <CandidateID>750117353</CandidateID>
                <LastName>Uncommitted</LastName>
                <FirstName />
                <YesVotes>3</YesVotes>
              </Candidate>
            </Party>
            <Party>
              <PartyName>Democratic</PartyName>
              <Candidate>
                <CandidateID>750117276</CandidateID>
                <LastName>Amy Klobuchar</LastName>
                <FirstName />
                <YesVotes>0</YesVotes>
              </Candidate>
              <Candidate>
                <CandidateID>750117280</CandidateID>
                <LastName>Tom Steyer</LastName>
                <FirstName />
                <YesVotes>0</YesVotes>
              </Candidate>
              <Candidate>
                <CandidateID>750117274</CandidateID>
                <LastName>Tulsi Gabbard</LastName>
                <FirstName />
                <YesVotes>3</YesVotes>
              </Candidate>
              <Candidate>
                <CandidateID>750117278</CandidateID>
                <LastName>Leonard J. Steinman II</LastName>
                <FirstName />
                <YesVotes>0</YesVotes>
              </Candidate>
              <Candidate>
                <CandidateID>750117285</CandidateID>
                <LastName>Cory Booker</LastName>
                <FirstName />
                <YesVotes>0</YesVotes>
              </Candidate>
              <Candidate>
                <CandidateID>750117279</CandidateID>
                <LastName>Joseph R. Biden</LastName>
                <FirstName />
                <YesVotes>124</YesVotes>
              </Candidate>
              <Candidate>
                <CandidateID>750117282</CandidateID>
                <LastName>Elizabeth Warren</LastName>
                <FirstName />
                <YesVotes>3</YesVotes>
              </Candidate>
              <Candidate>
                <CandidateID>750117275</CandidateID>
                <LastName>Pete Buttigieg</LastName>
                <FirstName />
                <YesVotes>3</YesVotes>
              </Candidate>
              <Candidate>
                <CandidateID>750117283</CandidateID>
                <LastName>Bernie Sanders</LastName>
                <FirstName />
                <YesVotes>48</YesVotes>
              </Candidate>
              <Candidate>
                <CandidateID>750117277</CandidateID>
                <LastName>Velma Steinman</LastName>
                <FirstName />
                <YesVotes>0</YesVotes>
              </Candidate>
              <Candidate>
                <CandidateID>750117287</CandidateID>
                <LastName>Henry Hewes</LastName>
                <FirstName />
                <YesVotes>0</YesVotes>
              </Candidate>
              <Candidate>
                <CandidateID>750117288</CandidateID>
                <LastName>Andrew Yang</LastName>
                <FirstName />
                <YesVotes>2</YesVotes>
              </Candidate>
              <Candidate>
                <CandidateID>750117299</CandidateID>
                <LastName>Roque De La Fuente</LastName>
                <FirstName />
                <YesVotes>0</YesVotes>
              </Candidate>
              <Candidate>
                <CandidateID>750117301</CandidateID>
                <LastName>John K. Delaney</LastName>
                <FirstName />
                <YesVotes>0</YesVotes>
              </Candidate>
              <Candidate>
                <CandidateID>750117302</CandidateID>
                <LastName>Julián Castro</LastName>
                <FirstName />
                <YesVotes>0</YesVotes>
              </Candidate>
              <Candidate>
                <CandidateID>750117303</CandidateID>
                <LastName>Deval Patrick</LastName>
                <FirstName />
                <YesVotes>0</YesVotes>
              </Candidate>
              <Candidate>
                <CandidateID>750117321</CandidateID>
                <LastName>Marianne Williamson</LastName>
                <FirstName />
                <YesVotes>0</YesVotes>
              </Candidate>
              <Candidate>
                <CandidateID>750117323</CandidateID>
                <LastName>Michael Bennet</LastName>
                <FirstName />
                <YesVotes>0</YesVotes>
              </Candidate>
              <Candidate>
                <CandidateID>750117324</CandidateID>
                <LastName>Michael R. Bloomberg</LastName>
                <FirstName />
                <YesVotes>0</YesVotes>
              </Candidate>
              <Candidate>
                <CandidateID>750117326</CandidateID>
                <LastName>Steve Burke</LastName>
                <FirstName />
                <YesVotes>0</YesVotes>
              </Candidate>
              <Candidate>
                <CandidateID>750117331</CandidateID>
                <LastName>Robby Wells</LastName>
                <FirstName />
                <YesVotes>0</YesVotes>
              </Candidate>
              <Candidate>
                <CandidateID>750117332</CandidateID>
                <LastName>William C. (Bill) Haas</LastName>
                <FirstName />
                <YesVotes>0</YesVotes>
              </Candidate>
              <Candidate>
                <CandidateID>750117354</CandidateID>
                <LastName>Uncommitted</LastName>
                <FirstName />
                <YesVotes>2</YesVotes>
              </Candidate>
            </Party>
            <Party>
              <PartyName>Libertarian</PartyName>
              <Candidate>
                <CandidateID>750117320</CandidateID>
                <LastName>Jacob Hornberger</LastName>
                <FirstName />
                <YesVotes>1</YesVotes>
              </Candidate>
              <Candidate>
                <CandidateID>750117355</CandidateID>
                <LastName>Uncommitted</LastName>
                <FirstName />
                <YesVotes>0</YesVotes>
              </Candidate>
            </Party>
            <Party>
              <PartyName>Green</PartyName>
              <Candidate>
                <CandidateID>750117325</CandidateID>
                <LastName>Howie Hawkins</LastName>
                <FirstName />
                <YesVotes>0</YesVotes>
              </Candidate>
              <Candidate>
                <CandidateID>750117327</CandidateID>
                <LastName>Dario Hunter</LastName>
                <FirstName />
                <YesVotes>0</YesVotes>
              </Candidate>
              <Candidate>
                <CandidateID>750117329</CandidateID>
                <LastName>David Rolde</LastName>
                <FirstName />
                <YesVotes>0</YesVotes>
              </Candidate>
              <Candidate>
                <CandidateID>750117356</CandidateID>
                <LastName>Uncommitted</LastName>
                <FirstName />
                <YesVotes>0</YesVotes>
              </Candidate>
            </Party>
            <Party>
              <PartyName>Constitution</PartyName>
              <Candidate>
                <CandidateID>750117333</CandidateID>
                <LastName>Don J. Grundmann</LastName>
                <FirstName />
                <YesVotes>0</YesVotes>
              </Candidate>
              <Candidate>
                <CandidateID>750117335</CandidateID>
                <LastName>Don Blankenship</LastName>
                <FirstName />
                <YesVotes>0</YesVotes>
              </Candidate>
              <Candidate>
                <CandidateID>750117357</CandidateID>
                <LastName>Uncommitted</LastName>
                <FirstName />
                <YesVotes>1</YesVotes>
              </Candidate>
            </Party>
          </CountyResults>
        </Counties>
        <Counties>
          <CountyName>Ralls</CountyName>
          <CountyResults>
            <ReportingPrecincts>8</ReportingPrecincts>
            <TotalPrecincts>8</TotalPrecincts>
            <Party>
              <PartyName>Republican</PartyName>
              <Candidate>
                <CandidateID>750117286</CandidateID>
                <LastName>Donald J Trump</LastName>
                <FirstName />
                <YesVotes>638</YesVotes>
              </Candidate>
              <Candidate>
                <CandidateID>750117300</CandidateID>
                <LastName>Bob Ely</LastName>
                <FirstName />
                <YesVotes>1</YesVotes>
              </Candidate>
              <Candidate>
                <CandidateID>750117328</CandidateID>
                <LastName>Bill Weld</LastName>
                <FirstName />
                <YesVotes>0</YesVotes>
              </Candidate>
              <Candidate>
                <CandidateID>750117330</CandidateID>
                <LastName>Joe Walsh</LastName>
                <FirstName />
                <YesVotes>2</YesVotes>
              </Candidate>
              <Candidate>
                <CandidateID>750117334</CandidateID>
                <LastName>Matthew John Matern</LastName>
                <FirstName />
                <YesVotes>0</YesVotes>
              </Candidate>
              <Candidate>
                <CandidateID>750117353</CandidateID>
                <LastName>Uncommitted</LastName>
                <FirstName />
                <YesVotes>3</YesVotes>
              </Candidate>
            </Party>
            <Party>
              <PartyName>Democratic</PartyName>
              <Candidate>
                <CandidateID>750117276</CandidateID>
                <LastName>Amy Klobuchar</LastName>
                <FirstName />
                <YesVotes>4</YesVotes>
              </Candidate>
              <Candidate>
                <CandidateID>750117280</CandidateID>
                <LastName>Tom Steyer</LastName>
                <FirstName />
                <YesVotes>5</YesVotes>
              </Candidate>
              <Candidate>
                <CandidateID>750117274</CandidateID>
                <LastName>Tulsi Gabbard</LastName>
                <FirstName />
                <YesVotes>11</YesVotes>
              </Candidate>
              <Candidate>
                <CandidateID>750117278</CandidateID>
                <LastName>Leonard J. Steinman II</LastName>
                <FirstName />
                <YesVotes>1</YesVotes>
              </Candidate>
              <Candidate>
                <CandidateID>750117285</CandidateID>
                <LastName>Cory Booker</LastName>
                <FirstName />
                <YesVotes>0</YesVotes>
              </Candidate>
              <Candidate>
                <CandidateID>750117279</CandidateID>
                <LastName>Joseph R. Biden</LastName>
                <FirstName />
                <YesVotes>484</YesVotes>
              </Candidate>
              <Candidate>
                <CandidateID>750117282</CandidateID>
                <LastName>Elizabeth Warren</LastName>
                <FirstName />
                <YesVotes>3</YesVotes>
              </Candidate>
              <Candidate>
                <CandidateID>750117275</CandidateID>
                <LastName>Pete Buttigieg</LastName>
                <FirstName />
                <YesVotes>2</YesVotes>
              </Candidate>
              <Candidate>
                <CandidateID>750117283</CandidateID>
                <LastName>Bernie Sanders</LastName>
                <FirstName />
                <YesVotes>147</YesVotes>
              </Candidate>
              <Candidate>
                <CandidateID>750117277</CandidateID>
                <LastName>Velma Steinman</LastName>
                <FirstName />
                <YesVotes>0</YesVotes>
              </Candidate>
              <Candidate>
                <CandidateID>750117287</CandidateID>
                <LastName>Henry Hewes</LastName>
                <FirstName />
                <YesVotes>0</YesVotes>
              </Candidate>
              <Candidate>
                <CandidateID>750117288</CandidateID>
                <LastName>Andrew Yang</LastName>
                <FirstName />
                <YesVotes>1</YesVotes>
              </Candidate>
              <Candidate>
                <CandidateID>750117299</CandidateID>
                <LastName>Roque De La Fuente</LastName>
                <FirstName />
                <YesVotes>0</YesVotes>
              </Candidate>
              <Candidate>
                <CandidateID>750117301</CandidateID>
                <LastName>John K. Delaney</LastName>
                <FirstName />
                <YesVotes>0</YesVotes>
              </Candidate>
              <Candidate>
                <CandidateID>750117302</CandidateID>
                <LastName>Julián Castro</LastName>
                <FirstName />
                <YesVotes>0</YesVotes>
              </Candidate>
              <Candidate>
                <CandidateID>750117303</CandidateID>
                <LastName>Deval Patrick</LastName>
                <FirstName />
                <YesVotes>0</YesVotes>
              </Candidate>
              <Candidate>
                <CandidateID>750117321</CandidateID>
                <LastName>Marianne Williamson</LastName>
                <FirstName />
                <YesVotes>0</YesVotes>
              </Candidate>
              <Candidate>
                <CandidateID>750117323</CandidateID>
                <LastName>Michael Bennet</LastName>
                <FirstName />
                <YesVotes>1</YesVotes>
              </Candidate>
              <Candidate>
                <CandidateID>750117324</CandidateID>
                <LastName>Michael R. Bloomberg</LastName>
                <FirstName />
                <YesVotes>3</YesVotes>
              </Candidate>
              <Candidate>
                <CandidateID>750117326</CandidateID>
                <LastName>Steve Burke</LastName>
                <FirstName />
                <YesVotes>1</YesVotes>
              </Candidate>
              <Candidate>
                <CandidateID>750117331</CandidateID>
                <LastName>Robby Wells</LastName>
                <FirstName />
                <YesVotes>3</YesVotes>
              </Candidate>
              <Candidate>
                <CandidateID>750117332</CandidateID>
                <LastName>William C. (Bill) Haas</LastName>
                <FirstName />
                <YesVotes>0</YesVotes>
              </Candidate>
              <Candidate>
                <CandidateID>750117354</CandidateID>
                <LastName>Uncommitted</LastName>
                <FirstName />
                <YesVotes>7</YesVotes>
              </Candidate>
            </Party>
            <Party>
              <PartyName>Libertarian</PartyName>
              <Candidate>
                <CandidateID>750117320</CandidateID>
                <LastName>Jacob Hornberger</LastName>
                <FirstName />
                <YesVotes>3</YesVotes>
              </Candidate>
              <Candidate>
                <CandidateID>750117355</CandidateID>
                <LastName>Uncommitted</LastName>
                <FirstName />
                <YesVotes>0</YesVotes>
              </Candidate>
            </Party>
            <Party>
              <PartyName>Green</PartyName>
              <Candidate>
                <CandidateID>750117325</CandidateID>
                <LastName>Howie Hawkins</LastName>
                <FirstName />
                <YesVotes>0</YesVotes>
              </Candidate>
              <Candidate>
                <CandidateID>750117327</CandidateID>
                <LastName>Dario Hunter</LastName>
                <FirstName />
                <YesVotes>0</YesVotes>
              </Candidate>
              <Candidate>
                <CandidateID>750117329</CandidateID>
                <LastName>David Rolde</LastName>
                <FirstName />
                <YesVotes>0</YesVotes>
              </Candidate>
              <Candidate>
                <CandidateID>750117356</CandidateID>
                <LastName>Uncommitted</LastName>
                <FirstName />
                <YesVotes>0</YesVotes>
              </Candidate>
            </Party>
            <Party>
              <PartyName>Constitution</PartyName>
              <Candidate>
                <CandidateID>750117333</CandidateID>
                <LastName>Don J. Grundmann</LastName>
                <FirstName />
                <YesVotes>0</YesVotes>
              </Candidate>
              <Candidate>
                <CandidateID>750117335</CandidateID>
                <LastName>Don Blankenship</LastName>
                <FirstName />
                <YesVotes>0</YesVotes>
              </Candidate>
              <Candidate>
                <CandidateID>750117357</CandidateID>
                <LastName>Uncommitted</LastName>
                <FirstName />
                <YesVotes>0</YesVotes>
              </Candidate>
            </Party>
          </CountyResults>
        </Counties>
        <Counties>
          <CountyName>Randolph</CountyName>
          <CountyResults>
            <ReportingPrecincts>15</ReportingPrecincts>
            <TotalPrecincts>15</TotalPrecincts>
            <Party>
              <PartyName>Republican</PartyName>
              <Candidate>
                <CandidateID>750117286</CandidateID>
                <LastName>Donald J Trump</LastName>
                <FirstName />
                <YesVotes>1568</YesVotes>
              </Candidate>
              <Candidate>
                <CandidateID>750117300</CandidateID>
                <LastName>Bob Ely</LastName>
                <FirstName />
                <YesVotes>1</YesVotes>
              </Candidate>
              <Candidate>
                <CandidateID>750117328</CandidateID>
                <LastName>Bill Weld</LastName>
                <FirstName />
                <YesVotes>10</YesVotes>
              </Candidate>
              <Candidate>
                <CandidateID>750117330</CandidateID>
                <LastName>Joe Walsh</LastName>
                <FirstName />
                <YesVotes>3</YesVotes>
              </Candidate>
              <Candidate>
                <CandidateID>750117334</CandidateID>
                <LastName>Matthew John Matern</LastName>
                <FirstName />
                <YesVotes>3</YesVotes>
              </Candidate>
              <Candidate>
                <CandidateID>750117353</CandidateID>
                <LastName>Uncommitted</LastName>
                <FirstName />
                <YesVotes>7</YesVotes>
              </Candidate>
            </Party>
            <Party>
              <PartyName>Democratic</PartyName>
              <Candidate>
                <CandidateID>750117276</CandidateID>
                <LastName>Amy Klobuchar</LastName>
                <FirstName />
                <YesVotes>10</YesVotes>
              </Candidate>
              <Candidate>
                <CandidateID>750117280</CandidateID>
                <LastName>Tom Steyer</LastName>
                <FirstName />
                <YesVotes>0</YesVotes>
              </Candidate>
              <Candidate>
                <CandidateID>750117274</CandidateID>
                <LastName>Tulsi Gabbard</LastName>
                <FirstName />
                <YesVotes>25</YesVotes>
              </Candidate>
              <Candidate>
                <CandidateID>750117278</CandidateID>
                <LastName>Leonard J. Steinman II</LastName>
                <FirstName />
                <YesVotes>1</YesVotes>
              </Candidate>
              <Candidate>
                <CandidateID>750117285</CandidateID>
                <LastName>Cory Booker</LastName>
                <FirstName />
                <YesVotes>2</YesVotes>
              </Candidate>
              <Candidate>
                <CandidateID>750117279</CandidateID>
                <LastName>Joseph R. Biden</LastName>
                <FirstName />
                <YesVotes>904</YesVotes>
              </Candidate>
              <Candidate>
                <CandidateID>750117282</CandidateID>
                <LastName>Elizabeth Warren</LastName>
                <FirstName />
                <YesVotes>22</YesVotes>
              </Candidate>
              <Candidate>
                <CandidateID>750117275</CandidateID>
                <LastName>Pete Buttigieg</LastName>
                <FirstName />
                <YesVotes>9</YesVotes>
              </Candidate>
              <Candidate>
                <CandidateID>750117283</CandidateID>
                <LastName>Bernie Sanders</LastName>
                <FirstName />
                <YesVotes>417</YesVotes>
              </Candidate>
              <Candidate>
                <CandidateID>750117277</CandidateID>
                <LastName>Velma Steinman</LastName>
                <FirstName />
                <YesVotes>0</YesVotes>
              </Candidate>
              <Candidate>
                <CandidateID>750117287</CandidateID>
                <LastName>Henry Hewes</LastName>
                <FirstName />
                <YesVotes>0</YesVotes>
              </Candidate>
              <Candidate>
                <CandidateID>750117288</CandidateID>
                <LastName>Andrew Yang</LastName>
                <FirstName />
                <YesVotes>2</YesVotes>
              </Candidate>
              <Candidate>
                <CandidateID>750117299</CandidateID>
                <LastName>Roque De La Fuente</LastName>
                <FirstName />
                <YesVotes>0</YesVotes>
              </Candidate>
              <Candidate>
                <CandidateID>750117301</CandidateID>
                <LastName>John K. Delaney</LastName>
                <FirstName />
                <YesVotes>1</YesVotes>
              </Candidate>
              <Candidate>
                <CandidateID>750117302</CandidateID>
                <LastName>Julián Castro</LastName>
                <FirstName />
                <YesVotes>0</YesVotes>
              </Candidate>
              <Candidate>
                <CandidateID>750117303</CandidateID>
                <LastName>Deval Patrick</LastName>
                <FirstName />
                <YesVotes>0</YesVotes>
              </Candidate>
              <Candidate>
                <CandidateID>750117321</CandidateID>
                <LastName>Marianne Williamson</LastName>
                <FirstName />
                <YesVotes>1</YesVotes>
              </Candidate>
              <Candidate>
                <CandidateID>750117323</CandidateID>
                <LastName>Michael Bennet</LastName>
                <FirstName />
                <YesVotes>1</YesVotes>
              </Candidate>
              <Candidate>
                <CandidateID>750117324</CandidateID>
                <LastName>Michael R. Bloomberg</LastName>
                <FirstName />
                <YesVotes>17</YesVotes>
              </Candidate>
              <Candidate>
                <CandidateID>750117326</CandidateID>
                <LastName>Steve Burke</LastName>
                <FirstName />
                <YesVotes>1</YesVotes>
              </Candidate>
              <Candidate>
                <CandidateID>750117331</CandidateID>
                <LastName>Robby Wells</LastName>
                <FirstName />
                <YesVotes>1</YesVotes>
              </Candidate>
              <Candidate>
                <CandidateID>750117332</CandidateID>
                <LastName>William C. (Bill) Haas</LastName>
                <FirstName />
                <YesVotes>0</YesVotes>
              </Candidate>
              <Candidate>
                <CandidateID>750117354</CandidateID>
                <LastName>Uncommitted</LastName>
                <FirstName />
                <YesVotes>9</YesVotes>
              </Candidate>
            </Party>
            <Party>
              <PartyName>Libertarian</PartyName>
              <Candidate>
                <CandidateID>750117320</CandidateID>
                <LastName>Jacob Hornberger</LastName>
                <FirstName />
                <YesVotes>8</YesVotes>
              </Candidate>
              <Candidate>
                <CandidateID>750117355</CandidateID>
                <LastName>Uncommitted</LastName>
                <FirstName />
                <YesVotes>1</YesVotes>
              </Candidate>
            </Party>
            <Party>
              <PartyName>Green</PartyName>
              <Candidate>
                <CandidateID>750117325</CandidateID>
                <LastName>Howie Hawkins</LastName>
                <FirstName />
                <YesVotes>1</YesVotes>
              </Candidate>
              <Candidate>
                <CandidateID>750117327</CandidateID>
                <LastName>Dario Hunter</LastName>
                <FirstName />
                <YesVotes>0</YesVotes>
              </Candidate>
              <Candidate>
                <CandidateID>750117329</CandidateID>
                <LastName>David Rolde</LastName>
                <FirstName />
                <YesVotes>0</YesVotes>
              </Candidate>
              <Candidate>
                <CandidateID>750117356</CandidateID>
                <LastName>Uncommitted</LastName>
                <FirstName />
                <YesVotes>0</YesVotes>
              </Candidate>
            </Party>
            <Party>
              <PartyName>Constitution</PartyName>
              <Candidate>
                <CandidateID>750117333</CandidateID>
                <LastName>Don J. Grundmann</LastName>
                <FirstName />
                <YesVotes>2</YesVotes>
              </Candidate>
              <Candidate>
                <CandidateID>750117335</CandidateID>
                <LastName>Don Blankenship</LastName>
                <FirstName />
                <YesVotes>1</YesVotes>
              </Candidate>
              <Candidate>
                <CandidateID>750117357</CandidateID>
                <LastName>Uncommitted</LastName>
                <FirstName />
                <YesVotes>2</YesVotes>
              </Candidate>
            </Party>
          </CountyResults>
        </Counties>
        <Counties>
          <CountyName>Ray</CountyName>
          <CountyResults>
            <ReportingPrecincts>14</ReportingPrecincts>
            <TotalPrecincts>14</TotalPrecincts>
            <Party>
              <PartyName>Republican</PartyName>
              <Candidate>
                <CandidateID>750117286</CandidateID>
                <LastName>Donald J Trump</LastName>
                <FirstName />
                <YesVotes>1271</YesVotes>
              </Candidate>
              <Candidate>
                <CandidateID>750117300</CandidateID>
                <LastName>Bob Ely</LastName>
                <FirstName />
                <YesVotes>4</YesVotes>
              </Candidate>
              <Candidate>
                <CandidateID>750117328</CandidateID>
                <LastName>Bill Weld</LastName>
                <FirstName />
                <YesVotes>3</YesVotes>
              </Candidate>
              <Candidate>
                <CandidateID>750117330</CandidateID>
                <LastName>Joe Walsh</LastName>
                <FirstName />
                <YesVotes>10</YesVotes>
              </Candidate>
              <Candidate>
                <CandidateID>750117334</CandidateID>
                <LastName>Matthew John Matern</LastName>
                <FirstName />
                <YesVotes>3</YesVotes>
              </Candidate>
              <Candidate>
                <CandidateID>750117353</CandidateID>
                <LastName>Uncommitted</LastName>
                <FirstName />
                <YesVotes>9</YesVotes>
              </Candidate>
            </Party>
            <Party>
              <PartyName>Democratic</PartyName>
              <Candidate>
                <CandidateID>750117276</CandidateID>
                <LastName>Amy Klobuchar</LastName>
                <FirstName />
                <YesVotes>11</YesVotes>
              </Candidate>
              <Candidate>
                <CandidateID>750117280</CandidateID>
                <LastName>Tom Steyer</LastName>
                <FirstName />
                <YesVotes>3</YesVotes>
              </Candidate>
              <Candidate>
                <CandidateID>750117274</CandidateID>
                <LastName>Tulsi Gabbard</LastName>
                <FirstName />
                <YesVotes>17</YesVotes>
              </Candidate>
              <Candidate>
                <CandidateID>750117278</CandidateID>
                <LastName>Leonard J. Steinman II</LastName>
                <FirstName />
                <YesVotes>0</YesVotes>
              </Candidate>
              <Candidate>
                <CandidateID>750117285</CandidateID>
                <LastName>Cory Booker</LastName>
                <FirstName />
                <YesVotes>1</YesVotes>
              </Candidate>
              <Candidate>
                <CandidateID>750117279</CandidateID>
                <LastName>Joseph R. Biden</LastName>
                <FirstName />
                <YesVotes>1108</YesVotes>
              </Candidate>
              <Candidate>
                <CandidateID>750117282</CandidateID>
                <LastName>Elizabeth Warren</LastName>
                <FirstName />
                <YesVotes>22</YesVotes>
              </Candidate>
              <Candidate>
                <CandidateID>750117275</CandidateID>
                <LastName>Pete Buttigieg</LastName>
                <FirstName />
                <YesVotes>9</YesVotes>
              </Candidate>
              <Candidate>
                <CandidateID>750117283</CandidateID>
                <LastName>Bernie Sanders</LastName>
                <FirstName />
                <YesVotes>503</YesVotes>
              </Candidate>
              <Candidate>
                <CandidateID>750117277</CandidateID>
                <LastName>Velma Steinman</LastName>
                <FirstName />
                <YesVotes>1</YesVotes>
              </Candidate>
              <Candidate>
                <CandidateID>750117287</CandidateID>
                <LastName>Henry Hewes</LastName>
                <FirstName />
                <YesVotes>1</YesVotes>
              </Candidate>
              <Candidate>
                <CandidateID>750117288</CandidateID>
                <LastName>Andrew Yang</LastName>
                <FirstName />
                <YesVotes>2</YesVotes>
              </Candidate>
              <Candidate>
                <CandidateID>750117299</CandidateID>
                <LastName>Roque De La Fuente</LastName>
                <FirstName />
                <YesVotes>0</YesVotes>
              </Candidate>
              <Candidate>
                <CandidateID>750117301</CandidateID>
                <LastName>John K. Delaney</LastName>
                <FirstName />
                <YesVotes>0</YesVotes>
              </Candidate>
              <Candidate>
                <CandidateID>750117302</CandidateID>
                <LastName>Julián Castro</LastName>
                <FirstName />
                <YesVotes>0</YesVotes>
              </Candidate>
              <Candidate>
                <CandidateID>750117303</CandidateID>
                <LastName>Deval Patrick</LastName>
                <FirstName />
                <YesVotes>0</YesVotes>
              </Candidate>
              <Candidate>
                <CandidateID>750117321</CandidateID>
                <LastName>Marianne Williamson</LastName>
                <FirstName />
                <YesVotes>1</YesVotes>
              </Candidate>
              <Candidate>
                <CandidateID>750117323</CandidateID>
                <LastName>Michael Bennet</LastName>
                <FirstName />
                <YesVotes>0</YesVotes>
              </Candidate>
              <Candidate>
                <CandidateID>750117324</CandidateID>
                <LastName>Michael R. Bloomberg</LastName>
                <FirstName />
                <YesVotes>22</YesVotes>
              </Candidate>
              <Candidate>
                <CandidateID>750117326</CandidateID>
                <LastName>Steve Burke</LastName>
                <FirstName />
                <YesVotes>0</YesVotes>
              </Candidate>
              <Candidate>
                <CandidateID>750117331</CandidateID>
                <LastName>Robby Wells</LastName>
                <FirstName />
                <YesVotes>1</YesVotes>
              </Candidate>
              <Candidate>
                <CandidateID>750117332</CandidateID>
                <LastName>William C. (Bill) Haas</LastName>
                <FirstName />
                <YesVotes>2</YesVotes>
              </Candidate>
              <Candidate>
                <CandidateID>750117354</CandidateID>
                <LastName>Uncommitted</LastName>
                <FirstName />
                <YesVotes>13</YesVotes>
              </Candidate>
            </Party>
            <Party>
              <PartyName>Libertarian</PartyName>
              <Candidate>
                <CandidateID>750117320</CandidateID>
                <LastName>Jacob Hornberger</LastName>
                <FirstName />
                <YesVotes>4</YesVotes>
              </Candidate>
              <Candidate>
                <CandidateID>750117355</CandidateID>
                <LastName>Uncommitted</LastName>
                <FirstName />
                <YesVotes>3</YesVotes>
              </Candidate>
            </Party>
            <Party>
              <PartyName>Green</PartyName>
              <Candidate>
                <CandidateID>750117325</CandidateID>
                <LastName>Howie Hawkins</LastName>
                <FirstName />
                <YesVotes>0</YesVotes>
              </Candidate>
              <Candidate>
                <CandidateID>750117327</CandidateID>
                <LastName>Dario Hunter</LastName>
                <FirstName />
                <YesVotes>0</YesVotes>
              </Candidate>
              <Candidate>
                <CandidateID>750117329</CandidateID>
                <LastName>David Rolde</LastName>
                <FirstName />
                <YesVotes>0</YesVotes>
              </Candidate>
              <Candidate>
                <CandidateID>750117356</CandidateID>
                <LastName>Uncommitted</LastName>
                <FirstName />
                <YesVotes>0</YesVotes>
              </Candidate>
            </Party>
            <Party>
              <PartyName>Constitution</PartyName>
              <Candidate>
                <CandidateID>750117333</CandidateID>
                <LastName>Don J. Grundmann</LastName>
                <FirstName />
                <YesVotes>0</YesVotes>
              </Candidate>
              <Candidate>
                <CandidateID>750117335</CandidateID>
                <LastName>Don Blankenship</LastName>
                <FirstName />
                <YesVotes>2</YesVotes>
              </Candidate>
              <Candidate>
                <CandidateID>750117357</CandidateID>
                <LastName>Uncommitted</LastName>
                <FirstName />
                <YesVotes>1</YesVotes>
              </Candidate>
            </Party>
          </CountyResults>
        </Counties>
        <Counties>
          <CountyName>Reynolds</CountyName>
          <CountyResults>
            <ReportingPrecincts>14</ReportingPrecincts>
            <TotalPrecincts>14</TotalPrecincts>
            <Party>
              <PartyName>Republican</PartyName>
              <Candidate>
                <CandidateID>750117286</CandidateID>
                <LastName>Donald J Trump</LastName>
                <FirstName />
                <YesVotes>630</YesVotes>
              </Candidate>
              <Candidate>
                <CandidateID>750117300</CandidateID>
                <LastName>Bob Ely</LastName>
                <FirstName />
                <YesVotes>1</YesVotes>
              </Candidate>
              <Candidate>
                <CandidateID>750117328</CandidateID>
                <LastName>Bill Weld</LastName>
                <FirstName />
                <YesVotes>2</YesVotes>
              </Candidate>
              <Candidate>
                <CandidateID>750117330</CandidateID>
                <LastName>Joe Walsh</LastName>
                <FirstName />
                <YesVotes>3</YesVotes>
              </Candidate>
              <Candidate>
                <CandidateID>750117334</CandidateID>
                <LastName>Matthew John Matern</LastName>
                <FirstName />
                <YesVotes>2</YesVotes>
              </Candidate>
              <Candidate>
                <CandidateID>750117353</CandidateID>
                <LastName>Uncommitted</LastName>
                <FirstName />
                <YesVotes>6</YesVotes>
              </Candidate>
            </Party>
            <Party>
              <PartyName>Democratic</PartyName>
              <Candidate>
                <CandidateID>750117276</CandidateID>
                <LastName>Amy Klobuchar</LastName>
                <FirstName />
                <YesVotes>7</YesVotes>
              </Candidate>
              <Candidate>
                <CandidateID>750117280</CandidateID>
                <LastName>Tom Steyer</LastName>
                <FirstName />
                <YesVotes>0</YesVotes>
              </Candidate>
              <Candidate>
                <CandidateID>750117274</CandidateID>
                <LastName>Tulsi Gabbard</LastName>
                <FirstName />
                <YesVotes>3</YesVotes>
              </Candidate>
              <Candidate>
                <CandidateID>750117278</CandidateID>
                <LastName>Leonard J. Steinman II</LastName>
                <FirstName />
                <YesVotes>0</YesVotes>
              </Candidate>
              <Candidate>
                <CandidateID>750117285</CandidateID>
                <LastName>Cory Booker</LastName>
                <FirstName />
                <YesVotes>1</YesVotes>
              </Candidate>
              <Candidate>
                <CandidateID>750117279</CandidateID>
                <LastName>Joseph R. Biden</LastName>
                <FirstName />
                <YesVotes>213</YesVotes>
              </Candidate>
              <Candidate>
                <CandidateID>750117282</CandidateID>
                <LastName>Elizabeth Warren</LastName>
                <FirstName />
                <YesVotes>7</YesVotes>
              </Candidate>
              <Candidate>
                <CandidateID>750117275</CandidateID>
                <LastName>Pete Buttigieg</LastName>
                <FirstName />
                <YesVotes>4</YesVotes>
              </Candidate>
              <Candidate>
                <CandidateID>750117283</CandidateID>
                <LastName>Bernie Sanders</LastName>
                <FirstName />
                <YesVotes>99</YesVotes>
              </Candidate>
              <Candidate>
                <CandidateID>750117277</CandidateID>
                <LastName>Velma Steinman</LastName>
                <FirstName />
                <YesVotes>0</YesVotes>
              </Candidate>
              <Candidate>
                <CandidateID>750117287</CandidateID>
                <LastName>Henry Hewes</LastName>
                <FirstName />
                <YesVotes>0</YesVotes>
              </Candidate>
              <Candidate>
                <CandidateID>750117288</CandidateID>
                <LastName>Andrew Yang</LastName>
                <FirstName />
                <YesVotes>2</YesVotes>
              </Candidate>
              <Candidate>
                <CandidateID>750117299</CandidateID>
                <LastName>Roque De La Fuente</LastName>
                <FirstName />
                <YesVotes>1</YesVotes>
              </Candidate>
              <Candidate>
                <CandidateID>750117301</CandidateID>
                <LastName>John K. Delaney</LastName>
                <FirstName />
                <YesVotes>2</YesVotes>
              </Candidate>
              <Candidate>
                <CandidateID>750117302</CandidateID>
                <LastName>Julián Castro</LastName>
                <FirstName />
                <YesVotes>0</YesVotes>
              </Candidate>
              <Candidate>
                <CandidateID>750117303</CandidateID>
                <LastName>Deval Patrick</LastName>
                <FirstName />
                <YesVotes>0</YesVotes>
              </Candidate>
              <Candidate>
                <CandidateID>750117321</CandidateID>
                <LastName>Marianne Williamson</LastName>
                <FirstName />
                <YesVotes>0</YesVotes>
              </Candidate>
              <Candidate>
                <CandidateID>750117323</CandidateID>
                <LastName>Michael Bennet</LastName>
                <FirstName />
                <YesVotes>1</YesVotes>
              </Candidate>
              <Candidate>
                <CandidateID>750117324</CandidateID>
                <LastName>Michael R. Bloomberg</LastName>
                <FirstName />
                <YesVotes>8</YesVotes>
              </Candidate>
              <Candidate>
                <CandidateID>750117326</CandidateID>
                <LastName>Steve Burke</LastName>
                <FirstName />
                <YesVotes>0</YesVotes>
              </Candidate>
              <Candidate>
                <CandidateID>750117331</CandidateID>
                <LastName>Robby Wells</LastName>
                <FirstName />
                <YesVotes>1</YesVotes>
              </Candidate>
              <Candidate>
                <CandidateID>750117332</CandidateID>
                <LastName>William C. (Bill) Haas</LastName>
                <FirstName />
                <YesVotes>3</YesVotes>
              </Candidate>
              <Candidate>
                <CandidateID>750117354</CandidateID>
                <LastName>Uncommitted</LastName>
                <FirstName />
                <YesVotes>13</YesVotes>
              </Candidate>
            </Party>
            <Party>
              <PartyName>Libertarian</PartyName>
              <Candidate>
                <CandidateID>750117320</CandidateID>
                <LastName>Jacob Hornberger</LastName>
                <FirstName />
                <YesVotes>0</YesVotes>
              </Candidate>
              <Candidate>
                <CandidateID>750117355</CandidateID>
                <LastName>Uncommitted</LastName>
                <FirstName />
                <YesVotes>0</YesVotes>
              </Candidate>
            </Party>
            <Party>
              <PartyName>Green</PartyName>
              <Candidate>
                <CandidateID>750117325</CandidateID>
                <LastName>Howie Hawkins</LastName>
                <FirstName />
                <YesVotes>1</YesVotes>
              </Candidate>
              <Candidate>
                <CandidateID>750117327</CandidateID>
                <LastName>Dario Hunter</LastName>
                <FirstName />
                <YesVotes>0</YesVotes>
              </Candidate>
              <Candidate>
                <CandidateID>750117329</CandidateID>
                <LastName>David Rolde</LastName>
                <FirstName />
                <YesVotes>0</YesVotes>
              </Candidate>
              <Candidate>
                <CandidateID>750117356</CandidateID>
                <LastName>Uncommitted</LastName>
                <FirstName />
                <YesVotes>0</YesVotes>
              </Candidate>
            </Party>
            <Party>
              <PartyName>Constitution</PartyName>
              <Candidate>
                <CandidateID>750117333</CandidateID>
                <LastName>Don J. Grundmann</LastName>
                <FirstName />
                <YesVotes>1</YesVotes>
              </Candidate>
              <Candidate>
                <CandidateID>750117335</CandidateID>
                <LastName>Don Blankenship</LastName>
                <FirstName />
                <YesVotes>1</YesVotes>
              </Candidate>
              <Candidate>
                <CandidateID>750117357</CandidateID>
                <LastName>Uncommitted</LastName>
                <FirstName />
                <YesVotes>0</YesVotes>
              </Candidate>
            </Party>
          </CountyResults>
        </Counties>
        <Counties>
          <CountyName>Ripley</CountyName>
          <CountyResults>
            <ReportingPrecincts>8</ReportingPrecincts>
            <TotalPrecincts>8</TotalPrecincts>
            <Party>
              <PartyName>Republican</PartyName>
              <Candidate>
                <CandidateID>750117286</CandidateID>
                <LastName>Donald J Trump</LastName>
                <FirstName />
                <YesVotes>1082</YesVotes>
              </Candidate>
              <Candidate>
                <CandidateID>750117300</CandidateID>
                <LastName>Bob Ely</LastName>
                <FirstName />
                <YesVotes>1</YesVotes>
              </Candidate>
              <Candidate>
                <CandidateID>750117328</CandidateID>
                <LastName>Bill Weld</LastName>
                <FirstName />
                <YesVotes>2</YesVotes>
              </Candidate>
              <Candidate>
                <CandidateID>750117330</CandidateID>
                <LastName>Joe Walsh</LastName>
                <FirstName />
                <YesVotes>4</YesVotes>
              </Candidate>
              <Candidate>
                <CandidateID>750117334</CandidateID>
                <LastName>Matthew John Matern</LastName>
                <FirstName />
                <YesVotes>0</YesVotes>
              </Candidate>
              <Candidate>
                <CandidateID>750117353</CandidateID>
                <LastName>Uncommitted</LastName>
                <FirstName />
                <YesVotes>8</YesVotes>
              </Candidate>
            </Party>
            <Party>
              <PartyName>Democratic</PartyName>
              <Candidate>
                <CandidateID>750117276</CandidateID>
                <LastName>Amy Klobuchar</LastName>
                <FirstName />
                <YesVotes>3</YesVotes>
              </Candidate>
              <Candidate>
                <CandidateID>750117280</CandidateID>
                <LastName>Tom Steyer</LastName>
                <FirstName />
                <YesVotes>1</YesVotes>
              </Candidate>
              <Candidate>
                <CandidateID>750117274</CandidateID>
                <LastName>Tulsi Gabbard</LastName>
                <FirstName />
                <YesVotes>4</YesVotes>
              </Candidate>
              <Candidate>
                <CandidateID>750117278</CandidateID>
                <LastName>Leonard J. Steinman II</LastName>
                <FirstName />
                <YesVotes>0</YesVotes>
              </Candidate>
              <Candidate>
                <CandidateID>750117285</CandidateID>
                <LastName>Cory Booker</LastName>
                <FirstName />
                <YesVotes>0</YesVotes>
              </Candidate>
              <Candidate>
                <CandidateID>750117279</CandidateID>
                <LastName>Joseph R. Biden</LastName>
                <FirstName />
                <YesVotes>297</YesVotes>
              </Candidate>
              <Candidate>
                <CandidateID>750117282</CandidateID>
                <LastName>Elizabeth Warren</LastName>
                <FirstName />
                <YesVotes>9</YesVotes>
              </Candidate>
              <Candidate>
                <CandidateID>750117275</CandidateID>
                <LastName>Pete Buttigieg</LastName>
                <FirstName />
                <YesVotes>1</YesVotes>
              </Candidate>
              <Candidate>
                <CandidateID>750117283</CandidateID>
                <LastName>Bernie Sanders</LastName>
                <FirstName />
                <YesVotes>187</YesVotes>
              </Candidate>
              <Candidate>
                <CandidateID>750117277</CandidateID>
                <LastName>Velma Steinman</LastName>
                <FirstName />
                <YesVotes>1</YesVotes>
              </Candidate>
              <Candidate>
                <CandidateID>750117287</CandidateID>
                <LastName>Henry Hewes</LastName>
                <FirstName />
                <YesVotes>1</YesVotes>
              </Candidate>
              <Candidate>
                <CandidateID>750117288</CandidateID>
                <LastName>Andrew Yang</LastName>
                <FirstName />
                <YesVotes>0</YesVotes>
              </Candidate>
              <Candidate>
                <CandidateID>750117299</CandidateID>
                <LastName>Roque De La Fuente</LastName>
                <FirstName />
                <YesVotes>0</YesVotes>
              </Candidate>
              <Candidate>
                <CandidateID>750117301</CandidateID>
                <LastName>John K. Delaney</LastName>
                <FirstName />
                <YesVotes>1</YesVotes>
              </Candidate>
              <Candidate>
                <CandidateID>750117302</CandidateID>
                <LastName>Julián Castro</LastName>
                <FirstName />
                <YesVotes>0</YesVotes>
              </Candidate>
              <Candidate>
                <CandidateID>750117303</CandidateID>
                <LastName>Deval Patrick</LastName>
                <FirstName />
                <YesVotes>0</YesVotes>
              </Candidate>
              <Candidate>
                <CandidateID>750117321</CandidateID>
                <LastName>Marianne Williamson</LastName>
                <FirstName />
                <YesVotes>3</YesVotes>
              </Candidate>
              <Candidate>
                <CandidateID>750117323</CandidateID>
                <LastName>Michael Bennet</LastName>
                <FirstName />
                <YesVotes>0</YesVotes>
              </Candidate>
              <Candidate>
                <CandidateID>750117324</CandidateID>
                <LastName>Michael R. Bloomberg</LastName>
                <FirstName />
                <YesVotes>12</YesVotes>
              </Candidate>
              <Candidate>
                <CandidateID>750117326</CandidateID>
                <LastName>Steve Burke</LastName>
                <FirstName />
                <YesVotes>2</YesVotes>
              </Candidate>
              <Candidate>
                <CandidateID>750117331</CandidateID>
                <LastName>Robby Wells</LastName>
                <FirstName />
                <YesVotes>0</YesVotes>
              </Candidate>
              <Candidate>
                <CandidateID>750117332</CandidateID>
                <LastName>William C. (Bill) Haas</LastName>
                <FirstName />
                <YesVotes>0</YesVotes>
              </Candidate>
              <Candidate>
                <CandidateID>750117354</CandidateID>
                <LastName>Uncommitted</LastName>
                <FirstName />
                <YesVotes>2</YesVotes>
              </Candidate>
            </Party>
            <Party>
              <PartyName>Libertarian</PartyName>
              <Candidate>
                <CandidateID>750117320</CandidateID>
                <LastName>Jacob Hornberger</LastName>
                <FirstName />
                <YesVotes>3</YesVotes>
              </Candidate>
              <Candidate>
                <CandidateID>750117355</CandidateID>
                <LastName>Uncommitted</LastName>
                <FirstName />
                <YesVotes>0</YesVotes>
              </Candidate>
            </Party>
            <Party>
              <PartyName>Green</PartyName>
              <Candidate>
                <CandidateID>750117325</CandidateID>
                <LastName>Howie Hawkins</LastName>
                <FirstName />
                <YesVotes>0</YesVotes>
              </Candidate>
              <Candidate>
                <CandidateID>750117327</CandidateID>
                <LastName>Dario Hunter</LastName>
                <FirstName />
                <YesVotes>1</YesVotes>
              </Candidate>
              <Candidate>
                <CandidateID>750117329</CandidateID>
                <LastName>David Rolde</LastName>
                <FirstName />
                <YesVotes>0</YesVotes>
              </Candidate>
              <Candidate>
                <CandidateID>750117356</CandidateID>
                <LastName>Uncommitted</LastName>
                <FirstName />
                <YesVotes>0</YesVotes>
              </Candidate>
            </Party>
            <Party>
              <PartyName>Constitution</PartyName>
              <Candidate>
                <CandidateID>750117333</CandidateID>
                <LastName>Don J. Grundmann</LastName>
                <FirstName />
                <YesVotes>0</YesVotes>
              </Candidate>
              <Candidate>
                <CandidateID>750117335</CandidateID>
                <LastName>Don Blankenship</LastName>
                <FirstName />
                <YesVotes>1</YesVotes>
              </Candidate>
              <Candidate>
                <CandidateID>750117357</CandidateID>
                <LastName>Uncommitted</LastName>
                <FirstName />
                <YesVotes>1</YesVotes>
              </Candidate>
            </Party>
          </CountyResults>
        </Counties>
        <Counties>
          <CountyName>Saline</CountyName>
          <CountyResults>
            <ReportingPrecincts>16</ReportingPrecincts>
            <TotalPrecincts>16</TotalPrecincts>
            <Party>
              <PartyName>Republican</PartyName>
              <Candidate>
                <CandidateID>750117286</CandidateID>
                <LastName>Donald J Trump</LastName>
                <FirstName />
                <YesVotes>1171</YesVotes>
              </Candidate>
              <Candidate>
                <CandidateID>750117300</CandidateID>
                <LastName>Bob Ely</LastName>
                <FirstName />
                <YesVotes>4</YesVotes>
              </Candidate>
              <Candidate>
                <CandidateID>750117328</CandidateID>
                <LastName>Bill Weld</LastName>
                <FirstName />
                <YesVotes>5</YesVotes>
              </Candidate>
              <Candidate>
                <CandidateID>750117330</CandidateID>
                <LastName>Joe Walsh</LastName>
                <FirstName />
                <YesVotes>9</YesVotes>
              </Candidate>
              <Candidate>
                <CandidateID>750117334</CandidateID>
                <LastName>Matthew John Matern</LastName>
                <FirstName />
                <YesVotes>3</YesVotes>
              </Candidate>
              <Candidate>
                <CandidateID>750117353</CandidateID>
                <LastName>Uncommitted</LastName>
                <FirstName />
                <YesVotes>7</YesVotes>
              </Candidate>
            </Party>
            <Party>
              <PartyName>Democratic</PartyName>
              <Candidate>
                <CandidateID>750117276</CandidateID>
                <LastName>Amy Klobuchar</LastName>
                <FirstName />
                <YesVotes>14</YesVotes>
              </Candidate>
              <Candidate>
                <CandidateID>750117280</CandidateID>
                <LastName>Tom Steyer</LastName>
                <FirstName />
                <YesVotes>2</YesVotes>
              </Candidate>
              <Candidate>
                <CandidateID>750117274</CandidateID>
                <LastName>Tulsi Gabbard</LastName>
                <FirstName />
                <YesVotes>14</YesVotes>
              </Candidate>
              <Candidate>
                <CandidateID>750117278</CandidateID>
                <LastName>Leonard J. Steinman II</LastName>
                <FirstName />
                <YesVotes>1</YesVotes>
              </Candidate>
              <Candidate>
                <CandidateID>750117285</CandidateID>
                <LastName>Cory Booker</LastName>
                <FirstName />
                <YesVotes>1</YesVotes>
              </Candidate>
              <Candidate>
                <CandidateID>750117279</CandidateID>
                <LastName>Joseph R. Biden</LastName>
                <FirstName />
                <YesVotes>1039</YesVotes>
              </Candidate>
              <Candidate>
                <CandidateID>750117282</CandidateID>
                <LastName>Elizabeth Warren</LastName>
                <FirstName />
                <YesVotes>17</YesVotes>
              </Candidate>
              <Candidate>
                <CandidateID>750117275</CandidateID>
                <LastName>Pete Buttigieg</LastName>
                <FirstName />
                <YesVotes>12</YesVotes>
              </Candidate>
              <Candidate>
                <CandidateID>750117283</CandidateID>
                <LastName>Bernie Sanders</LastName>
                <FirstName />
                <YesVotes>512</YesVotes>
              </Candidate>
              <Candidate>
                <CandidateID>750117277</CandidateID>
                <LastName>Velma Steinman</LastName>
                <FirstName />
                <YesVotes>1</YesVotes>
              </Candidate>
              <Candidate>
                <CandidateID>750117287</CandidateID>
                <LastName>Henry Hewes</LastName>
                <FirstName />
                <YesVotes>0</YesVotes>
              </Candidate>
              <Candidate>
                <CandidateID>750117288</CandidateID>
                <LastName>Andrew Yang</LastName>
                <FirstName />
                <YesVotes>5</YesVotes>
              </Candidate>
              <Candidate>
                <CandidateID>750117299</CandidateID>
                <LastName>Roque De La Fuente</LastName>
                <FirstName />
                <YesVotes>1</YesVotes>
              </Candidate>
              <Candidate>
                <CandidateID>750117301</CandidateID>
                <LastName>John K. Delaney</LastName>
                <FirstName />
                <YesVotes>1</YesVotes>
              </Candidate>
              <Candidate>
                <CandidateID>750117302</CandidateID>
                <LastName>Julián Castro</LastName>
                <FirstName />
                <YesVotes>1</YesVotes>
              </Candidate>
              <Candidate>
                <CandidateID>750117303</CandidateID>
                <LastName>Deval Patrick</LastName>
                <FirstName />
                <YesVotes>0</YesVotes>
              </Candidate>
              <Candidate>
                <CandidateID>750117321</CandidateID>
                <LastName>Marianne Williamson</LastName>
                <FirstName />
                <YesVotes>0</YesVotes>
              </Candidate>
              <Candidate>
                <CandidateID>750117323</CandidateID>
                <LastName>Michael Bennet</LastName>
                <FirstName />
                <YesVotes>3</YesVotes>
              </Candidate>
              <Candidate>
                <CandidateID>750117324</CandidateID>
                <LastName>Michael R. Bloomberg</LastName>
                <FirstName />
                <YesVotes>35</YesVotes>
              </Candidate>
              <Candidate>
                <CandidateID>750117326</CandidateID>
                <LastName>Steve Burke</LastName>
                <FirstName />
                <YesVotes>2</YesVotes>
              </Candidate>
              <Candidate>
                <CandidateID>750117331</CandidateID>
                <LastName>Robby Wells</LastName>
                <FirstName />
                <YesVotes>0</YesVotes>
              </Candidate>
              <Candidate>
                <CandidateID>750117332</CandidateID>
                <LastName>William C. (Bill) Haas</LastName>
                <FirstName />
                <YesVotes>0</YesVotes>
              </Candidate>
              <Candidate>
                <CandidateID>750117354</CandidateID>
                <LastName>Uncommitted</LastName>
                <FirstName />
                <YesVotes>13</YesVotes>
              </Candidate>
            </Party>
            <Party>
              <PartyName>Libertarian</PartyName>
              <Candidate>
                <CandidateID>750117320</CandidateID>
                <LastName>Jacob Hornberger</LastName>
                <FirstName />
                <YesVotes>6</YesVotes>
              </Candidate>
              <Candidate>
                <CandidateID>750117355</CandidateID>
                <LastName>Uncommitted</LastName>
                <FirstName />
                <YesVotes>1</YesVotes>
              </Candidate>
            </Party>
            <Party>
              <PartyName>Green</PartyName>
              <Candidate>
                <CandidateID>750117325</CandidateID>
                <LastName>Howie Hawkins</LastName>
                <FirstName />
                <YesVotes>0</YesVotes>
              </Candidate>
              <Candidate>
                <CandidateID>750117327</CandidateID>
                <LastName>Dario Hunter</LastName>
                <FirstName />
                <YesVotes>1</YesVotes>
              </Candidate>
              <Candidate>
                <CandidateID>750117329</CandidateID>
                <LastName>David Rolde</LastName>
                <FirstName />
                <YesVotes>0</YesVotes>
              </Candidate>
              <Candidate>
                <CandidateID>750117356</CandidateID>
                <LastName>Uncommitted</LastName>
                <FirstName />
                <YesVotes>0</YesVotes>
              </Candidate>
            </Party>
            <Party>
              <PartyName>Constitution</PartyName>
              <Candidate>
                <CandidateID>750117333</CandidateID>
                <LastName>Don J. Grundmann</LastName>
                <FirstName />
                <YesVotes>1</YesVotes>
              </Candidate>
              <Candidate>
                <CandidateID>750117335</CandidateID>
                <LastName>Don Blankenship</LastName>
                <FirstName />
                <YesVotes>1</YesVotes>
              </Candidate>
              <Candidate>
                <CandidateID>750117357</CandidateID>
                <LastName>Uncommitted</LastName>
                <FirstName />
                <YesVotes>0</YesVotes>
              </Candidate>
            </Party>
          </CountyResults>
        </Counties>
        <Counties>
          <CountyName>Schuyler</CountyName>
          <CountyResults>
            <ReportingPrecincts>5</ReportingPrecincts>
            <TotalPrecincts>5</TotalPrecincts>
            <Party>
              <PartyName>Republican</PartyName>
              <Candidate>
                <CandidateID>750117286</CandidateID>
                <LastName>Donald J Trump</LastName>
                <FirstName />
                <YesVotes>309</YesVotes>
              </Candidate>
              <Candidate>
                <CandidateID>750117300</CandidateID>
                <LastName>Bob Ely</LastName>
                <FirstName />
                <YesVotes>0</YesVotes>
              </Candidate>
              <Candidate>
                <CandidateID>750117328</CandidateID>
                <LastName>Bill Weld</LastName>
                <FirstName />
                <YesVotes>0</YesVotes>
              </Candidate>
              <Candidate>
                <CandidateID>750117330</CandidateID>
                <LastName>Joe Walsh</LastName>
                <FirstName />
                <YesVotes>2</YesVotes>
              </Candidate>
              <Candidate>
                <CandidateID>750117334</CandidateID>
                <LastName>Matthew John Matern</LastName>
                <FirstName />
                <YesVotes>0</YesVotes>
              </Candidate>
              <Candidate>
                <CandidateID>750117353</CandidateID>
                <LastName>Uncommitted</LastName>
                <FirstName />
                <YesVotes>1</YesVotes>
              </Candidate>
            </Party>
            <Party>
              <PartyName>Democratic</PartyName>
              <Candidate>
                <CandidateID>750117276</CandidateID>
                <LastName>Amy Klobuchar</LastName>
                <FirstName />
                <YesVotes>5</YesVotes>
              </Candidate>
              <Candidate>
                <CandidateID>750117280</CandidateID>
                <LastName>Tom Steyer</LastName>
                <FirstName />
                <YesVotes>0</YesVotes>
              </Candidate>
              <Candidate>
                <CandidateID>750117274</CandidateID>
                <LastName>Tulsi Gabbard</LastName>
                <FirstName />
                <YesVotes>0</YesVotes>
              </Candidate>
              <Candidate>
                <CandidateID>750117278</CandidateID>
                <LastName>Leonard J. Steinman II</LastName>
                <FirstName />
                <YesVotes>0</YesVotes>
              </Candidate>
              <Candidate>
                <CandidateID>750117285</CandidateID>
                <LastName>Cory Booker</LastName>
                <FirstName />
                <YesVotes>2</YesVotes>
              </Candidate>
              <Candidate>
                <CandidateID>750117279</CandidateID>
                <LastName>Joseph R. Biden</LastName>
                <FirstName />
                <YesVotes>115</YesVotes>
              </Candidate>
              <Candidate>
                <CandidateID>750117282</CandidateID>
                <LastName>Elizabeth Warren</LastName>
                <FirstName />
                <YesVotes>6</YesVotes>
              </Candidate>
              <Candidate>
                <CandidateID>750117275</CandidateID>
                <LastName>Pete Buttigieg</LastName>
                <FirstName />
                <YesVotes>5</YesVotes>
              </Candidate>
              <Candidate>
                <CandidateID>750117283</CandidateID>
                <LastName>Bernie Sanders</LastName>
                <FirstName />
                <YesVotes>61</YesVotes>
              </Candidate>
              <Candidate>
                <CandidateID>750117277</CandidateID>
                <LastName>Velma Steinman</LastName>
                <FirstName />
                <YesVotes>0</YesVotes>
              </Candidate>
              <Candidate>
                <CandidateID>750117287</CandidateID>
                <LastName>Henry Hewes</LastName>
                <FirstName />
                <YesVotes>0</YesVotes>
              </Candidate>
              <Candidate>
                <CandidateID>750117288</CandidateID>
                <LastName>Andrew Yang</LastName>
                <FirstName />
                <YesVotes>0</YesVotes>
              </Candidate>
              <Candidate>
                <CandidateID>750117299</CandidateID>
                <LastName>Roque De La Fuente</LastName>
                <FirstName />
                <YesVotes>0</YesVotes>
              </Candidate>
              <Candidate>
                <CandidateID>750117301</CandidateID>
                <LastName>John K. Delaney</LastName>
                <FirstName />
                <YesVotes>0</YesVotes>
              </Candidate>
              <Candidate>
                <CandidateID>750117302</CandidateID>
                <LastName>Julián Castro</LastName>
                <FirstName />
                <YesVotes>0</YesVotes>
              </Candidate>
              <Candidate>
                <CandidateID>750117303</CandidateID>
                <LastName>Deval Patrick</LastName>
                <FirstName />
                <YesVotes>0</YesVotes>
              </Candidate>
              <Candidate>
                <CandidateID>750117321</CandidateID>
                <LastName>Marianne Williamson</LastName>
                <FirstName />
                <YesVotes>0</YesVotes>
              </Candidate>
              <Candidate>
                <CandidateID>750117323</CandidateID>
                <LastName>Michael Bennet</LastName>
                <FirstName />
                <YesVotes>0</YesVotes>
              </Candidate>
              <Candidate>
                <CandidateID>750117324</CandidateID>
                <LastName>Michael R. Bloomberg</LastName>
                <FirstName />
                <YesVotes>2</YesVotes>
              </Candidate>
              <Candidate>
                <CandidateID>750117326</CandidateID>
                <LastName>Steve Burke</LastName>
                <FirstName />
                <YesVotes>0</YesVotes>
              </Candidate>
              <Candidate>
                <CandidateID>750117331</CandidateID>
                <LastName>Robby Wells</LastName>
                <FirstName />
                <YesVotes>0</YesVotes>
              </Candidate>
              <Candidate>
                <CandidateID>750117332</CandidateID>
                <LastName>William C. (Bill) Haas</LastName>
                <FirstName />
                <YesVotes>0</YesVotes>
              </Candidate>
              <Candidate>
                <CandidateID>750117354</CandidateID>
                <LastName>Uncommitted</LastName>
                <FirstName />
                <YesVotes>6</YesVotes>
              </Candidate>
            </Party>
            <Party>
              <PartyName>Libertarian</PartyName>
              <Candidate>
                <CandidateID>750117320</CandidateID>
                <LastName>Jacob Hornberger</LastName>
                <FirstName />
                <YesVotes>1</YesVotes>
              </Candidate>
              <Candidate>
                <CandidateID>750117355</CandidateID>
                <LastName>Uncommitted</LastName>
                <FirstName />
                <YesVotes>1</YesVotes>
              </Candidate>
            </Party>
            <Party>
              <PartyName>Green</PartyName>
              <Candidate>
                <CandidateID>750117325</CandidateID>
                <LastName>Howie Hawkins</LastName>
                <FirstName />
                <YesVotes>0</YesVotes>
              </Candidate>
              <Candidate>
                <CandidateID>750117327</CandidateID>
                <LastName>Dario Hunter</LastName>
                <FirstName />
                <YesVotes>0</YesVotes>
              </Candidate>
              <Candidate>
                <CandidateID>750117329</CandidateID>
                <LastName>David Rolde</LastName>
                <FirstName />
                <YesVotes>0</YesVotes>
              </Candidate>
              <Candidate>
                <CandidateID>750117356</CandidateID>
                <LastName>Uncommitted</LastName>
                <FirstName />
                <YesVotes>0</YesVotes>
              </Candidate>
            </Party>
            <Party>
              <PartyName>Constitution</PartyName>
              <Candidate>
                <CandidateID>750117333</CandidateID>
                <LastName>Don J. Grundmann</LastName>
                <FirstName />
                <YesVotes>0</YesVotes>
              </Candidate>
              <Candidate>
                <CandidateID>750117335</CandidateID>
                <LastName>Don Blankenship</LastName>
                <FirstName />
                <YesVotes>0</YesVotes>
              </Candidate>
              <Candidate>
                <CandidateID>750117357</CandidateID>
                <LastName>Uncommitted</LastName>
                <FirstName />
                <YesVotes>1</YesVotes>
              </Candidate>
            </Party>
          </CountyResults>
        </Counties>
        <Counties>
          <CountyName>Scotland</CountyName>
          <CountyResults>
            <ReportingPrecincts>8</ReportingPrecincts>
            <TotalPrecincts>8</TotalPrecincts>
            <Party>
              <PartyName>Republican</PartyName>
              <Candidate>
                <CandidateID>750117286</CandidateID>
                <LastName>Donald J Trump</LastName>
                <FirstName />
                <YesVotes>320</YesVotes>
              </Candidate>
              <Candidate>
                <CandidateID>750117300</CandidateID>
                <LastName>Bob Ely</LastName>
                <FirstName />
                <YesVotes>1</YesVotes>
              </Candidate>
              <Candidate>
                <CandidateID>750117328</CandidateID>
                <LastName>Bill Weld</LastName>
                <FirstName />
                <YesVotes>1</YesVotes>
              </Candidate>
              <Candidate>
                <CandidateID>750117330</CandidateID>
                <LastName>Joe Walsh</LastName>
                <FirstName />
                <YesVotes>2</YesVotes>
              </Candidate>
              <Candidate>
                <CandidateID>750117334</CandidateID>
                <LastName>Matthew John Matern</LastName>
                <FirstName />
                <YesVotes>1</YesVotes>
              </Candidate>
              <Candidate>
                <CandidateID>750117353</CandidateID>
                <LastName>Uncommitted</LastName>
                <FirstName />
                <YesVotes>3</YesVotes>
              </Candidate>
            </Party>
            <Party>
              <PartyName>Democratic</PartyName>
              <Candidate>
                <CandidateID>750117276</CandidateID>
                <LastName>Amy Klobuchar</LastName>
                <FirstName />
                <YesVotes>5</YesVotes>
              </Candidate>
              <Candidate>
                <CandidateID>750117280</CandidateID>
                <LastName>Tom Steyer</LastName>
                <FirstName />
                <YesVotes>2</YesVotes>
              </Candidate>
              <Candidate>
                <CandidateID>750117274</CandidateID>
                <LastName>Tulsi Gabbard</LastName>
                <FirstName />
                <YesVotes>5</YesVotes>
              </Candidate>
              <Candidate>
                <CandidateID>750117278</CandidateID>
                <LastName>Leonard J. Steinman II</LastName>
                <FirstName />
                <YesVotes>0</YesVotes>
              </Candidate>
              <Candidate>
                <CandidateID>750117285</CandidateID>
                <LastName>Cory Booker</LastName>
                <FirstName />
                <YesVotes>0</YesVotes>
              </Candidate>
              <Candidate>
                <CandidateID>750117279</CandidateID>
                <LastName>Joseph R. Biden</LastName>
                <FirstName />
                <YesVotes>132</YesVotes>
              </Candidate>
              <Candidate>
                <CandidateID>750117282</CandidateID>
                <LastName>Elizabeth Warren</LastName>
                <FirstName />
                <YesVotes>6</YesVotes>
              </Candidate>
              <Candidate>
                <CandidateID>750117275</CandidateID>
                <LastName>Pete Buttigieg</LastName>
                <FirstName />
                <YesVotes>2</YesVotes>
              </Candidate>
              <Candidate>
                <CandidateID>750117283</CandidateID>
                <LastName>Bernie Sanders</LastName>
                <FirstName />
                <YesVotes>80</YesVotes>
              </Candidate>
              <Candidate>
                <CandidateID>750117277</CandidateID>
                <LastName>Velma Steinman</LastName>
                <FirstName />
                <YesVotes>0</YesVotes>
              </Candidate>
              <Candidate>
                <CandidateID>750117287</CandidateID>
                <LastName>Henry Hewes</LastName>
                <FirstName />
                <YesVotes>0</YesVotes>
              </Candidate>
              <Candidate>
                <CandidateID>750117288</CandidateID>
                <LastName>Andrew Yang</LastName>
                <FirstName />
                <YesVotes>0</YesVotes>
              </Candidate>
              <Candidate>
                <CandidateID>750117299</CandidateID>
                <LastName>Roque De La Fuente</LastName>
                <FirstName />
                <YesVotes>0</YesVotes>
              </Candidate>
              <Candidate>
                <CandidateID>750117301</CandidateID>
                <LastName>John K. Delaney</LastName>
                <FirstName />
                <YesVotes>1</YesVotes>
              </Candidate>
              <Candidate>
                <CandidateID>750117302</CandidateID>
                <LastName>Julián Castro</LastName>
                <FirstName />
                <YesVotes>0</YesVotes>
              </Candidate>
              <Candidate>
                <CandidateID>750117303</CandidateID>
                <LastName>Deval Patrick</LastName>
                <FirstName />
                <YesVotes>0</YesVotes>
              </Candidate>
              <Candidate>
                <CandidateID>750117321</CandidateID>
                <LastName>Marianne Williamson</LastName>
                <FirstName />
                <YesVotes>0</YesVotes>
              </Candidate>
              <Candidate>
                <CandidateID>750117323</CandidateID>
                <LastName>Michael Bennet</LastName>
                <FirstName />
                <YesVotes>0</YesVotes>
              </Candidate>
              <Candidate>
                <CandidateID>750117324</CandidateID>
                <LastName>Michael R. Bloomberg</LastName>
                <FirstName />
                <YesVotes>3</YesVotes>
              </Candidate>
              <Candidate>
                <CandidateID>750117326</CandidateID>
                <LastName>Steve Burke</LastName>
                <FirstName />
                <YesVotes>1</YesVotes>
              </Candidate>
              <Candidate>
                <CandidateID>750117331</CandidateID>
                <LastName>Robby Wells</LastName>
                <FirstName />
                <YesVotes>1</YesVotes>
              </Candidate>
              <Candidate>
                <CandidateID>750117332</CandidateID>
                <LastName>William C. (Bill) Haas</LastName>
                <FirstName />
                <YesVotes>1</YesVotes>
              </Candidate>
              <Candidate>
                <CandidateID>750117354</CandidateID>
                <LastName>Uncommitted</LastName>
                <FirstName />
                <YesVotes>7</YesVotes>
              </Candidate>
            </Party>
            <Party>
              <PartyName>Libertarian</PartyName>
              <Candidate>
                <CandidateID>750117320</CandidateID>
                <LastName>Jacob Hornberger</LastName>
                <FirstName />
                <YesVotes>0</YesVotes>
              </Candidate>
              <Candidate>
                <CandidateID>750117355</CandidateID>
                <LastName>Uncommitted</LastName>
                <FirstName />
                <YesVotes>0</YesVotes>
              </Candidate>
            </Party>
            <Party>
              <PartyName>Green</PartyName>
              <Candidate>
                <CandidateID>750117325</CandidateID>
                <LastName>Howie Hawkins</LastName>
                <FirstName />
                <YesVotes>0</YesVotes>
              </Candidate>
              <Candidate>
                <CandidateID>750117327</CandidateID>
                <LastName>Dario Hunter</LastName>
                <FirstName />
                <YesVotes>0</YesVotes>
              </Candidate>
              <Candidate>
                <CandidateID>750117329</CandidateID>
                <LastName>David Rolde</LastName>
                <FirstName />
                <YesVotes>0</YesVotes>
              </Candidate>
              <Candidate>
                <CandidateID>750117356</CandidateID>
                <LastName>Uncommitted</LastName>
                <FirstName />
                <YesVotes>0</YesVotes>
              </Candidate>
            </Party>
            <Party>
              <PartyName>Constitution</PartyName>
              <Candidate>
                <CandidateID>750117333</CandidateID>
                <LastName>Don J. Grundmann</LastName>
                <FirstName />
                <YesVotes>0</YesVotes>
              </Candidate>
              <Candidate>
                <CandidateID>750117335</CandidateID>
                <LastName>Don Blankenship</LastName>
                <FirstName />
                <YesVotes>0</YesVotes>
              </Candidate>
              <Candidate>
                <CandidateID>750117357</CandidateID>
                <LastName>Uncommitted</LastName>
                <FirstName />
                <YesVotes>0</YesVotes>
              </Candidate>
            </Party>
          </CountyResults>
        </Counties>
        <Counties>
          <CountyName>Scott</CountyName>
          <CountyResults>
            <ReportingPrecincts>20</ReportingPrecincts>
            <TotalPrecincts>20</TotalPrecincts>
            <Party>
              <PartyName>Republican</PartyName>
              <Candidate>
                <CandidateID>750117286</CandidateID>
                <LastName>Donald J Trump</LastName>
                <FirstName />
                <YesVotes>2364</YesVotes>
              </Candidate>
              <Candidate>
                <CandidateID>750117300</CandidateID>
                <LastName>Bob Ely</LastName>
                <FirstName />
                <YesVotes>2</YesVotes>
              </Candidate>
              <Candidate>
                <CandidateID>750117328</CandidateID>
                <LastName>Bill Weld</LastName>
                <FirstName />
                <YesVotes>2</YesVotes>
              </Candidate>
              <Candidate>
                <CandidateID>750117330</CandidateID>
                <LastName>Joe Walsh</LastName>
                <FirstName />
                <YesVotes>6</YesVotes>
              </Candidate>
              <Candidate>
                <CandidateID>750117334</CandidateID>
                <LastName>Matthew John Matern</LastName>
                <FirstName />
                <YesVotes>2</YesVotes>
              </Candidate>
              <Candidate>
                <CandidateID>750117353</CandidateID>
                <LastName>Uncommitted</LastName>
                <FirstName />
                <YesVotes>8</YesVotes>
              </Candidate>
            </Party>
            <Party>
              <PartyName>Democratic</PartyName>
              <Candidate>
                <CandidateID>750117276</CandidateID>
                <LastName>Amy Klobuchar</LastName>
                <FirstName />
                <YesVotes>10</YesVotes>
              </Candidate>
              <Candidate>
                <CandidateID>750117280</CandidateID>
                <LastName>Tom Steyer</LastName>
                <FirstName />
                <YesVotes>2</YesVotes>
              </Candidate>
              <Candidate>
                <CandidateID>750117274</CandidateID>
                <LastName>Tulsi Gabbard</LastName>
                <FirstName />
                <YesVotes>28</YesVotes>
              </Candidate>
              <Candidate>
                <CandidateID>750117278</CandidateID>
                <LastName>Leonard J. Steinman II</LastName>
                <FirstName />
                <YesVotes>0</YesVotes>
              </Candidate>
              <Candidate>
                <CandidateID>750117285</CandidateID>
                <LastName>Cory Booker</LastName>
                <FirstName />
                <YesVotes>4</YesVotes>
              </Candidate>
              <Candidate>
                <CandidateID>750117279</CandidateID>
                <LastName>Joseph R. Biden</LastName>
                <FirstName />
                <YesVotes>1188</YesVotes>
              </Candidate>
              <Candidate>
                <CandidateID>750117282</CandidateID>
                <LastName>Elizabeth Warren</LastName>
                <FirstName />
                <YesVotes>20</YesVotes>
              </Candidate>
              <Candidate>
                <CandidateID>750117275</CandidateID>
                <LastName>Pete Buttigieg</LastName>
                <FirstName />
                <YesVotes>4</YesVotes>
              </Candidate>
              <Candidate>
                <CandidateID>750117283</CandidateID>
                <LastName>Bernie Sanders</LastName>
                <FirstName />
                <YesVotes>589</YesVotes>
              </Candidate>
              <Candidate>
                <CandidateID>750117277</CandidateID>
                <LastName>Velma Steinman</LastName>
                <FirstName />
                <YesVotes>2</YesVotes>
              </Candidate>
              <Candidate>
                <CandidateID>750117287</CandidateID>
                <LastName>Henry Hewes</LastName>
                <FirstName />
                <YesVotes>4</YesVotes>
              </Candidate>
              <Candidate>
                <CandidateID>750117288</CandidateID>
                <LastName>Andrew Yang</LastName>
                <FirstName />
                <YesVotes>2</YesVotes>
              </Candidate>
              <Candidate>
                <CandidateID>750117299</CandidateID>
                <LastName>Roque De La Fuente</LastName>
                <FirstName />
                <YesVotes>0</YesVotes>
              </Candidate>
              <Candidate>
                <CandidateID>750117301</CandidateID>
                <LastName>John K. Delaney</LastName>
                <FirstName />
                <YesVotes>3</YesVotes>
              </Candidate>
              <Candidate>
                <CandidateID>750117302</CandidateID>
                <LastName>Julián Castro</LastName>
                <FirstName />
                <YesVotes>0</YesVotes>
              </Candidate>
              <Candidate>
                <CandidateID>750117303</CandidateID>
                <LastName>Deval Patrick</LastName>
                <FirstName />
                <YesVotes>1</YesVotes>
              </Candidate>
              <Candidate>
                <CandidateID>750117321</CandidateID>
                <LastName>Marianne Williamson</LastName>
                <FirstName />
                <YesVotes>1</YesVotes>
              </Candidate>
              <Candidate>
                <CandidateID>750117323</CandidateID>
                <LastName>Michael Bennet</LastName>
                <FirstName />
                <YesVotes>1</YesVotes>
              </Candidate>
              <Candidate>
                <CandidateID>750117324</CandidateID>
                <LastName>Michael R. Bloomberg</LastName>
                <FirstName />
                <YesVotes>17</YesVotes>
              </Candidate>
              <Candidate>
                <CandidateID>750117326</CandidateID>
                <LastName>Steve Burke</LastName>
                <FirstName />
                <YesVotes>1</YesVotes>
              </Candidate>
              <Candidate>
                <CandidateID>750117331</CandidateID>
                <LastName>Robby Wells</LastName>
                <FirstName />
                <YesVotes>0</YesVotes>
              </Candidate>
              <Candidate>
                <CandidateID>750117332</CandidateID>
                <LastName>William C. (Bill) Haas</LastName>
                <FirstName />
                <YesVotes>1</YesVotes>
              </Candidate>
              <Candidate>
                <CandidateID>750117354</CandidateID>
                <LastName>Uncommitted</LastName>
                <FirstName />
                <YesVotes>20</YesVotes>
              </Candidate>
            </Party>
            <Party>
              <PartyName>Libertarian</PartyName>
              <Candidate>
                <CandidateID>750117320</CandidateID>
                <LastName>Jacob Hornberger</LastName>
                <FirstName />
                <YesVotes>3</YesVotes>
              </Candidate>
              <Candidate>
                <CandidateID>750117355</CandidateID>
                <LastName>Uncommitted</LastName>
                <FirstName />
                <YesVotes>1</YesVotes>
              </Candidate>
            </Party>
            <Party>
              <PartyName>Green</PartyName>
              <Candidate>
                <CandidateID>750117325</CandidateID>
                <LastName>Howie Hawkins</LastName>
                <FirstName />
                <YesVotes>0</YesVotes>
              </Candidate>
              <Candidate>
                <CandidateID>750117327</CandidateID>
                <LastName>Dario Hunter</LastName>
                <FirstName />
                <YesVotes>0</YesVotes>
              </Candidate>
              <Candidate>
                <CandidateID>750117329</CandidateID>
                <LastName>David Rolde</LastName>
                <FirstName />
                <YesVotes>1</YesVotes>
              </Candidate>
              <Candidate>
                <CandidateID>750117356</CandidateID>
                <LastName>Uncommitted</LastName>
                <FirstName />
                <YesVotes>0</YesVotes>
              </Candidate>
            </Party>
            <Party>
              <PartyName>Constitution</PartyName>
              <Candidate>
                <CandidateID>750117333</CandidateID>
                <LastName>Don J. Grundmann</LastName>
                <FirstName />
                <YesVotes>2</YesVotes>
              </Candidate>
              <Candidate>
                <CandidateID>750117335</CandidateID>
                <LastName>Don Blankenship</LastName>
                <FirstName />
                <YesVotes>1</YesVotes>
              </Candidate>
              <Candidate>
                <CandidateID>750117357</CandidateID>
                <LastName>Uncommitted</LastName>
                <FirstName />
                <YesVotes>0</YesVotes>
              </Candidate>
            </Party>
          </CountyResults>
        </Counties>
        <Counties>
          <CountyName>Shannon</CountyName>
          <CountyResults>
            <ReportingPrecincts>8</ReportingPrecincts>
            <TotalPrecincts>8</TotalPrecincts>
            <Party>
              <PartyName>Republican</PartyName>
              <Candidate>
                <CandidateID>750117286</CandidateID>
                <LastName>Donald J Trump</LastName>
                <FirstName />
                <YesVotes>712</YesVotes>
              </Candidate>
              <Candidate>
                <CandidateID>750117300</CandidateID>
                <LastName>Bob Ely</LastName>
                <FirstName />
                <YesVotes>2</YesVotes>
              </Candidate>
              <Candidate>
                <CandidateID>750117328</CandidateID>
                <LastName>Bill Weld</LastName>
                <FirstName />
                <YesVotes>0</YesVotes>
              </Candidate>
              <Candidate>
                <CandidateID>750117330</CandidateID>
                <LastName>Joe Walsh</LastName>
                <FirstName />
                <YesVotes>3</YesVotes>
              </Candidate>
              <Candidate>
                <CandidateID>750117334</CandidateID>
                <LastName>Matthew John Matern</LastName>
                <FirstName />
                <YesVotes>0</YesVotes>
              </Candidate>
              <Candidate>
                <CandidateID>750117353</CandidateID>
                <LastName>Uncommitted</LastName>
                <FirstName />
                <YesVotes>2</YesVotes>
              </Candidate>
            </Party>
            <Party>
              <PartyName>Democratic</PartyName>
              <Candidate>
                <CandidateID>750117276</CandidateID>
                <LastName>Amy Klobuchar</LastName>
                <FirstName />
                <YesVotes>1</YesVotes>
              </Candidate>
              <Candidate>
                <CandidateID>750117280</CandidateID>
                <LastName>Tom Steyer</LastName>
                <FirstName />
                <YesVotes>2</YesVotes>
              </Candidate>
              <Candidate>
                <CandidateID>750117274</CandidateID>
                <LastName>Tulsi Gabbard</LastName>
                <FirstName />
                <YesVotes>10</YesVotes>
              </Candidate>
              <Candidate>
                <CandidateID>750117278</CandidateID>
                <LastName>Leonard J. Steinman II</LastName>
                <FirstName />
                <YesVotes>0</YesVotes>
              </Candidate>
              <Candidate>
                <CandidateID>750117285</CandidateID>
                <LastName>Cory Booker</LastName>
                <FirstName />
                <YesVotes>2</YesVotes>
              </Candidate>
              <Candidate>
                <CandidateID>750117279</CandidateID>
                <LastName>Joseph R. Biden</LastName>
                <FirstName />
                <YesVotes>297</YesVotes>
              </Candidate>
              <Candidate>
                <CandidateID>750117282</CandidateID>
                <LastName>Elizabeth Warren</LastName>
                <FirstName />
                <YesVotes>9</YesVotes>
              </Candidate>
              <Candidate>
                <CandidateID>750117275</CandidateID>
                <LastName>Pete Buttigieg</LastName>
                <FirstName />
                <YesVotes>7</YesVotes>
              </Candidate>
              <Candidate>
                <CandidateID>750117283</CandidateID>
                <LastName>Bernie Sanders</LastName>
                <FirstName />
                <YesVotes>110</YesVotes>
              </Candidate>
              <Candidate>
                <CandidateID>750117277</CandidateID>
                <LastName>Velma Steinman</LastName>
                <FirstName />
                <YesVotes>1</YesVotes>
              </Candidate>
              <Candidate>
                <CandidateID>750117287</CandidateID>
                <LastName>Henry Hewes</LastName>
                <FirstName />
                <YesVotes>0</YesVotes>
              </Candidate>
              <Candidate>
                <CandidateID>750117288</CandidateID>
                <LastName>Andrew Yang</LastName>
                <FirstName />
                <YesVotes>4</YesVotes>
              </Candidate>
              <Candidate>
                <CandidateID>750117299</CandidateID>
                <LastName>Roque De La Fuente</LastName>
                <FirstName />
                <YesVotes>0</YesVotes>
              </Candidate>
              <Candidate>
                <CandidateID>750117301</CandidateID>
                <LastName>John K. Delaney</LastName>
                <FirstName />
                <YesVotes>0</YesVotes>
              </Candidate>
              <Candidate>
                <CandidateID>750117302</CandidateID>
                <LastName>Julián Castro</LastName>
                <FirstName />
                <YesVotes>0</YesVotes>
              </Candidate>
              <Candidate>
                <CandidateID>750117303</CandidateID>
                <LastName>Deval Patrick</LastName>
                <FirstName />
                <YesVotes>0</YesVotes>
              </Candidate>
              <Candidate>
                <CandidateID>750117321</CandidateID>
                <LastName>Marianne Williamson</LastName>
                <FirstName />
                <YesVotes>3</YesVotes>
              </Candidate>
              <Candidate>
                <CandidateID>750117323</CandidateID>
                <LastName>Michael Bennet</LastName>
                <FirstName />
                <YesVotes>0</YesVotes>
              </Candidate>
              <Candidate>
                <CandidateID>750117324</CandidateID>
                <LastName>Michael R. Bloomberg</LastName>
                <FirstName />
                <YesVotes>9</YesVotes>
              </Candidate>
              <Candidate>
                <CandidateID>750117326</CandidateID>
                <LastName>Steve Burke</LastName>
                <FirstName />
                <YesVotes>1</YesVotes>
              </Candidate>
              <Candidate>
                <CandidateID>750117331</CandidateID>
                <LastName>Robby Wells</LastName>
                <FirstName />
                <YesVotes>0</YesVotes>
              </Candidate>
              <Candidate>
                <CandidateID>750117332</CandidateID>
                <LastName>William C. (Bill) Haas</LastName>
                <FirstName />
                <YesVotes>0</YesVotes>
              </Candidate>
              <Candidate>
                <CandidateID>750117354</CandidateID>
                <LastName>Uncommitted</LastName>
                <FirstName />
                <YesVotes>9</YesVotes>
              </Candidate>
            </Party>
            <Party>
              <PartyName>Libertarian</PartyName>
              <Candidate>
                <CandidateID>750117320</CandidateID>
                <LastName>Jacob Hornberger</LastName>
                <FirstName />
                <YesVotes>2</YesVotes>
              </Candidate>
              <Candidate>
                <CandidateID>750117355</CandidateID>
                <LastName>Uncommitted</LastName>
                <FirstName />
                <YesVotes>0</YesVotes>
              </Candidate>
            </Party>
            <Party>
              <PartyName>Green</PartyName>
              <Candidate>
                <CandidateID>750117325</CandidateID>
                <LastName>Howie Hawkins</LastName>
                <FirstName />
                <YesVotes>0</YesVotes>
              </Candidate>
              <Candidate>
                <CandidateID>750117327</CandidateID>
                <LastName>Dario Hunter</LastName>
                <FirstName />
                <YesVotes>0</YesVotes>
              </Candidate>
              <Candidate>
                <CandidateID>750117329</CandidateID>
                <LastName>David Rolde</LastName>
                <FirstName />
                <YesVotes>0</YesVotes>
              </Candidate>
              <Candidate>
                <CandidateID>750117356</CandidateID>
                <LastName>Uncommitted</LastName>
                <FirstName />
                <YesVotes>0</YesVotes>
              </Candidate>
            </Party>
            <Party>
              <PartyName>Constitution</PartyName>
              <Candidate>
                <CandidateID>750117333</CandidateID>
                <LastName>Don J. Grundmann</LastName>
                <FirstName />
                <YesVotes>1</YesVotes>
              </Candidate>
              <Candidate>
                <CandidateID>750117335</CandidateID>
                <LastName>Don Blankenship</LastName>
                <FirstName />
                <YesVotes>2</YesVotes>
              </Candidate>
              <Candidate>
                <CandidateID>750117357</CandidateID>
                <LastName>Uncommitted</LastName>
                <FirstName />
                <YesVotes>0</YesVotes>
              </Candidate>
            </Party>
          </CountyResults>
        </Counties>
        <Counties>
          <CountyName>Shelby</CountyName>
          <CountyResults>
            <ReportingPrecincts>7</ReportingPrecincts>
            <TotalPrecincts>7</TotalPrecincts>
            <Party>
              <PartyName>Republican</PartyName>
              <Candidate>
                <CandidateID>750117286</CandidateID>
                <LastName>Donald J Trump</LastName>
                <FirstName />
                <YesVotes>438</YesVotes>
              </Candidate>
              <Candidate>
                <CandidateID>750117300</CandidateID>
                <LastName>Bob Ely</LastName>
                <FirstName />
                <YesVotes>1</YesVotes>
              </Candidate>
              <Candidate>
                <CandidateID>750117328</CandidateID>
                <LastName>Bill Weld</LastName>
                <FirstName />
                <YesVotes>2</YesVotes>
              </Candidate>
              <Candidate>
                <CandidateID>750117330</CandidateID>
                <LastName>Joe Walsh</LastName>
                <FirstName />
                <YesVotes>1</YesVotes>
              </Candidate>
              <Candidate>
                <CandidateID>750117334</CandidateID>
                <LastName>Matthew John Matern</LastName>
                <FirstName />
                <YesVotes>0</YesVotes>
              </Candidate>
              <Candidate>
                <CandidateID>750117353</CandidateID>
                <LastName>Uncommitted</LastName>
                <FirstName />
                <YesVotes>4</YesVotes>
              </Candidate>
            </Party>
            <Party>
              <PartyName>Democratic</PartyName>
              <Candidate>
                <CandidateID>750117276</CandidateID>
                <LastName>Amy Klobuchar</LastName>
                <FirstName />
                <YesVotes>3</YesVotes>
              </Candidate>
              <Candidate>
                <CandidateID>750117280</CandidateID>
                <LastName>Tom Steyer</LastName>
                <FirstName />
                <YesVotes>0</YesVotes>
              </Candidate>
              <Candidate>
                <CandidateID>750117274</CandidateID>
                <LastName>Tulsi Gabbard</LastName>
                <FirstName />
                <YesVotes>5</YesVotes>
              </Candidate>
              <Candidate>
                <CandidateID>750117278</CandidateID>
                <LastName>Leonard J. Steinman II</LastName>
                <FirstName />
                <YesVotes>0</YesVotes>
              </Candidate>
              <Candidate>
                <CandidateID>750117285</CandidateID>
                <LastName>Cory Booker</LastName>
                <FirstName />
                <YesVotes>2</YesVotes>
              </Candidate>
              <Candidate>
                <CandidateID>750117279</CandidateID>
                <LastName>Joseph R. Biden</LastName>
                <FirstName />
                <YesVotes>270</YesVotes>
              </Candidate>
              <Candidate>
                <CandidateID>750117282</CandidateID>
                <LastName>Elizabeth Warren</LastName>
                <FirstName />
                <YesVotes>3</YesVotes>
              </Candidate>
              <Candidate>
                <CandidateID>750117275</CandidateID>
                <LastName>Pete Buttigieg</LastName>
                <FirstName />
                <YesVotes>5</YesVotes>
              </Candidate>
              <Candidate>
                <CandidateID>750117283</CandidateID>
                <LastName>Bernie Sanders</LastName>
                <FirstName />
                <YesVotes>106</YesVotes>
              </Candidate>
              <Candidate>
                <CandidateID>750117277</CandidateID>
                <LastName>Velma Steinman</LastName>
                <FirstName />
                <YesVotes>0</YesVotes>
              </Candidate>
              <Candidate>
                <CandidateID>750117287</CandidateID>
                <LastName>Henry Hewes</LastName>
                <FirstName />
                <YesVotes>1</YesVotes>
              </Candidate>
              <Candidate>
                <CandidateID>750117288</CandidateID>
                <LastName>Andrew Yang</LastName>
                <FirstName />
                <YesVotes>1</YesVotes>
              </Candidate>
              <Candidate>
                <CandidateID>750117299</CandidateID>
                <LastName>Roque De La Fuente</LastName>
                <FirstName />
                <YesVotes>0</YesVotes>
              </Candidate>
              <Candidate>
                <CandidateID>750117301</CandidateID>
                <LastName>John K. Delaney</LastName>
                <FirstName />
                <YesVotes>1</YesVotes>
              </Candidate>
              <Candidate>
                <CandidateID>750117302</CandidateID>
                <LastName>Julián Castro</LastName>
                <FirstName />
                <YesVotes>0</YesVotes>
              </Candidate>
              <Candidate>
                <CandidateID>750117303</CandidateID>
                <LastName>Deval Patrick</LastName>
                <FirstName />
                <YesVotes>1</YesVotes>
              </Candidate>
              <Candidate>
                <CandidateID>750117321</CandidateID>
                <LastName>Marianne Williamson</LastName>
                <FirstName />
                <YesVotes>0</YesVotes>
              </Candidate>
              <Candidate>
                <CandidateID>750117323</CandidateID>
                <LastName>Michael Bennet</LastName>
                <FirstName />
                <YesVotes>0</YesVotes>
              </Candidate>
              <Candidate>
                <CandidateID>750117324</CandidateID>
                <LastName>Michael R. Bloomberg</LastName>
                <FirstName />
                <YesVotes>3</YesVotes>
              </Candidate>
              <Candidate>
                <CandidateID>750117326</CandidateID>
                <LastName>Steve Burke</LastName>
                <FirstName />
                <YesVotes>1</YesVotes>
              </Candidate>
              <Candidate>
                <CandidateID>750117331</CandidateID>
                <LastName>Robby Wells</LastName>
                <FirstName />
                <YesVotes>0</YesVotes>
              </Candidate>
              <Candidate>
                <CandidateID>750117332</CandidateID>
                <LastName>William C. (Bill) Haas</LastName>
                <FirstName />
                <YesVotes>0</YesVotes>
              </Candidate>
              <Candidate>
                <CandidateID>750117354</CandidateID>
                <LastName>Uncommitted</LastName>
                <FirstName />
                <YesVotes>2</YesVotes>
              </Candidate>
            </Party>
            <Party>
              <PartyName>Libertarian</PartyName>
              <Candidate>
                <CandidateID>750117320</CandidateID>
                <LastName>Jacob Hornberger</LastName>
                <FirstName />
                <YesVotes>1</YesVotes>
              </Candidate>
              <Candidate>
                <CandidateID>750117355</CandidateID>
                <LastName>Uncommitted</LastName>
                <FirstName />
                <YesVotes>0</YesVotes>
              </Candidate>
            </Party>
            <Party>
              <PartyName>Green</PartyName>
              <Candidate>
                <CandidateID>750117325</CandidateID>
                <LastName>Howie Hawkins</LastName>
                <FirstName />
                <YesVotes>0</YesVotes>
              </Candidate>
              <Candidate>
                <CandidateID>750117327</CandidateID>
                <LastName>Dario Hunter</LastName>
                <FirstName />
                <YesVotes>1</YesVotes>
              </Candidate>
              <Candidate>
                <CandidateID>750117329</CandidateID>
                <LastName>David Rolde</LastName>
                <FirstName />
                <YesVotes>0</YesVotes>
              </Candidate>
              <Candidate>
                <CandidateID>750117356</CandidateID>
                <LastName>Uncommitted</LastName>
                <FirstName />
                <YesVotes>0</YesVotes>
              </Candidate>
            </Party>
            <Party>
              <PartyName>Constitution</PartyName>
              <Candidate>
                <CandidateID>750117333</CandidateID>
                <LastName>Don J. Grundmann</LastName>
                <FirstName />
                <YesVotes>1</YesVotes>
              </Candidate>
              <Candidate>
                <CandidateID>750117335</CandidateID>
                <LastName>Don Blankenship</LastName>
                <FirstName />
                <YesVotes>0</YesVotes>
              </Candidate>
              <Candidate>
                <CandidateID>750117357</CandidateID>
                <LastName>Uncommitted</LastName>
                <FirstName />
                <YesVotes>1</YesVotes>
              </Candidate>
            </Party>
          </CountyResults>
        </Counties>
        <Counties>
          <CountyName>St. Charles</CountyName>
          <CountyResults>
            <ReportingPrecincts>123</ReportingPrecincts>
            <TotalPrecincts>123</TotalPrecincts>
            <Party>
              <PartyName>Republican</PartyName>
              <Candidate>
                <CandidateID>750117286</CandidateID>
                <LastName>Donald J Trump</LastName>
                <FirstName />
                <YesVotes>20836</YesVotes>
              </Candidate>
              <Candidate>
                <CandidateID>750117300</CandidateID>
                <LastName>Bob Ely</LastName>
                <FirstName />
                <YesVotes>84</YesVotes>
              </Candidate>
              <Candidate>
                <CandidateID>750117328</CandidateID>
                <LastName>Bill Weld</LastName>
                <FirstName />
                <YesVotes>169</YesVotes>
              </Candidate>
              <Candidate>
                <CandidateID>750117330</CandidateID>
                <LastName>Joe Walsh</LastName>
                <FirstName />
                <YesVotes>166</YesVotes>
              </Candidate>
              <Candidate>
                <CandidateID>750117334</CandidateID>
                <LastName>Matthew John Matern</LastName>
                <FirstName />
                <YesVotes>44</YesVotes>
              </Candidate>
              <Candidate>
                <CandidateID>750117353</CandidateID>
                <LastName>Uncommitted</LastName>
                <FirstName />
                <YesVotes>324</YesVotes>
              </Candidate>
            </Party>
            <Party>
              <PartyName>Democratic</PartyName>
              <Candidate>
                <CandidateID>750117276</CandidateID>
                <LastName>Amy Klobuchar</LastName>
                <FirstName />
                <YesVotes>140</YesVotes>
              </Candidate>
              <Candidate>
                <CandidateID>750117280</CandidateID>
                <LastName>Tom Steyer</LastName>
                <FirstName />
                <YesVotes>22</YesVotes>
              </Candidate>
              <Candidate>
                <CandidateID>750117274</CandidateID>
                <LastName>Tulsi Gabbard</LastName>
                <FirstName />
                <YesVotes>344</YesVotes>
              </Candidate>
              <Candidate>
                <CandidateID>750117278</CandidateID>
                <LastName>Leonard J. Steinman II</LastName>
                <FirstName />
                <YesVotes>1</YesVotes>
              </Candidate>
              <Candidate>
                <CandidateID>750117285</CandidateID>
                <LastName>Cory Booker</LastName>
                <FirstName />
                <YesVotes>31</YesVotes>
              </Candidate>
              <Candidate>
                <CandidateID>750117279</CandidateID>
                <LastName>Joseph R. Biden</LastName>
                <FirstName />
                <YesVotes>28459</YesVotes>
              </Candidate>
              <Candidate>
                <CandidateID>750117282</CandidateID>
                <LastName>Elizabeth Warren</LastName>
                <FirstName />
                <YesVotes>461</YesVotes>
              </Candidate>
              <Candidate>
                <CandidateID>750117275</CandidateID>
                <LastName>Pete Buttigieg</LastName>
                <FirstName />
                <YesVotes>201</YesVotes>
              </Candidate>
              <Candidate>
                <CandidateID>750117283</CandidateID>
                <LastName>Bernie Sanders</LastName>
                <FirstName />
                <YesVotes>15636</YesVotes>
              </Candidate>
              <Candidate>
                <CandidateID>750117277</CandidateID>
                <LastName>Velma Steinman</LastName>
                <FirstName />
                <YesVotes>10</YesVotes>
              </Candidate>
              <Candidate>
                <CandidateID>750117287</CandidateID>
                <LastName>Henry Hewes</LastName>
                <FirstName />
                <YesVotes>4</YesVotes>
              </Candidate>
              <Candidate>
                <CandidateID>750117288</CandidateID>
                <LastName>Andrew Yang</LastName>
                <FirstName />
                <YesVotes>63</YesVotes>
              </Candidate>
              <Candidate>
                <CandidateID>750117299</CandidateID>
                <LastName>Roque De La Fuente</LastName>
                <FirstName />
                <YesVotes>4</YesVotes>
              </Candidate>
              <Candidate>
                <CandidateID>750117301</CandidateID>
                <LastName>John K. Delaney</LastName>
                <FirstName />
                <YesVotes>4</YesVotes>
              </Candidate>
              <Candidate>
                <CandidateID>750117302</CandidateID>
                <LastName>Julián Castro</LastName>
                <FirstName />
                <YesVotes>11</YesVotes>
              </Candidate>
              <Candidate>
                <CandidateID>750117303</CandidateID>
                <LastName>Deval Patrick</LastName>
                <FirstName />
                <YesVotes>0</YesVotes>
              </Candidate>
              <Candidate>
                <CandidateID>750117321</CandidateID>
                <LastName>Marianne Williamson</LastName>
                <FirstName />
                <YesVotes>12</YesVotes>
              </Candidate>
              <Candidate>
                <CandidateID>750117323</CandidateID>
                <LastName>Michael Bennet</LastName>
                <FirstName />
                <YesVotes>8</YesVotes>
              </Candidate>
              <Candidate>
                <CandidateID>750117324</CandidateID>
                <LastName>Michael R. Bloomberg</LastName>
                <FirstName />
                <YesVotes>431</YesVotes>
              </Candidate>
              <Candidate>
                <CandidateID>750117326</CandidateID>
                <LastName>Steve Burke</LastName>
                <FirstName />
                <YesVotes>6</YesVotes>
              </Candidate>
              <Candidate>
                <CandidateID>750117331</CandidateID>
                <LastName>Robby Wells</LastName>
                <FirstName />
                <YesVotes>0</YesVotes>
              </Candidate>
              <Candidate>
                <CandidateID>750117332</CandidateID>
                <LastName>William C. (Bill) Haas</LastName>
                <FirstName />
                <YesVotes>19</YesVotes>
              </Candidate>
              <Candidate>
                <CandidateID>750117354</CandidateID>
                <LastName>Uncommitted</LastName>
                <FirstName />
                <YesVotes>119</YesVotes>
              </Candidate>
            </Party>
            <Party>
              <PartyName>Libertarian</PartyName>
              <Candidate>
                <CandidateID>750117320</CandidateID>
                <LastName>Jacob Hornberger</LastName>
                <FirstName />
                <YesVotes>102</YesVotes>
              </Candidate>
              <Candidate>
                <CandidateID>750117355</CandidateID>
                <LastName>Uncommitted</LastName>
                <FirstName />
                <YesVotes>24</YesVotes>
              </Candidate>
            </Party>
            <Party>
              <PartyName>Green</PartyName>
              <Candidate>
                <CandidateID>750117325</CandidateID>
                <LastName>Howie Hawkins</LastName>
                <FirstName />
                <YesVotes>3</YesVotes>
              </Candidate>
              <Candidate>
                <CandidateID>750117327</CandidateID>
                <LastName>Dario Hunter</LastName>
                <FirstName />
                <YesVotes>3</YesVotes>
              </Candidate>
              <Candidate>
                <CandidateID>750117329</CandidateID>
                <LastName>David Rolde</LastName>
                <FirstName />
                <YesVotes>2</YesVotes>
              </Candidate>
              <Candidate>
                <CandidateID>750117356</CandidateID>
                <LastName>Uncommitted</LastName>
                <FirstName />
                <YesVotes>2</YesVotes>
              </Candidate>
            </Party>
            <Party>
              <PartyName>Constitution</PartyName>
              <Candidate>
                <CandidateID>750117333</CandidateID>
                <LastName>Don J. Grundmann</LastName>
                <FirstName />
                <YesVotes>6</YesVotes>
              </Candidate>
              <Candidate>
                <CandidateID>750117335</CandidateID>
                <LastName>Don Blankenship</LastName>
                <FirstName />
                <YesVotes>13</YesVotes>
              </Candidate>
              <Candidate>
                <CandidateID>750117357</CandidateID>
                <LastName>Uncommitted</LastName>
                <FirstName />
                <YesVotes>14</YesVotes>
              </Candidate>
            </Party>
          </CountyResults>
        </Counties>
        <Counties>
          <CountyName>St. Clair</CountyName>
          <CountyResults>
            <ReportingPrecincts>10</ReportingPrecincts>
            <TotalPrecincts>10</TotalPrecincts>
            <Party>
              <PartyName>Republican</PartyName>
              <Candidate>
                <CandidateID>750117286</CandidateID>
                <LastName>Donald J Trump</LastName>
                <FirstName />
                <YesVotes>866</YesVotes>
              </Candidate>
              <Candidate>
                <CandidateID>750117300</CandidateID>
                <LastName>Bob Ely</LastName>
                <FirstName />
                <YesVotes>6</YesVotes>
              </Candidate>
              <Candidate>
                <CandidateID>750117328</CandidateID>
                <LastName>Bill Weld</LastName>
                <FirstName />
                <YesVotes>3</YesVotes>
              </Candidate>
              <Candidate>
                <CandidateID>750117330</CandidateID>
                <LastName>Joe Walsh</LastName>
                <FirstName />
                <YesVotes>7</YesVotes>
              </Candidate>
              <Candidate>
                <CandidateID>750117334</CandidateID>
                <LastName>Matthew John Matern</LastName>
                <FirstName />
                <YesVotes>1</YesVotes>
              </Candidate>
              <Candidate>
                <CandidateID>750117353</CandidateID>
                <LastName>Uncommitted</LastName>
                <FirstName />
                <YesVotes>6</YesVotes>
              </Candidate>
            </Party>
            <Party>
              <PartyName>Democratic</PartyName>
              <Candidate>
                <CandidateID>750117276</CandidateID>
                <LastName>Amy Klobuchar</LastName>
                <FirstName />
                <YesVotes>2</YesVotes>
              </Candidate>
              <Candidate>
                <CandidateID>750117280</CandidateID>
                <LastName>Tom Steyer</LastName>
                <FirstName />
                <YesVotes>2</YesVotes>
              </Candidate>
              <Candidate>
                <CandidateID>750117274</CandidateID>
                <LastName>Tulsi Gabbard</LastName>
                <FirstName />
                <YesVotes>5</YesVotes>
              </Candidate>
              <Candidate>
                <CandidateID>750117278</CandidateID>
                <LastName>Leonard J. Steinman II</LastName>
                <FirstName />
                <YesVotes>0</YesVotes>
              </Candidate>
              <Candidate>
                <CandidateID>750117285</CandidateID>
                <LastName>Cory Booker</LastName>
                <FirstName />
                <YesVotes>1</YesVotes>
              </Candidate>
              <Candidate>
                <CandidateID>750117279</CandidateID>
                <LastName>Joseph R. Biden</LastName>
                <FirstName />
                <YesVotes>367</YesVotes>
              </Candidate>
              <Candidate>
                <CandidateID>750117282</CandidateID>
                <LastName>Elizabeth Warren</LastName>
                <FirstName />
                <YesVotes>6</YesVotes>
              </Candidate>
              <Candidate>
                <CandidateID>750117275</CandidateID>
                <LastName>Pete Buttigieg</LastName>
                <FirstName />
                <YesVotes>1</YesVotes>
              </Candidate>
              <Candidate>
                <CandidateID>750117283</CandidateID>
                <LastName>Bernie Sanders</LastName>
                <FirstName />
                <YesVotes>140</YesVotes>
              </Candidate>
              <Candidate>
                <CandidateID>750117277</CandidateID>
                <LastName>Velma Steinman</LastName>
                <FirstName />
                <YesVotes>0</YesVotes>
              </Candidate>
              <Candidate>
                <CandidateID>750117287</CandidateID>
                <LastName>Henry Hewes</LastName>
                <FirstName />
                <YesVotes>1</YesVotes>
              </Candidate>
              <Candidate>
                <CandidateID>750117288</CandidateID>
                <LastName>Andrew Yang</LastName>
                <FirstName />
                <YesVotes>2</YesVotes>
              </Candidate>
              <Candidate>
                <CandidateID>750117299</CandidateID>
                <LastName>Roque De La Fuente</LastName>
                <FirstName />
                <YesVotes>0</YesVotes>
              </Candidate>
              <Candidate>
                <CandidateID>750117301</CandidateID>
                <LastName>John K. Delaney</LastName>
                <FirstName />
                <YesVotes>0</YesVotes>
              </Candidate>
              <Candidate>
                <CandidateID>750117302</CandidateID>
                <LastName>Julián Castro</LastName>
                <FirstName />
                <YesVotes>0</YesVotes>
              </Candidate>
              <Candidate>
                <CandidateID>750117303</CandidateID>
                <LastName>Deval Patrick</LastName>
                <FirstName />
                <YesVotes>0</YesVotes>
              </Candidate>
              <Candidate>
                <CandidateID>750117321</CandidateID>
                <LastName>Marianne Williamson</LastName>
                <FirstName />
                <YesVotes>0</YesVotes>
              </Candidate>
              <Candidate>
                <CandidateID>750117323</CandidateID>
                <LastName>Michael Bennet</LastName>
                <FirstName />
                <YesVotes>1</YesVotes>
              </Candidate>
              <Candidate>
                <CandidateID>750117324</CandidateID>
                <LastName>Michael R. Bloomberg</LastName>
                <FirstName />
                <YesVotes>7</YesVotes>
              </Candidate>
              <Candidate>
                <CandidateID>750117326</CandidateID>
                <LastName>Steve Burke</LastName>
                <FirstName />
                <YesVotes>1</YesVotes>
              </Candidate>
              <Candidate>
                <CandidateID>750117331</CandidateID>
                <LastName>Robby Wells</LastName>
                <FirstName />
                <YesVotes>0</YesVotes>
              </Candidate>
              <Candidate>
                <CandidateID>750117332</CandidateID>
                <LastName>William C. (Bill) Haas</LastName>
                <FirstName />
                <YesVotes>0</YesVotes>
              </Candidate>
              <Candidate>
                <CandidateID>750117354</CandidateID>
                <LastName>Uncommitted</LastName>
                <FirstName />
                <YesVotes>6</YesVotes>
              </Candidate>
            </Party>
            <Party>
              <PartyName>Libertarian</PartyName>
              <Candidate>
                <CandidateID>750117320</CandidateID>
                <LastName>Jacob Hornberger</LastName>
                <FirstName />
                <YesVotes>1</YesVotes>
              </Candidate>
              <Candidate>
                <CandidateID>750117355</CandidateID>
                <LastName>Uncommitted</LastName>
                <FirstName />
                <YesVotes>0</YesVotes>
              </Candidate>
            </Party>
            <Party>
              <PartyName>Green</PartyName>
              <Candidate>
                <CandidateID>750117325</CandidateID>
                <LastName>Howie Hawkins</LastName>
                <FirstName />
                <YesVotes>0</YesVotes>
              </Candidate>
              <Candidate>
                <CandidateID>750117327</CandidateID>
                <LastName>Dario Hunter</LastName>
                <FirstName />
                <YesVotes>0</YesVotes>
              </Candidate>
              <Candidate>
                <CandidateID>750117329</CandidateID>
                <LastName>David Rolde</LastName>
                <FirstName />
                <YesVotes>0</YesVotes>
              </Candidate>
              <Candidate>
                <CandidateID>750117356</CandidateID>
                <LastName>Uncommitted</LastName>
                <FirstName />
                <YesVotes>0</YesVotes>
              </Candidate>
            </Party>
            <Party>
              <PartyName>Constitution</PartyName>
              <Candidate>
                <CandidateID>750117333</CandidateID>
                <LastName>Don J. Grundmann</LastName>
                <FirstName />
                <YesVotes>0</YesVotes>
              </Candidate>
              <Candidate>
                <CandidateID>750117335</CandidateID>
                <LastName>Don Blankenship</LastName>
                <FirstName />
                <YesVotes>1</YesVotes>
              </Candidate>
              <Candidate>
                <CandidateID>750117357</CandidateID>
                <LastName>Uncommitted</LastName>
                <FirstName />
                <YesVotes>1</YesVotes>
              </Candidate>
            </Party>
          </CountyResults>
        </Counties>
        <Counties>
          <CountyName>St. Francois</CountyName>
          <CountyResults>
            <ReportingPrecincts>22</ReportingPrecincts>
            <TotalPrecincts>22</TotalPrecincts>
            <Party>
              <PartyName>Republican</PartyName>
              <Candidate>
                <CandidateID>750117286</CandidateID>
                <LastName>Donald J Trump</LastName>
                <FirstName />
                <YesVotes>3400</YesVotes>
              </Candidate>
              <Candidate>
                <CandidateID>750117300</CandidateID>
                <LastName>Bob Ely</LastName>
                <FirstName />
                <YesVotes>9</YesVotes>
              </Candidate>
              <Candidate>
                <CandidateID>750117328</CandidateID>
                <LastName>Bill Weld</LastName>
                <FirstName />
                <YesVotes>14</YesVotes>
              </Candidate>
              <Candidate>
                <CandidateID>750117330</CandidateID>
                <LastName>Joe Walsh</LastName>
                <FirstName />
                <YesVotes>14</YesVotes>
              </Candidate>
              <Candidate>
                <CandidateID>750117334</CandidateID>
                <LastName>Matthew John Matern</LastName>
                <FirstName />
                <YesVotes>4</YesVotes>
              </Candidate>
              <Candidate>
                <CandidateID>750117353</CandidateID>
                <LastName>Uncommitted</LastName>
                <FirstName />
                <YesVotes>33</YesVotes>
              </Candidate>
            </Party>
            <Party>
              <PartyName>Democratic</PartyName>
              <Candidate>
                <CandidateID>750117276</CandidateID>
                <LastName>Amy Klobuchar</LastName>
                <FirstName />
                <YesVotes>26</YesVotes>
              </Candidate>
              <Candidate>
                <CandidateID>750117280</CandidateID>
                <LastName>Tom Steyer</LastName>
                <FirstName />
                <YesVotes>8</YesVotes>
              </Candidate>
              <Candidate>
                <CandidateID>750117274</CandidateID>
                <LastName>Tulsi Gabbard</LastName>
                <FirstName />
                <YesVotes>18</YesVotes>
              </Candidate>
              <Candidate>
                <CandidateID>750117278</CandidateID>
                <LastName>Leonard J. Steinman II</LastName>
                <FirstName />
                <YesVotes>2</YesVotes>
              </Candidate>
              <Candidate>
                <CandidateID>750117285</CandidateID>
                <LastName>Cory Booker</LastName>
                <FirstName />
                <YesVotes>4</YesVotes>
              </Candidate>
              <Candidate>
                <CandidateID>750117279</CandidateID>
                <LastName>Joseph R. Biden</LastName>
                <FirstName />
                <YesVotes>2288</YesVotes>
              </Candidate>
              <Candidate>
                <CandidateID>750117282</CandidateID>
                <LastName>Elizabeth Warren</LastName>
                <FirstName />
                <YesVotes>49</YesVotes>
              </Candidate>
              <Candidate>
                <CandidateID>750117275</CandidateID>
                <LastName>Pete Buttigieg</LastName>
                <FirstName />
                <YesVotes>23</YesVotes>
              </Candidate>
              <Candidate>
                <CandidateID>750117283</CandidateID>
                <LastName>Bernie Sanders</LastName>
                <FirstName />
                <YesVotes>1408</YesVotes>
              </Candidate>
              <Candidate>
                <CandidateID>750117277</CandidateID>
                <LastName>Velma Steinman</LastName>
                <FirstName />
                <YesVotes>0</YesVotes>
              </Candidate>
              <Candidate>
                <CandidateID>750117287</CandidateID>
                <LastName>Henry Hewes</LastName>
                <FirstName />
                <YesVotes>1</YesVotes>
              </Candidate>
              <Candidate>
                <CandidateID>750117288</CandidateID>
                <LastName>Andrew Yang</LastName>
                <FirstName />
                <YesVotes>8</YesVotes>
              </Candidate>
              <Candidate>
                <CandidateID>750117299</CandidateID>
                <LastName>Roque De La Fuente</LastName>
                <FirstName />
                <YesVotes>0</YesVotes>
              </Candidate>
              <Candidate>
                <CandidateID>750117301</CandidateID>
                <LastName>John K. Delaney</LastName>
                <FirstName />
                <YesVotes>3</YesVotes>
              </Candidate>
              <Candidate>
                <CandidateID>750117302</CandidateID>
                <LastName>Julián Castro</LastName>
                <FirstName />
                <YesVotes>0</YesVotes>
              </Candidate>
              <Candidate>
                <CandidateID>750117303</CandidateID>
                <LastName>Deval Patrick</LastName>
                <FirstName />
                <YesVotes>1</YesVotes>
              </Candidate>
              <Candidate>
                <CandidateID>750117321</CandidateID>
                <LastName>Marianne Williamson</LastName>
                <FirstName />
                <YesVotes>1</YesVotes>
              </Candidate>
              <Candidate>
                <CandidateID>750117323</CandidateID>
                <LastName>Michael Bennet</LastName>
                <FirstName />
                <YesVotes>1</YesVotes>
              </Candidate>
              <Candidate>
                <CandidateID>750117324</CandidateID>
                <LastName>Michael R. Bloomberg</LastName>
                <FirstName />
                <YesVotes>68</YesVotes>
              </Candidate>
              <Candidate>
                <CandidateID>750117326</CandidateID>
                <LastName>Steve Burke</LastName>
                <FirstName />
                <YesVotes>2</YesVotes>
              </Candidate>
              <Candidate>
                <CandidateID>750117331</CandidateID>
                <LastName>Robby Wells</LastName>
                <FirstName />
                <YesVotes>0</YesVotes>
              </Candidate>
              <Candidate>
                <CandidateID>750117332</CandidateID>
                <LastName>William C. (Bill) Haas</LastName>
                <FirstName />
                <YesVotes>2</YesVotes>
              </Candidate>
              <Candidate>
                <CandidateID>750117354</CandidateID>
                <LastName>Uncommitted</LastName>
                <FirstName />
                <YesVotes>24</YesVotes>
              </Candidate>
            </Party>
            <Party>
              <PartyName>Libertarian</PartyName>
              <Candidate>
                <CandidateID>750117320</CandidateID>
                <LastName>Jacob Hornberger</LastName>
                <FirstName />
                <YesVotes>13</YesVotes>
              </Candidate>
              <Candidate>
                <CandidateID>750117355</CandidateID>
                <LastName>Uncommitted</LastName>
                <FirstName />
                <YesVotes>4</YesVotes>
              </Candidate>
            </Party>
            <Party>
              <PartyName>Green</PartyName>
              <Candidate>
                <CandidateID>750117325</CandidateID>
                <LastName>Howie Hawkins</LastName>
                <FirstName />
                <YesVotes>2</YesVotes>
              </Candidate>
              <Candidate>
                <CandidateID>750117327</CandidateID>
                <LastName>Dario Hunter</LastName>
                <FirstName />
                <YesVotes>0</YesVotes>
              </Candidate>
              <Candidate>
                <CandidateID>750117329</CandidateID>
                <LastName>David Rolde</LastName>
                <FirstName />
                <YesVotes>0</YesVotes>
              </Candidate>
              <Candidate>
                <CandidateID>750117356</CandidateID>
                <LastName>Uncommitted</LastName>
                <FirstName />
                <YesVotes>3</YesVotes>
              </Candidate>
            </Party>
            <Party>
              <PartyName>Constitution</PartyName>
              <Candidate>
                <CandidateID>750117333</CandidateID>
                <LastName>Don J. Grundmann</LastName>
                <FirstName />
                <YesVotes>0</YesVotes>
              </Candidate>
              <Candidate>
                <CandidateID>750117335</CandidateID>
                <LastName>Don Blankenship</LastName>
                <FirstName />
                <YesVotes>3</YesVotes>
              </Candidate>
              <Candidate>
                <CandidateID>750117357</CandidateID>
                <LastName>Uncommitted</LastName>
                <FirstName />
                <YesVotes>4</YesVotes>
              </Candidate>
            </Party>
          </CountyResults>
        </Counties>
        <Counties>
          <CountyName>St. Louis</CountyName>
          <CountyResults>
            <ReportingPrecincts>1246</ReportingPrecincts>
            <TotalPrecincts>1246</TotalPrecincts>
            <Party>
              <PartyName>Republican</PartyName>
              <Candidate>
                <CandidateID>750117286</CandidateID>
                <LastName>Donald J Trump</LastName>
                <FirstName />
                <YesVotes>32891</YesVotes>
              </Candidate>
              <Candidate>
                <CandidateID>750117300</CandidateID>
                <LastName>Bob Ely</LastName>
                <FirstName />
                <YesVotes>177</YesVotes>
              </Candidate>
              <Candidate>
                <CandidateID>750117328</CandidateID>
                <LastName>Bill Weld</LastName>
                <FirstName />
                <YesVotes>463</YesVotes>
              </Candidate>
              <Candidate>
                <CandidateID>750117330</CandidateID>
                <LastName>Joe Walsh</LastName>
                <FirstName />
                <YesVotes>325</YesVotes>
              </Candidate>
              <Candidate>
                <CandidateID>750117334</CandidateID>
                <LastName>Matthew John Matern</LastName>
                <FirstName />
                <YesVotes>132</YesVotes>
              </Candidate>
              <Candidate>
                <CandidateID>750117353</CandidateID>
                <LastName>Uncommitted</LastName>
                <FirstName />
                <YesVotes>1102</YesVotes>
              </Candidate>
            </Party>
            <Party>
              <PartyName>Democratic</PartyName>
              <Candidate>
                <CandidateID>750117276</CandidateID>
                <LastName>Amy Klobuchar</LastName>
                <FirstName />
                <YesVotes>758</YesVotes>
              </Candidate>
              <Candidate>
                <CandidateID>750117280</CandidateID>
                <LastName>Tom Steyer</LastName>
                <FirstName />
                <YesVotes>104</YesVotes>
              </Candidate>
              <Candidate>
                <CandidateID>750117274</CandidateID>
                <LastName>Tulsi Gabbard</LastName>
                <FirstName />
                <YesVotes>826</YesVotes>
              </Candidate>
              <Candidate>
                <CandidateID>750117278</CandidateID>
                <LastName>Leonard J. Steinman II</LastName>
                <FirstName />
                <YesVotes>20</YesVotes>
              </Candidate>
              <Candidate>
                <CandidateID>750117285</CandidateID>
                <LastName>Cory Booker</LastName>
                <FirstName />
                <YesVotes>189</YesVotes>
              </Candidate>
              <Candidate>
                <CandidateID>750117279</CandidateID>
                <LastName>Joseph R. Biden</LastName>
                <FirstName />
                <YesVotes>112325</YesVotes>
              </Candidate>
              <Candidate>
                <CandidateID>750117282</CandidateID>
                <LastName>Elizabeth Warren</LastName>
                <FirstName />
                <YesVotes>2064</YesVotes>
              </Candidate>
              <Candidate>
                <CandidateID>750117275</CandidateID>
                <LastName>Pete Buttigieg</LastName>
                <FirstName />
                <YesVotes>976</YesVotes>
              </Candidate>
              <Candidate>
                <CandidateID>750117283</CandidateID>
                <LastName>Bernie Sanders</LastName>
                <FirstName />
                <YesVotes>50079</YesVotes>
              </Candidate>
              <Candidate>
                <CandidateID>750117277</CandidateID>
                <LastName>Velma Steinman</LastName>
                <FirstName />
                <YesVotes>35</YesVotes>
              </Candidate>
              <Candidate>
                <CandidateID>750117287</CandidateID>
                <LastName>Henry Hewes</LastName>
                <FirstName />
                <YesVotes>9</YesVotes>
              </Candidate>
              <Candidate>
                <CandidateID>750117288</CandidateID>
                <LastName>Andrew Yang</LastName>
                <FirstName />
                <YesVotes>182</YesVotes>
              </Candidate>
              <Candidate>
                <CandidateID>750117299</CandidateID>
                <LastName>Roque De La Fuente</LastName>
                <FirstName />
                <YesVotes>9</YesVotes>
              </Candidate>
              <Candidate>
                <CandidateID>750117301</CandidateID>
                <LastName>John K. Delaney</LastName>
                <FirstName />
                <YesVotes>37</YesVotes>
              </Candidate>
              <Candidate>
                <CandidateID>750117302</CandidateID>
                <LastName>Julián Castro</LastName>
                <FirstName />
                <YesVotes>14</YesVotes>
              </Candidate>
              <Candidate>
                <CandidateID>750117303</CandidateID>
                <LastName>Deval Patrick</LastName>
                <FirstName />
                <YesVotes>10</YesVotes>
              </Candidate>
              <Candidate>
                <CandidateID>750117321</CandidateID>
                <LastName>Marianne Williamson</LastName>
                <FirstName />
                <YesVotes>42</YesVotes>
              </Candidate>
              <Candidate>
                <CandidateID>750117323</CandidateID>
                <LastName>Michael Bennet</LastName>
                <FirstName />
                <YesVotes>41</YesVotes>
              </Candidate>
              <Candidate>
                <CandidateID>750117324</CandidateID>
                <LastName>Michael R. Bloomberg</LastName>
                <FirstName />
                <YesVotes>3880</YesVotes>
              </Candidate>
              <Candidate>
                <CandidateID>750117326</CandidateID>
                <LastName>Steve Burke</LastName>
                <FirstName />
                <YesVotes>15</YesVotes>
              </Candidate>
              <Candidate>
                <CandidateID>750117331</CandidateID>
                <LastName>Robby Wells</LastName>
                <FirstName />
                <YesVotes>11</YesVotes>
              </Candidate>
              <Candidate>
                <CandidateID>750117332</CandidateID>
                <LastName>William C. (Bill) Haas</LastName>
                <FirstName />
                <YesVotes>165</YesVotes>
              </Candidate>
              <Candidate>
                <CandidateID>750117354</CandidateID>
                <LastName>Uncommitted</LastName>
                <FirstName />
                <YesVotes>521</YesVotes>
              </Candidate>
            </Party>
            <Party>
              <PartyName>Libertarian</PartyName>
              <Candidate>
                <CandidateID>750117320</CandidateID>
                <LastName>Jacob Hornberger</LastName>
                <FirstName />
                <YesVotes>399</YesVotes>
              </Candidate>
              <Candidate>
                <CandidateID>750117355</CandidateID>
                <LastName>Uncommitted</LastName>
                <FirstName />
                <YesVotes>162</YesVotes>
              </Candidate>
            </Party>
            <Party>
              <PartyName>Green</PartyName>
              <Candidate>
                <CandidateID>750117325</CandidateID>
                <LastName>Howie Hawkins</LastName>
                <FirstName />
                <YesVotes>55</YesVotes>
              </Candidate>
              <Candidate>
                <CandidateID>750117327</CandidateID>
                <LastName>Dario Hunter</LastName>
                <FirstName />
                <YesVotes>35</YesVotes>
              </Candidate>
              <Candidate>
                <CandidateID>750117329</CandidateID>
                <LastName>David Rolde</LastName>
                <FirstName />
                <YesVotes>17</YesVotes>
              </Candidate>
              <Candidate>
                <CandidateID>750117356</CandidateID>
                <LastName>Uncommitted</LastName>
                <FirstName />
                <YesVotes>41</YesVotes>
              </Candidate>
            </Party>
            <Party>
              <PartyName>Constitution</PartyName>
              <Candidate>
                <CandidateID>750117333</CandidateID>
                <LastName>Don J. Grundmann</LastName>
                <FirstName />
                <YesVotes>41</YesVotes>
              </Candidate>
              <Candidate>
                <CandidateID>750117335</CandidateID>
                <LastName>Don Blankenship</LastName>
                <FirstName />
                <YesVotes>60</YesVotes>
              </Candidate>
              <Candidate>
                <CandidateID>750117357</CandidateID>
                <LastName>Uncommitted</LastName>
                <FirstName />
                <YesVotes>74</YesVotes>
              </Candidate>
            </Party>
          </CountyResults>
        </Counties>
        <Counties>
          <CountyName>St. Louis City</CountyName>
          <CountyResults>
            <ReportingPrecincts>222</ReportingPrecincts>
            <TotalPrecincts>222</TotalPrecincts>
            <Party>
              <PartyName>Republican</PartyName>
              <Candidate>
                <CandidateID>750117286</CandidateID>
                <LastName>Donald J Trump</LastName>
                <FirstName />
                <YesVotes>2669</YesVotes>
              </Candidate>
              <Candidate>
                <CandidateID>750117300</CandidateID>
                <LastName>Bob Ely</LastName>
                <FirstName />
                <YesVotes>17</YesVotes>
              </Candidate>
              <Candidate>
                <CandidateID>750117328</CandidateID>
                <LastName>Bill Weld</LastName>
                <FirstName />
                <YesVotes>59</YesVotes>
              </Candidate>
              <Candidate>
                <CandidateID>750117330</CandidateID>
                <LastName>Joe Walsh</LastName>
                <FirstName />
                <YesVotes>70</YesVotes>
              </Candidate>
              <Candidate>
                <CandidateID>750117334</CandidateID>
                <LastName>Matthew John Matern</LastName>
                <FirstName />
                <YesVotes>14</YesVotes>
              </Candidate>
              <Candidate>
                <CandidateID>750117353</CandidateID>
                <LastName>Uncommitted</LastName>
                <FirstName />
                <YesVotes>120</YesVotes>
              </Candidate>
            </Party>
            <Party>
              <PartyName>Democratic</PartyName>
              <Candidate>
                <CandidateID>750117276</CandidateID>
                <LastName>Amy Klobuchar</LastName>
                <FirstName />
                <YesVotes>168</YesVotes>
              </Candidate>
              <Candidate>
                <CandidateID>750117280</CandidateID>
                <LastName>Tom Steyer</LastName>
                <FirstName />
                <YesVotes>43</YesVotes>
              </Candidate>
              <Candidate>
                <CandidateID>750117274</CandidateID>
                <LastName>Tulsi Gabbard</LastName>
                <FirstName />
                <YesVotes>289</YesVotes>
              </Candidate>
              <Candidate>
                <CandidateID>750117278</CandidateID>
                <LastName>Leonard J. Steinman II</LastName>
                <FirstName />
                <YesVotes>18</YesVotes>
              </Candidate>
              <Candidate>
                <CandidateID>750117285</CandidateID>
                <LastName>Cory Booker</LastName>
                <FirstName />
                <YesVotes>87</YesVotes>
              </Candidate>
              <Candidate>
                <CandidateID>750117279</CandidateID>
                <LastName>Joseph R. Biden</LastName>
                <FirstName />
                <YesVotes>33543</YesVotes>
              </Candidate>
              <Candidate>
                <CandidateID>750117282</CandidateID>
                <LastName>Elizabeth Warren</LastName>
                <FirstName />
                <YesVotes>994</YesVotes>
              </Candidate>
              <Candidate>
                <CandidateID>750117275</CandidateID>
                <LastName>Pete Buttigieg</LastName>
                <FirstName />
                <YesVotes>255</YesVotes>
              </Candidate>
              <Candidate>
                <CandidateID>750117283</CandidateID>
                <LastName>Bernie Sanders</LastName>
                <FirstName />
                <YesVotes>25962</YesVotes>
              </Candidate>
              <Candidate>
                <CandidateID>750117277</CandidateID>
                <LastName>Velma Steinman</LastName>
                <FirstName />
                <YesVotes>24</YesVotes>
              </Candidate>
              <Candidate>
                <CandidateID>750117287</CandidateID>
                <LastName>Henry Hewes</LastName>
                <FirstName />
                <YesVotes>11</YesVotes>
              </Candidate>
              <Candidate>
                <CandidateID>750117288</CandidateID>
                <LastName>Andrew Yang</LastName>
                <FirstName />
                <YesVotes>93</YesVotes>
              </Candidate>
              <Candidate>
                <CandidateID>750117299</CandidateID>
                <LastName>Roque De La Fuente</LastName>
                <FirstName />
                <YesVotes>4</YesVotes>
              </Candidate>
              <Candidate>
                <CandidateID>750117301</CandidateID>
                <LastName>John K. Delaney</LastName>
                <FirstName />
                <YesVotes>12</YesVotes>
              </Candidate>
              <Candidate>
                <CandidateID>750117302</CandidateID>
                <LastName>Julián Castro</LastName>
                <FirstName />
                <YesVotes>8</YesVotes>
              </Candidate>
              <Candidate>
                <CandidateID>750117303</CandidateID>
                <LastName>Deval Patrick</LastName>
                <FirstName />
                <YesVotes>3</YesVotes>
              </Candidate>
              <Candidate>
                <CandidateID>750117321</CandidateID>
                <LastName>Marianne Williamson</LastName>
                <FirstName />
                <YesVotes>16</YesVotes>
              </Candidate>
              <Candidate>
                <CandidateID>750117323</CandidateID>
                <LastName>Michael Bennet</LastName>
                <FirstName />
                <YesVotes>39</YesVotes>
              </Candidate>
              <Candidate>
                <CandidateID>750117324</CandidateID>
                <LastName>Michael R. Bloomberg</LastName>
                <FirstName />
                <YesVotes>866</YesVotes>
              </Candidate>
              <Candidate>
                <CandidateID>750117326</CandidateID>
                <LastName>Steve Burke</LastName>
                <FirstName />
                <YesVotes>7</YesVotes>
              </Candidate>
              <Candidate>
                <CandidateID>750117331</CandidateID>
                <LastName>Robby Wells</LastName>
                <FirstName />
                <YesVotes>7</YesVotes>
              </Candidate>
              <Candidate>
                <CandidateID>750117332</CandidateID>
                <LastName>William C. (Bill) Haas</LastName>
                <FirstName />
                <YesVotes>80</YesVotes>
              </Candidate>
              <Candidate>
                <CandidateID>750117354</CandidateID>
                <LastName>Uncommitted</LastName>
                <FirstName />
                <YesVotes>236</YesVotes>
              </Candidate>
            </Party>
            <Party>
              <PartyName>Libertarian</PartyName>
              <Candidate>
                <CandidateID>750117320</CandidateID>
                <LastName>Jacob Hornberger</LastName>
                <FirstName />
                <YesVotes>56</YesVotes>
              </Candidate>
              <Candidate>
                <CandidateID>750117355</CandidateID>
                <LastName>Uncommitted</LastName>
                <FirstName />
                <YesVotes>29</YesVotes>
              </Candidate>
            </Party>
            <Party>
              <PartyName>Green</PartyName>
              <Candidate>
                <CandidateID>750117325</CandidateID>
                <LastName>Howie Hawkins</LastName>
                <FirstName />
                <YesVotes>12</YesVotes>
              </Candidate>
              <Candidate>
                <CandidateID>750117327</CandidateID>
                <LastName>Dario Hunter</LastName>
                <FirstName />
                <YesVotes>5</YesVotes>
              </Candidate>
              <Candidate>
                <CandidateID>750117329</CandidateID>
                <LastName>David Rolde</LastName>
                <FirstName />
                <YesVotes>3</YesVotes>
              </Candidate>
              <Candidate>
                <CandidateID>750117356</CandidateID>
                <LastName>Uncommitted</LastName>
                <FirstName />
                <YesVotes>10</YesVotes>
              </Candidate>
            </Party>
            <Party>
              <PartyName>Constitution</PartyName>
              <Candidate>
                <CandidateID>750117333</CandidateID>
                <LastName>Don J. Grundmann</LastName>
                <FirstName />
                <YesVotes>3</YesVotes>
              </Candidate>
              <Candidate>
                <CandidateID>750117335</CandidateID>
                <LastName>Don Blankenship</LastName>
                <FirstName />
                <YesVotes>6</YesVotes>
              </Candidate>
              <Candidate>
                <CandidateID>750117357</CandidateID>
                <LastName>Uncommitted</LastName>
                <FirstName />
                <YesVotes>13</YesVotes>
              </Candidate>
            </Party>
          </CountyResults>
        </Counties>
        <Counties>
          <CountyName>Ste. Genevieve</CountyName>
          <CountyResults>
            <ReportingPrecincts>13</ReportingPrecincts>
            <TotalPrecincts>13</TotalPrecincts>
            <Party>
              <PartyName>Republican</PartyName>
              <Candidate>
                <CandidateID>750117286</CandidateID>
                <LastName>Donald J Trump</LastName>
                <FirstName />
                <YesVotes>903</YesVotes>
              </Candidate>
              <Candidate>
                <CandidateID>750117300</CandidateID>
                <LastName>Bob Ely</LastName>
                <FirstName />
                <YesVotes>2</YesVotes>
              </Candidate>
              <Candidate>
                <CandidateID>750117328</CandidateID>
                <LastName>Bill Weld</LastName>
                <FirstName />
                <YesVotes>3</YesVotes>
              </Candidate>
              <Candidate>
                <CandidateID>750117330</CandidateID>
                <LastName>Joe Walsh</LastName>
                <FirstName />
                <YesVotes>4</YesVotes>
              </Candidate>
              <Candidate>
                <CandidateID>750117334</CandidateID>
                <LastName>Matthew John Matern</LastName>
                <FirstName />
                <YesVotes>0</YesVotes>
              </Candidate>
              <Candidate>
                <CandidateID>750117353</CandidateID>
                <LastName>Uncommitted</LastName>
                <FirstName />
                <YesVotes>12</YesVotes>
              </Candidate>
            </Party>
            <Party>
              <PartyName>Democratic</PartyName>
              <Candidate>
                <CandidateID>750117276</CandidateID>
                <LastName>Amy Klobuchar</LastName>
                <FirstName />
                <YesVotes>5</YesVotes>
              </Candidate>
              <Candidate>
                <CandidateID>750117280</CandidateID>
                <LastName>Tom Steyer</LastName>
                <FirstName />
                <YesVotes>1</YesVotes>
              </Candidate>
              <Candidate>
                <CandidateID>750117274</CandidateID>
                <LastName>Tulsi Gabbard</LastName>
                <FirstName />
                <YesVotes>9</YesVotes>
              </Candidate>
              <Candidate>
                <CandidateID>750117278</CandidateID>
                <LastName>Leonard J. Steinman II</LastName>
                <FirstName />
                <YesVotes>0</YesVotes>
              </Candidate>
              <Candidate>
                <CandidateID>750117285</CandidateID>
                <LastName>Cory Booker</LastName>
                <FirstName />
                <YesVotes>2</YesVotes>
              </Candidate>
              <Candidate>
                <CandidateID>750117279</CandidateID>
                <LastName>Joseph R. Biden</LastName>
                <FirstName />
                <YesVotes>1024</YesVotes>
              </Candidate>
              <Candidate>
                <CandidateID>750117282</CandidateID>
                <LastName>Elizabeth Warren</LastName>
                <FirstName />
                <YesVotes>10</YesVotes>
              </Candidate>
              <Candidate>
                <CandidateID>750117275</CandidateID>
                <LastName>Pete Buttigieg</LastName>
                <FirstName />
                <YesVotes>11</YesVotes>
              </Candidate>
              <Candidate>
                <CandidateID>750117283</CandidateID>
                <LastName>Bernie Sanders</LastName>
                <FirstName />
                <YesVotes>428</YesVotes>
              </Candidate>
              <Candidate>
                <CandidateID>750117277</CandidateID>
                <LastName>Velma Steinman</LastName>
                <FirstName />
                <YesVotes>1</YesVotes>
              </Candidate>
              <Candidate>
                <CandidateID>750117287</CandidateID>
                <LastName>Henry Hewes</LastName>
                <FirstName />
                <YesVotes>0</YesVotes>
              </Candidate>
              <Candidate>
                <CandidateID>750117288</CandidateID>
                <LastName>Andrew Yang</LastName>
                <FirstName />
                <YesVotes>4</YesVotes>
              </Candidate>
              <Candidate>
                <CandidateID>750117299</CandidateID>
                <LastName>Roque De La Fuente</LastName>
                <FirstName />
                <YesVotes>0</YesVotes>
              </Candidate>
              <Candidate>
                <CandidateID>750117301</CandidateID>
                <LastName>John K. Delaney</LastName>
                <FirstName />
                <YesVotes>0</YesVotes>
              </Candidate>
              <Candidate>
                <CandidateID>750117302</CandidateID>
                <LastName>Julián Castro</LastName>
                <FirstName />
                <YesVotes>0</YesVotes>
              </Candidate>
              <Candidate>
                <CandidateID>750117303</CandidateID>
                <LastName>Deval Patrick</LastName>
                <FirstName />
                <YesVotes>0</YesVotes>
              </Candidate>
              <Candidate>
                <CandidateID>750117321</CandidateID>
                <LastName>Marianne Williamson</LastName>
                <FirstName />
                <YesVotes>2</YesVotes>
              </Candidate>
              <Candidate>
                <CandidateID>750117323</CandidateID>
                <LastName>Michael Bennet</LastName>
                <FirstName />
                <YesVotes>1</YesVotes>
              </Candidate>
              <Candidate>
                <CandidateID>750117324</CandidateID>
                <LastName>Michael R. Bloomberg</LastName>
                <FirstName />
                <YesVotes>20</YesVotes>
              </Candidate>
              <Candidate>
                <CandidateID>750117326</CandidateID>
                <LastName>Steve Burke</LastName>
                <FirstName />
                <YesVotes>2</YesVotes>
              </Candidate>
              <Candidate>
                <CandidateID>750117331</CandidateID>
                <LastName>Robby Wells</LastName>
                <FirstName />
                <YesVotes>1</YesVotes>
              </Candidate>
              <Candidate>
                <CandidateID>750117332</CandidateID>
                <LastName>William C. (Bill) Haas</LastName>
                <FirstName />
                <YesVotes>1</YesVotes>
              </Candidate>
              <Candidate>
                <CandidateID>750117354</CandidateID>
                <LastName>Uncommitted</LastName>
                <FirstName />
                <YesVotes>10</YesVotes>
              </Candidate>
            </Party>
            <Party>
              <PartyName>Libertarian</PartyName>
              <Candidate>
                <CandidateID>750117320</CandidateID>
                <LastName>Jacob Hornberger</LastName>
                <FirstName />
                <YesVotes>5</YesVotes>
              </Candidate>
              <Candidate>
                <CandidateID>750117355</CandidateID>
                <LastName>Uncommitted</LastName>
                <FirstName />
                <YesVotes>0</YesVotes>
              </Candidate>
            </Party>
            <Party>
              <PartyName>Green</PartyName>
              <Candidate>
                <CandidateID>750117325</CandidateID>
                <LastName>Howie Hawkins</LastName>
                <FirstName />
                <YesVotes>0</YesVotes>
              </Candidate>
              <Candidate>
                <CandidateID>750117327</CandidateID>
                <LastName>Dario Hunter</LastName>
                <FirstName />
                <YesVotes>1</YesVotes>
              </Candidate>
              <Candidate>
                <CandidateID>750117329</CandidateID>
                <LastName>David Rolde</LastName>
                <FirstName />
                <YesVotes>0</YesVotes>
              </Candidate>
              <Candidate>
                <CandidateID>750117356</CandidateID>
                <LastName>Uncommitted</LastName>
                <FirstName />
                <YesVotes>0</YesVotes>
              </Candidate>
            </Party>
            <Party>
              <PartyName>Constitution</PartyName>
              <Candidate>
                <CandidateID>750117333</CandidateID>
                <LastName>Don J. Grundmann</LastName>
                <FirstName />
                <YesVotes>0</YesVotes>
              </Candidate>
              <Candidate>
                <CandidateID>750117335</CandidateID>
                <LastName>Don Blankenship</LastName>
                <FirstName />
                <YesVotes>0</YesVotes>
              </Candidate>
              <Candidate>
                <CandidateID>750117357</CandidateID>
                <LastName>Uncommitted</LastName>
                <FirstName />
                <YesVotes>0</YesVotes>
              </Candidate>
            </Party>
          </CountyResults>
        </Counties>
        <Counties>
          <CountyName>Stoddard</CountyName>
          <CountyResults>
            <ReportingPrecincts>13</ReportingPrecincts>
            <TotalPrecincts>13</TotalPrecincts>
            <Party>
              <PartyName>Republican</PartyName>
              <Candidate>
                <CandidateID>750117286</CandidateID>
                <LastName>Donald J Trump</LastName>
                <FirstName />
                <YesVotes>2255</YesVotes>
              </Candidate>
              <Candidate>
                <CandidateID>750117300</CandidateID>
                <LastName>Bob Ely</LastName>
                <FirstName />
                <YesVotes>2</YesVotes>
              </Candidate>
              <Candidate>
                <CandidateID>750117328</CandidateID>
                <LastName>Bill Weld</LastName>
                <FirstName />
                <YesVotes>8</YesVotes>
              </Candidate>
              <Candidate>
                <CandidateID>750117330</CandidateID>
                <LastName>Joe Walsh</LastName>
                <FirstName />
                <YesVotes>3</YesVotes>
              </Candidate>
              <Candidate>
                <CandidateID>750117334</CandidateID>
                <LastName>Matthew John Matern</LastName>
                <FirstName />
                <YesVotes>0</YesVotes>
              </Candidate>
              <Candidate>
                <CandidateID>750117353</CandidateID>
                <LastName>Uncommitted</LastName>
                <FirstName />
                <YesVotes>11</YesVotes>
              </Candidate>
            </Party>
            <Party>
              <PartyName>Democratic</PartyName>
              <Candidate>
                <CandidateID>750117276</CandidateID>
                <LastName>Amy Klobuchar</LastName>
                <FirstName />
                <YesVotes>5</YesVotes>
              </Candidate>
              <Candidate>
                <CandidateID>750117280</CandidateID>
                <LastName>Tom Steyer</LastName>
                <FirstName />
                <YesVotes>4</YesVotes>
              </Candidate>
              <Candidate>
                <CandidateID>750117274</CandidateID>
                <LastName>Tulsi Gabbard</LastName>
                <FirstName />
                <YesVotes>13</YesVotes>
              </Candidate>
              <Candidate>
                <CandidateID>750117278</CandidateID>
                <LastName>Leonard J. Steinman II</LastName>
                <FirstName />
                <YesVotes>0</YesVotes>
              </Candidate>
              <Candidate>
                <CandidateID>750117285</CandidateID>
                <LastName>Cory Booker</LastName>
                <FirstName />
                <YesVotes>2</YesVotes>
              </Candidate>
              <Candidate>
                <CandidateID>750117279</CandidateID>
                <LastName>Joseph R. Biden</LastName>
                <FirstName />
                <YesVotes>651</YesVotes>
              </Candidate>
              <Candidate>
                <CandidateID>750117282</CandidateID>
                <LastName>Elizabeth Warren</LastName>
                <FirstName />
                <YesVotes>12</YesVotes>
              </Candidate>
              <Candidate>
                <CandidateID>750117275</CandidateID>
                <LastName>Pete Buttigieg</LastName>
                <FirstName />
                <YesVotes>5</YesVotes>
              </Candidate>
              <Candidate>
                <CandidateID>750117283</CandidateID>
                <LastName>Bernie Sanders</LastName>
                <FirstName />
                <YesVotes>310</YesVotes>
              </Candidate>
              <Candidate>
                <CandidateID>750117277</CandidateID>
                <LastName>Velma Steinman</LastName>
                <FirstName />
                <YesVotes>0</YesVotes>
              </Candidate>
              <Candidate>
                <CandidateID>750117287</CandidateID>
                <LastName>Henry Hewes</LastName>
                <FirstName />
                <YesVotes>0</YesVotes>
              </Candidate>
              <Candidate>
                <CandidateID>750117288</CandidateID>
                <LastName>Andrew Yang</LastName>
                <FirstName />
                <YesVotes>1</YesVotes>
              </Candidate>
              <Candidate>
                <CandidateID>750117299</CandidateID>
                <LastName>Roque De La Fuente</LastName>
                <FirstName />
                <YesVotes>0</YesVotes>
              </Candidate>
              <Candidate>
                <CandidateID>750117301</CandidateID>
                <LastName>John K. Delaney</LastName>
                <FirstName />
                <YesVotes>0</YesVotes>
              </Candidate>
              <Candidate>
                <CandidateID>750117302</CandidateID>
                <LastName>Julián Castro</LastName>
                <FirstName />
                <YesVotes>0</YesVotes>
              </Candidate>
              <Candidate>
                <CandidateID>750117303</CandidateID>
                <LastName>Deval Patrick</LastName>
                <FirstName />
                <YesVotes>0</YesVotes>
              </Candidate>
              <Candidate>
                <CandidateID>750117321</CandidateID>
                <LastName>Marianne Williamson</LastName>
                <FirstName />
                <YesVotes>0</YesVotes>
              </Candidate>
              <Candidate>
                <CandidateID>750117323</CandidateID>
                <LastName>Michael Bennet</LastName>
                <FirstName />
                <YesVotes>0</YesVotes>
              </Candidate>
              <Candidate>
                <CandidateID>750117324</CandidateID>
                <LastName>Michael R. Bloomberg</LastName>
                <FirstName />
                <YesVotes>7</YesVotes>
              </Candidate>
              <Candidate>
                <CandidateID>750117326</CandidateID>
                <LastName>Steve Burke</LastName>
                <FirstName />
                <YesVotes>1</YesVotes>
              </Candidate>
              <Candidate>
                <CandidateID>750117331</CandidateID>
                <LastName>Robby Wells</LastName>
                <FirstName />
                <YesVotes>1</YesVotes>
              </Candidate>
              <Candidate>
                <CandidateID>750117332</CandidateID>
                <LastName>William C. (Bill) Haas</LastName>
                <FirstName />
                <YesVotes>0</YesVotes>
              </Candidate>
              <Candidate>
                <CandidateID>750117354</CandidateID>
                <LastName>Uncommitted</LastName>
                <FirstName />
                <YesVotes>10</YesVotes>
              </Candidate>
            </Party>
            <Party>
              <PartyName>Libertarian</PartyName>
              <Candidate>
                <CandidateID>750117320</CandidateID>
                <LastName>Jacob Hornberger</LastName>
                <FirstName />
                <YesVotes>1</YesVotes>
              </Candidate>
              <Candidate>
                <CandidateID>750117355</CandidateID>
                <LastName>Uncommitted</LastName>
                <FirstName />
                <YesVotes>2</YesVotes>
              </Candidate>
            </Party>
            <Party>
              <PartyName>Green</PartyName>
              <Candidate>
                <CandidateID>750117325</CandidateID>
                <LastName>Howie Hawkins</LastName>
                <FirstName />
                <YesVotes>0</YesVotes>
              </Candidate>
              <Candidate>
                <CandidateID>750117327</CandidateID>
                <LastName>Dario Hunter</LastName>
                <FirstName />
                <YesVotes>0</YesVotes>
              </Candidate>
              <Candidate>
                <CandidateID>750117329</CandidateID>
                <LastName>David Rolde</LastName>
                <FirstName />
                <YesVotes>0</YesVotes>
              </Candidate>
              <Candidate>
                <CandidateID>750117356</CandidateID>
                <LastName>Uncommitted</LastName>
                <FirstName />
                <YesVotes>0</YesVotes>
              </Candidate>
            </Party>
            <Party>
              <PartyName>Constitution</PartyName>
              <Candidate>
                <CandidateID>750117333</CandidateID>
                <LastName>Don J. Grundmann</LastName>
                <FirstName />
                <YesVotes>1</YesVotes>
              </Candidate>
              <Candidate>
                <CandidateID>750117335</CandidateID>
                <LastName>Don Blankenship</LastName>
                <FirstName />
                <YesVotes>0</YesVotes>
              </Candidate>
              <Candidate>
                <CandidateID>750117357</CandidateID>
                <LastName>Uncommitted</LastName>
                <FirstName />
                <YesVotes>1</YesVotes>
              </Candidate>
            </Party>
          </CountyResults>
        </Counties>
        <Counties>
          <CountyName>Stone</CountyName>
          <CountyResults>
            <ReportingPrecincts>22</ReportingPrecincts>
            <TotalPrecincts>22</TotalPrecincts>
            <Party>
              <PartyName>Republican</PartyName>
              <Candidate>
                <CandidateID>750117286</CandidateID>
                <LastName>Donald J Trump</LastName>
                <FirstName />
                <YesVotes>3320</YesVotes>
              </Candidate>
              <Candidate>
                <CandidateID>750117300</CandidateID>
                <LastName>Bob Ely</LastName>
                <FirstName />
                <YesVotes>9</YesVotes>
              </Candidate>
              <Candidate>
                <CandidateID>750117328</CandidateID>
                <LastName>Bill Weld</LastName>
                <FirstName />
                <YesVotes>10</YesVotes>
              </Candidate>
              <Candidate>
                <CandidateID>750117330</CandidateID>
                <LastName>Joe Walsh</LastName>
                <FirstName />
                <YesVotes>11</YesVotes>
              </Candidate>
              <Candidate>
                <CandidateID>750117334</CandidateID>
                <LastName>Matthew John Matern</LastName>
                <FirstName />
                <YesVotes>7</YesVotes>
              </Candidate>
              <Candidate>
                <CandidateID>750117353</CandidateID>
                <LastName>Uncommitted</LastName>
                <FirstName />
                <YesVotes>28</YesVotes>
              </Candidate>
            </Party>
            <Party>
              <PartyName>Democratic</PartyName>
              <Candidate>
                <CandidateID>750117276</CandidateID>
                <LastName>Amy Klobuchar</LastName>
                <FirstName />
                <YesVotes>9</YesVotes>
              </Candidate>
              <Candidate>
                <CandidateID>750117280</CandidateID>
                <LastName>Tom Steyer</LastName>
                <FirstName />
                <YesVotes>4</YesVotes>
              </Candidate>
              <Candidate>
                <CandidateID>750117274</CandidateID>
                <LastName>Tulsi Gabbard</LastName>
                <FirstName />
                <YesVotes>24</YesVotes>
              </Candidate>
              <Candidate>
                <CandidateID>750117278</CandidateID>
                <LastName>Leonard J. Steinman II</LastName>
                <FirstName />
                <YesVotes>0</YesVotes>
              </Candidate>
              <Candidate>
                <CandidateID>750117285</CandidateID>
                <LastName>Cory Booker</LastName>
                <FirstName />
                <YesVotes>2</YesVotes>
              </Candidate>
              <Candidate>
                <CandidateID>750117279</CandidateID>
                <LastName>Joseph R. Biden</LastName>
                <FirstName />
                <YesVotes>1262</YesVotes>
              </Candidate>
              <Candidate>
                <CandidateID>750117282</CandidateID>
                <LastName>Elizabeth Warren</LastName>
                <FirstName />
                <YesVotes>15</YesVotes>
              </Candidate>
              <Candidate>
                <CandidateID>750117275</CandidateID>
                <LastName>Pete Buttigieg</LastName>
                <FirstName />
                <YesVotes>11</YesVotes>
              </Candidate>
              <Candidate>
                <CandidateID>750117283</CandidateID>
                <LastName>Bernie Sanders</LastName>
                <FirstName />
                <YesVotes>491</YesVotes>
              </Candidate>
              <Candidate>
                <CandidateID>750117277</CandidateID>
                <LastName>Velma Steinman</LastName>
                <FirstName />
                <YesVotes>0</YesVotes>
              </Candidate>
              <Candidate>
                <CandidateID>750117287</CandidateID>
                <LastName>Henry Hewes</LastName>
                <FirstName />
                <YesVotes>1</YesVotes>
              </Candidate>
              <Candidate>
                <CandidateID>750117288</CandidateID>
                <LastName>Andrew Yang</LastName>
                <FirstName />
                <YesVotes>4</YesVotes>
              </Candidate>
              <Candidate>
                <CandidateID>750117299</CandidateID>
                <LastName>Roque De La Fuente</LastName>
                <FirstName />
                <YesVotes>0</YesVotes>
              </Candidate>
              <Candidate>
                <CandidateID>750117301</CandidateID>
                <LastName>John K. Delaney</LastName>
                <FirstName />
                <YesVotes>0</YesVotes>
              </Candidate>
              <Candidate>
                <CandidateID>750117302</CandidateID>
                <LastName>Julián Castro</LastName>
                <FirstName />
                <YesVotes>0</YesVotes>
              </Candidate>
              <Candidate>
                <CandidateID>750117303</CandidateID>
                <LastName>Deval Patrick</LastName>
                <FirstName />
                <YesVotes>1</YesVotes>
              </Candidate>
              <Candidate>
                <CandidateID>750117321</CandidateID>
                <LastName>Marianne Williamson</LastName>
                <FirstName />
                <YesVotes>0</YesVotes>
              </Candidate>
              <Candidate>
                <CandidateID>750117323</CandidateID>
                <LastName>Michael Bennet</LastName>
                <FirstName />
                <YesVotes>0</YesVotes>
              </Candidate>
              <Candidate>
                <CandidateID>750117324</CandidateID>
                <LastName>Michael R. Bloomberg</LastName>
                <FirstName />
                <YesVotes>35</YesVotes>
              </Candidate>
              <Candidate>
                <CandidateID>750117326</CandidateID>
                <LastName>Steve Burke</LastName>
                <FirstName />
                <YesVotes>0</YesVotes>
              </Candidate>
              <Candidate>
                <CandidateID>750117331</CandidateID>
                <LastName>Robby Wells</LastName>
                <FirstName />
                <YesVotes>0</YesVotes>
              </Candidate>
              <Candidate>
                <CandidateID>750117332</CandidateID>
                <LastName>William C. (Bill) Haas</LastName>
                <FirstName />
                <YesVotes>0</YesVotes>
              </Candidate>
              <Candidate>
                <CandidateID>750117354</CandidateID>
                <LastName>Uncommitted</LastName>
                <FirstName />
                <YesVotes>5</YesVotes>
              </Candidate>
            </Party>
            <Party>
              <PartyName>Libertarian</PartyName>
              <Candidate>
                <CandidateID>750117320</CandidateID>
                <LastName>Jacob Hornberger</LastName>
                <FirstName />
                <YesVotes>5</YesVotes>
              </Candidate>
              <Candidate>
                <CandidateID>750117355</CandidateID>
                <LastName>Uncommitted</LastName>
                <FirstName />
                <YesVotes>2</YesVotes>
              </Candidate>
            </Party>
            <Party>
              <PartyName>Green</PartyName>
              <Candidate>
                <CandidateID>750117325</CandidateID>
                <LastName>Howie Hawkins</LastName>
                <FirstName />
                <YesVotes>1</YesVotes>
              </Candidate>
              <Candidate>
                <CandidateID>750117327</CandidateID>
                <LastName>Dario Hunter</LastName>
                <FirstName />
                <YesVotes>0</YesVotes>
              </Candidate>
              <Candidate>
                <CandidateID>750117329</CandidateID>
                <LastName>David Rolde</LastName>
                <FirstName />
                <YesVotes>0</YesVotes>
              </Candidate>
              <Candidate>
                <CandidateID>750117356</CandidateID>
                <LastName>Uncommitted</LastName>
                <FirstName />
                <YesVotes>1</YesVotes>
              </Candidate>
            </Party>
            <Party>
              <PartyName>Constitution</PartyName>
              <Candidate>
                <CandidateID>750117333</CandidateID>
                <LastName>Don J. Grundmann</LastName>
                <FirstName />
                <YesVotes>0</YesVotes>
              </Candidate>
              <Candidate>
                <CandidateID>750117335</CandidateID>
                <LastName>Don Blankenship</LastName>
                <FirstName />
                <YesVotes>2</YesVotes>
              </Candidate>
              <Candidate>
                <CandidateID>750117357</CandidateID>
                <LastName>Uncommitted</LastName>
                <FirstName />
                <YesVotes>2</YesVotes>
              </Candidate>
            </Party>
          </CountyResults>
        </Counties>
        <Counties>
          <CountyName>Sullivan</CountyName>
          <CountyResults>
            <ReportingPrecincts>14</ReportingPrecincts>
            <TotalPrecincts>14</TotalPrecincts>
            <Party>
              <PartyName>Republican</PartyName>
              <Candidate>
                <CandidateID>750117286</CandidateID>
                <LastName>Donald J Trump</LastName>
                <FirstName />
                <YesVotes>371</YesVotes>
              </Candidate>
              <Candidate>
                <CandidateID>750117300</CandidateID>
                <LastName>Bob Ely</LastName>
                <FirstName />
                <YesVotes>0</YesVotes>
              </Candidate>
              <Candidate>
                <CandidateID>750117328</CandidateID>
                <LastName>Bill Weld</LastName>
                <FirstName />
                <YesVotes>0</YesVotes>
              </Candidate>
              <Candidate>
                <CandidateID>750117330</CandidateID>
                <LastName>Joe Walsh</LastName>
                <FirstName />
                <YesVotes>0</YesVotes>
              </Candidate>
              <Candidate>
                <CandidateID>750117334</CandidateID>
                <LastName>Matthew John Matern</LastName>
                <FirstName />
                <YesVotes>0</YesVotes>
              </Candidate>
              <Candidate>
                <CandidateID>750117353</CandidateID>
                <LastName>Uncommitted</LastName>
                <FirstName />
                <YesVotes>0</YesVotes>
              </Candidate>
            </Party>
            <Party>
              <PartyName>Democratic</PartyName>
              <Candidate>
                <CandidateID>750117276</CandidateID>
                <LastName>Amy Klobuchar</LastName>
                <FirstName />
                <YesVotes>8</YesVotes>
              </Candidate>
              <Candidate>
                <CandidateID>750117280</CandidateID>
                <LastName>Tom Steyer</LastName>
                <FirstName />
                <YesVotes>4</YesVotes>
              </Candidate>
              <Candidate>
                <CandidateID>750117274</CandidateID>
                <LastName>Tulsi Gabbard</LastName>
                <FirstName />
                <YesVotes>4</YesVotes>
              </Candidate>
              <Candidate>
                <CandidateID>750117278</CandidateID>
                <LastName>Leonard J. Steinman II</LastName>
                <FirstName />
                <YesVotes>0</YesVotes>
              </Candidate>
              <Candidate>
                <CandidateID>750117285</CandidateID>
                <LastName>Cory Booker</LastName>
                <FirstName />
                <YesVotes>0</YesVotes>
              </Candidate>
              <Candidate>
                <CandidateID>750117279</CandidateID>
                <LastName>Joseph R. Biden</LastName>
                <FirstName />
                <YesVotes>157</YesVotes>
              </Candidate>
              <Candidate>
                <CandidateID>750117282</CandidateID>
                <LastName>Elizabeth Warren</LastName>
                <FirstName />
                <YesVotes>1</YesVotes>
              </Candidate>
              <Candidate>
                <CandidateID>750117275</CandidateID>
                <LastName>Pete Buttigieg</LastName>
                <FirstName />
                <YesVotes>3</YesVotes>
              </Candidate>
              <Candidate>
                <CandidateID>750117283</CandidateID>
                <LastName>Bernie Sanders</LastName>
                <FirstName />
                <YesVotes>52</YesVotes>
              </Candidate>
              <Candidate>
                <CandidateID>750117277</CandidateID>
                <LastName>Velma Steinman</LastName>
                <FirstName />
                <YesVotes>0</YesVotes>
              </Candidate>
              <Candidate>
                <CandidateID>750117287</CandidateID>
                <LastName>Henry Hewes</LastName>
                <FirstName />
                <YesVotes>0</YesVotes>
              </Candidate>
              <Candidate>
                <CandidateID>750117288</CandidateID>
                <LastName>Andrew Yang</LastName>
                <FirstName />
                <YesVotes>1</YesVotes>
              </Candidate>
              <Candidate>
                <CandidateID>750117299</CandidateID>
                <LastName>Roque De La Fuente</LastName>
                <FirstName />
                <YesVotes>0</YesVotes>
              </Candidate>
              <Candidate>
                <CandidateID>750117301</CandidateID>
                <LastName>John K. Delaney</LastName>
                <FirstName />
                <YesVotes>0</YesVotes>
              </Candidate>
              <Candidate>
                <CandidateID>750117302</CandidateID>
                <LastName>Julián Castro</LastName>
                <FirstName />
                <YesVotes>0</YesVotes>
              </Candidate>
              <Candidate>
                <CandidateID>750117303</CandidateID>
                <LastName>Deval Patrick</LastName>
                <FirstName />
                <YesVotes>0</YesVotes>
              </Candidate>
              <Candidate>
                <CandidateID>750117321</CandidateID>
                <LastName>Marianne Williamson</LastName>
                <FirstName />
                <YesVotes>1</YesVotes>
              </Candidate>
              <Candidate>
                <CandidateID>750117323</CandidateID>
                <LastName>Michael Bennet</LastName>
                <FirstName />
                <YesVotes>0</YesVotes>
              </Candidate>
              <Candidate>
                <CandidateID>750117324</CandidateID>
                <LastName>Michael R. Bloomberg</LastName>
                <FirstName />
                <YesVotes>2</YesVotes>
              </Candidate>
              <Candidate>
                <CandidateID>750117326</CandidateID>
                <LastName>Steve Burke</LastName>
                <FirstName />
                <YesVotes>0</YesVotes>
              </Candidate>
              <Candidate>
                <CandidateID>750117331</CandidateID>
                <LastName>Robby Wells</LastName>
                <FirstName />
                <YesVotes>0</YesVotes>
              </Candidate>
              <Candidate>
                <CandidateID>750117332</CandidateID>
                <LastName>William C. (Bill) Haas</LastName>
                <FirstName />
                <YesVotes>0</YesVotes>
              </Candidate>
              <Candidate>
                <CandidateID>750117354</CandidateID>
                <LastName>Uncommitted</LastName>
                <FirstName />
                <YesVotes>0</YesVotes>
              </Candidate>
            </Party>
            <Party>
              <PartyName>Libertarian</PartyName>
              <Candidate>
                <CandidateID>750117320</CandidateID>
                <LastName>Jacob Hornberger</LastName>
                <FirstName />
                <YesVotes>4</YesVotes>
              </Candidate>
              <Candidate>
                <CandidateID>750117355</CandidateID>
                <LastName>Uncommitted</LastName>
                <FirstName />
                <YesVotes>0</YesVotes>
              </Candidate>
            </Party>
            <Party>
              <PartyName>Green</PartyName>
              <Candidate>
                <CandidateID>750117325</CandidateID>
                <LastName>Howie Hawkins</LastName>
                <FirstName />
                <YesVotes>0</YesVotes>
              </Candidate>
              <Candidate>
                <CandidateID>750117327</CandidateID>
                <LastName>Dario Hunter</LastName>
                <FirstName />
                <YesVotes>0</YesVotes>
              </Candidate>
              <Candidate>
                <CandidateID>750117329</CandidateID>
                <LastName>David Rolde</LastName>
                <FirstName />
                <YesVotes>0</YesVotes>
              </Candidate>
              <Candidate>
                <CandidateID>750117356</CandidateID>
                <LastName>Uncommitted</LastName>
                <FirstName />
                <YesVotes>0</YesVotes>
              </Candidate>
            </Party>
            <Party>
              <PartyName>Constitution</PartyName>
              <Candidate>
                <CandidateID>750117333</CandidateID>
                <LastName>Don J. Grundmann</LastName>
                <FirstName />
                <YesVotes>0</YesVotes>
              </Candidate>
              <Candidate>
                <CandidateID>750117335</CandidateID>
                <LastName>Don Blankenship</LastName>
                <FirstName />
                <YesVotes>1</YesVotes>
              </Candidate>
              <Candidate>
                <CandidateID>750117357</CandidateID>
                <LastName>Uncommitted</LastName>
                <FirstName />
                <YesVotes>0</YesVotes>
              </Candidate>
            </Party>
          </CountyResults>
        </Counties>
        <Counties>
          <CountyName>Taney</CountyName>
          <CountyResults>
            <ReportingPrecincts>22</ReportingPrecincts>
            <TotalPrecincts>22</TotalPrecincts>
            <Party>
              <PartyName>Republican</PartyName>
              <Candidate>
                <CandidateID>750117286</CandidateID>
                <LastName>Donald J Trump</LastName>
                <FirstName />
                <YesVotes>4771</YesVotes>
              </Candidate>
              <Candidate>
                <CandidateID>750117300</CandidateID>
                <LastName>Bob Ely</LastName>
                <FirstName />
                <YesVotes>11</YesVotes>
              </Candidate>
              <Candidate>
                <CandidateID>750117328</CandidateID>
                <LastName>Bill Weld</LastName>
                <FirstName />
                <YesVotes>12</YesVotes>
              </Candidate>
              <Candidate>
                <CandidateID>750117330</CandidateID>
                <LastName>Joe Walsh</LastName>
                <FirstName />
                <YesVotes>26</YesVotes>
              </Candidate>
              <Candidate>
                <CandidateID>750117334</CandidateID>
                <LastName>Matthew John Matern</LastName>
                <FirstName />
                <YesVotes>4</YesVotes>
              </Candidate>
              <Candidate>
                <CandidateID>750117353</CandidateID>
                <LastName>Uncommitted</LastName>
                <FirstName />
                <YesVotes>33</YesVotes>
              </Candidate>
            </Party>
            <Party>
              <PartyName>Democratic</PartyName>
              <Candidate>
                <CandidateID>750117276</CandidateID>
                <LastName>Amy Klobuchar</LastName>
                <FirstName />
                <YesVotes>9</YesVotes>
              </Candidate>
              <Candidate>
                <CandidateID>750117280</CandidateID>
                <LastName>Tom Steyer</LastName>
                <FirstName />
                <YesVotes>4</YesVotes>
              </Candidate>
              <Candidate>
                <CandidateID>750117274</CandidateID>
                <LastName>Tulsi Gabbard</LastName>
                <FirstName />
                <YesVotes>28</YesVotes>
              </Candidate>
              <Candidate>
                <CandidateID>750117278</CandidateID>
                <LastName>Leonard J. Steinman II</LastName>
                <FirstName />
                <YesVotes>1</YesVotes>
              </Candidate>
              <Candidate>
                <CandidateID>750117285</CandidateID>
                <LastName>Cory Booker</LastName>
                <FirstName />
                <YesVotes>2</YesVotes>
              </Candidate>
              <Candidate>
                <CandidateID>750117279</CandidateID>
                <LastName>Joseph R. Biden</LastName>
                <FirstName />
                <YesVotes>1727</YesVotes>
              </Candidate>
              <Candidate>
                <CandidateID>750117282</CandidateID>
                <LastName>Elizabeth Warren</LastName>
                <FirstName />
                <YesVotes>16</YesVotes>
              </Candidate>
              <Candidate>
                <CandidateID>750117275</CandidateID>
                <LastName>Pete Buttigieg</LastName>
                <FirstName />
                <YesVotes>11</YesVotes>
              </Candidate>
              <Candidate>
                <CandidateID>750117283</CandidateID>
                <LastName>Bernie Sanders</LastName>
                <FirstName />
                <YesVotes>911</YesVotes>
              </Candidate>
              <Candidate>
                <CandidateID>750117277</CandidateID>
                <LastName>Velma Steinman</LastName>
                <FirstName />
                <YesVotes>0</YesVotes>
              </Candidate>
              <Candidate>
                <CandidateID>750117287</CandidateID>
                <LastName>Henry Hewes</LastName>
                <FirstName />
                <YesVotes>0</YesVotes>
              </Candidate>
              <Candidate>
                <CandidateID>750117288</CandidateID>
                <LastName>Andrew Yang</LastName>
                <FirstName />
                <YesVotes>10</YesVotes>
              </Candidate>
              <Candidate>
                <CandidateID>750117299</CandidateID>
                <LastName>Roque De La Fuente</LastName>
                <FirstName />
                <YesVotes>0</YesVotes>
              </Candidate>
              <Candidate>
                <CandidateID>750117301</CandidateID>
                <LastName>John K. Delaney</LastName>
                <FirstName />
                <YesVotes>0</YesVotes>
              </Candidate>
              <Candidate>
                <CandidateID>750117302</CandidateID>
                <LastName>Julián Castro</LastName>
                <FirstName />
                <YesVotes>1</YesVotes>
              </Candidate>
              <Candidate>
                <CandidateID>750117303</CandidateID>
                <LastName>Deval Patrick</LastName>
                <FirstName />
                <YesVotes>0</YesVotes>
              </Candidate>
              <Candidate>
                <CandidateID>750117321</CandidateID>
                <LastName>Marianne Williamson</LastName>
                <FirstName />
                <YesVotes>1</YesVotes>
              </Candidate>
              <Candidate>
                <CandidateID>750117323</CandidateID>
                <LastName>Michael Bennet</LastName>
                <FirstName />
                <YesVotes>2</YesVotes>
              </Candidate>
              <Candidate>
                <CandidateID>750117324</CandidateID>
                <LastName>Michael R. Bloomberg</LastName>
                <FirstName />
                <YesVotes>37</YesVotes>
              </Candidate>
              <Candidate>
                <CandidateID>750117326</CandidateID>
                <LastName>Steve Burke</LastName>
                <FirstName />
                <YesVotes>1</YesVotes>
              </Candidate>
              <Candidate>
                <CandidateID>750117331</CandidateID>
                <LastName>Robby Wells</LastName>
                <FirstName />
                <YesVotes>2</YesVotes>
              </Candidate>
              <Candidate>
                <CandidateID>750117332</CandidateID>
                <LastName>William C. (Bill) Haas</LastName>
                <FirstName />
                <YesVotes>1</YesVotes>
              </Candidate>
              <Candidate>
                <CandidateID>750117354</CandidateID>
                <LastName>Uncommitted</LastName>
                <FirstName />
                <YesVotes>7</YesVotes>
              </Candidate>
            </Party>
            <Party>
              <PartyName>Libertarian</PartyName>
              <Candidate>
                <CandidateID>750117320</CandidateID>
                <LastName>Jacob Hornberger</LastName>
                <FirstName />
                <YesVotes>7</YesVotes>
              </Candidate>
              <Candidate>
                <CandidateID>750117355</CandidateID>
                <LastName>Uncommitted</LastName>
                <FirstName />
                <YesVotes>2</YesVotes>
              </Candidate>
            </Party>
            <Party>
              <PartyName>Green</PartyName>
              <Candidate>
                <CandidateID>750117325</CandidateID>
                <LastName>Howie Hawkins</LastName>
                <FirstName />
                <YesVotes>1</YesVotes>
              </Candidate>
              <Candidate>
                <CandidateID>750117327</CandidateID>
                <LastName>Dario Hunter</LastName>
                <FirstName />
                <YesVotes>0</YesVotes>
              </Candidate>
              <Candidate>
                <CandidateID>750117329</CandidateID>
                <LastName>David Rolde</LastName>
                <FirstName />
                <YesVotes>0</YesVotes>
              </Candidate>
              <Candidate>
                <CandidateID>750117356</CandidateID>
                <LastName>Uncommitted</LastName>
                <FirstName />
                <YesVotes>0</YesVotes>
              </Candidate>
            </Party>
            <Party>
              <PartyName>Constitution</PartyName>
              <Candidate>
                <CandidateID>750117333</CandidateID>
                <LastName>Don J. Grundmann</LastName>
                <FirstName />
                <YesVotes>0</YesVotes>
              </Candidate>
              <Candidate>
                <CandidateID>750117335</CandidateID>
                <LastName>Don Blankenship</LastName>
                <FirstName />
                <YesVotes>1</YesVotes>
              </Candidate>
              <Candidate>
                <CandidateID>750117357</CandidateID>
                <LastName>Uncommitted</LastName>
                <FirstName />
                <YesVotes>1</YesVotes>
              </Candidate>
            </Party>
          </CountyResults>
        </Counties>
        <Counties>
          <CountyName>Texas</CountyName>
          <CountyResults>
            <ReportingPrecincts>11</ReportingPrecincts>
            <TotalPrecincts>11</TotalPrecincts>
            <Party>
              <PartyName>Republican</PartyName>
              <Candidate>
                <CandidateID>750117286</CandidateID>
                <LastName>Donald J Trump</LastName>
                <FirstName />
                <YesVotes>2247</YesVotes>
              </Candidate>
              <Candidate>
                <CandidateID>750117300</CandidateID>
                <LastName>Bob Ely</LastName>
                <FirstName />
                <YesVotes>5</YesVotes>
              </Candidate>
              <Candidate>
                <CandidateID>750117328</CandidateID>
                <LastName>Bill Weld</LastName>
                <FirstName />
                <YesVotes>6</YesVotes>
              </Candidate>
              <Candidate>
                <CandidateID>750117330</CandidateID>
                <LastName>Joe Walsh</LastName>
                <FirstName />
                <YesVotes>3</YesVotes>
              </Candidate>
              <Candidate>
                <CandidateID>750117334</CandidateID>
                <LastName>Matthew John Matern</LastName>
                <FirstName />
                <YesVotes>0</YesVotes>
              </Candidate>
              <Candidate>
                <CandidateID>750117353</CandidateID>
                <LastName>Uncommitted</LastName>
                <FirstName />
                <YesVotes>12</YesVotes>
              </Candidate>
            </Party>
            <Party>
              <PartyName>Democratic</PartyName>
              <Candidate>
                <CandidateID>750117276</CandidateID>
                <LastName>Amy Klobuchar</LastName>
                <FirstName />
                <YesVotes>9</YesVotes>
              </Candidate>
              <Candidate>
                <CandidateID>750117280</CandidateID>
                <LastName>Tom Steyer</LastName>
                <FirstName />
                <YesVotes>1</YesVotes>
              </Candidate>
              <Candidate>
                <CandidateID>750117274</CandidateID>
                <LastName>Tulsi Gabbard</LastName>
                <FirstName />
                <YesVotes>18</YesVotes>
              </Candidate>
              <Candidate>
                <CandidateID>750117278</CandidateID>
                <LastName>Leonard J. Steinman II</LastName>
                <FirstName />
                <YesVotes>0</YesVotes>
              </Candidate>
              <Candidate>
                <CandidateID>750117285</CandidateID>
                <LastName>Cory Booker</LastName>
                <FirstName />
                <YesVotes>0</YesVotes>
              </Candidate>
              <Candidate>
                <CandidateID>750117279</CandidateID>
                <LastName>Joseph R. Biden</LastName>
                <FirstName />
                <YesVotes>668</YesVotes>
              </Candidate>
              <Candidate>
                <CandidateID>750117282</CandidateID>
                <LastName>Elizabeth Warren</LastName>
                <FirstName />
                <YesVotes>14</YesVotes>
              </Candidate>
              <Candidate>
                <CandidateID>750117275</CandidateID>
                <LastName>Pete Buttigieg</LastName>
                <FirstName />
                <YesVotes>12</YesVotes>
              </Candidate>
              <Candidate>
                <CandidateID>750117283</CandidateID>
                <LastName>Bernie Sanders</LastName>
                <FirstName />
                <YesVotes>322</YesVotes>
              </Candidate>
              <Candidate>
                <CandidateID>750117277</CandidateID>
                <LastName>Velma Steinman</LastName>
                <FirstName />
                <YesVotes>1</YesVotes>
              </Candidate>
              <Candidate>
                <CandidateID>750117287</CandidateID>
                <LastName>Henry Hewes</LastName>
                <FirstName />
                <YesVotes>0</YesVotes>
              </Candidate>
              <Candidate>
                <CandidateID>750117288</CandidateID>
                <LastName>Andrew Yang</LastName>
                <FirstName />
                <YesVotes>2</YesVotes>
              </Candidate>
              <Candidate>
                <CandidateID>750117299</CandidateID>
                <LastName>Roque De La Fuente</LastName>
                <FirstName />
                <YesVotes>0</YesVotes>
              </Candidate>
              <Candidate>
                <CandidateID>750117301</CandidateID>
                <LastName>John K. Delaney</LastName>
                <FirstName />
                <YesVotes>0</YesVotes>
              </Candidate>
              <Candidate>
                <CandidateID>750117302</CandidateID>
                <LastName>Julián Castro</LastName>
                <FirstName />
                <YesVotes>0</YesVotes>
              </Candidate>
              <Candidate>
                <CandidateID>750117303</CandidateID>
                <LastName>Deval Patrick</LastName>
                <FirstName />
                <YesVotes>0</YesVotes>
              </Candidate>
              <Candidate>
                <CandidateID>750117321</CandidateID>
                <LastName>Marianne Williamson</LastName>
                <FirstName />
                <YesVotes>0</YesVotes>
              </Candidate>
              <Candidate>
                <CandidateID>750117323</CandidateID>
                <LastName>Michael Bennet</LastName>
                <FirstName />
                <YesVotes>0</YesVotes>
              </Candidate>
              <Candidate>
                <CandidateID>750117324</CandidateID>
                <LastName>Michael R. Bloomberg</LastName>
                <FirstName />
                <YesVotes>22</YesVotes>
              </Candidate>
              <Candidate>
                <CandidateID>750117326</CandidateID>
                <LastName>Steve Burke</LastName>
                <FirstName />
                <YesVotes>0</YesVotes>
              </Candidate>
              <Candidate>
                <CandidateID>750117331</CandidateID>
                <LastName>Robby Wells</LastName>
                <FirstName />
                <YesVotes>1</YesVotes>
              </Candidate>
              <Candidate>
                <CandidateID>750117332</CandidateID>
                <LastName>William C. (Bill) Haas</LastName>
                <FirstName />
                <YesVotes>0</YesVotes>
              </Candidate>
              <Candidate>
                <CandidateID>750117354</CandidateID>
                <LastName>Uncommitted</LastName>
                <FirstName />
                <YesVotes>13</YesVotes>
              </Candidate>
            </Party>
            <Party>
              <PartyName>Libertarian</PartyName>
              <Candidate>
                <CandidateID>750117320</CandidateID>
                <LastName>Jacob Hornberger</LastName>
                <FirstName />
                <YesVotes>3</YesVotes>
              </Candidate>
              <Candidate>
                <CandidateID>750117355</CandidateID>
                <LastName>Uncommitted</LastName>
                <FirstName />
                <YesVotes>0</YesVotes>
              </Candidate>
            </Party>
            <Party>
              <PartyName>Green</PartyName>
              <Candidate>
                <CandidateID>750117325</CandidateID>
                <LastName>Howie Hawkins</LastName>
                <FirstName />
                <YesVotes>0</YesVotes>
              </Candidate>
              <Candidate>
                <CandidateID>750117327</CandidateID>
                <LastName>Dario Hunter</LastName>
                <FirstName />
                <YesVotes>2</YesVotes>
              </Candidate>
              <Candidate>
                <CandidateID>750117329</CandidateID>
                <LastName>David Rolde</LastName>
                <FirstName />
                <YesVotes>0</YesVotes>
              </Candidate>
              <Candidate>
                <CandidateID>750117356</CandidateID>
                <LastName>Uncommitted</LastName>
                <FirstName />
                <YesVotes>0</YesVotes>
              </Candidate>
            </Party>
            <Party>
              <PartyName>Constitution</PartyName>
              <Candidate>
                <CandidateID>750117333</CandidateID>
                <LastName>Don J. Grundmann</LastName>
                <FirstName />
                <YesVotes>2</YesVotes>
              </Candidate>
              <Candidate>
                <CandidateID>750117335</CandidateID>
                <LastName>Don Blankenship</LastName>
                <FirstName />
                <YesVotes>3</YesVotes>
              </Candidate>
              <Candidate>
                <CandidateID>750117357</CandidateID>
                <LastName>Uncommitted</LastName>
                <FirstName />
                <YesVotes>0</YesVotes>
              </Candidate>
            </Party>
          </CountyResults>
        </Counties>
        <Counties>
          <CountyName>Vernon</CountyName>
          <CountyResults>
            <ReportingPrecincts>17</ReportingPrecincts>
            <TotalPrecincts>17</TotalPrecincts>
            <Party>
              <PartyName>Republican</PartyName>
              <Candidate>
                <CandidateID>750117286</CandidateID>
                <LastName>Donald J Trump</LastName>
                <FirstName />
                <YesVotes>1430</YesVotes>
              </Candidate>
              <Candidate>
                <CandidateID>750117300</CandidateID>
                <LastName>Bob Ely</LastName>
                <FirstName />
                <YesVotes>3</YesVotes>
              </Candidate>
              <Candidate>
                <CandidateID>750117328</CandidateID>
                <LastName>Bill Weld</LastName>
                <FirstName />
                <YesVotes>4</YesVotes>
              </Candidate>
              <Candidate>
                <CandidateID>750117330</CandidateID>
                <LastName>Joe Walsh</LastName>
                <FirstName />
                <YesVotes>3</YesVotes>
              </Candidate>
              <Candidate>
                <CandidateID>750117334</CandidateID>
                <LastName>Matthew John Matern</LastName>
                <FirstName />
                <YesVotes>1</YesVotes>
              </Candidate>
              <Candidate>
                <CandidateID>750117353</CandidateID>
                <LastName>Uncommitted</LastName>
                <FirstName />
                <YesVotes>4</YesVotes>
              </Candidate>
            </Party>
            <Party>
              <PartyName>Democratic</PartyName>
              <Candidate>
                <CandidateID>750117276</CandidateID>
                <LastName>Amy Klobuchar</LastName>
                <FirstName />
                <YesVotes>16</YesVotes>
              </Candidate>
              <Candidate>
                <CandidateID>750117280</CandidateID>
                <LastName>Tom Steyer</LastName>
                <FirstName />
                <YesVotes>2</YesVotes>
              </Candidate>
              <Candidate>
                <CandidateID>750117274</CandidateID>
                <LastName>Tulsi Gabbard</LastName>
                <FirstName />
                <YesVotes>11</YesVotes>
              </Candidate>
              <Candidate>
                <CandidateID>750117278</CandidateID>
                <LastName>Leonard J. Steinman II</LastName>
                <FirstName />
                <YesVotes>1</YesVotes>
              </Candidate>
              <Candidate>
                <CandidateID>750117285</CandidateID>
                <LastName>Cory Booker</LastName>
                <FirstName />
                <YesVotes>0</YesVotes>
              </Candidate>
              <Candidate>
                <CandidateID>750117279</CandidateID>
                <LastName>Joseph R. Biden</LastName>
                <FirstName />
                <YesVotes>616</YesVotes>
              </Candidate>
              <Candidate>
                <CandidateID>750117282</CandidateID>
                <LastName>Elizabeth Warren</LastName>
                <FirstName />
                <YesVotes>20</YesVotes>
              </Candidate>
              <Candidate>
                <CandidateID>750117275</CandidateID>
                <LastName>Pete Buttigieg</LastName>
                <FirstName />
                <YesVotes>15</YesVotes>
              </Candidate>
              <Candidate>
                <CandidateID>750117283</CandidateID>
                <LastName>Bernie Sanders</LastName>
                <FirstName />
                <YesVotes>333</YesVotes>
              </Candidate>
              <Candidate>
                <CandidateID>750117277</CandidateID>
                <LastName>Velma Steinman</LastName>
                <FirstName />
                <YesVotes>1</YesVotes>
              </Candidate>
              <Candidate>
                <CandidateID>750117287</CandidateID>
                <LastName>Henry Hewes</LastName>
                <FirstName />
                <YesVotes>2</YesVotes>
              </Candidate>
              <Candidate>
                <CandidateID>750117288</CandidateID>
                <LastName>Andrew Yang</LastName>
                <FirstName />
                <YesVotes>1</YesVotes>
              </Candidate>
              <Candidate>
                <CandidateID>750117299</CandidateID>
                <LastName>Roque De La Fuente</LastName>
                <FirstName />
                <YesVotes>0</YesVotes>
              </Candidate>
              <Candidate>
                <CandidateID>750117301</CandidateID>
                <LastName>John K. Delaney</LastName>
                <FirstName />
                <YesVotes>3</YesVotes>
              </Candidate>
              <Candidate>
                <CandidateID>750117302</CandidateID>
                <LastName>Julián Castro</LastName>
                <FirstName />
                <YesVotes>1</YesVotes>
              </Candidate>
              <Candidate>
                <CandidateID>750117303</CandidateID>
                <LastName>Deval Patrick</LastName>
                <FirstName />
                <YesVotes>0</YesVotes>
              </Candidate>
              <Candidate>
                <CandidateID>750117321</CandidateID>
                <LastName>Marianne Williamson</LastName>
                <FirstName />
                <YesVotes>1</YesVotes>
              </Candidate>
              <Candidate>
                <CandidateID>750117323</CandidateID>
                <LastName>Michael Bennet</LastName>
                <FirstName />
                <YesVotes>0</YesVotes>
              </Candidate>
              <Candidate>
                <CandidateID>750117324</CandidateID>
                <LastName>Michael R. Bloomberg</LastName>
                <FirstName />
                <YesVotes>20</YesVotes>
              </Candidate>
              <Candidate>
                <CandidateID>750117326</CandidateID>
                <LastName>Steve Burke</LastName>
                <FirstName />
                <YesVotes>0</YesVotes>
              </Candidate>
              <Candidate>
                <CandidateID>750117331</CandidateID>
                <LastName>Robby Wells</LastName>
                <FirstName />
                <YesVotes>0</YesVotes>
              </Candidate>
              <Candidate>
                <CandidateID>750117332</CandidateID>
                <LastName>William C. (Bill) Haas</LastName>
                <FirstName />
                <YesVotes>0</YesVotes>
              </Candidate>
              <Candidate>
                <CandidateID>750117354</CandidateID>
                <LastName>Uncommitted</LastName>
                <FirstName />
                <YesVotes>10</YesVotes>
              </Candidate>
            </Party>
            <Party>
              <PartyName>Libertarian</PartyName>
              <Candidate>
                <CandidateID>750117320</CandidateID>
                <LastName>Jacob Hornberger</LastName>
                <FirstName />
                <YesVotes>0</YesVotes>
              </Candidate>
              <Candidate>
                <CandidateID>750117355</CandidateID>
                <LastName>Uncommitted</LastName>
                <FirstName />
                <YesVotes>3</YesVotes>
              </Candidate>
            </Party>
            <Party>
              <PartyName>Green</PartyName>
              <Candidate>
                <CandidateID>750117325</CandidateID>
                <LastName>Howie Hawkins</LastName>
                <FirstName />
                <YesVotes>0</YesVotes>
              </Candidate>
              <Candidate>
                <CandidateID>750117327</CandidateID>
                <LastName>Dario Hunter</LastName>
                <FirstName />
                <YesVotes>0</YesVotes>
              </Candidate>
              <Candidate>
                <CandidateID>750117329</CandidateID>
                <LastName>David Rolde</LastName>
                <FirstName />
                <YesVotes>0</YesVotes>
              </Candidate>
              <Candidate>
                <CandidateID>750117356</CandidateID>
                <LastName>Uncommitted</LastName>
                <FirstName />
                <YesVotes>0</YesVotes>
              </Candidate>
            </Party>
            <Party>
              <PartyName>Constitution</PartyName>
              <Candidate>
                <CandidateID>750117333</CandidateID>
                <LastName>Don J. Grundmann</LastName>
                <FirstName />
                <YesVotes>0</YesVotes>
              </Candidate>
              <Candidate>
                <CandidateID>750117335</CandidateID>
                <LastName>Don Blankenship</LastName>
                <FirstName />
                <YesVotes>0</YesVotes>
              </Candidate>
              <Candidate>
                <CandidateID>750117357</CandidateID>
                <LastName>Uncommitted</LastName>
                <FirstName />
                <YesVotes>4</YesVotes>
              </Candidate>
            </Party>
          </CountyResults>
        </Counties>
        <Counties>
          <CountyName>Warren</CountyName>
          <CountyResults>
            <ReportingPrecincts>21</ReportingPrecincts>
            <TotalPrecincts>21</TotalPrecincts>
            <Party>
              <PartyName>Republican</PartyName>
              <Candidate>
                <CandidateID>750117286</CandidateID>
                <LastName>Donald J Trump</LastName>
                <FirstName />
                <YesVotes>2052</YesVotes>
              </Candidate>
              <Candidate>
                <CandidateID>750117300</CandidateID>
                <LastName>Bob Ely</LastName>
                <FirstName />
                <YesVotes>11</YesVotes>
              </Candidate>
              <Candidate>
                <CandidateID>750117328</CandidateID>
                <LastName>Bill Weld</LastName>
                <FirstName />
                <YesVotes>15</YesVotes>
              </Candidate>
              <Candidate>
                <CandidateID>750117330</CandidateID>
                <LastName>Joe Walsh</LastName>
                <FirstName />
                <YesVotes>7</YesVotes>
              </Candidate>
              <Candidate>
                <CandidateID>750117334</CandidateID>
                <LastName>Matthew John Matern</LastName>
                <FirstName />
                <YesVotes>4</YesVotes>
              </Candidate>
              <Candidate>
                <CandidateID>750117353</CandidateID>
                <LastName>Uncommitted</LastName>
                <FirstName />
                <YesVotes>23</YesVotes>
              </Candidate>
            </Party>
            <Party>
              <PartyName>Democratic</PartyName>
              <Candidate>
                <CandidateID>750117276</CandidateID>
                <LastName>Amy Klobuchar</LastName>
                <FirstName />
                <YesVotes>8</YesVotes>
              </Candidate>
              <Candidate>
                <CandidateID>750117280</CandidateID>
                <LastName>Tom Steyer</LastName>
                <FirstName />
                <YesVotes>5</YesVotes>
              </Candidate>
              <Candidate>
                <CandidateID>750117274</CandidateID>
                <LastName>Tulsi Gabbard</LastName>
                <FirstName />
                <YesVotes>23</YesVotes>
              </Candidate>
              <Candidate>
                <CandidateID>750117278</CandidateID>
                <LastName>Leonard J. Steinman II</LastName>
                <FirstName />
                <YesVotes>0</YesVotes>
              </Candidate>
              <Candidate>
                <CandidateID>750117285</CandidateID>
                <LastName>Cory Booker</LastName>
                <FirstName />
                <YesVotes>3</YesVotes>
              </Candidate>
              <Candidate>
                <CandidateID>750117279</CandidateID>
                <LastName>Joseph R. Biden</LastName>
                <FirstName />
                <YesVotes>1503</YesVotes>
              </Candidate>
              <Candidate>
                <CandidateID>750117282</CandidateID>
                <LastName>Elizabeth Warren</LastName>
                <FirstName />
                <YesVotes>24</YesVotes>
              </Candidate>
              <Candidate>
                <CandidateID>750117275</CandidateID>
                <LastName>Pete Buttigieg</LastName>
                <FirstName />
                <YesVotes>12</YesVotes>
              </Candidate>
              <Candidate>
                <CandidateID>750117283</CandidateID>
                <LastName>Bernie Sanders</LastName>
                <FirstName />
                <YesVotes>775</YesVotes>
              </Candidate>
              <Candidate>
                <CandidateID>750117277</CandidateID>
                <LastName>Velma Steinman</LastName>
                <FirstName />
                <YesVotes>0</YesVotes>
              </Candidate>
              <Candidate>
                <CandidateID>750117287</CandidateID>
                <LastName>Henry Hewes</LastName>
                <FirstName />
                <YesVotes>1</YesVotes>
              </Candidate>
              <Candidate>
                <CandidateID>750117288</CandidateID>
                <LastName>Andrew Yang</LastName>
                <FirstName />
                <YesVotes>0</YesVotes>
              </Candidate>
              <Candidate>
                <CandidateID>750117299</CandidateID>
                <LastName>Roque De La Fuente</LastName>
                <FirstName />
                <YesVotes>0</YesVotes>
              </Candidate>
              <Candidate>
                <CandidateID>750117301</CandidateID>
                <LastName>John K. Delaney</LastName>
                <FirstName />
                <YesVotes>1</YesVotes>
              </Candidate>
              <Candidate>
                <CandidateID>750117302</CandidateID>
                <LastName>Julián Castro</LastName>
                <FirstName />
                <YesVotes>1</YesVotes>
              </Candidate>
              <Candidate>
                <CandidateID>750117303</CandidateID>
                <LastName>Deval Patrick</LastName>
                <FirstName />
                <YesVotes>0</YesVotes>
              </Candidate>
              <Candidate>
                <CandidateID>750117321</CandidateID>
                <LastName>Marianne Williamson</LastName>
                <FirstName />
                <YesVotes>1</YesVotes>
              </Candidate>
              <Candidate>
                <CandidateID>750117323</CandidateID>
                <LastName>Michael Bennet</LastName>
                <FirstName />
                <YesVotes>0</YesVotes>
              </Candidate>
              <Candidate>
                <CandidateID>750117324</CandidateID>
                <LastName>Michael R. Bloomberg</LastName>
                <FirstName />
                <YesVotes>22</YesVotes>
              </Candidate>
              <Candidate>
                <CandidateID>750117326</CandidateID>
                <LastName>Steve Burke</LastName>
                <FirstName />
                <YesVotes>0</YesVotes>
              </Candidate>
              <Candidate>
                <CandidateID>750117331</CandidateID>
                <LastName>Robby Wells</LastName>
                <FirstName />
                <YesVotes>0</YesVotes>
              </Candidate>
              <Candidate>
                <CandidateID>750117332</CandidateID>
                <LastName>William C. (Bill) Haas</LastName>
                <FirstName />
                <YesVotes>1</YesVotes>
              </Candidate>
              <Candidate>
                <CandidateID>750117354</CandidateID>
                <LastName>Uncommitted</LastName>
                <FirstName />
                <YesVotes>14</YesVotes>
              </Candidate>
            </Party>
            <Party>
              <PartyName>Libertarian</PartyName>
              <Candidate>
                <CandidateID>750117320</CandidateID>
                <LastName>Jacob Hornberger</LastName>
                <FirstName />
                <YesVotes>8</YesVotes>
              </Candidate>
              <Candidate>
                <CandidateID>750117355</CandidateID>
                <LastName>Uncommitted</LastName>
                <FirstName />
                <YesVotes>0</YesVotes>
              </Candidate>
            </Party>
            <Party>
              <PartyName>Green</PartyName>
              <Candidate>
                <CandidateID>750117325</CandidateID>
                <LastName>Howie Hawkins</LastName>
                <FirstName />
                <YesVotes>0</YesVotes>
              </Candidate>
              <Candidate>
                <CandidateID>750117327</CandidateID>
                <LastName>Dario Hunter</LastName>
                <FirstName />
                <YesVotes>0</YesVotes>
              </Candidate>
              <Candidate>
                <CandidateID>750117329</CandidateID>
                <LastName>David Rolde</LastName>
                <FirstName />
                <YesVotes>0</YesVotes>
              </Candidate>
              <Candidate>
                <CandidateID>750117356</CandidateID>
                <LastName>Uncommitted</LastName>
                <FirstName />
                <YesVotes>0</YesVotes>
              </Candidate>
            </Party>
            <Party>
              <PartyName>Constitution</PartyName>
              <Candidate>
                <CandidateID>750117333</CandidateID>
                <LastName>Don J. Grundmann</LastName>
                <FirstName />
                <YesVotes>0</YesVotes>
              </Candidate>
              <Candidate>
                <CandidateID>750117335</CandidateID>
                <LastName>Don Blankenship</LastName>
                <FirstName />
                <YesVotes>5</YesVotes>
              </Candidate>
              <Candidate>
                <CandidateID>750117357</CandidateID>
                <LastName>Uncommitted</LastName>
                <FirstName />
                <YesVotes>0</YesVotes>
              </Candidate>
            </Party>
          </CountyResults>
        </Counties>
        <Counties>
          <CountyName>Washington</CountyName>
          <CountyResults>
            <ReportingPrecincts>14</ReportingPrecincts>
            <TotalPrecincts>14</TotalPrecincts>
            <Party>
              <PartyName>Republican</PartyName>
              <Candidate>
                <CandidateID>750117286</CandidateID>
                <LastName>Donald J Trump</LastName>
                <FirstName />
                <YesVotes>1397</YesVotes>
              </Candidate>
              <Candidate>
                <CandidateID>750117300</CandidateID>
                <LastName>Bob Ely</LastName>
                <FirstName />
                <YesVotes>4</YesVotes>
              </Candidate>
              <Candidate>
                <CandidateID>750117328</CandidateID>
                <LastName>Bill Weld</LastName>
                <FirstName />
                <YesVotes>2</YesVotes>
              </Candidate>
              <Candidate>
                <CandidateID>750117330</CandidateID>
                <LastName>Joe Walsh</LastName>
                <FirstName />
                <YesVotes>6</YesVotes>
              </Candidate>
              <Candidate>
                <CandidateID>750117334</CandidateID>
                <LastName>Matthew John Matern</LastName>
                <FirstName />
                <YesVotes>1</YesVotes>
              </Candidate>
              <Candidate>
                <CandidateID>750117353</CandidateID>
                <LastName>Uncommitted</LastName>
                <FirstName />
                <YesVotes>12</YesVotes>
              </Candidate>
            </Party>
            <Party>
              <PartyName>Democratic</PartyName>
              <Candidate>
                <CandidateID>750117276</CandidateID>
                <LastName>Amy Klobuchar</LastName>
                <FirstName />
                <YesVotes>2</YesVotes>
              </Candidate>
              <Candidate>
                <CandidateID>750117280</CandidateID>
                <LastName>Tom Steyer</LastName>
                <FirstName />
                <YesVotes>2</YesVotes>
              </Candidate>
              <Candidate>
                <CandidateID>750117274</CandidateID>
                <LastName>Tulsi Gabbard</LastName>
                <FirstName />
                <YesVotes>8</YesVotes>
              </Candidate>
              <Candidate>
                <CandidateID>750117278</CandidateID>
                <LastName>Leonard J. Steinman II</LastName>
                <FirstName />
                <YesVotes>1</YesVotes>
              </Candidate>
              <Candidate>
                <CandidateID>750117285</CandidateID>
                <LastName>Cory Booker</LastName>
                <FirstName />
                <YesVotes>3</YesVotes>
              </Candidate>
              <Candidate>
                <CandidateID>750117279</CandidateID>
                <LastName>Joseph R. Biden</LastName>
                <FirstName />
                <YesVotes>609</YesVotes>
              </Candidate>
              <Candidate>
                <CandidateID>750117282</CandidateID>
                <LastName>Elizabeth Warren</LastName>
                <FirstName />
                <YesVotes>12</YesVotes>
              </Candidate>
              <Candidate>
                <CandidateID>750117275</CandidateID>
                <LastName>Pete Buttigieg</LastName>
                <FirstName />
                <YesVotes>5</YesVotes>
              </Candidate>
              <Candidate>
                <CandidateID>750117283</CandidateID>
                <LastName>Bernie Sanders</LastName>
                <FirstName />
                <YesVotes>371</YesVotes>
              </Candidate>
              <Candidate>
                <CandidateID>750117277</CandidateID>
                <LastName>Velma Steinman</LastName>
                <FirstName />
                <YesVotes>2</YesVotes>
              </Candidate>
              <Candidate>
                <CandidateID>750117287</CandidateID>
                <LastName>Henry Hewes</LastName>
                <FirstName />
                <YesVotes>1</YesVotes>
              </Candidate>
              <Candidate>
                <CandidateID>750117288</CandidateID>
                <LastName>Andrew Yang</LastName>
                <FirstName />
                <YesVotes>1</YesVotes>
              </Candidate>
              <Candidate>
                <CandidateID>750117299</CandidateID>
                <LastName>Roque De La Fuente</LastName>
                <FirstName />
                <YesVotes>0</YesVotes>
              </Candidate>
              <Candidate>
                <CandidateID>750117301</CandidateID>
                <LastName>John K. Delaney</LastName>
                <FirstName />
                <YesVotes>1</YesVotes>
              </Candidate>
              <Candidate>
                <CandidateID>750117302</CandidateID>
                <LastName>Julián Castro</LastName>
                <FirstName />
                <YesVotes>0</YesVotes>
              </Candidate>
              <Candidate>
                <CandidateID>750117303</CandidateID>
                <LastName>Deval Patrick</LastName>
                <FirstName />
                <YesVotes>0</YesVotes>
              </Candidate>
              <Candidate>
                <CandidateID>750117321</CandidateID>
                <LastName>Marianne Williamson</LastName>
                <FirstName />
                <YesVotes>2</YesVotes>
              </Candidate>
              <Candidate>
                <CandidateID>750117323</CandidateID>
                <LastName>Michael Bennet</LastName>
                <FirstName />
                <YesVotes>0</YesVotes>
              </Candidate>
              <Candidate>
                <CandidateID>750117324</CandidateID>
                <LastName>Michael R. Bloomberg</LastName>
                <FirstName />
                <YesVotes>21</YesVotes>
              </Candidate>
              <Candidate>
                <CandidateID>750117326</CandidateID>
                <LastName>Steve Burke</LastName>
                <FirstName />
                <YesVotes>0</YesVotes>
              </Candidate>
              <Candidate>
                <CandidateID>750117331</CandidateID>
                <LastName>Robby Wells</LastName>
                <FirstName />
                <YesVotes>1</YesVotes>
              </Candidate>
              <Candidate>
                <CandidateID>750117332</CandidateID>
                <LastName>William C. (Bill) Haas</LastName>
                <FirstName />
                <YesVotes>3</YesVotes>
              </Candidate>
              <Candidate>
                <CandidateID>750117354</CandidateID>
                <LastName>Uncommitted</LastName>
                <FirstName />
                <YesVotes>3</YesVotes>
              </Candidate>
            </Party>
            <Party>
              <PartyName>Libertarian</PartyName>
              <Candidate>
                <CandidateID>750117320</CandidateID>
                <LastName>Jacob Hornberger</LastName>
                <FirstName />
                <YesVotes>4</YesVotes>
              </Candidate>
              <Candidate>
                <CandidateID>750117355</CandidateID>
                <LastName>Uncommitted</LastName>
                <FirstName />
                <YesVotes>0</YesVotes>
              </Candidate>
            </Party>
            <Party>
              <PartyName>Green</PartyName>
              <Candidate>
                <CandidateID>750117325</CandidateID>
                <LastName>Howie Hawkins</LastName>
                <FirstName />
                <YesVotes>1</YesVotes>
              </Candidate>
              <Candidate>
                <CandidateID>750117327</CandidateID>
                <LastName>Dario Hunter</LastName>
                <FirstName />
                <YesVotes>0</YesVotes>
              </Candidate>
              <Candidate>
                <CandidateID>750117329</CandidateID>
                <LastName>David Rolde</LastName>
                <FirstName />
                <YesVotes>0</YesVotes>
              </Candidate>
              <Candidate>
                <CandidateID>750117356</CandidateID>
                <LastName>Uncommitted</LastName>
                <FirstName />
                <YesVotes>0</YesVotes>
              </Candidate>
            </Party>
            <Party>
              <PartyName>Constitution</PartyName>
              <Candidate>
                <CandidateID>750117333</CandidateID>
                <LastName>Don J. Grundmann</LastName>
                <FirstName />
                <YesVotes>0</YesVotes>
              </Candidate>
              <Candidate>
                <CandidateID>750117335</CandidateID>
                <LastName>Don Blankenship</LastName>
                <FirstName />
                <YesVotes>2</YesVotes>
              </Candidate>
              <Candidate>
                <CandidateID>750117357</CandidateID>
                <LastName>Uncommitted</LastName>
                <FirstName />
                <YesVotes>1</YesVotes>
              </Candidate>
            </Party>
          </CountyResults>
        </Counties>
        <Counties>
          <CountyName>Wayne</CountyName>
          <CountyResults>
            <ReportingPrecincts>10</ReportingPrecincts>
            <TotalPrecincts>10</TotalPrecincts>
            <Party>
              <PartyName>Republican</PartyName>
              <Candidate>
                <CandidateID>750117286</CandidateID>
                <LastName>Donald J Trump</LastName>
                <FirstName />
                <YesVotes>1127</YesVotes>
              </Candidate>
              <Candidate>
                <CandidateID>750117300</CandidateID>
                <LastName>Bob Ely</LastName>
                <FirstName />
                <YesVotes>0</YesVotes>
              </Candidate>
              <Candidate>
                <CandidateID>750117328</CandidateID>
                <LastName>Bill Weld</LastName>
                <FirstName />
                <YesVotes>1</YesVotes>
              </Candidate>
              <Candidate>
                <CandidateID>750117330</CandidateID>
                <LastName>Joe Walsh</LastName>
                <FirstName />
                <YesVotes>2</YesVotes>
              </Candidate>
              <Candidate>
                <CandidateID>750117334</CandidateID>
                <LastName>Matthew John Matern</LastName>
                <FirstName />
                <YesVotes>0</YesVotes>
              </Candidate>
              <Candidate>
                <CandidateID>750117353</CandidateID>
                <LastName>Uncommitted</LastName>
                <FirstName />
                <YesVotes>4</YesVotes>
              </Candidate>
            </Party>
            <Party>
              <PartyName>Democratic</PartyName>
              <Candidate>
                <CandidateID>750117276</CandidateID>
                <LastName>Amy Klobuchar</LastName>
                <FirstName />
                <YesVotes>5</YesVotes>
              </Candidate>
              <Candidate>
                <CandidateID>750117280</CandidateID>
                <LastName>Tom Steyer</LastName>
                <FirstName />
                <YesVotes>2</YesVotes>
              </Candidate>
              <Candidate>
                <CandidateID>750117274</CandidateID>
                <LastName>Tulsi Gabbard</LastName>
                <FirstName />
                <YesVotes>6</YesVotes>
              </Candidate>
              <Candidate>
                <CandidateID>750117278</CandidateID>
                <LastName>Leonard J. Steinman II</LastName>
                <FirstName />
                <YesVotes>0</YesVotes>
              </Candidate>
              <Candidate>
                <CandidateID>750117285</CandidateID>
                <LastName>Cory Booker</LastName>
                <FirstName />
                <YesVotes>0</YesVotes>
              </Candidate>
              <Candidate>
                <CandidateID>750117279</CandidateID>
                <LastName>Joseph R. Biden</LastName>
                <FirstName />
                <YesVotes>338</YesVotes>
              </Candidate>
              <Candidate>
                <CandidateID>750117282</CandidateID>
                <LastName>Elizabeth Warren</LastName>
                <FirstName />
                <YesVotes>5</YesVotes>
              </Candidate>
              <Candidate>
                <CandidateID>750117275</CandidateID>
                <LastName>Pete Buttigieg</LastName>
                <FirstName />
                <YesVotes>0</YesVotes>
              </Candidate>
              <Candidate>
                <CandidateID>750117283</CandidateID>
                <LastName>Bernie Sanders</LastName>
                <FirstName />
                <YesVotes>174</YesVotes>
              </Candidate>
              <Candidate>
                <CandidateID>750117277</CandidateID>
                <LastName>Velma Steinman</LastName>
                <FirstName />
                <YesVotes>0</YesVotes>
              </Candidate>
              <Candidate>
                <CandidateID>750117287</CandidateID>
                <LastName>Henry Hewes</LastName>
                <FirstName />
                <YesVotes>0</YesVotes>
              </Candidate>
              <Candidate>
                <CandidateID>750117288</CandidateID>
                <LastName>Andrew Yang</LastName>
                <FirstName />
                <YesVotes>0</YesVotes>
              </Candidate>
              <Candidate>
                <CandidateID>750117299</CandidateID>
                <LastName>Roque De La Fuente</LastName>
                <FirstName />
                <YesVotes>0</YesVotes>
              </Candidate>
              <Candidate>
                <CandidateID>750117301</CandidateID>
                <LastName>John K. Delaney</LastName>
                <FirstName />
                <YesVotes>0</YesVotes>
              </Candidate>
              <Candidate>
                <CandidateID>750117302</CandidateID>
                <LastName>Julián Castro</LastName>
                <FirstName />
                <YesVotes>0</YesVotes>
              </Candidate>
              <Candidate>
                <CandidateID>750117303</CandidateID>
                <LastName>Deval Patrick</LastName>
                <FirstName />
                <YesVotes>0</YesVotes>
              </Candidate>
              <Candidate>
                <CandidateID>750117321</CandidateID>
                <LastName>Marianne Williamson</LastName>
                <FirstName />
                <YesVotes>0</YesVotes>
              </Candidate>
              <Candidate>
                <CandidateID>750117323</CandidateID>
                <LastName>Michael Bennet</LastName>
                <FirstName />
                <YesVotes>3</YesVotes>
              </Candidate>
              <Candidate>
                <CandidateID>750117324</CandidateID>
                <LastName>Michael R. Bloomberg</LastName>
                <FirstName />
                <YesVotes>5</YesVotes>
              </Candidate>
              <Candidate>
                <CandidateID>750117326</CandidateID>
                <LastName>Steve Burke</LastName>
                <FirstName />
                <YesVotes>1</YesVotes>
              </Candidate>
              <Candidate>
                <CandidateID>750117331</CandidateID>
                <LastName>Robby Wells</LastName>
                <FirstName />
                <YesVotes>0</YesVotes>
              </Candidate>
              <Candidate>
                <CandidateID>750117332</CandidateID>
                <LastName>William C. (Bill) Haas</LastName>
                <FirstName />
                <YesVotes>0</YesVotes>
              </Candidate>
              <Candidate>
                <CandidateID>750117354</CandidateID>
                <LastName>Uncommitted</LastName>
                <FirstName />
                <YesVotes>6</YesVotes>
              </Candidate>
            </Party>
            <Party>
              <PartyName>Libertarian</PartyName>
              <Candidate>
                <CandidateID>750117320</CandidateID>
                <LastName>Jacob Hornberger</LastName>
                <FirstName />
                <YesVotes>2</YesVotes>
              </Candidate>
              <Candidate>
                <CandidateID>750117355</CandidateID>
                <LastName>Uncommitted</LastName>
                <FirstName />
                <YesVotes>1</YesVotes>
              </Candidate>
            </Party>
            <Party>
              <PartyName>Green</PartyName>
              <Candidate>
                <CandidateID>750117325</CandidateID>
                <LastName>Howie Hawkins</LastName>
                <FirstName />
                <YesVotes>0</YesVotes>
              </Candidate>
              <Candidate>
                <CandidateID>750117327</CandidateID>
                <LastName>Dario Hunter</LastName>
                <FirstName />
                <YesVotes>0</YesVotes>
              </Candidate>
              <Candidate>
                <CandidateID>750117329</CandidateID>
                <LastName>David Rolde</LastName>
                <FirstName />
                <YesVotes>0</YesVotes>
              </Candidate>
              <Candidate>
                <CandidateID>750117356</CandidateID>
                <LastName>Uncommitted</LastName>
                <FirstName />
                <YesVotes>0</YesVotes>
              </Candidate>
            </Party>
            <Party>
              <PartyName>Constitution</PartyName>
              <Candidate>
                <CandidateID>750117333</CandidateID>
                <LastName>Don J. Grundmann</LastName>
                <FirstName />
                <YesVotes>0</YesVotes>
              </Candidate>
              <Candidate>
                <CandidateID>750117335</CandidateID>
                <LastName>Don Blankenship</LastName>
                <FirstName />
                <YesVotes>2</YesVotes>
              </Candidate>
              <Candidate>
                <CandidateID>750117357</CandidateID>
                <LastName>Uncommitted</LastName>
                <FirstName />
                <YesVotes>0</YesVotes>
              </Candidate>
            </Party>
          </CountyResults>
        </Counties>
        <Counties>
          <CountyName>Webster</CountyName>
          <CountyResults>
            <ReportingPrecincts>12</ReportingPrecincts>
            <TotalPrecincts>12</TotalPrecincts>
            <Party>
              <PartyName>Republican</PartyName>
              <Candidate>
                <CandidateID>750117286</CandidateID>
                <LastName>Donald J Trump</LastName>
                <FirstName />
                <YesVotes>2621</YesVotes>
              </Candidate>
              <Candidate>
                <CandidateID>750117300</CandidateID>
                <LastName>Bob Ely</LastName>
                <FirstName />
                <YesVotes>2</YesVotes>
              </Candidate>
              <Candidate>
                <CandidateID>750117328</CandidateID>
                <LastName>Bill Weld</LastName>
                <FirstName />
                <YesVotes>14</YesVotes>
              </Candidate>
              <Candidate>
                <CandidateID>750117330</CandidateID>
                <LastName>Joe Walsh</LastName>
                <FirstName />
                <YesVotes>12</YesVotes>
              </Candidate>
              <Candidate>
                <CandidateID>750117334</CandidateID>
                <LastName>Matthew John Matern</LastName>
                <FirstName />
                <YesVotes>4</YesVotes>
              </Candidate>
              <Candidate>
                <CandidateID>750117353</CandidateID>
                <LastName>Uncommitted</LastName>
                <FirstName />
                <YesVotes>20</YesVotes>
              </Candidate>
            </Party>
            <Party>
              <PartyName>Democratic</PartyName>
              <Candidate>
                <CandidateID>750117276</CandidateID>
                <LastName>Amy Klobuchar</LastName>
                <FirstName />
                <YesVotes>3</YesVotes>
              </Candidate>
              <Candidate>
                <CandidateID>750117280</CandidateID>
                <LastName>Tom Steyer</LastName>
                <FirstName />
                <YesVotes>2</YesVotes>
              </Candidate>
              <Candidate>
                <CandidateID>750117274</CandidateID>
                <LastName>Tulsi Gabbard</LastName>
                <FirstName />
                <YesVotes>20</YesVotes>
              </Candidate>
              <Candidate>
                <CandidateID>750117278</CandidateID>
                <LastName>Leonard J. Steinman II</LastName>
                <FirstName />
                <YesVotes>2</YesVotes>
              </Candidate>
              <Candidate>
                <CandidateID>750117285</CandidateID>
                <LastName>Cory Booker</LastName>
                <FirstName />
                <YesVotes>1</YesVotes>
              </Candidate>
              <Candidate>
                <CandidateID>750117279</CandidateID>
                <LastName>Joseph R. Biden</LastName>
                <FirstName />
                <YesVotes>1114</YesVotes>
              </Candidate>
              <Candidate>
                <CandidateID>750117282</CandidateID>
                <LastName>Elizabeth Warren</LastName>
                <FirstName />
                <YesVotes>19</YesVotes>
              </Candidate>
              <Candidate>
                <CandidateID>750117275</CandidateID>
                <LastName>Pete Buttigieg</LastName>
                <FirstName />
                <YesVotes>4</YesVotes>
              </Candidate>
              <Candidate>
                <CandidateID>750117283</CandidateID>
                <LastName>Bernie Sanders</LastName>
                <FirstName />
                <YesVotes>566</YesVotes>
              </Candidate>
              <Candidate>
                <CandidateID>750117277</CandidateID>
                <LastName>Velma Steinman</LastName>
                <FirstName />
                <YesVotes>0</YesVotes>
              </Candidate>
              <Candidate>
                <CandidateID>750117287</CandidateID>
                <LastName>Henry Hewes</LastName>
                <FirstName />
                <YesVotes>0</YesVotes>
              </Candidate>
              <Candidate>
                <CandidateID>750117288</CandidateID>
                <LastName>Andrew Yang</LastName>
                <FirstName />
                <YesVotes>3</YesVotes>
              </Candidate>
              <Candidate>
                <CandidateID>750117299</CandidateID>
                <LastName>Roque De La Fuente</LastName>
                <FirstName />
                <YesVotes>0</YesVotes>
              </Candidate>
              <Candidate>
                <CandidateID>750117301</CandidateID>
                <LastName>John K. Delaney</LastName>
                <FirstName />
                <YesVotes>0</YesVotes>
              </Candidate>
              <Candidate>
                <CandidateID>750117302</CandidateID>
                <LastName>Julián Castro</LastName>
                <FirstName />
                <YesVotes>1</YesVotes>
              </Candidate>
              <Candidate>
                <CandidateID>750117303</CandidateID>
                <LastName>Deval Patrick</LastName>
                <FirstName />
                <YesVotes>1</YesVotes>
              </Candidate>
              <Candidate>
                <CandidateID>750117321</CandidateID>
                <LastName>Marianne Williamson</LastName>
                <FirstName />
                <YesVotes>0</YesVotes>
              </Candidate>
              <Candidate>
                <CandidateID>750117323</CandidateID>
                <LastName>Michael Bennet</LastName>
                <FirstName />
                <YesVotes>0</YesVotes>
              </Candidate>
              <Candidate>
                <CandidateID>750117324</CandidateID>
                <LastName>Michael R. Bloomberg</LastName>
                <FirstName />
                <YesVotes>28</YesVotes>
              </Candidate>
              <Candidate>
                <CandidateID>750117326</CandidateID>
                <LastName>Steve Burke</LastName>
                <FirstName />
                <YesVotes>0</YesVotes>
              </Candidate>
              <Candidate>
                <CandidateID>750117331</CandidateID>
                <LastName>Robby Wells</LastName>
                <FirstName />
                <YesVotes>0</YesVotes>
              </Candidate>
              <Candidate>
                <CandidateID>750117332</CandidateID>
                <LastName>William C. (Bill) Haas</LastName>
                <FirstName />
                <YesVotes>2</YesVotes>
              </Candidate>
              <Candidate>
                <CandidateID>750117354</CandidateID>
                <LastName>Uncommitted</LastName>
                <FirstName />
                <YesVotes>16</YesVotes>
              </Candidate>
            </Party>
            <Party>
              <PartyName>Libertarian</PartyName>
              <Candidate>
                <CandidateID>750117320</CandidateID>
                <LastName>Jacob Hornberger</LastName>
                <FirstName />
                <YesVotes>8</YesVotes>
              </Candidate>
              <Candidate>
                <CandidateID>750117355</CandidateID>
                <LastName>Uncommitted</LastName>
                <FirstName />
                <YesVotes>0</YesVotes>
              </Candidate>
            </Party>
            <Party>
              <PartyName>Green</PartyName>
              <Candidate>
                <CandidateID>750117325</CandidateID>
                <LastName>Howie Hawkins</LastName>
                <FirstName />
                <YesVotes>0</YesVotes>
              </Candidate>
              <Candidate>
                <CandidateID>750117327</CandidateID>
                <LastName>Dario Hunter</LastName>
                <FirstName />
                <YesVotes>0</YesVotes>
              </Candidate>
              <Candidate>
                <CandidateID>750117329</CandidateID>
                <LastName>David Rolde</LastName>
                <FirstName />
                <YesVotes>1</YesVotes>
              </Candidate>
              <Candidate>
                <CandidateID>750117356</CandidateID>
                <LastName>Uncommitted</LastName>
                <FirstName />
                <YesVotes>0</YesVotes>
              </Candidate>
            </Party>
            <Party>
              <PartyName>Constitution</PartyName>
              <Candidate>
                <CandidateID>750117333</CandidateID>
                <LastName>Don J. Grundmann</LastName>
                <FirstName />
                <YesVotes>3</YesVotes>
              </Candidate>
              <Candidate>
                <CandidateID>750117335</CandidateID>
                <LastName>Don Blankenship</LastName>
                <FirstName />
                <YesVotes>3</YesVotes>
              </Candidate>
              <Candidate>
                <CandidateID>750117357</CandidateID>
                <LastName>Uncommitted</LastName>
                <FirstName />
                <YesVotes>2</YesVotes>
              </Candidate>
            </Party>
          </CountyResults>
        </Counties>
        <Counties>
          <CountyName>Worth</CountyName>
          <CountyResults>
            <ReportingPrecincts>8</ReportingPrecincts>
            <TotalPrecincts>8</TotalPrecincts>
            <Party>
              <PartyName>Republican</PartyName>
              <Candidate>
                <CandidateID>750117286</CandidateID>
                <LastName>Donald J Trump</LastName>
                <FirstName />
                <YesVotes>198</YesVotes>
              </Candidate>
              <Candidate>
                <CandidateID>750117300</CandidateID>
                <LastName>Bob Ely</LastName>
                <FirstName />
                <YesVotes>1</YesVotes>
              </Candidate>
              <Candidate>
                <CandidateID>750117328</CandidateID>
                <LastName>Bill Weld</LastName>
                <FirstName />
                <YesVotes>2</YesVotes>
              </Candidate>
              <Candidate>
                <CandidateID>750117330</CandidateID>
                <LastName>Joe Walsh</LastName>
                <FirstName />
                <YesVotes>1</YesVotes>
              </Candidate>
              <Candidate>
                <CandidateID>750117334</CandidateID>
                <LastName>Matthew John Matern</LastName>
                <FirstName />
                <YesVotes>2</YesVotes>
              </Candidate>
              <Candidate>
                <CandidateID>750117353</CandidateID>
                <LastName>Uncommitted</LastName>
                <FirstName />
                <YesVotes>1</YesVotes>
              </Candidate>
            </Party>
            <Party>
              <PartyName>Democratic</PartyName>
              <Candidate>
                <CandidateID>750117276</CandidateID>
                <LastName>Amy Klobuchar</LastName>
                <FirstName />
                <YesVotes>1</YesVotes>
              </Candidate>
              <Candidate>
                <CandidateID>750117280</CandidateID>
                <LastName>Tom Steyer</LastName>
                <FirstName />
                <YesVotes>2</YesVotes>
              </Candidate>
              <Candidate>
                <CandidateID>750117274</CandidateID>
                <LastName>Tulsi Gabbard</LastName>
                <FirstName />
                <YesVotes>5</YesVotes>
              </Candidate>
              <Candidate>
                <CandidateID>750117278</CandidateID>
                <LastName>Leonard J. Steinman II</LastName>
                <FirstName />
                <YesVotes>0</YesVotes>
              </Candidate>
              <Candidate>
                <CandidateID>750117285</CandidateID>
                <LastName>Cory Booker</LastName>
                <FirstName />
                <YesVotes>0</YesVotes>
              </Candidate>
              <Candidate>
                <CandidateID>750117279</CandidateID>
                <LastName>Joseph R. Biden</LastName>
                <FirstName />
                <YesVotes>94</YesVotes>
              </Candidate>
              <Candidate>
                <CandidateID>750117282</CandidateID>
                <LastName>Elizabeth Warren</LastName>
                <FirstName />
                <YesVotes>1</YesVotes>
              </Candidate>
              <Candidate>
                <CandidateID>750117275</CandidateID>
                <LastName>Pete Buttigieg</LastName>
                <FirstName />
                <YesVotes>1</YesVotes>
              </Candidate>
              <Candidate>
                <CandidateID>750117283</CandidateID>
                <LastName>Bernie Sanders</LastName>
                <FirstName />
                <YesVotes>37</YesVotes>
              </Candidate>
              <Candidate>
                <CandidateID>750117277</CandidateID>
                <LastName>Velma Steinman</LastName>
                <FirstName />
                <YesVotes>0</YesVotes>
              </Candidate>
              <Candidate>
                <CandidateID>750117287</CandidateID>
                <LastName>Henry Hewes</LastName>
                <FirstName />
                <YesVotes>0</YesVotes>
              </Candidate>
              <Candidate>
                <CandidateID>750117288</CandidateID>
                <LastName>Andrew Yang</LastName>
                <FirstName />
                <YesVotes>0</YesVotes>
              </Candidate>
              <Candidate>
                <CandidateID>750117299</CandidateID>
                <LastName>Roque De La Fuente</LastName>
                <FirstName />
                <YesVotes>0</YesVotes>
              </Candidate>
              <Candidate>
                <CandidateID>750117301</CandidateID>
                <LastName>John K. Delaney</LastName>
                <FirstName />
                <YesVotes>0</YesVotes>
              </Candidate>
              <Candidate>
                <CandidateID>750117302</CandidateID>
                <LastName>Julián Castro</LastName>
                <FirstName />
                <YesVotes>1</YesVotes>
              </Candidate>
              <Candidate>
                <CandidateID>750117303</CandidateID>
                <LastName>Deval Patrick</LastName>
                <FirstName />
                <YesVotes>1</YesVotes>
              </Candidate>
              <Candidate>
                <CandidateID>750117321</CandidateID>
                <LastName>Marianne Williamson</LastName>
                <FirstName />
                <YesVotes>0</YesVotes>
              </Candidate>
              <Candidate>
                <CandidateID>750117323</CandidateID>
                <LastName>Michael Bennet</LastName>
                <FirstName />
                <YesVotes>0</YesVotes>
              </Candidate>
              <Candidate>
                <CandidateID>750117324</CandidateID>
                <LastName>Michael R. Bloomberg</LastName>
                <FirstName />
                <YesVotes>2</YesVotes>
              </Candidate>
              <Candidate>
                <CandidateID>750117326</CandidateID>
                <LastName>Steve Burke</LastName>
                <FirstName />
                <YesVotes>0</YesVotes>
              </Candidate>
              <Candidate>
                <CandidateID>750117331</CandidateID>
                <LastName>Robby Wells</LastName>
                <FirstName />
                <YesVotes>0</YesVotes>
              </Candidate>
              <Candidate>
                <CandidateID>750117332</CandidateID>
                <LastName>William C. (Bill) Haas</LastName>
                <FirstName />
                <YesVotes>0</YesVotes>
              </Candidate>
              <Candidate>
                <CandidateID>750117354</CandidateID>
                <LastName>Uncommitted</LastName>
                <FirstName />
                <YesVotes>1</YesVotes>
              </Candidate>
            </Party>
            <Party>
              <PartyName>Libertarian</PartyName>
              <Candidate>
                <CandidateID>750117320</CandidateID>
                <LastName>Jacob Hornberger</LastName>
                <FirstName />
                <YesVotes>1</YesVotes>
              </Candidate>
              <Candidate>
                <CandidateID>750117355</CandidateID>
                <LastName>Uncommitted</LastName>
                <FirstName />
                <YesVotes>1</YesVotes>
              </Candidate>
            </Party>
            <Party>
              <PartyName>Green</PartyName>
              <Candidate>
                <CandidateID>750117325</CandidateID>
                <LastName>Howie Hawkins</LastName>
                <FirstName />
                <YesVotes>0</YesVotes>
              </Candidate>
              <Candidate>
                <CandidateID>750117327</CandidateID>
                <LastName>Dario Hunter</LastName>
                <FirstName />
                <YesVotes>0</YesVotes>
              </Candidate>
              <Candidate>
                <CandidateID>750117329</CandidateID>
                <LastName>David Rolde</LastName>
                <FirstName />
                <YesVotes>0</YesVotes>
              </Candidate>
              <Candidate>
                <CandidateID>750117356</CandidateID>
                <LastName>Uncommitted</LastName>
                <FirstName />
                <YesVotes>0</YesVotes>
              </Candidate>
            </Party>
            <Party>
              <PartyName>Constitution</PartyName>
              <Candidate>
                <CandidateID>750117333</CandidateID>
                <LastName>Don J. Grundmann</LastName>
                <FirstName />
                <YesVotes>0</YesVotes>
              </Candidate>
              <Candidate>
                <CandidateID>750117335</CandidateID>
                <LastName>Don Blankenship</LastName>
                <FirstName />
                <YesVotes>0</YesVotes>
              </Candidate>
              <Candidate>
                <CandidateID>750117357</CandidateID>
                <LastName>Uncommitted</LastName>
                <FirstName />
                <YesVotes>0</YesVotes>
              </Candidate>
            </Party>
          </CountyResults>
        </Counties>
        <Counties>
          <CountyName>Wright</CountyName>
          <CountyResults>
            <ReportingPrecincts>11</ReportingPrecincts>
            <TotalPrecincts>11</TotalPrecincts>
            <Party>
              <PartyName>Republican</PartyName>
              <Candidate>
                <CandidateID>750117286</CandidateID>
                <LastName>Donald J Trump</LastName>
                <FirstName />
                <YesVotes>1719</YesVotes>
              </Candidate>
              <Candidate>
                <CandidateID>750117300</CandidateID>
                <LastName>Bob Ely</LastName>
                <FirstName />
                <YesVotes>0</YesVotes>
              </Candidate>
              <Candidate>
                <CandidateID>750117328</CandidateID>
                <LastName>Bill Weld</LastName>
                <FirstName />
                <YesVotes>7</YesVotes>
              </Candidate>
              <Candidate>
                <CandidateID>750117330</CandidateID>
                <LastName>Joe Walsh</LastName>
                <FirstName />
                <YesVotes>4</YesVotes>
              </Candidate>
              <Candidate>
                <CandidateID>750117334</CandidateID>
                <LastName>Matthew John Matern</LastName>
                <FirstName />
                <YesVotes>2</YesVotes>
              </Candidate>
              <Candidate>
                <CandidateID>750117353</CandidateID>
                <LastName>Uncommitted</LastName>
                <FirstName />
                <YesVotes>15</YesVotes>
              </Candidate>
            </Party>
            <Party>
              <PartyName>Democratic</PartyName>
              <Candidate>
                <CandidateID>750117276</CandidateID>
                <LastName>Amy Klobuchar</LastName>
                <FirstName />
                <YesVotes>2</YesVotes>
              </Candidate>
              <Candidate>
                <CandidateID>750117280</CandidateID>
                <LastName>Tom Steyer</LastName>
                <FirstName />
                <YesVotes>1</YesVotes>
              </Candidate>
              <Candidate>
                <CandidateID>750117274</CandidateID>
                <LastName>Tulsi Gabbard</LastName>
                <FirstName />
                <YesVotes>8</YesVotes>
              </Candidate>
              <Candidate>
                <CandidateID>750117278</CandidateID>
                <LastName>Leonard J. Steinman II</LastName>
                <FirstName />
                <YesVotes>0</YesVotes>
              </Candidate>
              <Candidate>
                <CandidateID>750117285</CandidateID>
                <LastName>Cory Booker</LastName>
                <FirstName />
                <YesVotes>0</YesVotes>
              </Candidate>
              <Candidate>
                <CandidateID>750117279</CandidateID>
                <LastName>Joseph R. Biden</LastName>
                <FirstName />
                <YesVotes>378</YesVotes>
              </Candidate>
              <Candidate>
                <CandidateID>750117282</CandidateID>
                <LastName>Elizabeth Warren</LastName>
                <FirstName />
                <YesVotes>7</YesVotes>
              </Candidate>
              <Candidate>
                <CandidateID>750117275</CandidateID>
                <LastName>Pete Buttigieg</LastName>
                <FirstName />
                <YesVotes>1</YesVotes>
              </Candidate>
              <Candidate>
                <CandidateID>750117283</CandidateID>
                <LastName>Bernie Sanders</LastName>
                <FirstName />
                <YesVotes>176</YesVotes>
              </Candidate>
              <Candidate>
                <CandidateID>750117277</CandidateID>
                <LastName>Velma Steinman</LastName>
                <FirstName />
                <YesVotes>1</YesVotes>
              </Candidate>
              <Candidate>
                <CandidateID>750117287</CandidateID>
                <LastName>Henry Hewes</LastName>
                <FirstName />
                <YesVotes>0</YesVotes>
              </Candidate>
              <Candidate>
                <CandidateID>750117288</CandidateID>
                <LastName>Andrew Yang</LastName>
                <FirstName />
                <YesVotes>0</YesVotes>
              </Candidate>
              <Candidate>
                <CandidateID>750117299</CandidateID>
                <LastName>Roque De La Fuente</LastName>
                <FirstName />
                <YesVotes>0</YesVotes>
              </Candidate>
              <Candidate>
                <CandidateID>750117301</CandidateID>
                <LastName>John K. Delaney</LastName>
                <FirstName />
                <YesVotes>1</YesVotes>
              </Candidate>
              <Candidate>
                <CandidateID>750117302</CandidateID>
                <LastName>Julián Castro</LastName>
                <FirstName />
                <YesVotes>0</YesVotes>
              </Candidate>
              <Candidate>
                <CandidateID>750117303</CandidateID>
                <LastName>Deval Patrick</LastName>
                <FirstName />
                <YesVotes>0</YesVotes>
              </Candidate>
              <Candidate>
                <CandidateID>750117321</CandidateID>
                <LastName>Marianne Williamson</LastName>
                <FirstName />
                <YesVotes>0</YesVotes>
              </Candidate>
              <Candidate>
                <CandidateID>750117323</CandidateID>
                <LastName>Michael Bennet</LastName>
                <FirstName />
                <YesVotes>0</YesVotes>
              </Candidate>
              <Candidate>
                <CandidateID>750117324</CandidateID>
                <LastName>Michael R. Bloomberg</LastName>
                <FirstName />
                <YesVotes>12</YesVotes>
              </Candidate>
              <Candidate>
                <CandidateID>750117326</CandidateID>
                <LastName>Steve Burke</LastName>
                <FirstName />
                <YesVotes>0</YesVotes>
              </Candidate>
              <Candidate>
                <CandidateID>750117331</CandidateID>
                <LastName>Robby Wells</LastName>
                <FirstName />
                <YesVotes>0</YesVotes>
              </Candidate>
              <Candidate>
                <CandidateID>750117332</CandidateID>
                <LastName>William C. (Bill) Haas</LastName>
                <FirstName />
                <YesVotes>1</YesVotes>
              </Candidate>
              <Candidate>
                <CandidateID>750117354</CandidateID>
                <LastName>Uncommitted</LastName>
                <FirstName />
                <YesVotes>3</YesVotes>
              </Candidate>
            </Party>
            <Party>
              <PartyName>Libertarian</PartyName>
              <Candidate>
                <CandidateID>750117320</CandidateID>
                <LastName>Jacob Hornberger</LastName>
                <FirstName />
                <YesVotes>1</YesVotes>
              </Candidate>
              <Candidate>
                <CandidateID>750117355</CandidateID>
                <LastName>Uncommitted</LastName>
                <FirstName />
                <YesVotes>0</YesVotes>
              </Candidate>
            </Party>
            <Party>
              <PartyName>Green</PartyName>
              <Candidate>
                <CandidateID>750117325</CandidateID>
                <LastName>Howie Hawkins</LastName>
                <FirstName />
                <YesVotes>0</YesVotes>
              </Candidate>
              <Candidate>
                <CandidateID>750117327</CandidateID>
                <LastName>Dario Hunter</LastName>
                <FirstName />
                <YesVotes>0</YesVotes>
              </Candidate>
              <Candidate>
                <CandidateID>750117329</CandidateID>
                <LastName>David Rolde</LastName>
                <FirstName />
                <YesVotes>0</YesVotes>
              </Candidate>
              <Candidate>
                <CandidateID>750117356</CandidateID>
                <LastName>Uncommitted</LastName>
                <FirstName />
                <YesVotes>0</YesVotes>
              </Candidate>
            </Party>
            <Party>
              <PartyName>Constitution</PartyName>
              <Candidate>
                <CandidateID>750117333</CandidateID>
                <LastName>Don J. Grundmann</LastName>
                <FirstName />
                <YesVotes>0</YesVotes>
              </Candidate>
              <Candidate>
                <CandidateID>750117335</CandidateID>
                <LastName>Don Blankenship</LastName>
                <FirstName />
                <YesVotes>2</YesVotes>
              </Candidate>
              <Candidate>
                <CandidateID>750117357</CandidateID>
                <LastName>Uncommitted</LastName>
                <FirstName />
                <YesVotes>0</YesVotes>
              </Candidate>
            </Party>
          </CountyResults>
        </Counties>
      </Race>
    </TypeRace>
  </ElectionInfo>
</ElectionResults>